******************************************************************************
                  TI ARM Linker PC v5.2.5                      
******************************************************************************
>> Linked Fri Jul 22 12:47:58 2016

OUTPUT FILE NAME:   <udma_demo.out>
ENTRY POINT SYMBOL: "_c_int00"  address: 00000e99


MEMORY CONFIGURATION

         name            origin    length      used     unused   attr    fill
----------------------  --------  ---------  --------  --------  ----  --------
  FLASH                 00000000   00100000  000013e2  000fec1e  R  X
  SRAM                  20000000   00040000  00002b88  0003d478  RW X


SEGMENT ALLOCATION MAP

run origin  load origin   length   init length attrs members
----------  ----------- ---------- ----------- ----- -------
00000000    00000000    000013e8   000013e8    r-x
  00000000    00000000    00000200   00000200    r-- .intvecs
  00000200    00000200    00000f86   00000f86    r-x .text
  00001188    00001188    000001f4   000001f4    r-- .const
  00001380    00001380    00000068   00000068    r-- .cinit
20000000    20000000    00002b88   00000000    rw-
  20000000    20000000    0000271c   00000000    rw- .bss
  2000271c    2000271c    00000400   00000000    rw- .stack
  20002b1c    20002b1c    0000006c   00000000    rw- .data


SECTION ALLOCATION MAP

 output                                  attributes/
section   page    origin      length       input sections
--------  ----  ----------  ----------   ----------------
.intvecs   0    00000000    00000200     
                  00000000    00000200     startup_ccs.obj (.intvecs)

.text      0    00000200    00000f86     
                  00000200    00000298     udma_demo.obj (.text:main)
                  00000498    00000204     driverlib.lib : sysctl.obj (.text:SysCtlClockFreqSet)
                  0000069c    000001ea     uartstdio.obj (.text:UARTvprintf)
                  00000886    00000002     startup_ccs.obj (.text:FaultISR)
                  00000888    00000144     udma_demo.obj (.text:InitUART1Transfer)
                  000009cc    000000bc     udma_demo.obj (.text:UART1IntHandler)
                  00000a88    0000009c     rtsv7M4_T_le_v4SPD16_eabi.lib : memcpy_t2.obj (.text)
                  00000b24    00000084     cpu_usage.obj (.text:CPUUsageInit)
                  00000ba8    0000007a     rtsv7M4_T_le_v4SPD16_eabi.lib : memset_t2.obj (.text)
                  00000c22    00000002     startup_ccs.obj (.text:IntDefaultHandler)
                  00000c24    00000070     udma_demo.obj (.text:InitSWTransfer)
                  00000c94    0000006c     rtsv7M4_T_le_v4SPD16_eabi.lib : autoinit.obj (.text)
                  00000d00    0000006a                                   : copy_decompress_rle.obj (.text)
                  00000d6a    00000002     startup_ccs.obj (.text:NmiSR)
                  00000d6c    00000068     udma_demo.obj (.text:ConfigureUART)
                  00000dd4    00000064     udma_demo.obj (.text:uDMAIntHandler)
                  00000e38    00000060     uartstdio.obj (.text:UARTStdioConfig)
                  00000e98    00000050     rtsv7M4_T_le_v4SPD16_eabi.lib : boot.obj (.text)
                  00000ee8    0000004c                                   : cpy_tbl.obj (.text)
                  00000f34    00000048     cpu_usage.obj (.text:CPUUsageTick)
                  00000f7c    00000048     uartstdio.obj (.text:UARTwrite)
                  00000fc4    00000048     driverlib.lib : sysctl.obj (.text:_SysCtlFrequencyGet)
                  0000100c    00000044     rtsv7M4_T_le_v4SPD16_eabi.lib : exit.obj (.text)
                  00001050    00000040                                   : u_divt2.obj (.text)
                  00001090    00000034     udma_demo.obj (.text:SysTickHandler)
                  000010c4    00000024     udma_demo.obj (.text:uDMAErrorHandler)
                  000010e8    00000020     driverlib.lib : sysctl.obj (.text:_SysCtlMemTimingGet)
                  00001108    0000001a     uartstdio.obj (.text:UARTprintf)
                  00001122    00000002     rtsv7M4_T_le_v4SPD16_eabi.lib : i_div0.obj (.text)
                  00001124    00000018                                   : args_main.obj (.text)
                  0000113c    00000014                                   : _lock.obj (.text)
                  00001150    0000000e                                   : copy_decompress_none.obj (.text:decompress:none)
                  0000115e    0000000c                                   : copy_zero_init.obj (.text:decompress:ZI)
                  0000116a    00000006     driverlib.lib : gpio.obj (.text:GPIOPinWrite)
                  00001170    00000006     startup_ccs.obj (.text:ResetISR)
                  00001176    00000006     driverlib.lib : sysctl.obj (.text:SysCtlDelay)
                  0000117c    00000006     rtsv7M4_T_le_v4SPD16_eabi.lib : copy_decompress_rle.obj (.text:decompress:rle24)
                  00001182    00000004                                   : pre_init.obj (.text)

.const     0    00001188    000001f4     
                  00001188    00000120     driverlib.lib : sysctl.obj (.const:g_pppui32XTALtoVCO)
                  000012a8    0000006c                   : sysctl.obj (.const:g_pui32Xtals)
                  00001314    00000030                   : sysctl.obj (.const:g_sXTALtoMEMTIM)
                  00001344    0000001c     uartstdio.obj (.const)
                  00001360    00000012     uartstdio.obj (.const:.string)
                  00001372    00000002     --HOLE-- [fill = 0]
                  00001374    00000008     driverlib.lib : sysctl.obj (.const)

.cinit     0    00001380    00000068     
                  00001380    00000042     (.cinit..data.load) [load image, compression = rle]
                  000013c2    00000002     --HOLE-- [fill = 0]
                  000013c4    0000000c     (__TI_handler_table)
                  000013d0    00000008     (.cinit..bss.load) [load image, compression = zero_init]
                  000013d8    00000010     (__TI_cinit_table)

.init_array 
*          0    00000000    00000000     UNINITIALIZED

.bss       0    20000000    0000271c     UNINITIALIZED
                  20000000    00001000     udma_demo.obj (.bss:g_ui32DstBuf)
                  20001000    00001000     udma_demo.obj (.bss:g_ui32SrcBuf)
                  20002000    00000400     udma_demo.obj (.bss:pui8ControlTable)
                  20002400    00000100     udma_demo.obj (.bss:g_ui8RxBufA)
                  20002500    00000100     udma_demo.obj (.bss:g_ui8RxBufB)
                  20002600    00000100     udma_demo.obj (.bss:g_ui8TxBuf)
                  20002700    00000004     (.common:g_ui32CPUUsage)
                  20002704    00000004     (.common:g_ui32CPUUsagePrevious)
                  20002708    00000004     (.common:g_ui32CPUUsageTicks)
                  2000270c    00000004     (.common:g_ui32CPUUsageTimer)
                  20002710    00000004     (.common:g_ui32SysClock)
                  20002714    00000004     (.common:ui32PrevSeconds$2)
                  20002718    00000004     (.common:ui32PrevXferCount$3)

.TI.noinit 
*          0    20000000    00000000     UNINITIALIZED

.stack     0    2000271c    00000400     UNINITIALIZED
                  2000271c    00000400     --HOLE--

.data      0    20002b1c    0000006c     UNINITIALIZED
                  20002b1c    00000030     cpu_usage.obj (.data)
                  20002b4c    00000020     udma_demo.obj (.data)
                  20002b6c    00000008     rtsv7M4_T_le_v4SPD16_eabi.lib : _lock.obj (.data)
                  20002b74    00000008                                   : exit.obj (.data)
                  20002b7c    00000005     uartstdio.obj (.data)
                  20002b81    00000003     --HOLE--
                  20002b84    00000004     rtsv7M4_T_le_v4SPD16_eabi.lib : stkdepth_vars.obj (.data)

.TI.persistent 
*          0    20002b1c    00000000     UNINITIALIZED


LINKER GENERATED COPY TABLES

__TI_cinit_table @ 000013d8 records: 2, size/record: 8, table size: 16
	.data: load addr=00001380, load size=00000042 bytes, run addr=20002b1c, run size=0000006c bytes, compression=rle
	.bss: load addr=000013d0, load size=00000008 bytes, run addr=20000000, run size=0000271c bytes, compression=zero_init


LINKER GENERATED HANDLER TABLE

__TI_handler_table @ 000013c4 records: 3, size/record: 4, table size: 12
	index: 0, handler: __TI_decompress_rle24
	index: 1, handler: __TI_decompress_none
	index: 2, handler: __TI_zero_init


GLOBAL SYMBOLS: SORTED ALPHABETICALLY BY Name 

address   name                    
-------   ----                    
0000100d  C$$EXIT                 
00000b25  CPUUsageInit            
00000f35  CPUUsageTick            
00000d6d  ConfigureUART           
0000116b  GPIOPinWrite            
00000c25  InitSWTransfer          
00000889  InitUART1Transfer       
00001171  ResetISR                
UNDEFED   SHT$$INIT_ARRAY$$Base   
UNDEFED   SHT$$INIT_ARRAY$$Limit  
00000499  SysCtlClockFreqSet      
00001177  SysCtlDelay             
00001091  SysTickHandler          
000009cd  UART1IntHandler         
00000e39  UARTStdioConfig         
00001109  UARTprintf              
0000069d  UARTvprintf             
00000f7d  UARTwrite               
20002b1c  __STACK_END             
00000400  __STACK_SIZE            
20002b1c  __STACK_TOP             
000013d8  __TI_CINIT_Base         
000013e8  __TI_CINIT_Limit        
000013c4  __TI_Handler_Table_Base 
000013d0  __TI_Handler_Table_Limit
00000c95  __TI_auto_init          
20002b74  __TI_cleanup_ptr        
00001151  __TI_decompress_none    
0000117d  __TI_decompress_rle24   
20002b78  __TI_dtors_ptr          
00000000  __TI_static_base__      
0000115f  __TI_zero_init          
00001123  __aeabi_idiv0           
00000ba9  __aeabi_memclr          
00000ba9  __aeabi_memclr4         
00000ba9  __aeabi_memclr8         
00000a89  __aeabi_memcpy          
00000a89  __aeabi_memcpy4         
00000a89  __aeabi_memcpy8         
00000bab  __aeabi_memset          
00000bab  __aeabi_memset4         
00000bab  __aeabi_memset8         
00001051  __aeabi_uidiv           
00001051  __aeabi_uidivmod        
ffffffff  __binit__               
ffffffff  __c_args__              
2000271c  __stack                 
00001125  _args_main              
00000e99  _c_int00                
20002b6c  _lock                   
0000114b  _nop                    
00001143  _register_lock          
0000113d  _register_unlock        
00001183  _system_pre_init        
20002b70  _unlock                 
00001011  abort                   
ffffffff  binit                   
00000ee9  copy_in                 
00001019  exit                    
00000000  g_pfnVectors            
20002710  g_ui32SysClock          
00000201  main                    
20002b84  main_func_sp            
00000a89  memcpy                  
00000bb1  memset                  
20002000  pui8ControlTable        
000010c5  uDMAErrorHandler        
00000dd5  uDMAIntHandler          


GLOBAL SYMBOLS: SORTED BY Symbol Address 

address   name                    
-------   ----                    
00000000  __TI_static_base__      
00000000  g_pfnVectors            
00000201  main                    
00000400  __STACK_SIZE            
00000499  SysCtlClockFreqSet      
0000069d  UARTvprintf             
00000889  InitUART1Transfer       
000009cd  UART1IntHandler         
00000a89  __aeabi_memcpy          
00000a89  __aeabi_memcpy4         
00000a89  __aeabi_memcpy8         
00000a89  memcpy                  
00000b25  CPUUsageInit            
00000ba9  __aeabi_memclr          
00000ba9  __aeabi_memclr4         
00000ba9  __aeabi_memclr8         
00000bab  __aeabi_memset          
00000bab  __aeabi_memset4         
00000bab  __aeabi_memset8         
00000bb1  memset                  
00000c25  InitSWTransfer          
00000c95  __TI_auto_init          
00000d6d  ConfigureUART           
00000dd5  uDMAIntHandler          
00000e39  UARTStdioConfig         
00000e99  _c_int00                
00000ee9  copy_in                 
00000f35  CPUUsageTick            
00000f7d  UARTwrite               
0000100d  C$$EXIT                 
00001011  abort                   
00001019  exit                    
00001051  __aeabi_uidiv           
00001051  __aeabi_uidivmod        
00001091  SysTickHandler          
000010c5  uDMAErrorHandler        
00001109  UARTprintf              
00001123  __aeabi_idiv0           
00001125  _args_main              
0000113d  _register_unlock        
00001143  _register_lock          
0000114b  _nop                    
00001151  __TI_decompress_none    
0000115f  __TI_zero_init          
0000116b  GPIOPinWrite            
00001171  ResetISR                
00001177  SysCtlDelay             
0000117d  __TI_decompress_rle24   
00001183  _system_pre_init        
000013c4  __TI_Handler_Table_Base 
000013d0  __TI_Handler_Table_Limit
000013d8  __TI_CINIT_Base         
000013e8  __TI_CINIT_Limit        
20002000  pui8ControlTable        
20002710  g_ui32SysClock          
2000271c  __stack                 
20002b1c  __STACK_END             
20002b1c  __STACK_TOP             
20002b6c  _lock                   
20002b70  _unlock                 
20002b74  __TI_cleanup_ptr        
20002b78  __TI_dtors_ptr          
20002b84  main_func_sp            
ffffffff  __binit__               
ffffffff  __c_args__              
ffffffff  binit                   
UNDEFED   SHT$$INIT_ARRAY$$Base   
UNDEFED   SHT$$INIT_ARRAY$$Limit  

[68 symbols]
