******************************************************************************
                  TI ARM Linker PC v16.9.0                     
******************************************************************************
>> Linked Sun May 21 10:05:40 2017

OUTPUT FILE NAME:   <udma_demo.out>
ENTRY POINT SYMBOL: "_c_int00"  address: 00000e95


MEMORY CONFIGURATION

         name            origin    length      used     unused   attr    fill
----------------------  --------  ---------  --------  --------  ----  --------
  FLASH                 00000000   00100000  00001462  000feb9e  R  X
  SRAM                  20000000   00040000  00002b8c  0003d474  RW X


SEGMENT ALLOCATION MAP

run origin  load origin   length   init length attrs members
----------  ----------- ---------- ----------- ----- -------
00000000    00000000    00001468   00001468    r-x
  00000000    00000000    00000200   00000200    r-- .intvecs
  00000200    00000200    00000f96   00000f96    r-x .text
  00001198    00001198    0000026c   0000026c    r-- .const
  00001408    00001408    00000060   00000060    r-- .cinit
20000000    20000000    00002b8c   00000000    rw-
  20000000    20000000    0000271c   00000000    rw- .bss
  2000271c    2000271c    00000400   00000000    rw- .stack
  20002b1c    20002b1c    00000070   00000000    rw- .data


SECTION ALLOCATION MAP

 output                                  attributes/
section   page    origin      length       input sections
--------  ----  ----------  ----------   ----------------
.intvecs   0    00000000    00000200     
                  00000000    00000200     startup_ccs.obj (.intvecs)

.text      0    00000200    00000f96     
                  00000200    00000298     udma_demo.obj (.text:main)
                  00000498    00000200     driverlib.lib : sysctl.obj (.text:SysCtlClockFreqSet)
                  00000698    000001ea     uartstdio.obj (.text:UARTvprintf)
                  00000882    00000002     startup_ccs.obj (.text:FaultISR)
                  00000884    00000144     udma_demo.obj (.text:InitUART1Transfer)
                  000009c8    000000bc     udma_demo.obj (.text:UART1IntHandler)
                  00000a84    0000009c     rtsv7M4_T_le_v4SPD16_eabi.lib : memcpy_t2.obj (.text)
                  00000b20    00000084     cpu_usage.obj (.text:CPUUsageInit)
                  00000ba4    0000007a     rtsv7M4_T_le_v4SPD16_eabi.lib : memset_t2.obj (.text)
                  00000c1e    00000002     startup_ccs.obj (.text:IntDefaultHandler)
                  00000c20    00000070     udma_demo.obj (.text:InitSWTransfer)
                  00000c90    00000070     rtsv7M4_T_le_v4SPD16_eabi.lib : autoinit.obj (.text)
                  00000d00    00000068     udma_demo.obj (.text:ConfigureUART)
                  00000d68    00000068     rtsv7M4_T_le_v4SPD16_eabi.lib : copy_decompress_lzss.obj (.text:decompress:lzss)
                  00000dd0    00000064     udma_demo.obj (.text:uDMAIntHandler)
                  00000e34    00000060     uartstdio.obj (.text:UARTStdioConfig)
                  00000e94    00000054     rtsv7M4_T_le_v4SPD16_eabi.lib : boot.obj (.text)
                  00000ee8    00000054                                   : exit.obj (.text)
                  00000f3c    0000004c                                   : cpy_tbl.obj (.text)
                  00000f88    00000048     cpu_usage.obj (.text:CPUUsageTick)
                  00000fd0    00000048     uartstdio.obj (.text:UARTwrite)
                  00001018    00000048     driverlib.lib : sysctl.obj (.text:_SysCtlFrequencyGet)
                  00001060    00000040     rtsv7M4_T_le_v4SPD16_eabi.lib : u_divt2.obj (.text)
                  000010a0    00000034     udma_demo.obj (.text:SysTickHandler)
                  000010d4    00000024     udma_demo.obj (.text:uDMAErrorHandler)
                  000010f8    00000020     driverlib.lib : sysctl.obj (.text:_SysCtlMemTimingGet)
                  00001118    0000001a     uartstdio.obj (.text:UARTprintf)
                  00001132    00000002     startup_ccs.obj (.text:NmiSR)
                  00001134    00000018     rtsv7M4_T_le_v4SPD16_eabi.lib : args_main.obj (.text)
                  0000114c    00000014                                   : _lock.obj (.text)
                  00001160    0000000e                                   : copy_decompress_none.obj (.text:decompress:none)
                  0000116e    0000000c                                   : copy_zero_init.obj (.text:decompress:ZI)
                  0000117a    00000006     driverlib.lib : gpio.obj (.text:GPIOPinWrite)
                  00001180    00000006     startup_ccs.obj (.text:ResetISR)
                  00001186    00000006     driverlib.lib : sysctl.obj (.text:SysCtlDelay)
                  0000118c    00000004     rtsv7M4_T_le_v4SPD16_eabi.lib : pre_init.obj (.text)
                  00001190    00000002                                   : i_div0.obj (.text)
                  00001192    00000002                                   : mpu_init.obj (.text)
                  00001194    00000002                                   : startup.obj (.text)

.const     0    00001198    0000026c     
                  00001198    000001b0     driverlib.lib : sysctl.obj (.const:g_pppui32XTALtoVCO)
                  00001348    0000006c                   : sysctl.obj (.const:g_pui32Xtals)
                  000013b4    00000030                   : sysctl.obj (.const:g_sXTALtoMEMTIM)
                  000013e4    0000000c     uartstdio.obj (.const:g_ui32UARTBase)
                  000013f0    0000000c     uartstdio.obj (.const:g_ui32UARTPeriph)
                  000013fc    00000008     driverlib.lib : sysctl.obj (.const)

.cinit     0    00001408    00000060     
                  00001408    0000003b     (.cinit..data.load) [load image, compression = lzss]
                  00001443    00000001     --HOLE-- [fill = 0]
                  00001444    0000000c     (__TI_handler_table)
                  00001450    00000008     (.cinit..bss.load) [load image, compression = zero_init]
                  00001458    00000010     (__TI_cinit_table)

.init_array 
*          0    00000000    00000000     UNINITIALIZED

.bss       0    20000000    0000271c     UNINITIALIZED
                  20000000    00001000     udma_demo.obj (.bss:g_ui32DstBuf)
                  20001000    00001000     udma_demo.obj (.bss:g_ui32SrcBuf)
                  20002000    00000400     (.common:pui8ControlTable)
                  20002400    00000100     udma_demo.obj (.bss:g_ui8RxBufA)
                  20002500    00000100     udma_demo.obj (.bss:g_ui8RxBufB)
                  20002600    00000100     udma_demo.obj (.bss:g_ui8TxBuf)
                  20002700    0000000c     cpu_usage.obj (.bss)
                  2000270c    0000000c     udma_demo.obj (.bss)
                  20002718    00000004     (.common:g_ui32SysClock)

.stack     0    2000271c    00000400     UNINITIALIZED
                  2000271c    00000400     --HOLE--

.data      0    20002b1c    00000070     UNINITIALIZED
                  20002b1c    00000020     udma_demo.obj (.data)
                  20002b3c    00000018     cpu_usage.obj (.data:g_pui32CPUUsageTimerBase)
                  20002b54    00000018     cpu_usage.obj (.data:g_pui32CPUUsageTimerPeriph)
                  20002b6c    0000000c     rtsv7M4_T_le_v4SPD16_eabi.lib : exit.obj (.data:$O1$$)
                  20002b78    00000008                                   : _lock.obj (.data:$O1$$)
                  20002b80    00000005     uartstdio.obj (.data)
                  20002b85    00000003     --HOLE--
                  20002b88    00000004     rtsv7M4_T_le_v4SPD16_eabi.lib : stkdepth_vars.obj (.data)

MODULE SUMMARY

       Module                     code   ro data   rw data
       ------                     ----   -------   -------
    .\
       udma_demo.obj              1580   0         10032  
       startup_ccs.obj            12     512       0      
    +--+--------------------------+------+---------+---------+
       Total:                     1592   512       10032  
                                                          
    .\utils\
       uartstdio.obj              684    24        5      
       cpu_usage.obj              204    0         60     
    +--+--------------------------+------+---------+---------+
       Total:                     888    24        65     
                                                          
    C:/ti/TivaWare_C_Series-2.1.4.178/driverlib/ccs/Debug/driverlib.lib
       sysctl.obj                 622    596       0      
       gpio.obj                   6      0         0      
    +--+--------------------------+------+---------+---------+
       Total:                     628    596       0      
                                                          
    C:\ti\ccsv7\tools\compiler\ti-cgt-arm_16.9.0.LTS\lib\rtsv7M4_T_le_v4SPD16_eabi.lib
       memcpy_t2.obj              156    0         0      
       memset_t2.obj              122    0         0      
       autoinit.obj               112    0         0      
       copy_decompress_lzss.obj   104    0         0      
       exit.obj                   84     0         12     
       boot.obj                   84     0         0      
       cpy_tbl.obj                76     0         0      
       u_divt2.obj                64     0         0      
       _lock.obj                  20     0         8      
       args_main.obj              24     0         0      
       copy_decompress_none.obj   14     0         0      
       copy_zero_init.obj         12     0         0      
       pre_init.obj               4      0         0      
       stkdepth_vars.obj          0      0         4      
       i_div0.obj                 2      0         0      
       mpu_init.obj               2      0         0      
       startup.obj                2      0         0      
    +--+--------------------------+------+---------+---------+
       Total:                     882    0         24     
                                                          
       Stack:                     0      0         1024   
       Linker Generated:          0      95        0      
    +--+--------------------------+------+---------+---------+
       Grand Total:               3990   1227      11145  


LINKER GENERATED COPY TABLES

__TI_cinit_table @ 00001458 records: 2, size/record: 8, table size: 16
	.data: load addr=00001408, load size=0000003b bytes, run addr=20002b1c, run size=00000070 bytes, compression=lzss
	.bss: load addr=00001450, load size=00000008 bytes, run addr=20000000, run size=0000271c bytes, compression=zero_init


LINKER GENERATED HANDLER TABLE

__TI_handler_table @ 00001444 records: 3, size/record: 4, table size: 12
	index: 0, handler: __TI_decompress_lzss
	index: 1, handler: __TI_decompress_none
	index: 2, handler: __TI_zero_init


GLOBAL SYMBOLS: SORTED ALPHABETICALLY BY Name 

address   name                           
-------   ----                           
00000ee9  C$$EXIT                        
00000b21  CPUUsageInit                   
00000f89  CPUUsageTick                   
00000d01  ConfigureUART                  
0000117b  GPIOPinWrite                   
00000c21  InitSWTransfer                 
00000885  InitUART1Transfer              
00001181  ResetISR                       
UNDEFED   SHT$$INIT_ARRAY$$Base          
UNDEFED   SHT$$INIT_ARRAY$$Limit         
00000499  SysCtlClockFreqSet             
00001187  SysCtlDelay                    
000010a1  SysTickHandler                 
000009c9  UART1IntHandler                
00000e35  UARTStdioConfig                
00001119  UARTprintf                     
00000699  UARTvprintf                    
00000fd1  UARTwrite                      
20002b1c  __STACK_END                    
00000400  __STACK_SIZE                   
20002b1c  __STACK_TOP                    
00001458  __TI_CINIT_Base                
00001468  __TI_CINIT_Limit               
00001444  __TI_Handler_Table_Base        
00001450  __TI_Handler_Table_Limit       
00000c91  __TI_auto_init                 
20002b6c  __TI_cleanup_ptr               
00000d69  __TI_decompress_lzss           
00001161  __TI_decompress_none           
20002b70  __TI_dtors_ptr                 
20002b74  __TI_enable_exit_profile_output
ffffffff  __TI_pprof_out_hndl            
ffffffff  __TI_prof_data_size            
ffffffff  __TI_prof_data_start           
00000000  __TI_static_base__             
0000116f  __TI_zero_init                 
00001191  __aeabi_idiv0                  
00000ba5  __aeabi_memclr                 
00000ba5  __aeabi_memclr4                
00000ba5  __aeabi_memclr8                
00000a85  __aeabi_memcpy                 
00000a85  __aeabi_memcpy4                
00000a85  __aeabi_memcpy8                
00000ba7  __aeabi_memset                 
00000ba7  __aeabi_memset4                
00000ba7  __aeabi_memset8                
00001061  __aeabi_uidiv                  
00001061  __aeabi_uidivmod               
ffffffff  __binit__                      
ffffffff  __c_args__                     
00001193  __mpu_init                     
2000271c  __stack                        
00001135  _args_main                     
00000e95  _c_int00                       
20002b78  _lock                          
0000115b  _nop                           
00001153  _register_lock                 
0000114d  _register_unlock               
00001195  _system_post_cinit             
0000118d  _system_pre_init               
20002b7c  _unlock                        
00000eed  abort                          
ffffffff  binit                          
00000f3d  copy_in                        
00000ef5  exit                           
00000000  g_pfnVectors                   
20002718  g_ui32SysClock                 
00000201  main                           
20002b88  main_func_sp                   
00000a85  memcpy                         
00000bad  memset                         
20002000  pui8ControlTable               
000010d5  uDMAErrorHandler               
00000dd1  uDMAIntHandler                 


GLOBAL SYMBOLS: SORTED BY Symbol Address 

address   name                           
-------   ----                           
00000000  __TI_static_base__             
00000000  g_pfnVectors                   
00000201  main                           
00000400  __STACK_SIZE                   
00000499  SysCtlClockFreqSet             
00000699  UARTvprintf                    
00000885  InitUART1Transfer              
000009c9  UART1IntHandler                
00000a85  __aeabi_memcpy                 
00000a85  __aeabi_memcpy4                
00000a85  __aeabi_memcpy8                
00000a85  memcpy                         
00000b21  CPUUsageInit                   
00000ba5  __aeabi_memclr                 
00000ba5  __aeabi_memclr4                
00000ba5  __aeabi_memclr8                
00000ba7  __aeabi_memset                 
00000ba7  __aeabi_memset4                
00000ba7  __aeabi_memset8                
00000bad  memset                         
00000c21  InitSWTransfer                 
00000c91  __TI_auto_init                 
00000d01  ConfigureUART                  
00000d69  __TI_decompress_lzss           
00000dd1  uDMAIntHandler                 
00000e35  UARTStdioConfig                
00000e95  _c_int00                       
00000ee9  C$$EXIT                        
00000eed  abort                          
00000ef5  exit                           
00000f3d  copy_in                        
00000f89  CPUUsageTick                   
00000fd1  UARTwrite                      
00001061  __aeabi_uidiv                  
00001061  __aeabi_uidivmod               
000010a1  SysTickHandler                 
000010d5  uDMAErrorHandler               
00001119  UARTprintf                     
00001135  _args_main                     
0000114d  _register_unlock               
00001153  _register_lock                 
0000115b  _nop                           
00001161  __TI_decompress_none           
0000116f  __TI_zero_init                 
0000117b  GPIOPinWrite                   
00001181  ResetISR                       
00001187  SysCtlDelay                    
0000118d  _system_pre_init               
00001191  __aeabi_idiv0                  
00001193  __mpu_init                     
00001195  _system_post_cinit             
00001444  __TI_Handler_Table_Base        
00001450  __TI_Handler_Table_Limit       
00001458  __TI_CINIT_Base                
00001468  __TI_CINIT_Limit               
20002000  pui8ControlTable               
20002718  g_ui32SysClock                 
2000271c  __stack                        
20002b1c  __STACK_END                    
20002b1c  __STACK_TOP                    
20002b6c  __TI_cleanup_ptr               
20002b70  __TI_dtors_ptr                 
20002b74  __TI_enable_exit_profile_output
20002b78  _lock                          
20002b7c  _unlock                        
20002b88  main_func_sp                   
ffffffff  __TI_pprof_out_hndl            
ffffffff  __TI_prof_data_size            
ffffffff  __TI_prof_data_start           
ffffffff  __binit__                      
ffffffff  __c_args__                     
ffffffff  binit                          
UNDEFED   SHT$$INIT_ARRAY$$Base          
UNDEFED   SHT$$INIT_ARRAY$$Limit         

[74 symbols]
