******************************************************************************
                  TI ARM Linker PC v16.9.0                     
******************************************************************************
>> Linked Sun May 21 10:06:20 2017

OUTPUT FILE NAME:   <usb_dev_keyboard.out>
ENTRY POINT SYMBOL: "_c_int00"  address: 00002cc5


MEMORY CONFIGURATION

         name            origin    length      used     unused   attr    fill
----------------------  --------  ---------  --------  --------  ----  --------
  FLASH                 00000000   00100000  0000471a  000fb8e6  R  X
  SRAM                  20000000   00040000  00000ba7  0003f459  RW X


SEGMENT ALLOCATION MAP

run origin  load origin   length   init length attrs members
----------  ----------- ---------- ----------- ----- -------
00000000    00000000    00004720   00004720    r-x
  00000000    00000000    00000200   00000200    r-- .intvecs
  00000200    00000200    00003f0a   00003f0a    r-x .text
  0000410c    0000410c    00000568   00000568    r-- .const
  00004678    00004678    000000a8   000000a8    r-- .cinit
20000000    20000000    00000ba7   00000000    rw-
  20000000    20000000    00000668   00000000    rw- .bss
  20000668    20000668    00000400   00000000    rw- .stack
  20000a68    20000a68    0000013f   00000000    rw- .data


SECTION ALLOCATION MAP

 output                                  attributes/
section   page    origin      length       input sections
--------  ----  ----------  ----------   ----------------
.intvecs   0    00000000    00000200     
                  00000000    00000200     startup_ccs.obj (.intvecs)

.text      0    00000200    00003f0a     
                  00000200    0000021c     usb_dev_keyboard.obj (.text:main)
                  0000041c    00000218     pinout.obj (.text:PinoutSet)
                  00000634    00000200     driverlib.lib : sysctl.obj (.text:SysCtlClockFreqSet)
                  00000834    000001ea     uartstdio.obj (.text:UARTvprintf)
                  00000a1e    00000002     startup_ccs.obj (.text:FaultISR)
                  00000a20    00000160     uartstdio.obj (.text:UARTStdioIntHandler)
                  00000b80    00000160     usblib.lib : usbdma.obj (.text:USBLibDMAInit)
                  00000ce0    00000150                : usbdenum.obj (.text:USBDCDInit)
                  00000e30    00000150                : usbdenum.obj (.text:USBDEP0StateTxConfig)
                  00000f80    00000150                : usbdenum.obj (.text:USBDeviceIntHandlerInternal)
                  000010d0    00000148                : usbdconfig.obj (.text:USBDeviceConfig)
                  00001218    00000132     driverlib.lib : gpio.obj (.text:GPIOPadConfigSet)
                  0000134a    00000114     usblib.lib : usbdhid.obj (.text:HandleRequest)
                  0000145e    000000f4                : usbdma.obj (.text:iDMAUSBTransfer)
                  00001552    00000002     startup_ccs.obj (.text:IntDefaultHandler)
                  00001554    000000e4     usblib.lib : usbdenum.obj (.text:USBDGetDescriptor)
                  00001638    000000e0                : usbdhid.obj (.text:USBDHIDCompositeInit)
                  00001718    000000d8                : usbdenum.obj (.text:USBDeviceEnumHandler)
                  000017f0    000000c4                : usbdma.obj (.text:uDMAUSBChannelAllocate)
                  000018b4    000000bc                : usbdma.obj (.text:uDMAUSBTransfer)
                  00001970    000000b0     uartstdio.obj (.text:UARTStdioConfig)
                  00001a20    000000a8     uartstdio.obj (.text:UARTwrite)
                  00001ac8    000000a6     usblib.lib : usbdhidkeyb.obj (.text:HIDKeyboardRxHandler)
                  00001b6e    00000002     startup_ccs.obj (.text:NmiSR)
                  00001b70    0000009c     usblib.lib : usbdhidkeyb.obj (.text:USBDHIDKeyboardCompositeInit)
                  00001c0c    0000009c     rtsv7M4_T_le_v4SPD16_eabi.lib : memcpy_t2.obj (.text)
                  00001ca8    00000098     usblib.lib : usbdenum.obj (.text:USBDSetInterface)
                  00001d40    00000090                : usbdenum.obj (.text:USBDCDFeatureSet)
                  00001dd0    00000090                : usbdenum.obj (.text:USBDSetConfiguration)
                  00001e60    0000008c     buttons.obj (.text:ButtonsPoll)
                  00001eec    0000008c     uartstdio.obj (.text:UARTPrimeTransmit)
                  00001f78    0000008c     usblib.lib : usbdconfig.obj (.text:USBDeviceConfigAlternate)
                  00002004    00000088                : usbdhid.obj (.text:ProcessIdleTimers)
                  0000208c    00000086                : usbdhidkeyb.obj (.text:USBDHIDKeyboardKeyStateChange)
                  00002112    00000084                : usbdma.obj (.text:iDMAUSBChannelAllocate)
                  00002196    00000002                : usbdma.obj (.text:iDMAUSBArbSizeSet)
                  00002198    00000084     driverlib.lib : udma.obj (.text:uDMAChannelTransferSet)
                  0000221c    00000080     usblib.lib : usbdenum.obj (.text:USBDClearFeature)
                  0000229c    0000007a     driverlib.lib : usb.obj (.text:USBDevEndpointConfigSet)
                  00002316    0000007a     rtsv7M4_T_le_v4SPD16_eabi.lib : memset_t2.obj (.text)
                  00002390    00000078     usb_dev_keyboard.obj (.text:SendString)
                  00002408    00000078     usblib.lib : usbdenum.obj (.text:USBDGetStatus)
                  00002480    00000070     driverlib.lib : sysctl.obj (.text:SysCtlVCOGet)
                  000024f0    00000070     usblib.lib : usbdenum.obj (.text:USBDEP0StateTx)
                  00002560    00000070     rtsv7M4_T_le_v4SPD16_eabi.lib : autoinit.obj (.text)
                  000025d0    00000070     usblib.lib : usbdma.obj (.text:uDMAUSBArbSizeSet)
                  00002640    00000070                : usbdma.obj (.text:uDMAUSBUnitSizeSet)
                  000026b0    0000006c                : usbdenum.obj (.text:USBDSetFeature)
                  0000271c    00000068     driverlib.lib : interrupt.obj (.text:IntDisable)
                  00002784    00000068                   : interrupt.obj (.text:IntEnable)
                  000027ec    00000068     usb_dev_keyboard.obj (.text:KeyboardHandler)
                  00002854    00000068     rtsv7M4_T_le_v4SPD16_eabi.lib : copy_decompress_lzss.obj (.text:decompress:lzss)
                  000028bc    00000064     usblib.lib : usbdhid.obj (.text:HandleGetDescriptor)
                  00002920    00000064     driverlib.lib : interrupt.obj (.text:IntIsEnabled)
                  00002984    00000064     usblib.lib : usbdma.obj (.text:uDMAUSBChannelEnable)
                  000029e8    00000060                : usbdhid.obj (.text:HandleDevice)
                  00002a48    00000060                : usbdhid.obj (.text:ProcessDataFromHost)
                  00002aa8    00000060                : usbdenum.obj (.text:USBDReadAndDispatchRequest)
                  00002b08    0000005e     driverlib.lib : usb.obj (.text:USBDevEndpointStatusClear)
                  00002b66    0000005c     usblib.lib : usbdhid.obj (.text:FindHIDDescriptor)
                  00002bc2    00000056                : usbdhidkeyb.obj (.text:RemoveKeyFromPressedList)
                  00002c18    00000056                : usbdma.obj (.text:uDMAUSBChannelRelease)
                  00002c6e    00000054                : usbdhid.obj (.text:ProcessDataToHost)
                  00002cc2    00000002                : usbdma.obj (.text:iDMAUSBUnitSizeSet)
                  00002cc4    00000054     rtsv7M4_T_le_v4SPD16_eabi.lib : boot.obj (.text)
                  00002d18    00000054                                   : exit.obj (.text)
                  00002d6c    00000052     usblib.lib : usbulpi.obj (.text:ULPIConfigSet)
                  00002dbe    00000002     rtsv7M4_T_le_v4SPD16_eabi.lib : i_div0.obj (.text)
                  00002dc0    00000050     driverlib.lib : sysctl.obj (.text:SysCtlPeripheralReset)
                  00002e10    00000050     usblib.lib : usbdcdesc.obj (.text:USBDCDConfigDescGet)
                  00002e60    00000050                : usbdenum.obj (.text:USBDeviceResumeTickHandler)
                  00002eb0    0000004c     buttons.obj (.text:ButtonsInit)
                  00002efc    0000004c     usblib.lib : usbdconfig.obj (.text:GetEPDescriptorType)
                  00002f48    0000004c                : usbdenum.obj (.text:USBDStringIndexFromRequest)
                  00002f94    0000004c     driverlib.lib : usb.obj (.text:USBEndpointDMAConfigSet)
                  00002fe0    0000004c     usblib.lib : usbdma.obj (.text:iDMAUSBChannelEnable)
                  0000302c    0000004c     rtsv7M4_T_le_v4SPD16_eabi.lib : cpy_tbl.obj (.text)
                  00003078    0000004a     usblib.lib : usbdcdesc.obj (.text:ConfigAlternateInterfaceGet)
                  000030c2    0000004a                : usbdhid.obj (.text:USBDHIDReportWrite)
                  0000310c    0000004a     driverlib.lib : usb.obj (.text:USBDevEndpointStallClear)
                  00003156    0000004a     usblib.lib : usbdma.obj (.text:uDMAUSBChannelDisable)
                  000031a0    00000048                : usbdhid.obj (.text:SetIdleTimeout)
                  000031e8    00000048                : usbdenum.obj (.text:USBDeviceEnumResetHandler)
                  00003230    00000048     driverlib.lib : sysctl.obj (.text:_SysCtlFrequencyGet)
                  00003278    00000048                   : udma.obj (.text:uDMAChannelAttributeDisable)
                  000032c0    00000046                   : usb.obj (.text:USBEndpointDataGet)
                  00003306    00000002     rtsv7M4_T_le_v4SPD16_eabi.lib : mpu_init.obj (.text)
                  00003308    00000044     usblib.lib : usbdenum.obj (.text:USBDCDDeviceInfoInit)
                  0000334c    00000044                : usbdenum.obj (.text:USBDGetInterface)
                  00003390    00000040                : usbdhid.obj (.text:ScheduleReportTransmission)
                  000033d0    00000040     rtsv7M4_T_le_v4SPD16_eabi.lib : u_divt2.obj (.text)
                  00003410    0000003e     usblib.lib : usbdhidkeyb.obj (.text:HIDKeyboardTxHandler)
                  0000344e    00000002     rtsv7M4_T_le_v4SPD16_eabi.lib : startup.obj (.text)
                  00003450    0000003c     uartstdio.obj (.text:UARTFlushTx)
                  0000348c    0000003c     usblib.lib : usbdenum.obj (.text:USBDCDRemoteWakeupRequest)
                  000034c8    0000003c                : usbdma.obj (.text:iDMAUSBChannelRelease)
                  00003504    0000003a     driverlib.lib : usb.obj (.text:USBFIFOConfigSet)
                  0000353e    00000002     usblib.lib : usbdma.obj (.text:uDMAUSBChannelIntDisable)
                  00003540    00000038                : usbtick.obj (.text:InternalUSBRegisterTickHandler)
                  00003578    00000038                : usbtick.obj (.text:InternalUSBStartOfFrameTick)
                  000035b0    00000038                : usbdcdesc.obj (.text:USBDCDConfigGetInterfaceEndpoint)
                  000035e8    00000038     driverlib.lib : usb.obj (.text:USBIntStatusControl)
                  00003620    00000036     usblib.lib : usbdhid.obj (.text:HandleEndpoints)
                  00003656    00000036     driverlib.lib : usb.obj (.text:USBEndpointDataPut)
                  0000368c    00000034     usblib.lib : usbdhid.obj (.text:HIDTickHandler)
                  000036c0    00000034     driverlib.lib : sysctl.obj (.text:SysCtlPeripheralEnable)
                  000036f4    00000034                   : usb.obj (.text:USBEndpointDataSend)
                  00003728    00000034     usblib.lib : usbdma.obj (.text:iDMAUSBChannelStatus)
                  0000375c    00000032                : usbdhid.obj (.text:ClearReportTimer)
                  0000378e    00000032                : usbdhid.obj (.text:HandleConfigChange)
                  000037c0    00000032                : usbdcdesc.obj (.text:NextConfigDescGet)
                  000037f2    00000032     driverlib.lib : usb.obj (.text:USBDevEndpointStall)
                  00003824    00000032     usblib.lib : usbdma.obj (.text:iDMAUSBChannelDisable)
                  00003856    00000030                : usbdhidkeyb.obj (.text:AddKeyToPressedList)
                  00003886    00000030                : usbdma.obj (.text:DMAUSBIntHandler)
                  000038b6    00000002                : usbdma.obj (.text:uDMAUSBChannelIntEnable)
                  000038b8    00000030                : usbtick.obj (.text:InternalUSBTickInit)
                  000038e8    00000030                : usbdenum.obj (.text:USBDGetConfiguration)
                  00003918    00000030                : usbdhidkeyb.obj (.text:USBDHIDKeyboardInit)
                  00003948    0000002c     uartstdio.obj (.text:UARTFlushRx)
                  00003974    0000002c     usblib.lib : usbdesc.obj (.text:USBDescGet)
                  000039a0    0000002c     usb_dev_keyboard.obj (.text:WaitForSendIdle)
                  000039cc    0000002c     usblib.lib : usbdma.obj (.text:uDMAUSBIntStatus)
                  000039f8    0000002a     driverlib.lib : gpio.obj (.text:GPIODirModeSet)
                  00003a22    0000002a     usblib.lib : usbdcdesc.obj (.text:USBDCDConfigDescGetNum)
                  00003a4c    0000002a                : usbdesc.obj (.text:USBDescGetNum)
                  00003a76    0000002a     driverlib.lib : usb.obj (.text:USBDevEndpointDataAck)
                  00003aa0    00000028     usblib.lib : usbdhid.obj (.text:GetIdleTimeout)
                  00003ac8    00000028                : usbdhid.obj (.text:HandleEP0DataReceived)
                  00003af0    00000028                : usbdenum.obj (.text:USBDSetAddress)
                  00003b18    00000028     driverlib.lib : usb.obj (.text:USBIntEnableControl)
                  00003b40    00000028                   : udma.obj (.text:uDMAChannelModeGet)
                  00003b68    00000026     usblib.lib : usbdhid.obj (.text:USBDHIDInit)
                  00003b8e    00000024     driverlib.lib : usb.obj (.text:USBEndpointDMADisable)
                  00003bb2    00000024                   : usb.obj (.text:USBEndpointDMAEnable)
                  00003bd6    00000002     --HOLE-- [fill = 0]
                  00003bd8    00000024     usblib.lib : usbmode.obj (.text:USBStackModeSet)
                  00003bfc    00000024     driverlib.lib : udma.obj (.text:uDMAChannelControlSet)
                  00003c20    00000022     usblib.lib : usbdhid.obj (.text:HandleDisconnect)
                  00003c42    00000022                : usbdma.obj (.text:uDMAUSBChannelStatus)
                  00003c64    00000020                : usbdconfig.obj (.text:GetEndpointFIFOSize)
                  00003c84    00000020                : usbdhid.obj (.text:HandleEP0DataSent)
                  00003ca4    00000020     driverlib.lib : sysctl.obj (.text:_SysCtlMemTimingGet)
                  00003cc4    0000001e                   : usb.obj (.text:USBULPIRegRead)
                  00003ce2    0000001e                   : usb.obj (.text:USBULPIRegWrite)
                  00003d00    0000001c     usblib.lib : usbdcdesc.obj (.text:USBDCDConfigGetInterface)
                  00003d1c    0000001c                : usbdenum.obj (.text:USBDCDStallEP0)
                  00003d38    0000001c     driverlib.lib : usb.obj (.text:USBEndpointDataAvail)
                  00003d54    0000001a     usblib.lib : usbdhid.obj (.text:ClearIdleTimers)
                  00003d6e    0000001a     uartstdio.obj (.text:UARTprintf)
                  00003d88    0000001a     usblib.lib : usbdcdesc.obj (.text:USBDCDConfigDescGetSize)
                  00003da2    0000001a     driverlib.lib : usb.obj (.text:USBEndpointDMAChannel)
                  00003dbc    00000018     uartstdio.obj (.text:IsBufferFull)
                  00003dd4    00000018     usblib.lib : usbdhid.obj (.text:SetDeferredOpFlag)
                  00003dec    00000018                : usbdhandler.obj (.text:USB0DeviceIntHandler)
                  00003e04    00000018                : usbdenum.obj (.text:USBDSetDescriptor)
                  00003e1c    00000018                : usbdenum.obj (.text:USBDSyncFrame)
                  00003e34    00000018     rtsv7M4_T_le_v4SPD16_eabi.lib : args_main.obj (.text)
                  00003e4c    00000018     driverlib.lib : udma.obj (.text:uDMAChannelDisable)
                  00003e64    00000018                   : udma.obj (.text:uDMAChannelEnable)
                  00003e7c    00000016                   : usb.obj (.text:USBIntEnableEndpoint)
                  00003e92    00000002     --HOLE-- [fill = 0]
                  00003e94    00000014                   : sysctl.obj (.text:SysCtlUSBPLLEnable)
                  00003ea8    00000014     usblib.lib : usbdenum.obj (.text:USBDCDRequestDataEP0)
                  00003ebc    00000014                : usbdenum.obj (.text:USBDCDSendDataEP0)
                  00003ed0    00000014     driverlib.lib : usb.obj (.text:USBDMAChannelConfigSet)
                  00003ee4    00000014                   : usb.obj (.text:USBHostResume)
                  00003ef8    00000014                   : usb.obj (.text:_USBIndexWrite)
                  00003f0c    00000014     rtsv7M4_T_le_v4SPD16_eabi.lib : _lock.obj (.text)
                  00003f20    00000012     driverlib.lib : gpio.obj (.text:GPIOPinTypeEthernetLED)
                  00003f32    00000012     usblib.lib : usbdhid.obj (.text:HandleResume)
                  00003f44    00000012                : usbdhid.obj (.text:HandleSuspend)
                  00003f56    00000012     driverlib.lib : usb.obj (.text:USBDMAChannelDisable)
                  00003f68    00000012                   : usb.obj (.text:USBDMAChannelEnable)
                  00003f7a    00000012                   : usb.obj (.text:USBDMAChannelIntDisable)
                  00003f8c    00000012                   : usb.obj (.text:USBDMAChannelIntEnable)
                  00003f9e    00000002     --HOLE-- [fill = 0]
                  00003fa0    00000010     usb_dev_keyboard.obj (.text:SysTickIntHandler)
                  00003fb0    00000010     driverlib.lib : usb.obj (.text:USBEndpointStatus)
                  00003fc0    0000000e     usblib.lib : usbdma.obj (.text:DMAUSBIntStatusClear)
                  00003fce    0000000e     uartstdio.obj (.text:IsBufferEmpty)
                  00003fdc    0000000e     usblib.lib : usbdhid.obj (.text:USBDHIDTxPacketAvailable)
                  00003fea    0000000e     driverlib.lib : usb.obj (.text:USBDMAChannelStatus)
                  00003ff8    0000000e                   : usb.obj (.text:USBDevLPMDisable)
                  00004006    0000000e                   : usb.obj (.text:USBDevLPMEnable)
                  00004014    0000000e                   : usb.obj (.text:USBULPIDisable)
                  00004022    0000000e                   : usb.obj (.text:USBULPIEnable)
                  00004030    0000000e     rtsv7M4_T_le_v4SPD16_eabi.lib : copy_decompress_none.obj (.text:decompress:none)
                  0000403e    0000000c     driverlib.lib : usb.obj (.text:USBEndpointPacketCountSet)
                  0000404a    0000000c                   : usb.obj (.text:USBLPMIntEnable)
                  00004056    0000000c     rtsv7M4_T_le_v4SPD16_eabi.lib : copy_zero_init.obj (.text:decompress:ZI)
                  00004062    0000000a     driverlib.lib : usb.obj (.text:USBClockEnable)
                  0000406c    0000000a                   : usb.obj (.text:USBControllerVersion)
                  00004076    0000000a                   : usb.obj (.text:USBDMAChannelAddressSet)
                  00004080    0000000a                   : usb.obj (.text:USBDMAChannelCountSet)
                  0000408a    0000000a                   : usb.obj (.text:USBDevConnect)
                  00004094    0000000a                   : usb.obj (.text:USBDevDisconnect)
                  0000409e    0000000a                   : usb.obj (.text:USBIntStatusEndpoint)
                  000040a8    00000008                   : usb.obj (.text:USBDevMode)
                  000040b0    00000008                   : usb.obj (.text:USBFIFOAddrGet)
                  000040b8    00000008                   : usb.obj (.text:USBOTGMode)
                  000040c0    00000008     usblib.lib : usbdma.obj (.text:iDMAUSBChannelIntDisable)
                  000040c8    00000008                : usbdma.obj (.text:iDMAUSBChannelIntEnable)
                  000040d0    00000006     startup_ccs.obj (.text:ResetISR)
                  000040d6    00000006     usblib.lib : usbdhidkeyb.obj (.text:USBDHIDKeyboardRemoteWakeupRequest)
                  000040dc    00000006                : usbdhid.obj (.text:USBDHIDRemoteWakeupRequest)
                  000040e2    00000006     driverlib.lib : usb.obj (.text:USBDMAChannelIntStatus)
                  000040e8    00000006                   : usb.obj (.text:USBDevLPMConfig)
                  000040ee    00000006                   : usb.obj (.text:USBLPMIntStatus)
                  000040f4    00000006     usblib.lib : usbdma.obj (.text:iDMAUSBIntStatus)
                  000040fa    00000004                : usbdma.obj (.text:DMAUSBStatus)
                  000040fe    00000004                : usbdhid.obj (.text:HandleReset)
                  00004102    00000004     driverlib.lib : usb.obj (.text:USBDevAddrSet)
                  00004106    00000004     rtsv7M4_T_le_v4SPD16_eabi.lib : pre_init.obj (.text)

.const     0    0000410c    00000568     
                  0000410c    000001b0     driverlib.lib : sysctl.obj (.const:g_pppui32XTALtoVCO)
                  000042bc    000000be     usb_dev_keyboard.obj (.const:g_ppi8KeyUsageCodes)
                  0000437a    00000002     --HOLE-- [fill = 0]
                  0000437c    00000070     driverlib.lib : interrupt.obj (.const)
                  000043ec    0000006c                   : sysctl.obj (.const:g_pui32Xtals)
                  00004458    0000003f     usblib.lib : usbdhidkeyb.obj (.const:.string:g_pui8KeybReportDescriptor)
                  00004497    00000036     usb_keyb_structs.obj (.const:.string:g_pui8ConfigString)
                  000044cd    00000003     --HOLE-- [fill = 0]
                  000044d0    00000034     usblib.lib : usbdenum.obj (.const:g_psUSBDStdRequests)
                  00004504    00000034                : usbdhidkeyb.obj (.const)
                  00004538    00000030                : usbdhid.obj (.const:g_sHIDHandlers)
                  00004568    00000030     driverlib.lib : sysctl.obj (.const:g_sXTALtoMEMTIM)
                  00004598    0000002e     usb_keyb_structs.obj (.const:.string:g_pui8HIDInterfaceString)
                  000045c6    00000024     usb_keyb_structs.obj (.const:.string:g_pui8ManufacturerString)
                  000045ea    00000022     usb_keyb_structs.obj (.const:.string:g_pui8ProductString)
                  0000460c    00000018     usb_keyb_structs.obj (.const:g_ppui8StringDescriptors)
                  00004624    00000012     usb_keyb_structs.obj (.const:.string:g_pui8SeriailNumberString)
                  00004636    0000000e     usblib.lib : usbdhidkeyb.obj (.const:.string)
                  00004644    0000000c     uartstdio.obj (.const:g_ui32UARTBase)
                  00004650    0000000c     uartstdio.obj (.const:g_ui32UARTInt)
                  0000465c    0000000c     uartstdio.obj (.const:g_ui32UARTPeriph)
                  00004668    00000008     driverlib.lib : sysctl.obj (.const)
                  00004670    00000004     usb_keyb_structs.obj (.const:.string:g_pui8LangDescriptor)

.cinit     0    00004678    000000a8     
                  00004678    00000082     (.cinit..data.load) [load image, compression = lzss]
                  000046fa    00000002     --HOLE-- [fill = 0]
                  000046fc    0000000c     (__TI_handler_table)
                  00004708    00000008     (.cinit..bss.load) [load image, compression = zero_init]
                  00004710    00000010     (__TI_cinit_table)

.init_array 
*          0    00000000    00000000     UNINITIALIZED

.bss       0    20000000    00000668     UNINITIALIZED
                  20000000    00000400     uartstdio.obj (.bss:g_pcUARTTxBuffer)
                  20000400    00000110     usblib.lib : usbdma.obj (.bss:g_psUSBDMAInst)
                  20000510    00000080     uartstdio.obj (.bss:g_pcUARTRxBuffer)
                  20000590    00000050     usblib.lib : usbdenum.obj (.bss:g_psDCDInst)
                  200005e0    00000040                : usbdenum.obj (.bss:g_pui8DataBufferIn)
                  20000620    00000018     (.common:g_pfnTickHandlers)
                  20000638    00000018     (.common:g_pvTickInstance)
                  20000650    00000008     uartstdio.obj (.bss)
                  20000658    00000004     (.common:g_pfnUSBModeCallback)
                  2000065c    00000004     (.common:g_ppsDevInfo)
                  20000660    00000004     (.common:g_ui32SysTickCount)
                  20000664    00000004     (.common:g_ui32ULPISupport)

.stack     0    20000668    00000400     UNINITIALIZED
                  20000668    00000400     --HOLE--

.data      0    20000a68    0000013f     UNINITIALIZED
                  20000a68    000000a4     usb_keyb_structs.obj (.data:g_sKeyboardDevice)
                  20000b0c    00000038     usblib.lib : usbdhidkeyb.obj (.data)
                  20000b44    00000015     uartstdio.obj (.data)
                  20000b59    00000012     usblib.lib : usbdhid.obj (.data)
                  20000b6b    00000001     --HOLE--
                  20000b6c    0000000c     rtsv7M4_T_le_v4SPD16_eabi.lib : exit.obj (.data:$O1$$)
                  20000b78    0000000c     usblib.lib : usbtick.obj (.data)
                  20000b84    00000009                : usbmode.obj (.data)
                  20000b8d    00000003     buttons.obj (.data)
                  20000b90    00000008     rtsv7M4_T_le_v4SPD16_eabi.lib : _lock.obj (.data:$O1$$)
                  20000b98    00000008     usblib.lib : usbdenum.obj (.data)
                  20000ba0    00000004     rtsv7M4_T_le_v4SPD16_eabi.lib : stkdepth_vars.obj (.data)
                  20000ba4    00000003     usb_dev_keyboard.obj (.data)

MODULE SUMMARY

       Module                     code    ro data   rw data
       ------                     ----    -------   -------
    .\
       usb_dev_keyboard.obj       824     190       7      
       startup_ccs.obj            12      512       0      
       usb_keyb_structs.obj       0       216       164    
    +--+--------------------------+-------+---------+---------+
       Total:                     836     918       171    
                                                           
    .\drivers\
       pinout.obj                 536     0         0      
       buttons.obj                216     0         3      
    +--+--------------------------+-------+---------+---------+
       Total:                     752     0         3      
                                                           
    .\utils\
       uartstdio.obj              1494    36        1181   
    +--+--------------------------+-------+---------+---------+
       Total:                     1494    36        1181   
                                                           
    C:/ti/TivaWare_C_Series-2.1.4.178/driverlib/ccs/Debug/driverlib.lib
       sysctl.obj                 880     596       0      
       usb.obj                    1354    0         0      
       interrupt.obj              308     112       0      
       gpio.obj                   366     0         0      
       udma.obj                   328     0         0      
    +--+--------------------------+-------+---------+---------+
       Total:                     3236    708       0      
                                                           
    C:/ti/TivaWare_C_Series-2.1.4.178/usblib/ccs/Debug/usblib.lib
       usbdenum.obj               3084    52        160    
       usbdma.obj                 2008    0         272    
       usbdhid.obj                1814    48        18     
       usbdhidkeyb.obj            706     129       56     
       usbdconfig.obj             576     0         0      
       usbdcdesc.obj              356     0         0      
       usbtick.obj                160     0         60     
       usbdesc.obj                86      0         0      
       usbulpi.obj                82      0         0      
       usbmode.obj                36      0         13     
       usbdhandler.obj            24      0         0      
    +--+--------------------------+-------+---------+---------+
       Total:                     8932    229       579    
                                                           
    C:\ti\ccsv7\tools\compiler\ti-cgt-arm_16.9.0.LTS\lib\rtsv7M4_T_le_v4SPD16_eabi.lib
       memcpy_t2.obj              156     0         0      
       memset_t2.obj              122     0         0      
       autoinit.obj               112     0         0      
       copy_decompress_lzss.obj   104     0         0      
       exit.obj                   84      0         12     
       boot.obj                   84      0         0      
       cpy_tbl.obj                76      0         0      
       u_divt2.obj                64      0         0      
       _lock.obj                  20      0         8      
       args_main.obj              24      0         0      
       copy_decompress_none.obj   14      0         0      
       copy_zero_init.obj         12      0         0      
       pre_init.obj               4       0         0      
       stkdepth_vars.obj          0       0         4      
       i_div0.obj                 2       0         0      
       mpu_init.obj               2       0         0      
       startup.obj                2       0         0      
    +--+--------------------------+-------+---------+---------+
       Total:                     882     0         24     
                                                           
       Stack:                     0       0         1024   
       Linker Generated:          0       166       0      
    +--+--------------------------+-------+---------+---------+
       Grand Total:               16132   2057      2982   


LINKER GENERATED COPY TABLES

__TI_cinit_table @ 00004710 records: 2, size/record: 8, table size: 16
	.data: load addr=00004678, load size=00000082 bytes, run addr=20000a68, run size=0000013f bytes, compression=lzss
	.bss: load addr=00004708, load size=00000008 bytes, run addr=20000000, run size=00000668 bytes, compression=zero_init


LINKER GENERATED HANDLER TABLE

__TI_handler_table @ 000046fc records: 3, size/record: 4, table size: 12
	index: 0, handler: __TI_decompress_lzss
	index: 1, handler: __TI_decompress_none
	index: 2, handler: __TI_zero_init


GLOBAL SYMBOLS: SORTED ALPHABETICALLY BY Name 

address   name                              
-------   ----                              
00002eb1  ButtonsInit                       
00001e61  ButtonsPoll                       
00002d19  C$$EXIT                           
000039f9  GPIODirModeSet                    
00001219  GPIOPadConfigSet                  
00003f21  GPIOPinTypeEthernetLED            
0000271d  IntDisable                        
00002785  IntEnable                         
00002921  IntIsEnabled                      
00003541  InternalUSBRegisterTickHandler    
00003579  InternalUSBStartOfFrameTick       
000038b9  InternalUSBTickInit               
000027ed  KeyboardHandler                   
0000041d  PinoutSet                         
000040d1  ResetISR                          
UNDEFED   SHT$$INIT_ARRAY$$Base             
UNDEFED   SHT$$INIT_ARRAY$$Limit            
00002391  SendString                        
00000635  SysCtlClockFreqSet                
000036c1  SysCtlPeripheralEnable            
00002dc1  SysCtlPeripheralReset             
00003e95  SysCtlUSBPLLEnable                
00002481  SysCtlVCOGet                      
00003fa1  SysTickIntHandler                 
00003949  UARTFlushRx                       
00003451  UARTFlushTx                       
00001971  UARTStdioConfig                   
00000a21  UARTStdioIntHandler               
00003d6f  UARTprintf                        
00000835  UARTvprintf                       
00001a21  UARTwrite                         
00002d6d  ULPIConfigSet                     
00003ded  USB0DeviceIntHandler              
00004063  USBClockEnable                    
0000406d  USBControllerVersion              
00002e11  USBDCDConfigDescGet               
00003a23  USBDCDConfigDescGetNum            
00003d89  USBDCDConfigDescGetSize           
00003d01  USBDCDConfigGetInterface          
000035b1  USBDCDConfigGetInterfaceEndpoint  
00003309  USBDCDDeviceInfoInit              
00001d41  USBDCDFeatureSet                  
00000ce1  USBDCDInit                        
0000348d  USBDCDRemoteWakeupRequest         
00003ea9  USBDCDRequestDataEP0              
00003ebd  USBDCDSendDataEP0                 
00003d1d  USBDCDStallEP0                    
00001639  USBDHIDCompositeInit              
00003b69  USBDHIDInit                       
00001b71  USBDHIDKeyboardCompositeInit      
00003919  USBDHIDKeyboardInit               
0000208d  USBDHIDKeyboardKeyStateChange     
000040d7  USBDHIDKeyboardRemoteWakeupRequest
000040dd  USBDHIDRemoteWakeupRequest        
000030c3  USBDHIDReportWrite                
00003fdd  USBDHIDTxPacketAvailable          
00004077  USBDMAChannelAddressSet           
00003ed1  USBDMAChannelConfigSet            
00004081  USBDMAChannelCountSet             
00003f57  USBDMAChannelDisable              
00003f69  USBDMAChannelEnable               
00003f7b  USBDMAChannelIntDisable           
00003f8d  USBDMAChannelIntEnable            
000040e3  USBDMAChannelIntStatus            
00003feb  USBDMAChannelStatus               
00003975  USBDescGet                        
00003a4d  USBDescGetNum                     
00004103  USBDevAddrSet                     
0000408b  USBDevConnect                     
00004095  USBDevDisconnect                  
0000229d  USBDevEndpointConfigSet           
00003a77  USBDevEndpointDataAck             
000037f3  USBDevEndpointStall               
0000310d  USBDevEndpointStallClear          
00002b09  USBDevEndpointStatusClear         
000040e9  USBDevLPMConfig                   
00003ff9  USBDevLPMDisable                  
00004007  USBDevLPMEnable                   
000040a9  USBDevMode                        
000010d1  USBDeviceConfig                   
00001f79  USBDeviceConfigAlternate          
00001719  USBDeviceEnumHandler              
000031e9  USBDeviceEnumResetHandler         
00000f81  USBDeviceIntHandlerInternal       
00002e61  USBDeviceResumeTickHandler        
00003da3  USBEndpointDMAChannel             
00002f95  USBEndpointDMAConfigSet           
00003b8f  USBEndpointDMADisable             
00003bb3  USBEndpointDMAEnable              
00003d39  USBEndpointDataAvail              
000032c1  USBEndpointDataGet                
00003657  USBEndpointDataPut                
000036f5  USBEndpointDataSend               
0000403f  USBEndpointPacketCountSet         
00003fb1  USBEndpointStatus                 
000040b1  USBFIFOAddrGet                    
00003505  USBFIFOConfigSet                  
00003ee5  USBHostResume                     
00003b19  USBIntEnableControl               
00003e7d  USBIntEnableEndpoint              
000035e9  USBIntStatusControl               
0000409f  USBIntStatusEndpoint              
0000404b  USBLPMIntEnable                   
000040ef  USBLPMIntStatus                   
00000b81  USBLibDMAInit                     
000040b9  USBOTGMode                        
00003bd9  USBStackModeSet                   
00004015  USBULPIDisable                    
00004023  USBULPIEnable                     
00003cc5  USBULPIRegRead                    
00003ce3  USBULPIRegWrite                   
000039a1  WaitForSendIdle                   
20000a68  __STACK_END                       
00000400  __STACK_SIZE                      
20000a68  __STACK_TOP                       
00004710  __TI_CINIT_Base                   
00004720  __TI_CINIT_Limit                  
000046fc  __TI_Handler_Table_Base           
00004708  __TI_Handler_Table_Limit          
00002561  __TI_auto_init                    
20000b6c  __TI_cleanup_ptr                  
00002855  __TI_decompress_lzss              
00004031  __TI_decompress_none              
20000b70  __TI_dtors_ptr                    
20000b74  __TI_enable_exit_profile_output   
ffffffff  __TI_pprof_out_hndl               
ffffffff  __TI_prof_data_size               
ffffffff  __TI_prof_data_start              
00000000  __TI_static_base__                
00004057  __TI_zero_init                    
00002dbf  __aeabi_idiv0                     
00002317  __aeabi_memclr                    
00002317  __aeabi_memclr4                   
00002317  __aeabi_memclr8                   
00001c0d  __aeabi_memcpy                    
00001c0d  __aeabi_memcpy4                   
00001c0d  __aeabi_memcpy8                   
00002319  __aeabi_memset                    
00002319  __aeabi_memset4                   
00002319  __aeabi_memset8                   
000033d1  __aeabi_uidiv                     
000033d1  __aeabi_uidivmod                  
ffffffff  __binit__                         
ffffffff  __c_args__                        
00003307  __mpu_init                        
20000668  __stack                           
00003e35  _args_main                        
00002cc5  _c_int00                          
20000b90  _lock                             
00003f1b  _nop                              
00003f13  _register_lock                    
00003f0d  _register_unlock                  
0000344f  _system_post_cinit                
00004107  _system_pre_init                  
20000b94  _unlock                           
00002d1d  abort                             
ffffffff  binit                             
0000302d  copy_in                           
00002d25  exit                              
20000ba4  g_bConnected                      
20000ba5  g_bSuspended                      
20000b78  g_bUSBTimerInitialized            
20000ba6  g_eKeyboardState                  
20000b84  g_iUSBMode                        
20000620  g_pfnTickHandlers                 
00000000  g_pfnVectors                      
2000065c  g_ppsDevInfo                      
0000460c  g_ppui8StringDescriptors          
20000590  g_psDCDInst                       
00004497  g_pui8ConfigString                
20000b59  g_pui8HIDDeviceDescriptor         
00004598  g_pui8HIDInterfaceString          
00004670  g_pui8LangDescriptor              
000045c6  g_pui8ManufacturerString          
000045ea  g_pui8ProductString               
00004624  g_pui8SeriailNumberString         
20000638  g_pvTickInstance                  
00004538  g_sHIDHandlers                    
20000a68  g_sKeyboardDevice                 
20000b7c  g_ui32CurrentUSBTick              
20000660  g_ui32SysTickCount                
20000b80  g_ui32USBSOFCount                 
20000b88  g_ui32WaitTicks                   
00000201  main                              
20000ba0  main_func_sp                      
00001c0d  memcpy                            
0000231f  memset                            
00003279  uDMAChannelAttributeDisable       
00003bfd  uDMAChannelControlSet             
00003e4d  uDMAChannelDisable                
00003e65  uDMAChannelEnable                 
00003b41  uDMAChannelModeGet                
00002199  uDMAChannelTransferSet            


GLOBAL SYMBOLS: SORTED BY Symbol Address 

address   name                              
-------   ----                              
00000000  __TI_static_base__                
00000000  g_pfnVectors                      
00000201  main                              
00000400  __STACK_SIZE                      
0000041d  PinoutSet                         
00000635  SysCtlClockFreqSet                
00000835  UARTvprintf                       
00000a21  UARTStdioIntHandler               
00000b81  USBLibDMAInit                     
00000ce1  USBDCDInit                        
00000f81  USBDeviceIntHandlerInternal       
000010d1  USBDeviceConfig                   
00001219  GPIOPadConfigSet                  
00001639  USBDHIDCompositeInit              
00001719  USBDeviceEnumHandler              
00001971  UARTStdioConfig                   
00001a21  UARTwrite                         
00001b71  USBDHIDKeyboardCompositeInit      
00001c0d  __aeabi_memcpy                    
00001c0d  __aeabi_memcpy4                   
00001c0d  __aeabi_memcpy8                   
00001c0d  memcpy                            
00001d41  USBDCDFeatureSet                  
00001e61  ButtonsPoll                       
00001f79  USBDeviceConfigAlternate          
0000208d  USBDHIDKeyboardKeyStateChange     
00002199  uDMAChannelTransferSet            
0000229d  USBDevEndpointConfigSet           
00002317  __aeabi_memclr                    
00002317  __aeabi_memclr4                   
00002317  __aeabi_memclr8                   
00002319  __aeabi_memset                    
00002319  __aeabi_memset4                   
00002319  __aeabi_memset8                   
0000231f  memset                            
00002391  SendString                        
00002481  SysCtlVCOGet                      
00002561  __TI_auto_init                    
0000271d  IntDisable                        
00002785  IntEnable                         
000027ed  KeyboardHandler                   
00002855  __TI_decompress_lzss              
00002921  IntIsEnabled                      
00002b09  USBDevEndpointStatusClear         
00002cc5  _c_int00                          
00002d19  C$$EXIT                           
00002d1d  abort                             
00002d25  exit                              
00002d6d  ULPIConfigSet                     
00002dbf  __aeabi_idiv0                     
00002dc1  SysCtlPeripheralReset             
00002e11  USBDCDConfigDescGet               
00002e61  USBDeviceResumeTickHandler        
00002eb1  ButtonsInit                       
00002f95  USBEndpointDMAConfigSet           
0000302d  copy_in                           
000030c3  USBDHIDReportWrite                
0000310d  USBDevEndpointStallClear          
000031e9  USBDeviceEnumResetHandler         
00003279  uDMAChannelAttributeDisable       
000032c1  USBEndpointDataGet                
00003307  __mpu_init                        
00003309  USBDCDDeviceInfoInit              
000033d1  __aeabi_uidiv                     
000033d1  __aeabi_uidivmod                  
0000344f  _system_post_cinit                
00003451  UARTFlushTx                       
0000348d  USBDCDRemoteWakeupRequest         
00003505  USBFIFOConfigSet                  
00003541  InternalUSBRegisterTickHandler    
00003579  InternalUSBStartOfFrameTick       
000035b1  USBDCDConfigGetInterfaceEndpoint  
000035e9  USBIntStatusControl               
00003657  USBEndpointDataPut                
000036c1  SysCtlPeripheralEnable            
000036f5  USBEndpointDataSend               
000037f3  USBDevEndpointStall               
000038b9  InternalUSBTickInit               
00003919  USBDHIDKeyboardInit               
00003949  UARTFlushRx                       
00003975  USBDescGet                        
000039a1  WaitForSendIdle                   
000039f9  GPIODirModeSet                    
00003a23  USBDCDConfigDescGetNum            
00003a4d  USBDescGetNum                     
00003a77  USBDevEndpointDataAck             
00003b19  USBIntEnableControl               
00003b41  uDMAChannelModeGet                
00003b69  USBDHIDInit                       
00003b8f  USBEndpointDMADisable             
00003bb3  USBEndpointDMAEnable              
00003bd9  USBStackModeSet                   
00003bfd  uDMAChannelControlSet             
00003cc5  USBULPIRegRead                    
00003ce3  USBULPIRegWrite                   
00003d01  USBDCDConfigGetInterface          
00003d1d  USBDCDStallEP0                    
00003d39  USBEndpointDataAvail              
00003d6f  UARTprintf                        
00003d89  USBDCDConfigDescGetSize           
00003da3  USBEndpointDMAChannel             
00003ded  USB0DeviceIntHandler              
00003e35  _args_main                        
00003e4d  uDMAChannelDisable                
00003e65  uDMAChannelEnable                 
00003e7d  USBIntEnableEndpoint              
00003e95  SysCtlUSBPLLEnable                
00003ea9  USBDCDRequestDataEP0              
00003ebd  USBDCDSendDataEP0                 
00003ed1  USBDMAChannelConfigSet            
00003ee5  USBHostResume                     
00003f0d  _register_unlock                  
00003f13  _register_lock                    
00003f1b  _nop                              
00003f21  GPIOPinTypeEthernetLED            
00003f57  USBDMAChannelDisable              
00003f69  USBDMAChannelEnable               
00003f7b  USBDMAChannelIntDisable           
00003f8d  USBDMAChannelIntEnable            
00003fa1  SysTickIntHandler                 
00003fb1  USBEndpointStatus                 
00003fdd  USBDHIDTxPacketAvailable          
00003feb  USBDMAChannelStatus               
00003ff9  USBDevLPMDisable                  
00004007  USBDevLPMEnable                   
00004015  USBULPIDisable                    
00004023  USBULPIEnable                     
00004031  __TI_decompress_none              
0000403f  USBEndpointPacketCountSet         
0000404b  USBLPMIntEnable                   
00004057  __TI_zero_init                    
00004063  USBClockEnable                    
0000406d  USBControllerVersion              
00004077  USBDMAChannelAddressSet           
00004081  USBDMAChannelCountSet             
0000408b  USBDevConnect                     
00004095  USBDevDisconnect                  
0000409f  USBIntStatusEndpoint              
000040a9  USBDevMode                        
000040b1  USBFIFOAddrGet                    
000040b9  USBOTGMode                        
000040d1  ResetISR                          
000040d7  USBDHIDKeyboardRemoteWakeupRequest
000040dd  USBDHIDRemoteWakeupRequest        
000040e3  USBDMAChannelIntStatus            
000040e9  USBDevLPMConfig                   
000040ef  USBLPMIntStatus                   
00004103  USBDevAddrSet                     
00004107  _system_pre_init                  
00004497  g_pui8ConfigString                
00004538  g_sHIDHandlers                    
00004598  g_pui8HIDInterfaceString          
000045c6  g_pui8ManufacturerString          
000045ea  g_pui8ProductString               
0000460c  g_ppui8StringDescriptors          
00004624  g_pui8SeriailNumberString         
00004670  g_pui8LangDescriptor              
000046fc  __TI_Handler_Table_Base           
00004708  __TI_Handler_Table_Limit          
00004710  __TI_CINIT_Base                   
00004720  __TI_CINIT_Limit                  
20000590  g_psDCDInst                       
20000620  g_pfnTickHandlers                 
20000638  g_pvTickInstance                  
2000065c  g_ppsDevInfo                      
20000660  g_ui32SysTickCount                
20000668  __stack                           
20000a68  __STACK_END                       
20000a68  __STACK_TOP                       
20000a68  g_sKeyboardDevice                 
20000b59  g_pui8HIDDeviceDescriptor         
20000b6c  __TI_cleanup_ptr                  
20000b70  __TI_dtors_ptr                    
20000b74  __TI_enable_exit_profile_output   
20000b78  g_bUSBTimerInitialized            
20000b7c  g_ui32CurrentUSBTick              
20000b80  g_ui32USBSOFCount                 
20000b84  g_iUSBMode                        
20000b88  g_ui32WaitTicks                   
20000b90  _lock                             
20000b94  _unlock                           
20000ba0  main_func_sp                      
20000ba4  g_bConnected                      
20000ba5  g_bSuspended                      
20000ba6  g_eKeyboardState                  
ffffffff  __TI_pprof_out_hndl               
ffffffff  __TI_prof_data_size               
ffffffff  __TI_prof_data_start              
ffffffff  __binit__                         
ffffffff  __c_args__                        
ffffffff  binit                             
UNDEFED   SHT$$INIT_ARRAY$$Base             
UNDEFED   SHT$$INIT_ARRAY$$Limit            

[193 symbols]
