******************************************************************************
                  TI ARM Linker PC v5.2.5                      
******************************************************************************
>> Linked Fri Jul 22 12:47:27 2016

OUTPUT FILE NAME:   <sleep_modes.out>
ENTRY POINT SYMBOL: "_c_int00"  address: 00000eb1


MEMORY CONFIGURATION

         name            origin    length      used     unused   attr    fill
----------------------  --------  ---------  --------  --------  ----  --------
  FLASH                 00000000   00100000  000013de  000fec22  R  X
  SRAM                  20000000   00040000  00000224  0003fddc  RW X


SEGMENT ALLOCATION MAP

run origin  load origin   length   init length attrs members
----------  ----------- ---------- ----------- ----- -------
00000000    00000000    000013e0   000013e0    r-x
  00000000    00000000    00000200   00000200    r-- .intvecs
  00000200    00000200    00000fb2   00000fb2    r-x .text
  000011b4    000011b4    000001f4   000001f4    r-- .const
  000013a8    000013a8    00000038   00000038    r-- .cinit
20000000    20000000    00000224   00000000    rw-
  20000000    20000000    00000200   00000000    rw- .stack
  20000200    20000200    00000020   00000000    rw- .data
  20000220    20000220    00000004   00000000    rw- .bss


SECTION ALLOCATION MAP

 output                                  attributes/
section   page    origin      length       input sections
--------  ----  ----------  ----------   ----------------
.intvecs   0    00000000    00000200     
                  00000000    00000200     startup_ccs.obj (.intvecs)

.text      0    00000200    00000fb2     
                  00000200    000002dc     sleep_modes.obj (.text:main)
                  000004dc    00000204     driverlib.lib : sysctl.obj (.text:SysCtlClockFreqSet)
                  000006e0    000001ea     uartstdio.obj (.text:UARTvprintf)
                  000008ca    00000002     startup_ccs.obj (.text:FaultISR)
                  000008cc    00000188     sleep_modes.obj (.text:ButtonIntHandler)
                  00000a54    00000132     driverlib.lib : gpio.obj (.text:GPIOPadConfigSet)
                  00000b86    0000009c     rtsv7M4_T_le_v4SPD16_eabi.lib : memcpy_t2.obj (.text)
                  00000c22    00000002     startup_ccs.obj (.text:IntDefaultHandler)
                  00000c24    0000007c     sleep_modes.obj (.text:PowerLEDsSet)
                  00000ca0    0000007a     rtsv7M4_T_le_v4SPD16_eabi.lib : memset_t2.obj (.text)
                  00000d1a    00000002     startup_ccs.obj (.text:NmiSR)
                  00000d1c    0000006c     rtsv7M4_T_le_v4SPD16_eabi.lib : autoinit.obj (.text)
                  00000d88    0000006a                                   : copy_decompress_rle.obj (.text)
                  00000df2    00000002                                   : i_div0.obj (.text)
                  00000df4    00000060     uartstdio.obj (.text:UARTStdioConfig)
                  00000e54    0000005c     sleep_modes.obj (.text:ConfigureUART)
                  00000eb0    00000050     rtsv7M4_T_le_v4SPD16_eabi.lib : boot.obj (.text)
                  00000f00    0000004c     buttons.obj (.text:ButtonsInit)
                  00000f4c    0000004c     rtsv7M4_T_le_v4SPD16_eabi.lib : cpy_tbl.obj (.text)
                  00000f98    00000048     uartstdio.obj (.text:UARTwrite)
                  00000fe0    00000048     driverlib.lib : sysctl.obj (.text:_SysCtlFrequencyGet)
                  00001028    00000044     rtsv7M4_T_le_v4SPD16_eabi.lib : exit.obj (.text)
                  0000106c    00000040                                   : u_divt2.obj (.text)
                  000010ac    0000003c     sleep_modes.obj (.text:Timer0IntHandler)
                  000010e8    00000020     driverlib.lib : sysctl.obj (.text:_SysCtlMemTimingGet)
                  00001108    0000001a     uartstdio.obj (.text:UARTprintf)
                  00001122    00000002     --HOLE-- [fill = 0]
                  00001124    00000018     rtsv7M4_T_le_v4SPD16_eabi.lib : args_main.obj (.text)
                  0000113c    00000014                                   : _lock.obj (.text)
                  00001150    0000000e                                   : copy_decompress_none.obj (.text:decompress:none)
                  0000115e    00000002     --HOLE-- [fill = 0]
                  00001160    0000000c     driverlib.lib : sysctl.obj (.text:SysCtlDeepSleepPowerSet)
                  0000116c    0000000c                   : sysctl.obj (.text:SysCtlLDODeepSleepSet)
                  00001178    0000000c                   : sysctl.obj (.text:SysCtlLDOSleepSet)
                  00001184    0000000c                   : sysctl.obj (.text:SysCtlSleepPowerSet)
                  00001190    0000000c     rtsv7M4_T_le_v4SPD16_eabi.lib : copy_zero_init.obj (.text:decompress:ZI)
                  0000119c    00000006     startup_ccs.obj (.text:ResetISR)
                  000011a2    00000006     driverlib.lib : sysctl.obj (.text:SysCtlDelay)
                  000011a8    00000006     rtsv7M4_T_le_v4SPD16_eabi.lib : copy_decompress_rle.obj (.text:decompress:rle24)
                  000011ae    00000004                                   : pre_init.obj (.text)

.const     0    000011b4    000001f4     
                  000011b4    00000120     driverlib.lib : sysctl.obj (.const:g_pppui32XTALtoVCO)
                  000012d4    0000006c                   : sysctl.obj (.const:g_pui32Xtals)
                  00001340    00000030                   : sysctl.obj (.const:g_sXTALtoMEMTIM)
                  00001370    0000001c     uartstdio.obj (.const)
                  0000138c    00000012     uartstdio.obj (.const:.string)
                  0000139e    00000002     --HOLE-- [fill = 0]
                  000013a0    00000008     driverlib.lib : sysctl.obj (.const)

.cinit     0    000013a8    00000038     
                  000013a8    00000013     (.cinit..data.load) [load image, compression = rle]
                  000013bb    00000001     --HOLE-- [fill = 0]
                  000013bc    0000000c     (__TI_handler_table)
                  000013c8    00000008     (.cinit..bss.load) [load image, compression = zero_init]
                  000013d0    00000010     (__TI_cinit_table)

.init_array 
*          0    00000000    00000000     UNINITIALIZED

.stack     0    20000000    00000200     UNINITIALIZED
                  20000000    00000200     --HOLE--

.data      0    20000200    00000020     UNINITIALIZED
                  20000200    00000008     rtsv7M4_T_le_v4SPD16_eabi.lib : _lock.obj (.data)
                  20000208    00000008                                   : exit.obj (.data)
                  20000210    00000005     uartstdio.obj (.data)
                  20000215    00000003     buttons.obj (.data)
                  20000218    00000004     rtsv7M4_T_le_v4SPD16_eabi.lib : stkdepth_vars.obj (.data)
                  2000021c    00000004     sleep_modes.obj (.data)

.bss       0    20000220    00000004     UNINITIALIZED
                  20000220    00000004     (.common:g_ui32SysClock)

.TI.persistent 
*          0    20000200    00000000     UNINITIALIZED

.TI.noinit 
*          0    20000220    00000000     UNINITIALIZED


LINKER GENERATED COPY TABLES

__TI_cinit_table @ 000013d0 records: 2, size/record: 8, table size: 16
	.data: load addr=000013a8, load size=00000013 bytes, run addr=20000200, run size=00000020 bytes, compression=rle
	.bss: load addr=000013c8, load size=00000008 bytes, run addr=20000220, run size=00000004 bytes, compression=zero_init


LINKER GENERATED HANDLER TABLE

__TI_handler_table @ 000013bc records: 3, size/record: 4, table size: 12
	index: 0, handler: __TI_decompress_rle24
	index: 1, handler: __TI_decompress_none
	index: 2, handler: __TI_zero_init


GLOBAL SYMBOLS: SORTED ALPHABETICALLY BY Name 

address   name                    
-------   ----                    
000008cd  ButtonIntHandler        
00000f01  ButtonsInit             
00001029  C$$EXIT                 
00000e55  ConfigureUART           
00000a55  GPIOPadConfigSet        
00000c25  PowerLEDsSet            
0000119d  ResetISR                
UNDEFED   SHT$$INIT_ARRAY$$Base   
UNDEFED   SHT$$INIT_ARRAY$$Limit  
000004dd  SysCtlClockFreqSet      
00001161  SysCtlDeepSleepPowerSet 
000011a3  SysCtlDelay             
0000116d  SysCtlLDODeepSleepSet   
00001179  SysCtlLDOSleepSet       
00001185  SysCtlSleepPowerSet     
000010ad  Timer0IntHandler        
00000df5  UARTStdioConfig         
00001109  UARTprintf              
000006e1  UARTvprintf             
00000f99  UARTwrite               
20000200  __STACK_END             
00000200  __STACK_SIZE            
20000200  __STACK_TOP             
000013d0  __TI_CINIT_Base         
000013e0  __TI_CINIT_Limit        
000013bc  __TI_Handler_Table_Base 
000013c8  __TI_Handler_Table_Limit
00000d1d  __TI_auto_init          
20000208  __TI_cleanup_ptr        
00001151  __TI_decompress_none    
000011a9  __TI_decompress_rle24   
2000020c  __TI_dtors_ptr          
00000000  __TI_static_base__      
00001191  __TI_zero_init          
00000df3  __aeabi_idiv0           
00000ca1  __aeabi_memclr          
00000ca1  __aeabi_memclr4         
00000ca1  __aeabi_memclr8         
00000b87  __aeabi_memcpy          
00000b87  __aeabi_memcpy4         
00000b87  __aeabi_memcpy8         
00000ca3  __aeabi_memset          
00000ca3  __aeabi_memset4         
00000ca3  __aeabi_memset8         
0000106d  __aeabi_uidiv           
0000106d  __aeabi_uidivmod        
ffffffff  __binit__               
ffffffff  __c_args__              
20000000  __stack                 
00001125  _args_main              
00000eb1  _c_int00                
20000200  _lock                   
0000114b  _nop                    
00001143  _register_lock          
0000113d  _register_unlock        
000011af  _system_pre_init        
20000204  _unlock                 
0000102d  abort                   
ffffffff  binit                   
00000f4d  copy_in                 
00001035  exit                    
00000000  g_pfnVectors            
2000021c  g_ui32SleepMode         
20000220  g_ui32SysClock          
00000201  main                    
20000218  main_func_sp            
00000b87  memcpy                  
00000ca9  memset                  


GLOBAL SYMBOLS: SORTED BY Symbol Address 

address   name                    
-------   ----                    
00000000  __TI_static_base__      
00000000  g_pfnVectors            
00000200  __STACK_SIZE            
00000201  main                    
000004dd  SysCtlClockFreqSet      
000006e1  UARTvprintf             
000008cd  ButtonIntHandler        
00000a55  GPIOPadConfigSet        
00000b87  __aeabi_memcpy          
00000b87  __aeabi_memcpy4         
00000b87  __aeabi_memcpy8         
00000b87  memcpy                  
00000c25  PowerLEDsSet            
00000ca1  __aeabi_memclr          
00000ca1  __aeabi_memclr4         
00000ca1  __aeabi_memclr8         
00000ca3  __aeabi_memset          
00000ca3  __aeabi_memset4         
00000ca3  __aeabi_memset8         
00000ca9  memset                  
00000d1d  __TI_auto_init          
00000df3  __aeabi_idiv0           
00000df5  UARTStdioConfig         
00000e55  ConfigureUART           
00000eb1  _c_int00                
00000f01  ButtonsInit             
00000f4d  copy_in                 
00000f99  UARTwrite               
00001029  C$$EXIT                 
0000102d  abort                   
00001035  exit                    
0000106d  __aeabi_uidiv           
0000106d  __aeabi_uidivmod        
000010ad  Timer0IntHandler        
00001109  UARTprintf              
00001125  _args_main              
0000113d  _register_unlock        
00001143  _register_lock          
0000114b  _nop                    
00001151  __TI_decompress_none    
00001161  SysCtlDeepSleepPowerSet 
0000116d  SysCtlLDODeepSleepSet   
00001179  SysCtlLDOSleepSet       
00001185  SysCtlSleepPowerSet     
00001191  __TI_zero_init          
0000119d  ResetISR                
000011a3  SysCtlDelay             
000011a9  __TI_decompress_rle24   
000011af  _system_pre_init        
000013bc  __TI_Handler_Table_Base 
000013c8  __TI_Handler_Table_Limit
000013d0  __TI_CINIT_Base         
000013e0  __TI_CINIT_Limit        
20000000  __stack                 
20000200  __STACK_END             
20000200  __STACK_TOP             
20000200  _lock                   
20000204  _unlock                 
20000208  __TI_cleanup_ptr        
2000020c  __TI_dtors_ptr          
20000218  main_func_sp            
2000021c  g_ui32SleepMode         
20000220  g_ui32SysClock          
ffffffff  __binit__               
ffffffff  __c_args__              
ffffffff  binit                   
UNDEFED   SHT$$INIT_ARRAY$$Base   
UNDEFED   SHT$$INIT_ARRAY$$Limit  

[68 symbols]
