******************************************************************************
                  TI ARM Linker PC v5.2.5                      
******************************************************************************
>> Linked Fri Jul 22 12:46:24 2016

OUTPUT FILE NAME:   <gpio_jtag.out>
ENTRY POINT SYMBOL: "_c_int00"  address: 00000c65


MEMORY CONFIGURATION

         name            origin    length      used     unused   attr    fill
----------------------  --------  ---------  --------  --------  ----  --------
  FLASH                 00000000   00100000  00001174  000fee8c  R  X
  SRAM                  20000000   00040000  00000124  0003fedc  RW X


SEGMENT ALLOCATION MAP

run origin  load origin   length   init length attrs members
----------  ----------- ---------- ----------- ----- -------
00000000    00000000    00001178   00001178    r-x
  00000000    00000000    00000200   00000200    r-- .intvecs
  00000200    00000200    00000d48   00000d48    r-x .text
  00000f48    00000f48    000001f4   000001f4    r-- .const
  00001140    00001140    00000038   00000038    r-- .cinit
20000000    20000000    00000124   00000000    rw-
  20000000    20000000    00000100   00000000    rw- .stack
  20000100    20000100    0000001c   00000000    rw- .data
  2000011c    2000011c    00000008   00000000    rw- .bss


SECTION ALLOCATION MAP

 output                                  attributes/
section   page    origin      length       input sections
--------  ----  ----------  ----------   ----------------
.intvecs   0    00000000    00000200     
                  00000000    00000200     startup_ccs.obj (.intvecs)

.text      0    00000200    00000d48     
                  00000200    00000204     driverlib.lib : sysctl.obj (.text:SysCtlClockFreqSet)
                  00000404    000001ea     uartstdio.obj (.text:UARTvprintf)
                  000005ee    00000132     driverlib.lib : gpio.obj (.text:GPIOPadConfigSet)
                  00000720    00000118     gpio_jtag.obj (.text:SysTickIntHandler)
                  00000838    000000f4     gpio_jtag.obj (.text:main)
                  0000092c    0000009c     rtsv7M4_T_le_v4SPD16_eabi.lib : memcpy_t2.obj (.text)
                  000009c8    0000008c     buttons.obj (.text:ButtonsPoll)
                  00000a54    0000007a     rtsv7M4_T_le_v4SPD16_eabi.lib : memset_t2.obj (.text)
                  00000ace    00000002     startup_ccs.obj (.text:FaultISR)
                  00000ad0    0000006c     rtsv7M4_T_le_v4SPD16_eabi.lib : autoinit.obj (.text)
                  00000b3c    0000006a                                   : copy_decompress_rle.obj (.text)
                  00000ba6    00000002     startup_ccs.obj (.text:IntDefaultHandler)
                  00000ba8    00000060     uartstdio.obj (.text:UARTStdioConfig)
                  00000c08    0000005c     gpio_jtag.obj (.text:ConfigureUART)
                  00000c64    00000050     rtsv7M4_T_le_v4SPD16_eabi.lib : boot.obj (.text)
                  00000cb4    0000004c     buttons.obj (.text:ButtonsInit)
                  00000d00    0000004c     rtsv7M4_T_le_v4SPD16_eabi.lib : cpy_tbl.obj (.text)
                  00000d4c    00000048     uartstdio.obj (.text:UARTwrite)
                  00000d94    00000048     driverlib.lib : sysctl.obj (.text:_SysCtlFrequencyGet)
                  00000ddc    00000044     rtsv7M4_T_le_v4SPD16_eabi.lib : exit.obj (.text)
                  00000e20    00000040                                   : u_divt2.obj (.text)
                  00000e60    00000020     driverlib.lib : sysctl.obj (.text:_SysCtlMemTimingGet)
                  00000e80    0000001a     uartstdio.obj (.text:UARTprintf)
                  00000e9a    00000002     startup_ccs.obj (.text:NmiSR)
                  00000e9c    00000018     rtsv7M4_T_le_v4SPD16_eabi.lib : args_main.obj (.text)
                  00000eb4    00000014     driverlib.lib : systick.obj (.text:SysTickEnable)
                  00000ec8    00000014                   : systick.obj (.text:SysTickIntEnable)
                  00000edc    00000014     rtsv7M4_T_le_v4SPD16_eabi.lib : _lock.obj (.text)
                  00000ef0    00000010     driverlib.lib : interrupt.obj (.text:IntMasterEnable)
                  00000f00    00000010                   : systick.obj (.text:SysTickPeriodSet)
                  00000f10    0000000e     rtsv7M4_T_le_v4SPD16_eabi.lib : copy_decompress_none.obj (.text:decompress:none)
                  00000f1e    0000000c     driverlib.lib : cpu.obj (.text:CPUcpsie)
                  00000f2a    0000000c     rtsv7M4_T_le_v4SPD16_eabi.lib : copy_zero_init.obj (.text:decompress:ZI)
                  00000f36    00000006     startup_ccs.obj (.text:ResetISR)
                  00000f3c    00000006     rtsv7M4_T_le_v4SPD16_eabi.lib : copy_decompress_rle.obj (.text:decompress:rle24)
                  00000f42    00000004                                   : pre_init.obj (.text)
                  00000f46    00000002                                   : i_div0.obj (.text)

.const     0    00000f48    000001f4     
                  00000f48    00000120     driverlib.lib : sysctl.obj (.const:g_pppui32XTALtoVCO)
                  00001068    0000006c                   : sysctl.obj (.const:g_pui32Xtals)
                  000010d4    00000030                   : sysctl.obj (.const:g_sXTALtoMEMTIM)
                  00001104    0000001c     uartstdio.obj (.const)
                  00001120    00000012     uartstdio.obj (.const:.string)
                  00001132    00000002     --HOLE-- [fill = 0]
                  00001134    00000008     driverlib.lib : sysctl.obj (.const)

.cinit     0    00001140    00000038     
                  00001140    00000013     (.cinit..data.load) [load image, compression = rle]
                  00001153    00000001     --HOLE-- [fill = 0]
                  00001154    0000000c     (__TI_handler_table)
                  00001160    00000008     (.cinit..bss.load) [load image, compression = zero_init]
                  00001168    00000010     (__TI_cinit_table)

.init_array 
*          0    00000000    00000000     UNINITIALIZED

.stack     0    20000000    00000100     UNINITIALIZED
                  20000000    00000100     --HOLE--

.data      0    20000100    0000001c     UNINITIALIZED
                  20000100    00000008     rtsv7M4_T_le_v4SPD16_eabi.lib : _lock.obj (.data)
                  20000108    00000008                                   : exit.obj (.data)
                  20000110    00000005     uartstdio.obj (.data)
                  20000115    00000003     buttons.obj (.data)
                  20000118    00000004     rtsv7M4_T_le_v4SPD16_eabi.lib : stkdepth_vars.obj (.data)

.bss       0    2000011c    00000008     UNINITIALIZED
                  2000011c    00000004     (.common:g_ui32Mode)
                  20000120    00000004     (.common:g_ui32SysClock)

.TI.persistent 
*          0    20000100    00000000     UNINITIALIZED

.TI.noinit 
*          0    2000011c    00000000     UNINITIALIZED


LINKER GENERATED COPY TABLES

__TI_cinit_table @ 00001168 records: 2, size/record: 8, table size: 16
	.data: load addr=00001140, load size=00000013 bytes, run addr=20000100, run size=0000001c bytes, compression=rle
	.bss: load addr=00001160, load size=00000008 bytes, run addr=2000011c, run size=00000008 bytes, compression=zero_init


LINKER GENERATED HANDLER TABLE

__TI_handler_table @ 00001154 records: 3, size/record: 4, table size: 12
	index: 0, handler: __TI_decompress_rle24
	index: 1, handler: __TI_decompress_none
	index: 2, handler: __TI_zero_init


GLOBAL SYMBOLS: SORTED ALPHABETICALLY BY Name 

address   name                    
-------   ----                    
00000cb5  ButtonsInit             
000009c9  ButtonsPoll             
00000ddd  C$$EXIT                 
00000f1f  CPUcpsie                
00000c09  ConfigureUART           
000005ef  GPIOPadConfigSet        
00000ef1  IntMasterEnable         
00000f37  ResetISR                
UNDEFED   SHT$$INIT_ARRAY$$Base   
UNDEFED   SHT$$INIT_ARRAY$$Limit  
00000201  SysCtlClockFreqSet      
00000eb5  SysTickEnable           
00000ec9  SysTickIntEnable        
00000721  SysTickIntHandler       
00000f01  SysTickPeriodSet        
00000ba9  UARTStdioConfig         
00000e81  UARTprintf              
00000405  UARTvprintf             
00000d4d  UARTwrite               
20000100  __STACK_END             
00000100  __STACK_SIZE            
20000100  __STACK_TOP             
00001168  __TI_CINIT_Base         
00001178  __TI_CINIT_Limit        
00001154  __TI_Handler_Table_Base 
00001160  __TI_Handler_Table_Limit
00000ad1  __TI_auto_init          
20000108  __TI_cleanup_ptr        
00000f11  __TI_decompress_none    
00000f3d  __TI_decompress_rle24   
2000010c  __TI_dtors_ptr          
00000000  __TI_static_base__      
00000f2b  __TI_zero_init          
00000f47  __aeabi_idiv0           
00000a55  __aeabi_memclr          
00000a55  __aeabi_memclr4         
00000a55  __aeabi_memclr8         
0000092d  __aeabi_memcpy          
0000092d  __aeabi_memcpy4         
0000092d  __aeabi_memcpy8         
00000a57  __aeabi_memset          
00000a57  __aeabi_memset4         
00000a57  __aeabi_memset8         
00000e21  __aeabi_uidiv           
00000e21  __aeabi_uidivmod        
ffffffff  __binit__               
ffffffff  __c_args__              
20000000  __stack                 
00000e9d  _args_main              
00000c65  _c_int00                
20000100  _lock                   
00000eeb  _nop                    
00000ee3  _register_lock          
00000edd  _register_unlock        
00000f43  _system_pre_init        
20000104  _unlock                 
00000de1  abort                   
ffffffff  binit                   
00000d01  copy_in                 
00000de9  exit                    
00000000  g_pfnVectors            
2000011c  g_ui32Mode              
20000120  g_ui32SysClock          
00000839  main                    
20000118  main_func_sp            
0000092d  memcpy                  
00000a5d  memset                  


GLOBAL SYMBOLS: SORTED BY Symbol Address 

address   name                    
-------   ----                    
00000000  __TI_static_base__      
00000000  g_pfnVectors            
00000100  __STACK_SIZE            
00000201  SysCtlClockFreqSet      
00000405  UARTvprintf             
000005ef  GPIOPadConfigSet        
00000721  SysTickIntHandler       
00000839  main                    
0000092d  __aeabi_memcpy          
0000092d  __aeabi_memcpy4         
0000092d  __aeabi_memcpy8         
0000092d  memcpy                  
000009c9  ButtonsPoll             
00000a55  __aeabi_memclr          
00000a55  __aeabi_memclr4         
00000a55  __aeabi_memclr8         
00000a57  __aeabi_memset          
00000a57  __aeabi_memset4         
00000a57  __aeabi_memset8         
00000a5d  memset                  
00000ad1  __TI_auto_init          
00000ba9  UARTStdioConfig         
00000c09  ConfigureUART           
00000c65  _c_int00                
00000cb5  ButtonsInit             
00000d01  copy_in                 
00000d4d  UARTwrite               
00000ddd  C$$EXIT                 
00000de1  abort                   
00000de9  exit                    
00000e21  __aeabi_uidiv           
00000e21  __aeabi_uidivmod        
00000e81  UARTprintf              
00000e9d  _args_main              
00000eb5  SysTickEnable           
00000ec9  SysTickIntEnable        
00000edd  _register_unlock        
00000ee3  _register_lock          
00000eeb  _nop                    
00000ef1  IntMasterEnable         
00000f01  SysTickPeriodSet        
00000f11  __TI_decompress_none    
00000f1f  CPUcpsie                
00000f2b  __TI_zero_init          
00000f37  ResetISR                
00000f3d  __TI_decompress_rle24   
00000f43  _system_pre_init        
00000f47  __aeabi_idiv0           
00001154  __TI_Handler_Table_Base 
00001160  __TI_Handler_Table_Limit
00001168  __TI_CINIT_Base         
00001178  __TI_CINIT_Limit        
20000000  __stack                 
20000100  __STACK_END             
20000100  __STACK_TOP             
20000100  _lock                   
20000104  _unlock                 
20000108  __TI_cleanup_ptr        
2000010c  __TI_dtors_ptr          
20000118  main_func_sp            
2000011c  g_ui32Mode              
20000120  g_ui32SysClock          
ffffffff  __binit__               
ffffffff  __c_args__              
ffffffff  binit                   
UNDEFED   SHT$$INIT_ARRAY$$Base   
UNDEFED   SHT$$INIT_ARRAY$$Limit  

[67 symbols]
