******************************************************************************
                  TI ARM Linker PC v16.9.0                     
******************************************************************************
>> Linked Sun May 21 10:03:16 2017

OUTPUT FILE NAME:   <gpio_jtag.out>
ENTRY POINT SYMBOL: "_c_int00"  address: 00000c61


MEMORY CONFIGURATION

         name            origin    length      used     unused   attr    fill
----------------------  --------  ---------  --------  --------  ----  --------
  FLASH                 00000000   00100000  000011fc  000fee04  R  X
  SRAM                  20000000   00040000  00000128  0003fed8  RW X


SEGMENT ALLOCATION MAP

run origin  load origin   length   init length attrs members
----------  ----------- ---------- ----------- ----- -------
00000000    00000000    00001200   00001200    r-x
  00000000    00000000    00000200   00000200    r-- .intvecs
  00000200    00000200    00000d58   00000d58    r-x .text
  00000f58    00000f58    0000026c   0000026c    r-- .const
  000011c8    000011c8    00000038   00000038    r-- .cinit
20000000    20000000    00000128   00000000    rw-
  20000000    20000000    00000100   00000000    rw- .stack
  20000100    20000100    00000020   00000000    rw- .data
  20000120    20000120    00000008   00000000    rw- .bss


SECTION ALLOCATION MAP

 output                                  attributes/
section   page    origin      length       input sections
--------  ----  ----------  ----------   ----------------
.intvecs   0    00000000    00000200     
                  00000000    00000200     startup_ccs.obj (.intvecs)

.text      0    00000200    00000d58     
                  00000200    00000200     driverlib.lib : sysctl.obj (.text:SysCtlClockFreqSet)
                  00000400    000001ea     uartstdio.obj (.text:UARTvprintf)
                  000005ea    00000132     driverlib.lib : gpio.obj (.text:GPIOPadConfigSet)
                  0000071c    00000118     gpio_jtag.obj (.text:SysTickIntHandler)
                  00000834    000000f4     gpio_jtag.obj (.text:main)
                  00000928    0000009c     rtsv7M4_T_le_v4SPD16_eabi.lib : memcpy_t2.obj (.text)
                  000009c4    0000008c     buttons.obj (.text:ButtonsPoll)
                  00000a50    0000007a     rtsv7M4_T_le_v4SPD16_eabi.lib : memset_t2.obj (.text)
                  00000aca    00000002     startup_ccs.obj (.text:FaultISR)
                  00000acc    00000070     rtsv7M4_T_le_v4SPD16_eabi.lib : autoinit.obj (.text)
                  00000b3c    00000068                                   : copy_decompress_lzss.obj (.text:decompress:lzss)
                  00000ba4    00000060     uartstdio.obj (.text:UARTStdioConfig)
                  00000c04    0000005c     gpio_jtag.obj (.text:ConfigureUART)
                  00000c60    00000054     rtsv7M4_T_le_v4SPD16_eabi.lib : boot.obj (.text)
                  00000cb4    00000054                                   : exit.obj (.text)
                  00000d08    0000004c     buttons.obj (.text:ButtonsInit)
                  00000d54    0000004c     rtsv7M4_T_le_v4SPD16_eabi.lib : cpy_tbl.obj (.text)
                  00000da0    00000048     uartstdio.obj (.text:UARTwrite)
                  00000de8    00000048     driverlib.lib : sysctl.obj (.text:_SysCtlFrequencyGet)
                  00000e30    00000040     rtsv7M4_T_le_v4SPD16_eabi.lib : u_divt2.obj (.text)
                  00000e70    00000020     driverlib.lib : sysctl.obj (.text:_SysCtlMemTimingGet)
                  00000e90    0000001a     uartstdio.obj (.text:UARTprintf)
                  00000eaa    00000002     startup_ccs.obj (.text:IntDefaultHandler)
                  00000eac    00000018     rtsv7M4_T_le_v4SPD16_eabi.lib : args_main.obj (.text)
                  00000ec4    00000014     driverlib.lib : systick.obj (.text:SysTickEnable)
                  00000ed8    00000014                   : systick.obj (.text:SysTickIntEnable)
                  00000eec    00000014     rtsv7M4_T_le_v4SPD16_eabi.lib : _lock.obj (.text)
                  00000f00    00000010     driverlib.lib : interrupt.obj (.text:IntMasterEnable)
                  00000f10    00000010                   : systick.obj (.text:SysTickPeriodSet)
                  00000f20    0000000e     rtsv7M4_T_le_v4SPD16_eabi.lib : copy_decompress_none.obj (.text:decompress:none)
                  00000f2e    0000000c     driverlib.lib : cpu.obj (.text:CPUcpsie)
                  00000f3a    0000000c     rtsv7M4_T_le_v4SPD16_eabi.lib : copy_zero_init.obj (.text:decompress:ZI)
                  00000f46    00000006     startup_ccs.obj (.text:ResetISR)
                  00000f4c    00000004     rtsv7M4_T_le_v4SPD16_eabi.lib : pre_init.obj (.text)
                  00000f50    00000002     startup_ccs.obj (.text:NmiSR)
                  00000f52    00000002     rtsv7M4_T_le_v4SPD16_eabi.lib : i_div0.obj (.text)
                  00000f54    00000002                                   : mpu_init.obj (.text)
                  00000f56    00000002                                   : startup.obj (.text)

.const     0    00000f58    0000026c     
                  00000f58    000001b0     driverlib.lib : sysctl.obj (.const:g_pppui32XTALtoVCO)
                  00001108    0000006c                   : sysctl.obj (.const:g_pui32Xtals)
                  00001174    00000030                   : sysctl.obj (.const:g_sXTALtoMEMTIM)
                  000011a4    0000000c     uartstdio.obj (.const:g_ui32UARTBase)
                  000011b0    0000000c     uartstdio.obj (.const:g_ui32UARTPeriph)
                  000011bc    00000008     driverlib.lib : sysctl.obj (.const)

.cinit     0    000011c8    00000038     
                  000011c8    00000014     (.cinit..data.load) [load image, compression = lzss]
                  000011dc    0000000c     (__TI_handler_table)
                  000011e8    00000008     (.cinit..bss.load) [load image, compression = zero_init]
                  000011f0    00000010     (__TI_cinit_table)

.init_array 
*          0    00000000    00000000     UNINITIALIZED

.stack     0    20000000    00000100     UNINITIALIZED
                  20000000    00000100     --HOLE--

.data      0    20000100    00000020     UNINITIALIZED
                  20000100    0000000c     rtsv7M4_T_le_v4SPD16_eabi.lib : exit.obj (.data:$O1$$)
                  2000010c    00000008                                   : _lock.obj (.data:$O1$$)
                  20000114    00000005     uartstdio.obj (.data)
                  20000119    00000003     buttons.obj (.data)
                  2000011c    00000004     rtsv7M4_T_le_v4SPD16_eabi.lib : stkdepth_vars.obj (.data)

.bss       0    20000120    00000008     UNINITIALIZED
                  20000120    00000004     (.common:g_ui32Mode)
                  20000124    00000004     (.common:g_ui32SysClock)

MODULE SUMMARY

       Module                     code   ro data   rw data
       ------                     ----   -------   -------
    .\
       gpio_jtag.obj              616    0         8      
       startup_ccs.obj            12     512       0      
    +--+--------------------------+------+---------+---------+
       Total:                     628    512       8      
                                                          
    .\drivers\
       buttons.obj                216    0         3      
    +--+--------------------------+------+---------+---------+
       Total:                     216    0         3      
                                                          
    .\utils\
       uartstdio.obj              684    24        5      
    +--+--------------------------+------+---------+---------+
       Total:                     684    24        5      
                                                          
    C:/ti/TivaWare_C_Series-2.1.4.178/driverlib/ccs/Debug/driverlib.lib
       sysctl.obj                 616    596       0      
       gpio.obj                   306    0         0      
       systick.obj                56     0         0      
       interrupt.obj              16     0         0      
       cpu.obj                    12     0         0      
    +--+--------------------------+------+---------+---------+
       Total:                     1006   596       0      
                                                          
    C:\ti\ccsv7\tools\compiler\ti-cgt-arm_16.9.0.LTS\lib\rtsv7M4_T_le_v4SPD16_eabi.lib
       memcpy_t2.obj              156    0         0      
       memset_t2.obj              122    0         0      
       autoinit.obj               112    0         0      
       copy_decompress_lzss.obj   104    0         0      
       exit.obj                   84     0         12     
       boot.obj                   84     0         0      
       cpy_tbl.obj                76     0         0      
       u_divt2.obj                64     0         0      
       _lock.obj                  20     0         8      
       args_main.obj              24     0         0      
       copy_decompress_none.obj   14     0         0      
       copy_zero_init.obj         12     0         0      
       pre_init.obj               4      0         0      
       stkdepth_vars.obj          0      0         4      
       i_div0.obj                 2      0         0      
       mpu_init.obj               2      0         0      
       startup.obj                2      0         0      
    +--+--------------------------+------+---------+---------+
       Total:                     882    0         24     
                                                          
       Stack:                     0      0         256    
       Linker Generated:          0      56        0      
    +--+--------------------------+------+---------+---------+
       Grand Total:               3416   1188      296    


LINKER GENERATED COPY TABLES

__TI_cinit_table @ 000011f0 records: 2, size/record: 8, table size: 16
	.data: load addr=000011c8, load size=00000014 bytes, run addr=20000100, run size=00000020 bytes, compression=lzss
	.bss: load addr=000011e8, load size=00000008 bytes, run addr=20000120, run size=00000008 bytes, compression=zero_init


LINKER GENERATED HANDLER TABLE

__TI_handler_table @ 000011dc records: 3, size/record: 4, table size: 12
	index: 0, handler: __TI_decompress_lzss
	index: 1, handler: __TI_decompress_none
	index: 2, handler: __TI_zero_init


GLOBAL SYMBOLS: SORTED ALPHABETICALLY BY Name 

address   name                           
-------   ----                           
00000d09  ButtonsInit                    
000009c5  ButtonsPoll                    
00000cb5  C$$EXIT                        
00000f2f  CPUcpsie                       
00000c05  ConfigureUART                  
000005eb  GPIOPadConfigSet               
00000f01  IntMasterEnable                
00000f47  ResetISR                       
UNDEFED   SHT$$INIT_ARRAY$$Base          
UNDEFED   SHT$$INIT_ARRAY$$Limit         
00000201  SysCtlClockFreqSet             
00000ec5  SysTickEnable                  
00000ed9  SysTickIntEnable               
0000071d  SysTickIntHandler              
00000f11  SysTickPeriodSet               
00000ba5  UARTStdioConfig                
00000e91  UARTprintf                     
00000401  UARTvprintf                    
00000da1  UARTwrite                      
20000100  __STACK_END                    
00000100  __STACK_SIZE                   
20000100  __STACK_TOP                    
000011f0  __TI_CINIT_Base                
00001200  __TI_CINIT_Limit               
000011dc  __TI_Handler_Table_Base        
000011e8  __TI_Handler_Table_Limit       
00000acd  __TI_auto_init                 
20000100  __TI_cleanup_ptr               
00000b3d  __TI_decompress_lzss           
00000f21  __TI_decompress_none           
20000104  __TI_dtors_ptr                 
20000108  __TI_enable_exit_profile_output
ffffffff  __TI_pprof_out_hndl            
ffffffff  __TI_prof_data_size            
ffffffff  __TI_prof_data_start           
00000000  __TI_static_base__             
00000f3b  __TI_zero_init                 
00000f53  __aeabi_idiv0                  
00000a51  __aeabi_memclr                 
00000a51  __aeabi_memclr4                
00000a51  __aeabi_memclr8                
00000929  __aeabi_memcpy                 
00000929  __aeabi_memcpy4                
00000929  __aeabi_memcpy8                
00000a53  __aeabi_memset                 
00000a53  __aeabi_memset4                
00000a53  __aeabi_memset8                
00000e31  __aeabi_uidiv                  
00000e31  __aeabi_uidivmod               
ffffffff  __binit__                      
ffffffff  __c_args__                     
00000f55  __mpu_init                     
20000000  __stack                        
00000ead  _args_main                     
00000c61  _c_int00                       
2000010c  _lock                          
00000efb  _nop                           
00000ef3  _register_lock                 
00000eed  _register_unlock               
00000f57  _system_post_cinit             
00000f4d  _system_pre_init               
20000110  _unlock                        
00000cb9  abort                          
ffffffff  binit                          
00000d55  copy_in                        
00000cc1  exit                           
00000000  g_pfnVectors                   
20000120  g_ui32Mode                     
20000124  g_ui32SysClock                 
00000835  main                           
2000011c  main_func_sp                   
00000929  memcpy                         
00000a59  memset                         


GLOBAL SYMBOLS: SORTED BY Symbol Address 

address   name                           
-------   ----                           
00000000  __TI_static_base__             
00000000  g_pfnVectors                   
00000100  __STACK_SIZE                   
00000201  SysCtlClockFreqSet             
00000401  UARTvprintf                    
000005eb  GPIOPadConfigSet               
0000071d  SysTickIntHandler              
00000835  main                           
00000929  __aeabi_memcpy                 
00000929  __aeabi_memcpy4                
00000929  __aeabi_memcpy8                
00000929  memcpy                         
000009c5  ButtonsPoll                    
00000a51  __aeabi_memclr                 
00000a51  __aeabi_memclr4                
00000a51  __aeabi_memclr8                
00000a53  __aeabi_memset                 
00000a53  __aeabi_memset4                
00000a53  __aeabi_memset8                
00000a59  memset                         
00000acd  __TI_auto_init                 
00000b3d  __TI_decompress_lzss           
00000ba5  UARTStdioConfig                
00000c05  ConfigureUART                  
00000c61  _c_int00                       
00000cb5  C$$EXIT                        
00000cb9  abort                          
00000cc1  exit                           
00000d09  ButtonsInit                    
00000d55  copy_in                        
00000da1  UARTwrite                      
00000e31  __aeabi_uidiv                  
00000e31  __aeabi_uidivmod               
00000e91  UARTprintf                     
00000ead  _args_main                     
00000ec5  SysTickEnable                  
00000ed9  SysTickIntEnable               
00000eed  _register_unlock               
00000ef3  _register_lock                 
00000efb  _nop                           
00000f01  IntMasterEnable                
00000f11  SysTickPeriodSet               
00000f21  __TI_decompress_none           
00000f2f  CPUcpsie                       
00000f3b  __TI_zero_init                 
00000f47  ResetISR                       
00000f4d  _system_pre_init               
00000f53  __aeabi_idiv0                  
00000f55  __mpu_init                     
00000f57  _system_post_cinit             
000011dc  __TI_Handler_Table_Base        
000011e8  __TI_Handler_Table_Limit       
000011f0  __TI_CINIT_Base                
00001200  __TI_CINIT_Limit               
20000000  __stack                        
20000100  __STACK_END                    
20000100  __STACK_TOP                    
20000100  __TI_cleanup_ptr               
20000104  __TI_dtors_ptr                 
20000108  __TI_enable_exit_profile_output
2000010c  _lock                          
20000110  _unlock                        
2000011c  main_func_sp                   
20000120  g_ui32Mode                     
20000124  g_ui32SysClock                 
ffffffff  __TI_pprof_out_hndl            
ffffffff  __TI_prof_data_size            
ffffffff  __TI_prof_data_start           
ffffffff  __binit__                      
ffffffff  __c_args__                     
ffffffff  binit                          
UNDEFED   SHT$$INIT_ARRAY$$Base          
UNDEFED   SHT$$INIT_ARRAY$$Limit         

[73 symbols]
