******************************************************************************
                  TI ARM Linker PC v16.9.0                     
******************************************************************************
>> Linked Sun May 21 10:07:01 2017

OUTPUT FILE NAME:   <usb_host_msc.out>
ENTRY POINT SYMBOL: "_c_int00"  address: 000051dd


MEMORY CONFIGURATION

         name            origin    length      used     unused   attr    fill
----------------------  --------  ---------  --------  --------  ----  --------
  FLASH                 00000000   00100000  00007482  000f8b7e  R  X
  SRAM                  20000000   00040000  00001a48  0003e5b8  RW X


SEGMENT ALLOCATION MAP

run origin  load origin   length   init length attrs members
----------  ----------- ---------- ----------- ----- -------
00000000    00000000    00007488   00007488    r-x
  00000000    00000000    00000200   00000200    r-- .intvecs
  00000200    00000200    00006c02   00006c02    r-x .text
  00006e04    00006e04    00000560   00000560    r-- .const
  00007368    00007368    00000120   00000120    r-- .cinit
20000000    20000000    00001a48   00000000    rw-
  20000000    20000000    00001060   00000000    rw- .bss
  20001060    20001060    00000800   00000000    rw- .stack
  20001860    20001860    000001e8   00000000    rw- .data


SECTION ALLOCATION MAP

 output                                  attributes/
section   page    origin      length       input sections
--------  ----  ----------  ----------   ----------------
.intvecs   0    00000000    00000200     
                  00000000    00000200     startup_ccs.obj (.intvecs)

.text      0    00000200    00006c02     
                  00000200    000003f8     usblib.lib : usbhostenum.obj (.text:USBHostIntHandlerInternal)
                  000005f8    00000308     ff.obj (.text:chk_mounted)
                  00000900    00000264     usb_host_msc.obj (.text:ReadLine)
                  00000b64    00000218     pinout.obj (.text:PinoutSet)
                  00000d7c    00000200     driverlib.lib : sysctl.obj (.text:SysCtlClockFreqSet)
                  00000f7c    000001ea     uartstdio.obj (.text:UARTvprintf)
                  00001166    00000002     startup_ccs.obj (.text:FaultISR)
                  00001168    000001dc     usb_host_msc.obj (.text:main)
                  00001344    0000019c     usblib.lib : usbhostenum.obj (.text:USBHCDPipeAllocSize)
                  000014e0    00000190                : usbhostenum.obj (.text:ProcessUSBDeviceStateMachine)
                  00001670    00000178     usb_host_msc.obj (.text:Cmd_ls)
                  000017e8    00000174     usblib.lib : usbhhub.obj (.text:USBHHubMain)
                  0000195c    0000016c                : usbhostenum.obj (.text:USBHCDInitInternal)
                  00001ac8    00000160                : usbdma.obj (.text:USBLibDMAInit)
                  00001c28    0000015e     ff.obj (.text:f_read)
                  00001d86    00000002     startup_ccs.obj (.text:IntDefaultHandler)
                  00001d88    00000150     usblib.lib : usbdenum.obj (.text:USBDEP0StateTxConfig)
                  00001ed8    00000150                : usbdenum.obj (.text:USBDeviceIntHandlerInternal)
                  00002028    00000150                : usbhostenum.obj (.text:USBHCDPipeRead)
                  00002178    00000148                : usbdconfig.obj (.text:USBDeviceConfig)
                  000022c0    00000144     ff.obj (.text:f_open)
                  00002404    00000132     driverlib.lib : gpio.obj (.text:GPIOPadConfigSet)
                  00002536    00000002     startup_ccs.obj (.text:NmiSR)
                  00002538    0000012c     usblib.lib : usbhostenum.obj (.text:USBHCDPipeWrite)
                  00002664    00000123     ff.obj (.text:create_name)
                  00002787    00000001     --HOLE-- [fill = 0]
                  00002788    0000011c     usb_host_msc.obj (.text:Cmd_cd)
                  000028a4    00000110     driverlib.lib : sysctl.obj (.text:SysCtlClockGet)
                  000029b4    00000100     usblib.lib : usbhostenum.obj (.text:USBHCDEnumHandler)
                  00002ab4    000000fc                : usbhmsc.obj (.text:USBHMSCDriveReady)
                  00002bb0    000000f8     ff.obj (.text:dir_next)
                  00002ca8    000000f4     usblib.lib : usbdma.obj (.text:iDMAUSBTransfer)
                  00002d9c    000000f0                : usbhostenum.obj (.text:USBHCDControlTransfer)
                  00002e8c    000000f0                : usbhostenum.obj (.text:USBHCDInit)
                  00002f7c    000000f0                : usbhostenum.obj (.text:USBHCDPipeFree)
                  0000306c    000000e4                : usbdenum.obj (.text:USBDGetDescriptor)
                  00003150    000000e2     ff.obj (.text:put_fat)
                  00003232    00000002     usblib.lib : usbdma.obj (.text:iDMAUSBArbSizeSet)
                  00003234    000000e0     usb_host_msc.obj (.text:Cmd_cat)
                  00003314    000000e0     usblib.lib : usbhostenum.obj (.text:USBHCDMain)
                  000033f4    000000d8                : usbdenum.obj (.text:USBDeviceEnumHandler)
                  000034cc    000000d8                : usbhostenum.obj (.text:USBHCDPipeConfig)
                  000035a4    000000d8     ff.obj (.text:f_getfree)
                  0000367c    000000cc     ff.obj (.text:get_fat)
                  00003748    000000c8     driverlib.lib : usb.obj (.text:USBHostEndpointConfig)
                  00003810    000000c4     usblib.lib : usbdma.obj (.text:uDMAUSBChannelAllocate)
                  000038d4    000000bc                : usbmode.obj (.text:USB0OTGModeIntHandler)
                  00003990    000000bc                : usbdma.obj (.text:uDMAUSBTransfer)
                  00003a4c    000000a4                : usbhmsc.obj (.text:USBHMSCOpen)
                  00003af0    000000a0                : usbhostenum.obj (.text:USBHCDDeviceDisconnected)
                  00003b90    0000009c                : usbhostenum.obj (.text:USBHCDFeatureSet)
                  00003c2c    0000009c     rtsv7M4_T_le_v4SPD16_eabi.lib : memcpy_t2.obj (.text)
                  00003cc8    00000098     usblib.lib : usbdenum.obj (.text:USBDSetInterface)
                  00003d60    00000098     ff.obj (.text:create_chain)
                  00003df8    00000090     usblib.lib : usbdenum.obj (.text:USBDSetConfiguration)
                  00003e88    00000090                : usbhostenum.obj (.text:USBHCDOpenDriver)
                  00003f18    0000008c                : usbhostenum.obj (.text:FIFOAlloc)
                  00003fa4    0000008c                : usbdconfig.obj (.text:USBDeviceConfigAlternate)
                  00004030    0000008c                : usbhostenum.obj (.text:USBHCDClearFeature)
                  000040bc    00000088                : usbhscsi.obj (.text:USBHSCSISendCommand)
                  00004144    00000084                : usbmode.obj (.text:USBOTGMain)
                  000041c8    00000084                : usbdma.obj (.text:iDMAUSBChannelAllocate)
                  0000424c    00000084     driverlib.lib : udma.obj (.text:uDMAChannelTransferSet)
                  000042d0    00000080     usblib.lib : usbdenum.obj (.text:USBDClearFeature)
                  00004350    0000007c     ff.obj (.text:dir_sdi)
                  000043cc    0000007c     ff.obj (.text:get_fileinfo)
                  00004448    0000007a     driverlib.lib : usb.obj (.text:USBDevEndpointConfigSet)
                  000044c2    0000007a     rtsv7M4_T_le_v4SPD16_eabi.lib : memset_t2.obj (.text)
                  0000453c    00000078     usblib.lib : usbdenum.obj (.text:USBDGetStatus)
                  000045b4    00000074                : usbhostenum.obj (.text:USBHCDGetConfigDescriptor)
                  00004628    00000074     ff.obj (.text:check_fs)
                  0000469c    00000070     driverlib.lib : sysctl.obj (.text:SysCtlVCOGet)
                  0000470c    00000070     usblib.lib : usbdenum.obj (.text:USBDEP0StateTx)
                  0000477c    00000070     rtsv7M4_T_le_v4SPD16_eabi.lib : autoinit.obj (.text)
                  000047ec    00000070     usblib.lib : usbdma.obj (.text:uDMAUSBArbSizeSet)
                  0000485c    00000070                : usbdma.obj (.text:uDMAUSBUnitSizeSet)
                  000048cc    0000006c                : usbdenum.obj (.text:USBDSetFeature)
                  00004938    0000006c                : usbmode.obj (.text:USBOTGSetMode)
                  000049a4    00000068     driverlib.lib : interrupt.obj (.text:IntDisable)
                  00004a0c    00000068                   : interrupt.obj (.text:IntEnable)
                  00004a74    00000068     rtsv7M4_T_le_v4SPD16_eabi.lib : copy_decompress_lzss.obj (.text:decompress:lzss)
                  00004adc    00000064     cmdline.obj (.text:CmdLineProcess)
                  00004b40    00000064     driverlib.lib : interrupt.obj (.text:IntIsEnabled)
                  00004ba4    00000064     usblib.lib : usbhostenum.obj (.text:USBHostCheckPipes)
                  00004c08    00000064     ff.obj (.text:follow_path)
                  00004c6c    00000064     usblib.lib : usbdma.obj (.text:uDMAUSBChannelEnable)
                  00004cd0    00000062     ff.obj (.text:remove_chain)
                  00004d32    00000002     usblib.lib : usbdma.obj (.text:iDMAUSBUnitSizeSet)
                  00004d34    00000060     usb_host_msc.obj (.text:Cmd_help)
                  00004d94    00000060     uartstdio.obj (.text:UARTStdioConfig)
                  00004df4    00000060     usblib.lib : usbdenum.obj (.text:USBDReadAndDispatchRequest)
                  00004e54    0000005e     driverlib.lib : usb.obj (.text:USBDevEndpointStatusClear)
                  00004eb2    00000002     rtsv7M4_T_le_v4SPD16_eabi.lib : i_div0.obj (.text)
                  00004eb4    0000005c     usblib.lib : usbhostenum.obj (.text:ConfigDescAlloc)
                  00004f10    0000005c                : usbhostenum.obj (.text:USBHCDGetDeviceDescriptor)
                  00004f6c    0000005c                : usbhscsi.obj (.text:USBHSCSIRead10)
                  00004fc8    0000005c                : usbhscsi.obj (.text:USBHSCSIWrite10)
                  00005024    0000005c     ff.obj (.text:f_opendir)
                  00005080    00000058     usblib.lib : usbhostenum.obj (.text:USBHCDEP0StateTx)
                  000050d8    00000058                : usbhostenum.obj (.text:USBHCDHubDeviceConnected)
                  00005130    00000056     ff.obj (.text:sync_window)
                  00005186    00000056     usblib.lib : usbdma.obj (.text:uDMAUSBChannelRelease)
                  000051dc    00000054     rtsv7M4_T_le_v4SPD16_eabi.lib : boot.obj (.text)
                  00005230    00000054                                   : exit.obj (.text)
                  00005284    00000052     usblib.lib : usbulpi.obj (.text:ULPIConfigSet)
                  000052d6    00000052     ff.obj (.text:dir_read)
                  00005328    00000050     usblib.lib : usbhhub.obj (.text:HubGetPortStatus)
                  00005378    00000050     driverlib.lib : sysctl.obj (.text:SysCtlPeripheralReset)
                  000053c8    00000050     usblib.lib : usbdcdesc.obj (.text:USBDCDConfigDescGet)
                  00005418    00000050                : usbdenum.obj (.text:USBDeviceResumeTickHandler)
                  00005468    0000004c                : usbdconfig.obj (.text:GetEPDescriptorType)
                  000054b4    0000004c                : usbhhub.obj (.text:HubDriverDeviceDisconnect)
                  00005500    0000004c                : usbdenum.obj (.text:USBDStringIndexFromRequest)
                  0000554c    0000004c     driverlib.lib : usb.obj (.text:USBEndpointDMAConfigSet)
                  00005598    0000004c     usblib.lib : usbhostenum.obj (.text:USBHCDPowerConfigSet)
                  000055e4    0000004c                : usbdma.obj (.text:iDMAUSBChannelEnable)
                  00005630    0000004c     rtsv7M4_T_le_v4SPD16_eabi.lib : cpy_tbl.obj (.text)
                  0000567c    0000004a     usblib.lib : usbdcdesc.obj (.text:ConfigAlternateInterfaceGet)
                  000056c6    0000004a     driverlib.lib : usb.obj (.text:USBDevEndpointStallClear)
                  00005710    0000004a     ff.obj (.text:f_readdir)
                  0000575a    0000004a     usblib.lib : usbdma.obj (.text:uDMAUSBChannelDisable)
                  000057a4    00000048     uartstdio.obj (.text:UARTwrite)
                  000057ec    00000048     usblib.lib : usbdenum.obj (.text:USBDeviceEnumResetHandler)
                  00005834    00000048     driverlib.lib : usb.obj (.text:USBFIFOFlush)
                  0000587c    00000048     usblib.lib : usbhostenum.obj (.text:USBHCDSetAddress)
                  000058c4    00000048     driverlib.lib : sysctl.obj (.text:_SysCtlFrequencyGet)
                  0000590c    00000048     ff.obj (.text:dir_find)
                  00005954    00000048     fat_usbmsc.obj (.text:disk_write)
                  0000599c    00000048     driverlib.lib : udma.obj (.text:uDMAChannelAttributeDisable)
                  000059e4    00000046                   : usb.obj (.text:USBEndpointDataGet)
                  00005a2a    00000002     rtsv7M4_T_le_v4SPD16_eabi.lib : mpu_init.obj (.text)
                  00005a2c    00000044     usblib.lib : usbdenum.obj (.text:USBDGetInterface)
                  00005a70    00000044                : usbhhub.obj (.text:USBHHubInit)
                  00005ab4    00000040                : usbhmsc.obj (.text:USBHMSCGetMaxLUN)
                  00005af4    00000040     rtsv7M4_T_le_v4SPD16_eabi.lib : u_divt2.obj (.text)
                  00005b34    0000003e     ff.obj (.text:dir_alloc)
                  00005b72    00000002     rtsv7M4_T_le_v4SPD16_eabi.lib : startup.obj (.text)
                  00005b74    0000003c     usblib.lib : usbhhub.obj (.text:HubDriverReset)
                  00005bb0    0000003c                : usbhscsi.obj (.text:USBHSCSIInquiry)
                  00005bec    0000003c                : usbhscsi.obj (.text:USBHSCSIReadCapacity)
                  00005c28    0000003c                : usbdma.obj (.text:iDMAUSBChannelRelease)
                  00005c64    0000003a     driverlib.lib : usb.obj (.text:USBFIFOConfigSet)
                  00005c9e    0000003a     usblib.lib : usbhscsi.obj (.text:USBHSCSIRequestSense)
                  00005cd8    00000038                : usbtick.obj (.text:InternalUSBStartOfFrameTick)
                  00005d10    00000038                : usbdcdesc.obj (.text:USBDCDConfigGetInterfaceEndpoint)
                  00005d48    00000038                : usbhostenum.obj (.text:USBHCDReset)
                  00005d80    00000038                : usbhscsi.obj (.text:USBHSCSITestUnitReady)
                  00005db8    00000038     driverlib.lib : usb.obj (.text:USBIntStatusControl)
                  00005df0    00000038     ff.obj (.text:dir_register)
                  00005e28    00000036     usblib.lib : usbhhub.obj (.text:HubClearPortFeature)
                  00005e5e    00000036                : usbhhub.obj (.text:HubSetPortFeature)
                  00005e94    00000036     driverlib.lib : usb.obj (.text:USBEndpointDataPut)
                  00005eca    00000036     rtsv7M4_T_le_v4SPD16_eabi.lib : strncpy.obj (.text)
                  00005f00    00000034     usb_host_msc.obj (.text:StringFromFresult)
                  00005f34    00000034     driverlib.lib : sysctl.obj (.text:SysCtlPeripheralEnable)
                  00005f68    00000034                   : usb.obj (.text:USBEndpointDataSend)
                  00005f9c    00000034     usblib.lib : usbhostenum.obj (.text:USBHCDSetConfig)
                  00005fd0    00000034                : usbhmsc.obj (.text:USBHMSCBlockRead)
                  00006004    00000034                : usbhmsc.obj (.text:USBHMSCBlockWrite)
                  00006038    00000034     driverlib.lib : usb.obj (.text:USBHostEndpointStatusClear)
                  0000606c    00000034     usblib.lib : usbmode.obj (.text:USBOTGRemovePower)
                  000060a0    00000034                : usbdma.obj (.text:iDMAUSBChannelStatus)
                  000060d4    00000032                : usbdcdesc.obj (.text:NextConfigDescGet)
                  00006106    00000032     driverlib.lib : usb.obj (.text:USBDevEndpointStall)
                  00006138    00000032     usblib.lib : usbdma.obj (.text:iDMAUSBChannelDisable)
                  0000616a    00000030                : usbdma.obj (.text:DMAUSBIntHandler)
                  0000619a    00000002                : usbdma.obj (.text:uDMAUSBChannelIntDisable)
                  0000619c    00000030                : usbtick.obj (.text:InternalUSBTickInit)
                  000061cc    00000030                : usbdenum.obj (.text:USBDGetConfiguration)
                  000061fc    00000030     usb_host_msc.obj (.text:USBHCDEvents)
                  0000622c    00000030     usblib.lib : usbhmsc.obj (.text:USBHMSCClose)
                  0000625c    00000030     driverlib.lib : usb.obj (.text:USBHostHubAddrSet)
                  0000628c    00000030     fat_usbmsc.obj (.text:disk_initialize)
                  000062bc    00000030     fat_usbmsc.obj (.text:disk_read)
                  000062ec    0000002e     ff.obj (.text:move_window)
                  0000631a    00000002     usblib.lib : usbdma.obj (.text:uDMAUSBChannelIntEnable)
                  0000631c    0000002c                : usbhostenum.obj (.text:ConfigDescFree)
                  00006348    0000002c                : usbhostenum.obj (.text:FIFOFree)
                  00006374    0000002c                : usbhostenum.obj (.text:InternalUSBHCDSendEvent)
                  000063a0    0000002c                : usbdesc.obj (.text:USBDescGet)
                  000063cc    0000002c                : usbdesc.obj (.text:USBDescGetAlternateInterface)
                  000063f8    0000002c     ff.obj (.text:f_mount)
                  00006424    0000002c     usblib.lib : usbdma.obj (.text:uDMAUSBIntStatus)
                  00006450    0000002a     driverlib.lib : gpio.obj (.text:GPIODirModeSet)
                  0000647a    0000002a     usblib.lib : usbdcdesc.obj (.text:USBDCDConfigDescGetNum)
                  000064a4    0000002a                : usbdesc.obj (.text:USBDescGetNum)
                  000064ce    0000002a     driverlib.lib : usb.obj (.text:USBDevEndpointDataAck)
                  000064f8    00000028     usb_host_msc.obj (.text:Cmd_pwd)
                  00006520    00000028     usblib.lib : usbdenum.obj (.text:USBDSetAddress)
                  00006548    00000028     driverlib.lib : usb.obj (.text:USBIntEnableControl)
                  00006570    00000028                   : udma.obj (.text:uDMAChannelModeGet)
                  00006598    00000028     ff.obj (.text:validate)
                  000065c0    00000026     driverlib.lib : usb.obj (.text:USBHostSpeedGet)
                  000065e6    00000002     --HOLE-- [fill = 0]
                  000065e8    00000024     usb_host_msc.obj (.text:GetTickms)
                  0000660c    00000024     driverlib.lib : usb.obj (.text:USBEndpointDMADisable)
                  00006630    00000024                   : usb.obj (.text:USBEndpointDMAEnable)
                  00006654    00000024                   : usb.obj (.text:USBEndpointDataToggleClear)
                  00006678    00000024     usblib.lib : usbmode.obj (.text:USBStackModeSet)
                  0000669c    00000024     driverlib.lib : udma.obj (.text:uDMAChannelControlSet)
                  000066c0    00000022     usblib.lib : usbdma.obj (.text:uDMAUSBChannelStatus)
                  000066e2    00000020                : usbdconfig.obj (.text:GetEndpointFIFOSize)
                  00006702    00000002     --HOLE-- [fill = 0]
                  00006704    00000020                : usbhhub.obj (.text:HubDriverDeviceConnect)
                  00006724    00000020                : usbhhub.obj (.text:HubDriverDeviceReset)
                  00006744    00000020     driverlib.lib : usb.obj (.text:USBHostEndpointDataAck)
                  00006764    00000020                   : sysctl.obj (.text:_SysCtlMemTimingGet)
                  00006784    0000001e     usblib.lib : usbdesc.obj (.text:USBDescGetInterface)
                  000067a2    0000001e     driverlib.lib : usb.obj (.text:USBULPIRegRead)
                  000067c0    0000001e                   : usb.obj (.text:USBULPIRegWrite)
                  000067de    0000001e     ff.obj (.text:ld_clust)
                  000067fc    0000001e     rtsv7M4_T_le_v4SPD16_eabi.lib : strcat.obj (.text)
                  0000681a    00000002     --HOLE-- [fill = 0]
                  0000681c    0000001c     usb_host_msc.obj (.text:MSCCallback)
                  00006838    0000001c     usblib.lib : usbmode.obj (.text:OTGDeviceDisconnect)
                  00006854    0000001c     uartstdio.obj (.text:UARTgetc)
                  00006870    0000001c     usblib.lib : usbdcdesc.obj (.text:USBDCDConfigGetInterface)
                  0000688c    0000001c                : usbdenum.obj (.text:USBDCDStallEP0)
                  000068a8    0000001c     driverlib.lib : usb.obj (.text:USBEndpointDataAvail)
                  000068c4    0000001c     ff.obj (.text:mem_cmp)
                  000068e0    0000001a     uartstdio.obj (.text:UARTprintf)
                  000068fa    0000001a     usblib.lib : usbdcdesc.obj (.text:USBDCDConfigDescGetSize)
                  00006914    0000001a     driverlib.lib : usb.obj (.text:USBEndpointDMAChannel)
                  0000692e    0000001a                   : usb.obj (.text:USBOTGSessionRequest)
                  00006948    00000018     usblib.lib : usbdenum.obj (.text:USBDSetDescriptor)
                  00006960    00000018                : usbdenum.obj (.text:USBDSyncFrame)
                  00006978    00000018                : usbhhub.obj (.text:USBHHubEnumerationComplete)
                  00006990    00000018                : usbhhub.obj (.text:USBHHubEnumerationError)
                  000069a8    00000018     driverlib.lib : usb.obj (.text:USBHostPwrConfig)
                  000069c0    00000018                   : usb.obj (.text:USBHostRequestINClear)
                  000069d8    00000018     ff.obj (.text:clust2sect)
                  000069f0    00000018     rtsv7M4_T_le_v4SPD16_eabi.lib : args_main.obj (.text)
                  00006a08    00000018                                   : strcmp.obj (.text)
                  00006a20    00000018     driverlib.lib : udma.obj (.text:uDMAChannelDisable)
                  00006a38    00000018                   : udma.obj (.text:uDMAChannelEnable)
                  00006a50    00000016     usblib.lib : usbdesc.obj (.text:USBDescGetInterfaceEndpoint)
                  00006a66    00000016     driverlib.lib : usb.obj (.text:USBHostAddrSet)
                  00006a7c    00000016                   : usb.obj (.text:USBIntEnableEndpoint)
                  00006a92    00000016     ff.obj (.text:mem_cpy)
                  00006aa8    00000014     driverlib.lib : sysctl.obj (.text:SysCtlUSBPLLEnable)
                  00006abc    00000014                   : usb.obj (.text:USBDMAChannelConfigSet)
                  00006ad0    00000014     usblib.lib : usbhostenum.obj (.text:USBHCDPowerAutomatic)
                  00006ae4    00000014                : usbhmsc.obj (.text:USBHMSCDriveOpen)
                  00006af8    00000014     driverlib.lib : usb.obj (.text:USBHostReset)
                  00006b0c    00000014                   : usb.obj (.text:USBHostResume)
                  00006b20    00000014     usblib.lib : usbhhub.obj (.text:USBHubPortSpeedSet)
                  00006b34    00000014     driverlib.lib : usb.obj (.text:_USBIndexWrite)
                  00006b48    00000014     ff.obj (.text:mem_set)
                  00006b5c    00000014     rtsv7M4_T_le_v4SPD16_eabi.lib : _lock.obj (.text)
                  00006b70    00000014                                   : strcpy.obj (.text)
                  00006b84    00000014                                   : strlen.obj (.text)
                  00006b98    00000012     driverlib.lib : gpio.obj (.text:GPIOPinTypeEthernetLED)
                  00006baa    00000012     usblib.lib : usbhostenum.obj (.text:SendUnknownConnect)
                  00006bbc    00000012     driverlib.lib : usb.obj (.text:USBDMAChannelDisable)
                  00006bce    00000012                   : usb.obj (.text:USBDMAChannelEnable)
                  00006be0    00000012                   : usb.obj (.text:USBDMAChannelIntDisable)
                  00006bf2    00000012                   : usb.obj (.text:USBDMAChannelIntEnable)
                  00006c04    00000012                   : usb.obj (.text:USBHostLPMConfig)
                  00006c16    00000012                   : usb.obj (.text:USBHostRequestIN)
                  00006c28    00000012     ff.obj (.text:chk_chr)
                  00006c3a    00000002     --HOLE-- [fill = 0]
                  00006c3c    00000010     usb_host_msc.obj (.text:SysTickIntHandler)
                  00006c4c    00000010     driverlib.lib : usb.obj (.text:USBEndpointStatus)
                  00006c5c    00000010     usblib.lib : usbhostenum.obj (.text:USBHCDRegisterDrivers)
                  00006c6c    00000010     driverlib.lib : usb.obj (.text:USBHostPwrDisable)
                  00006c7c    00000010     fat_usbmsc.obj (.text:disk_status)
                  00006c8c    00000010     ff.obj (.text:st_clust)
                  00006c9c    0000000e     usblib.lib : usbdma.obj (.text:DMAUSBIntStatusClear)
                  00006caa    0000000e     driverlib.lib : usb.obj (.text:USBDMAChannelStatus)
                  00006cb8    0000000e                   : usb.obj (.text:USBDevLPMEnable)
                  00006cc6    0000000e                   : usb.obj (.text:USBHostPwrEnable)
                  00006cd4    0000000e                   : usb.obj (.text:USBULPIDisable)
                  00006ce2    0000000e                   : usb.obj (.text:USBULPIEnable)
                  00006cf0    0000000e     rtsv7M4_T_le_v4SPD16_eabi.lib : copy_decompress_none.obj (.text:decompress:none)
                  00006cfe    0000000c     driverlib.lib : usb.obj (.text:USBEndpointPacketCountSet)
                  00006d0a    00000002     --HOLE-- [fill = 0]
                  00006d0c    0000000c     usblib.lib : usbhostenum.obj (.text:USBHCDHubDeviceDisconnected)
                  00006d18    0000000c                : usbhostenum.obj (.text:USBHCDPowerConfigInit)
                  00006d24    0000000c     driverlib.lib : usb.obj (.text:USBLPMIntEnable)
                  00006d30    0000000c     rtsv7M4_T_le_v4SPD16_eabi.lib : copy_zero_init.obj (.text:decompress:ZI)
                  00006d3c    0000000a     driverlib.lib : usb.obj (.text:USBClockEnable)
                  00006d46    0000000a                   : usb.obj (.text:USBControllerVersion)
                  00006d50    0000000a                   : usb.obj (.text:USBDMAChannelAddressSet)
                  00006d5a    0000000a                   : usb.obj (.text:USBDMAChannelCountSet)
                  00006d64    0000000a                   : usb.obj (.text:USBDevDisconnect)
                  00006d6e    0000000a                   : usb.obj (.text:USBHostSuspend)
                  00006d78    0000000a                   : usb.obj (.text:USBIntStatusEndpoint)
                  00006d82    0000000a     usblib.lib : usbdma.obj (.text:USBLibDMAAddrGet)
                  00006d8c    0000000a     driverlib.lib : usb.obj (.text:USBModeGet)
                  00006d96    0000000a                   : usb.obj (.text:USBNumEndpointsGet)
                  00006da0    00000008                   : usb.obj (.text:USBFIFOAddrGet)
                  00006da8    00000008                   : usb.obj (.text:USBHostMode)
                  00006db0    00000008                   : usb.obj (.text:USBHostRequestStatus)
                  00006db8    00000008                   : usb.obj (.text:USBOTGMode)
                  00006dc0    00000008     fat_usbmsc.obj (.text:get_fattime)
                  00006dc8    00000008     usblib.lib : usbdma.obj (.text:iDMAUSBChannelIntDisable)
                  00006dd0    00000008                : usbdma.obj (.text:iDMAUSBChannelIntEnable)
                  00006dd8    00000006     startup_ccs.obj (.text:ResetISR)
                  00006dde    00000006     driverlib.lib : sysctl.obj (.text:SysCtlDelay)
                  00006de4    00000006                   : usb.obj (.text:USBDMAChannelIntStatus)
                  00006dea    00000006                   : usb.obj (.text:USBLPMIntStatus)
                  00006df0    00000006     usblib.lib : usbdma.obj (.text:iDMAUSBIntStatus)
                  00006df6    00000004                : usbdma.obj (.text:DMAUSBStatus)
                  00006dfa    00000004     driverlib.lib : usb.obj (.text:USBDevAddrSet)
                  00006dfe    00000004     rtsv7M4_T_le_v4SPD16_eabi.lib : pre_init.obj (.text)

.const     0    00006e04    00000560     
                  00006e04    00000226     usb_host_msc.obj (.const:.string)
                  0000702a    00000002     --HOLE-- [fill = 0]
                  0000702c    000001b0     driverlib.lib : sysctl.obj (.const:g_pppui32XTALtoVCO)
                  000071dc    00000070                   : interrupt.obj (.const)
                  0000724c    0000006c                   : sysctl.obj (.const:g_pui32Xtals)
                  000072b8    00000034     usblib.lib : usbdenum.obj (.const:g_psUSBDStdRequests)
                  000072ec    00000030     driverlib.lib : sysctl.obj (.const:g_sXTALtoMEMTIM)
                  0000731c    00000010     usb_host_msc.obj (.const:g_sUSBEventDriver)
                  0000732c    00000010     usblib.lib : usbhmsc.obj (.const)
                  0000733c    0000000c     uartstdio.obj (.const:g_ui32UARTBase)
                  00007348    0000000c     uartstdio.obj (.const:g_ui32UARTPeriph)
                  00007354    00000008     driverlib.lib : sysctl.obj (.const)
                  0000735c    00000008     usb_host_msc.obj (.const:g_ppHostClassDrivers)

.cinit     0    00007368    00000120     
                  00007368    000000f5     (.cinit..data.load) [load image, compression = lzss]
                  0000745d    00000003     --HOLE-- [fill = 0]
                  00007460    0000000c     (__TI_handler_table)
                  0000746c    00000004     --HOLE-- [fill = 0]
                  00007470    00000008     (.cinit..bss.load) [load image, compression = zero_init]
                  00007478    00000010     (__TI_cinit_table)

.init_array 
*          0    00000000    00000000     UNINITIALIZED

.bss       0    20000000    00001060     UNINITIALIZED
                  20000000    000006cc     usblib.lib : usbhostenum.obj (.bss:g_sUSBHCD)
                  200006cc    00000234     usb_host_msc.obj (.bss:g_sFatFs)
                  20000900    00000224     usb_host_msc.obj (.bss:g_sFileObject)
                  20000b24    00000110     usblib.lib : usbdma.obj (.bss:g_psUSBDMAInst)
                  20000c34    0000009c                : usbhhub.obj (.bss:g_sRootHub)
                  20000cd0    00000080     (.common:g_pHCDPool)
                  20000d50    00000050     usb_host_msc.obj (.bss:g_cTmpBuf)
                  20000da0    00000050     usblib.lib : usbdenum.obj (.bss:g_psDCDInst)
                  20000df0    00000040     usb_host_msc.obj (.bss:g_cCmdBuf)
                  20000e30    00000040     usblib.lib : usbdenum.obj (.bss:g_pui8DataBufferIn)
                  20000e70    00000024     cmdline.obj (.bss:g_ppcArgv)
                  20000e94    0000001c     usb_host_msc.obj (.bss:g_sDirObject)
                  20000eb0    00000018     usb_host_msc.obj (.bss:g_sFileInfo)
                  20000ec8    00000018     (.common:g_pfnTickHandlers)
                  20000ee0    00000018     (.common:g_pi32USBHActiveDriver)
                  20000ef8    00000018     (.common:g_ppvDriverInstance)
                  20000f10    00000018     (.common:g_pvTickInstance)
                  20000f28    00000008     (.common:g_pui32Alloc)
                  20000f30    00000004     ff.obj (.bss:FatFs)
                  20000f34    00000004     (.common:g_pfnUSBModeCallback)
                  20000f38    00000004     (.common:g_ppsDevInfo)
                  20000f3c    00000004     (.common:g_ui32ChangeFlags)
                  20000f40    00000004     (.common:g_ui32HubChanges)
                  20000f44    00000004     (.common:g_ui32LastTick)
                  20000f48    00000004     (.common:g_ui32PollRate)
                  20000f4c    00000004     (.common:g_ui32SysTickCount)
                  20000f50    00000004     (.common:g_ui32ULPISupport)
                  20000f54    00000004     (.common:g_ui32UnknownClass)
                  20000f58    00000002     ff.obj (.bss)
                  20000f5a    00000001     (.common:g_eOTGModeState)
                  20000f5b    00000001     (.common:g_eState)
                  20000f5c    00000001     (.common:g_eUIState)
                  20000f5d    000000a3     --HOLE--
                  20001000    00000060     (.common:g_sDMAControlTable)

.stack     0    20001060    00000800     UNINITIALIZED
                  20001060    00000800     --HOLE--

.data      0    20001860    000001e8     UNINITIALIZED
                  20001860    000000a0     usb_host_msc.obj (.data:g_sFresultStrings)
                  20001900    0000006c     usb_host_msc.obj (.data:g_psCmdTable)
                  2000196c    00000050     usb_host_msc.obj (.data:g_cCwdBuf)
                  200019bc    0000002c     usblib.lib : usbhostenum.obj (.data)
                  200019e8    0000001c                : usbhmsc.obj (.data)
                  20001a04    0000000c     rtsv7M4_T_le_v4SPD16_eabi.lib : exit.obj (.data:$O1$$)
                  20001a10    0000000c     usblib.lib : usbtick.obj (.data)
                  20001a1c    00000009                : usbmode.obj (.data)
                  20001a25    00000001     fat_usbmsc.obj (.data)
                  20001a26    00000002     --HOLE--
                  20001a28    00000008     rtsv7M4_T_le_v4SPD16_eabi.lib : _lock.obj (.data:$O1$$)
                  20001a30    00000008     usblib.lib : usbdenum.obj (.data)
                  20001a38    00000005     uartstdio.obj (.data)
                  20001a3d    00000003     --HOLE--
                  20001a40    00000004     rtsv7M4_T_le_v4SPD16_eabi.lib : stkdepth_vars.obj (.data)
                  20001a44    00000004     usb_host_msc.obj (.data)

MODULE SUMMARY

       Module                     code    ro data   rw data
       ------                     ----    -------   -------
    .\
       usb_host_msc.obj           2288    574       1898   
       startup_ccs.obj            12      512       0      
    +--+--------------------------+-------+---------+---------+
       Total:                     2300    1086      1898   
                                                           
    .\drivers\
       pinout.obj                 536     0         0      
    +--+--------------------------+-------+---------+---------+
       Total:                     536     0         0      
                                                           
    .\third_party\fatfs\port\
       fat_usbmsc.obj             192     0         1      
    +--+--------------------------+-------+---------+---------+
       Total:                     192     0         1      
                                                           
    .\third_party\fatfs\src\
       ff.obj                     4161    0         6      
    +--+--------------------------+-------+---------+---------+
       Total:                     4161    0         6      
                                                           
    .\utils\
       uartstdio.obj              712     24        5      
       cmdline.obj                100     0         36     
    +--+--------------------------+-------+---------+---------+
       Total:                     812     24        41     
                                                           
    C:/ti/TivaWare_C_Series-2.1.4.178/driverlib/ccs/Debug/driverlib.lib
       usb.obj                    2022    0         0      
       sysctl.obj                 1158    596       0      
       interrupt.obj              308     112       0      
       gpio.obj                   366     0         0      
       udma.obj                   328     0         0      
    +--+--------------------------+-------+---------+---------+
       Total:                     4182    708       0      
                                                           
    C:/ti/TivaWare_C_Series-2.1.4.178/usblib/ccs/Debug/usblib.lib
       usbhostenum.obj            6026    0         1844   
       usbdenum.obj               2436    52        156    
       usbdma.obj                 2018    0         272    
       usbhhub.obj                896     0         164    
       usbhmsc.obj                652     16        28     
       usbdconfig.obj             576     0         0      
       usbmode.obj                544     0         18     
       usbhscsi.obj               554     0         0      
       usbdcdesc.obj              356     0         0      
       usbdesc.obj                182     0         0      
       usbtick.obj                104     0         60     
       usbulpi.obj                82      0         0      
    +--+--------------------------+-------+---------+---------+
       Total:                     14426   68        2542   
                                                           
    C:\ti\ccsv7\tools\compiler\ti-cgt-arm_16.9.0.LTS\lib\rtsv7M4_T_le_v4SPD16_eabi.lib
       memcpy_t2.obj              156     0         0      
       memset_t2.obj              122     0         0      
       autoinit.obj               112     0         0      
       copy_decompress_lzss.obj   104     0         0      
       exit.obj                   84      0         12     
       boot.obj                   84      0         0      
       cpy_tbl.obj                76      0         0      
       u_divt2.obj                64      0         0      
       strncpy.obj                54      0         0      
       strcat.obj                 30      0         0      
       _lock.obj                  20      0         8      
       args_main.obj              24      0         0      
       strcmp.obj                 24      0         0      
       strcpy.obj                 20      0         0      
       strlen.obj                 20      0         0      
       copy_decompress_none.obj   14      0         0      
       copy_zero_init.obj         12      0         0      
       pre_init.obj               4       0         0      
       stkdepth_vars.obj          0       0         4      
       i_div0.obj                 2       0         0      
       mpu_init.obj               2       0         0      
       startup.obj                2       0         0      
    +--+--------------------------+-------+---------+---------+
       Total:                     1030    0         24     
                                                           
       Stack:                     0       0         2048   
       Linker Generated:          0       281       0      
    +--+--------------------------+-------+---------+---------+
       Grand Total:               27639   2167      6560   


LINKER GENERATED COPY TABLES

__TI_cinit_table @ 00007478 records: 2, size/record: 8, table size: 16
	.data: load addr=00007368, load size=000000f5 bytes, run addr=20001860, run size=000001e8 bytes, compression=lzss
	.bss: load addr=00007470, load size=00000008 bytes, run addr=20000000, run size=00001060 bytes, compression=zero_init


LINKER GENERATED HANDLER TABLE

__TI_handler_table @ 00007460 records: 3, size/record: 4, table size: 12
	index: 0, handler: __TI_decompress_lzss
	index: 1, handler: __TI_decompress_none
	index: 2, handler: __TI_zero_init


GLOBAL SYMBOLS: SORTED ALPHABETICALLY BY Name 

address   name                            
-------   ----                            
00005231  C$$EXIT                         
00004add  CmdLineProcess                  
00003235  Cmd_cat                         
00002789  Cmd_cd                          
00004d35  Cmd_help                        
00001671  Cmd_ls                          
000064f9  Cmd_pwd                         
00004eb5  ConfigDescAlloc                 
0000631d  ConfigDescFree                  
00006451  GPIODirModeSet                  
00002405  GPIOPadConfigSet                
00006b99  GPIOPinTypeEthernetLED          
000065e9  GetTickms                       
000049a5  IntDisable                      
00004a0d  IntEnable                       
00004b41  IntIsEnabled                    
00006375  InternalUSBHCDSendEvent         
00005cd9  InternalUSBStartOfFrameTick     
0000619d  InternalUSBTickInit             
0000681d  MSCCallback                     
00006839  OTGDeviceDisconnect             
00000b65  PinoutSet                       
00000901  ReadLine                        
00006dd9  ResetISR                        
UNDEFED   SHT$$INIT_ARRAY$$Base           
UNDEFED   SHT$$INIT_ARRAY$$Limit          
00005f01  StringFromFresult               
00000d7d  SysCtlClockFreqSet              
000028a5  SysCtlClockGet                  
00006ddf  SysCtlDelay                     
00005f35  SysCtlPeripheralEnable          
00005379  SysCtlPeripheralReset           
00006aa9  SysCtlUSBPLLEnable              
0000469d  SysCtlVCOGet                    
00006c3d  SysTickIntHandler               
00004d95  UARTStdioConfig                 
00006855  UARTgetc                        
000068e1  UARTprintf                      
00000f7d  UARTvprintf                     
000057a5  UARTwrite                       
00005285  ULPIConfigSet                   
000038d5  USB0OTGModeIntHandler           
00006d3d  USBClockEnable                  
00006d47  USBControllerVersion            
000053c9  USBDCDConfigDescGet             
0000647b  USBDCDConfigDescGetNum          
000068fb  USBDCDConfigDescGetSize         
00006871  USBDCDConfigGetInterface        
00005d11  USBDCDConfigGetInterfaceEndpoint
0000688d  USBDCDStallEP0                  
00006d51  USBDMAChannelAddressSet         
00006abd  USBDMAChannelConfigSet          
00006d5b  USBDMAChannelCountSet           
00006bbd  USBDMAChannelDisable            
00006bcf  USBDMAChannelEnable             
00006be1  USBDMAChannelIntDisable         
00006bf3  USBDMAChannelIntEnable          
00006de5  USBDMAChannelIntStatus          
00006cab  USBDMAChannelStatus             
000063a1  USBDescGet                      
00006785  USBDescGetInterface             
00006a51  USBDescGetInterfaceEndpoint     
000064a5  USBDescGetNum                   
00006dfb  USBDevAddrSet                   
00006d65  USBDevDisconnect                
00004449  USBDevEndpointConfigSet         
000064cf  USBDevEndpointDataAck           
00006107  USBDevEndpointStall             
000056c7  USBDevEndpointStallClear        
00004e55  USBDevEndpointStatusClear       
00006cb9  USBDevLPMEnable                 
00002179  USBDeviceConfig                 
00003fa5  USBDeviceConfigAlternate        
000033f5  USBDeviceEnumHandler            
000057ed  USBDeviceEnumResetHandler       
00001ed9  USBDeviceIntHandlerInternal     
00005419  USBDeviceResumeTickHandler      
00006915  USBEndpointDMAChannel           
0000554d  USBEndpointDMAConfigSet         
0000660d  USBEndpointDMADisable           
00006631  USBEndpointDMAEnable            
000068a9  USBEndpointDataAvail            
000059e5  USBEndpointDataGet              
00005e95  USBEndpointDataPut              
00005f69  USBEndpointDataSend             
00006655  USBEndpointDataToggleClear      
00006cff  USBEndpointPacketCountSet       
00006c4d  USBEndpointStatus               
00006da1  USBFIFOAddrGet                  
00005c65  USBFIFOConfigSet                
00005835  USBFIFOFlush                    
00002d9d  USBHCDControlTransfer           
000061fd  USBHCDEvents                    
00003b91  USBHCDFeatureSet                
000050d9  USBHCDHubDeviceConnected        
00006d0d  USBHCDHubDeviceDisconnected     
00002e8d  USBHCDInit                      
00003315  USBHCDMain                      
00001345  USBHCDPipeAllocSize             
000034cd  USBHCDPipeConfig                
00002f7d  USBHCDPipeFree                  
00002029  USBHCDPipeRead                  
00002539  USBHCDPipeWrite                 
00006ad1  USBHCDPowerAutomatic            
00006d19  USBHCDPowerConfigInit           
00005599  USBHCDPowerConfigSet            
00006c5d  USBHCDRegisterDrivers           
00005d49  USBHCDReset                     
0000587d  USBHCDSetAddress                
00005f9d  USBHCDSetConfig                 
00006979  USBHHubEnumerationComplete      
00006991  USBHHubEnumerationError         
00005a71  USBHHubInit                     
000017e9  USBHHubMain                     
00005fd1  USBHMSCBlockRead                
00006005  USBHMSCBlockWrite               
00006ae5  USBHMSCDriveOpen                
00002ab5  USBHMSCDriveReady               
00005bb1  USBHSCSIInquiry                 
00004f6d  USBHSCSIRead10                  
00005bed  USBHSCSIReadCapacity            
00005c9f  USBHSCSIRequestSense            
00005d81  USBHSCSITestUnitReady           
00004fc9  USBHSCSIWrite10                 
00006a67  USBHostAddrSet                  
00004ba5  USBHostCheckPipes               
00003749  USBHostEndpointConfig           
00006745  USBHostEndpointDataAck          
00006039  USBHostEndpointStatusClear      
0000625d  USBHostHubAddrSet               
00000201  USBHostIntHandlerInternal       
00006c05  USBHostLPMConfig                
00006da9  USBHostMode                     
000069a9  USBHostPwrConfig                
00006c6d  USBHostPwrDisable               
00006cc7  USBHostPwrEnable                
00006c17  USBHostRequestIN                
000069c1  USBHostRequestINClear           
00006db1  USBHostRequestStatus            
00006af9  USBHostReset                    
00006b0d  USBHostResume                   
000065c1  USBHostSpeedGet                 
00006d6f  USBHostSuspend                  
00006549  USBIntEnableControl             
00006a7d  USBIntEnableEndpoint            
00005db9  USBIntStatusControl             
00006d79  USBIntStatusEndpoint            
00006d25  USBLPMIntEnable                 
00006deb  USBLPMIntStatus                 
00006d83  USBLibDMAAddrGet                
00001ac9  USBLibDMAInit                   
00006d8d  USBModeGet                      
00006d97  USBNumEndpointsGet              
00004145  USBOTGMain                      
00006db9  USBOTGMode                      
0000692f  USBOTGSessionRequest            
00006679  USBStackModeSet                 
00006cd5  USBULPIDisable                  
00006ce3  USBULPIEnable                   
000067a3  USBULPIRegRead                  
000067c1  USBULPIRegWrite                 
20001860  __STACK_END                     
00000800  __STACK_SIZE                    
20001860  __STACK_TOP                     
00007478  __TI_CINIT_Base                 
00007488  __TI_CINIT_Limit                
00007460  __TI_Handler_Table_Base         
0000746c  __TI_Handler_Table_Limit        
0000477d  __TI_auto_init                  
20001a04  __TI_cleanup_ptr                
00004a75  __TI_decompress_lzss            
00006cf1  __TI_decompress_none            
20001a08  __TI_dtors_ptr                  
20001a0c  __TI_enable_exit_profile_output 
ffffffff  __TI_pprof_out_hndl             
ffffffff  __TI_prof_data_size             
ffffffff  __TI_prof_data_start            
00000000  __TI_static_base__              
00006d31  __TI_zero_init                  
00004eb3  __aeabi_idiv0                   
000044c3  __aeabi_memclr                  
000044c3  __aeabi_memclr4                 
000044c3  __aeabi_memclr8                 
00003c2d  __aeabi_memcpy                  
00003c2d  __aeabi_memcpy4                 
00003c2d  __aeabi_memcpy8                 
000044c5  __aeabi_memset                  
000044c5  __aeabi_memset4                 
000044c5  __aeabi_memset8                 
00005af5  __aeabi_uidiv                   
00005af5  __aeabi_uidivmod                
ffffffff  __binit__                       
ffffffff  __c_args__                      
00005a2b  __mpu_init                      
20001060  __stack                         
000069f1  _args_main                      
000051dd  _c_int00                        
20001a28  _lock                           
00006b6b  _nop                            
00006b63  _register_lock                  
00006b5d  _register_unlock                
00005b73  _system_post_cinit              
00006dff  _system_pre_init                
20001a2c  _unlock                         
00005235  abort                           
ffffffff  binit                           
000069d9  clust2sect                      
00005631  copy_in                         
0000628d  disk_initialize                 
000062bd  disk_read                       
00006c7d  disk_status                     
00005955  disk_write                      
0000523d  exit                            
000035a5  f_getfree                       
000063f9  f_mount                         
000022c1  f_open                          
00005025  f_opendir                       
00001c29  f_read                          
00005711  f_readdir                       
20001a10  g_bUSBTimerInitialized          
20000f5a  g_eOTGModeState                 
20000f5b  g_eState                        
20000f5c  g_eUIState                      
20001a1c  g_iUSBMode                      
20000cd0  g_pHCDPool                      
20000ec8  g_pfnTickHandlers               
00000000  g_pfnVectors                    
20000f38  g_ppsDevInfo                    
20001900  g_psCmdTable                    
20000da0  g_psDCDInst                     
20001a44  g_psMSCInstance                 
20000f10  g_pvTickInstance                
20001000  g_sDMAControlTable              
20001860  g_sFresultStrings               
0000731c  g_sUSBEventDriver               
0000732c  g_sUSBHostMSCClassDriver        
20001a14  g_ui32CurrentUSBTick            
20000f44  g_ui32LastTick                  
20000f48  g_ui32PollRate                  
20000f4c  g_ui32SysTickCount              
20001a18  g_ui32USBSOFCount               
20000f54  g_ui32UnknownClass              
20001a20  g_ui32WaitTicks                 
0000367d  get_fat                         
00006dc1  get_fattime                     
00001169  main                            
20001a40  main_func_sp                    
00003c2d  memcpy                          
000044cb  memset                          
00003151  put_fat                         
000067fd  strcat                          
00006a09  strcmp                          
00006b71  strcpy                          
00006b85  strlen                          
00005ecb  strncpy                         
0000599d  uDMAChannelAttributeDisable     
0000669d  uDMAChannelControlSet           
00006a21  uDMAChannelDisable              
00006a39  uDMAChannelEnable               
00006571  uDMAChannelModeGet              
0000424d  uDMAChannelTransferSet          


GLOBAL SYMBOLS: SORTED BY Symbol Address 

address   name                            
-------   ----                            
00000000  __TI_static_base__              
00000000  g_pfnVectors                    
00000201  USBHostIntHandlerInternal       
00000800  __STACK_SIZE                    
00000901  ReadLine                        
00000b65  PinoutSet                       
00000d7d  SysCtlClockFreqSet              
00000f7d  UARTvprintf                     
00001169  main                            
00001345  USBHCDPipeAllocSize             
00001671  Cmd_ls                          
000017e9  USBHHubMain                     
00001ac9  USBLibDMAInit                   
00001c29  f_read                          
00001ed9  USBDeviceIntHandlerInternal     
00002029  USBHCDPipeRead                  
00002179  USBDeviceConfig                 
000022c1  f_open                          
00002405  GPIOPadConfigSet                
00002539  USBHCDPipeWrite                 
00002789  Cmd_cd                          
000028a5  SysCtlClockGet                  
00002ab5  USBHMSCDriveReady               
00002d9d  USBHCDControlTransfer           
00002e8d  USBHCDInit                      
00002f7d  USBHCDPipeFree                  
00003151  put_fat                         
00003235  Cmd_cat                         
00003315  USBHCDMain                      
000033f5  USBDeviceEnumHandler            
000034cd  USBHCDPipeConfig                
000035a5  f_getfree                       
0000367d  get_fat                         
00003749  USBHostEndpointConfig           
000038d5  USB0OTGModeIntHandler           
00003b91  USBHCDFeatureSet                
00003c2d  __aeabi_memcpy                  
00003c2d  __aeabi_memcpy4                 
00003c2d  __aeabi_memcpy8                 
00003c2d  memcpy                          
00003fa5  USBDeviceConfigAlternate        
00004145  USBOTGMain                      
0000424d  uDMAChannelTransferSet          
00004449  USBDevEndpointConfigSet         
000044c3  __aeabi_memclr                  
000044c3  __aeabi_memclr4                 
000044c3  __aeabi_memclr8                 
000044c5  __aeabi_memset                  
000044c5  __aeabi_memset4                 
000044c5  __aeabi_memset8                 
000044cb  memset                          
0000469d  SysCtlVCOGet                    
0000477d  __TI_auto_init                  
000049a5  IntDisable                      
00004a0d  IntEnable                       
00004a75  __TI_decompress_lzss            
00004add  CmdLineProcess                  
00004b41  IntIsEnabled                    
00004ba5  USBHostCheckPipes               
00004d35  Cmd_help                        
00004d95  UARTStdioConfig                 
00004e55  USBDevEndpointStatusClear       
00004eb3  __aeabi_idiv0                   
00004eb5  ConfigDescAlloc                 
00004f6d  USBHSCSIRead10                  
00004fc9  USBHSCSIWrite10                 
00005025  f_opendir                       
000050d9  USBHCDHubDeviceConnected        
000051dd  _c_int00                        
00005231  C$$EXIT                         
00005235  abort                           
0000523d  exit                            
00005285  ULPIConfigSet                   
00005379  SysCtlPeripheralReset           
000053c9  USBDCDConfigDescGet             
00005419  USBDeviceResumeTickHandler      
0000554d  USBEndpointDMAConfigSet         
00005599  USBHCDPowerConfigSet            
00005631  copy_in                         
000056c7  USBDevEndpointStallClear        
00005711  f_readdir                       
000057a5  UARTwrite                       
000057ed  USBDeviceEnumResetHandler       
00005835  USBFIFOFlush                    
0000587d  USBHCDSetAddress                
00005955  disk_write                      
0000599d  uDMAChannelAttributeDisable     
000059e5  USBEndpointDataGet              
00005a2b  __mpu_init                      
00005a71  USBHHubInit                     
00005af5  __aeabi_uidiv                   
00005af5  __aeabi_uidivmod                
00005b73  _system_post_cinit              
00005bb1  USBHSCSIInquiry                 
00005bed  USBHSCSIReadCapacity            
00005c65  USBFIFOConfigSet                
00005c9f  USBHSCSIRequestSense            
00005cd9  InternalUSBStartOfFrameTick     
00005d11  USBDCDConfigGetInterfaceEndpoint
00005d49  USBHCDReset                     
00005d81  USBHSCSITestUnitReady           
00005db9  USBIntStatusControl             
00005e95  USBEndpointDataPut              
00005ecb  strncpy                         
00005f01  StringFromFresult               
00005f35  SysCtlPeripheralEnable          
00005f69  USBEndpointDataSend             
00005f9d  USBHCDSetConfig                 
00005fd1  USBHMSCBlockRead                
00006005  USBHMSCBlockWrite               
00006039  USBHostEndpointStatusClear      
00006107  USBDevEndpointStall             
0000619d  InternalUSBTickInit             
000061fd  USBHCDEvents                    
0000625d  USBHostHubAddrSet               
0000628d  disk_initialize                 
000062bd  disk_read                       
0000631d  ConfigDescFree                  
00006375  InternalUSBHCDSendEvent         
000063a1  USBDescGet                      
000063f9  f_mount                         
00006451  GPIODirModeSet                  
0000647b  USBDCDConfigDescGetNum          
000064a5  USBDescGetNum                   
000064cf  USBDevEndpointDataAck           
000064f9  Cmd_pwd                         
00006549  USBIntEnableControl             
00006571  uDMAChannelModeGet              
000065c1  USBHostSpeedGet                 
000065e9  GetTickms                       
0000660d  USBEndpointDMADisable           
00006631  USBEndpointDMAEnable            
00006655  USBEndpointDataToggleClear      
00006679  USBStackModeSet                 
0000669d  uDMAChannelControlSet           
00006745  USBHostEndpointDataAck          
00006785  USBDescGetInterface             
000067a3  USBULPIRegRead                  
000067c1  USBULPIRegWrite                 
000067fd  strcat                          
0000681d  MSCCallback                     
00006839  OTGDeviceDisconnect             
00006855  UARTgetc                        
00006871  USBDCDConfigGetInterface        
0000688d  USBDCDStallEP0                  
000068a9  USBEndpointDataAvail            
000068e1  UARTprintf                      
000068fb  USBDCDConfigDescGetSize         
00006915  USBEndpointDMAChannel           
0000692f  USBOTGSessionRequest            
00006979  USBHHubEnumerationComplete      
00006991  USBHHubEnumerationError         
000069a9  USBHostPwrConfig                
000069c1  USBHostRequestINClear           
000069d9  clust2sect                      
000069f1  _args_main                      
00006a09  strcmp                          
00006a21  uDMAChannelDisable              
00006a39  uDMAChannelEnable               
00006a51  USBDescGetInterfaceEndpoint     
00006a67  USBHostAddrSet                  
00006a7d  USBIntEnableEndpoint            
00006aa9  SysCtlUSBPLLEnable              
00006abd  USBDMAChannelConfigSet          
00006ad1  USBHCDPowerAutomatic            
00006ae5  USBHMSCDriveOpen                
00006af9  USBHostReset                    
00006b0d  USBHostResume                   
00006b5d  _register_unlock                
00006b63  _register_lock                  
00006b6b  _nop                            
00006b71  strcpy                          
00006b85  strlen                          
00006b99  GPIOPinTypeEthernetLED          
00006bbd  USBDMAChannelDisable            
00006bcf  USBDMAChannelEnable             
00006be1  USBDMAChannelIntDisable         
00006bf3  USBDMAChannelIntEnable          
00006c05  USBHostLPMConfig                
00006c17  USBHostRequestIN                
00006c3d  SysTickIntHandler               
00006c4d  USBEndpointStatus               
00006c5d  USBHCDRegisterDrivers           
00006c6d  USBHostPwrDisable               
00006c7d  disk_status                     
00006cab  USBDMAChannelStatus             
00006cb9  USBDevLPMEnable                 
00006cc7  USBHostPwrEnable                
00006cd5  USBULPIDisable                  
00006ce3  USBULPIEnable                   
00006cf1  __TI_decompress_none            
00006cff  USBEndpointPacketCountSet       
00006d0d  USBHCDHubDeviceDisconnected     
00006d19  USBHCDPowerConfigInit           
00006d25  USBLPMIntEnable                 
00006d31  __TI_zero_init                  
00006d3d  USBClockEnable                  
00006d47  USBControllerVersion            
00006d51  USBDMAChannelAddressSet         
00006d5b  USBDMAChannelCountSet           
00006d65  USBDevDisconnect                
00006d6f  USBHostSuspend                  
00006d79  USBIntStatusEndpoint            
00006d83  USBLibDMAAddrGet                
00006d8d  USBModeGet                      
00006d97  USBNumEndpointsGet              
00006da1  USBFIFOAddrGet                  
00006da9  USBHostMode                     
00006db1  USBHostRequestStatus            
00006db9  USBOTGMode                      
00006dc1  get_fattime                     
00006dd9  ResetISR                        
00006ddf  SysCtlDelay                     
00006de5  USBDMAChannelIntStatus          
00006deb  USBLPMIntStatus                 
00006dfb  USBDevAddrSet                   
00006dff  _system_pre_init                
0000731c  g_sUSBEventDriver               
0000732c  g_sUSBHostMSCClassDriver        
00007460  __TI_Handler_Table_Base         
0000746c  __TI_Handler_Table_Limit        
00007478  __TI_CINIT_Base                 
00007488  __TI_CINIT_Limit                
20000cd0  g_pHCDPool                      
20000da0  g_psDCDInst                     
20000ec8  g_pfnTickHandlers               
20000f10  g_pvTickInstance                
20000f38  g_ppsDevInfo                    
20000f44  g_ui32LastTick                  
20000f48  g_ui32PollRate                  
20000f4c  g_ui32SysTickCount              
20000f54  g_ui32UnknownClass              
20000f5a  g_eOTGModeState                 
20000f5b  g_eState                        
20000f5c  g_eUIState                      
20001000  g_sDMAControlTable              
20001060  __stack                         
20001860  __STACK_END                     
20001860  __STACK_TOP                     
20001860  g_sFresultStrings               
20001900  g_psCmdTable                    
20001a04  __TI_cleanup_ptr                
20001a08  __TI_dtors_ptr                  
20001a0c  __TI_enable_exit_profile_output 
20001a10  g_bUSBTimerInitialized          
20001a14  g_ui32CurrentUSBTick            
20001a18  g_ui32USBSOFCount               
20001a1c  g_iUSBMode                      
20001a20  g_ui32WaitTicks                 
20001a28  _lock                           
20001a2c  _unlock                         
20001a40  main_func_sp                    
20001a44  g_psMSCInstance                 
ffffffff  __TI_pprof_out_hndl             
ffffffff  __TI_prof_data_size             
ffffffff  __TI_prof_data_start            
ffffffff  __binit__                       
ffffffff  __c_args__                      
ffffffff  binit                           
UNDEFED   SHT$$INIT_ARRAY$$Base           
UNDEFED   SHT$$INIT_ARRAY$$Limit          

[261 symbols]
