******************************************************************************
                  TI ARM Linker PC v16.9.0                     
******************************************************************************
>> Linked Sun May 21 10:04:20 2017

OUTPUT FILE NAME:   <sha1_hash.out>
ENTRY POINT SYMBOL: "_c_int00"  address: 00001371


MEMORY CONFIGURATION

         name            origin    length      used     unused   attr    fill
----------------------  --------  ---------  --------  --------  ----  --------
  FLASH                 00000000   00100000  00001d42  000fe2be  R  X
  SRAM                  20000000   00040000  00000c6e  0003f392  RW X


SEGMENT ALLOCATION MAP

run origin  load origin   length   init length attrs members
----------  ----------- ---------- ----------- ----- -------
00000000    00000000    00001d48   00001d48    r-x
  00000000    00000000    00000200   00000200    r-- .intvecs
  00000200    00000200    0000143e   0000143e    r-x .text
  00001640    00001640    0000026c   0000026c    r-- .const
  000018b0    000018b0    00000498   00000498    r-- .cinit
20000000    20000000    00000468   00000000    rw-
  20000000    20000000    00000468   00000000    rw- .data
20000800    20000800    00000808   00000000    rw-
  20000800    20000800    00000406   00000000    rw- .bss
  20000c08    20000c08    00000400   00000000    rw- .stack


SECTION ALLOCATION MAP

 output                                  attributes/
section   page    origin      length       input sections
--------  ----  ----------  ----------   ----------------
.intvecs   0    00000000    00000200     
                  00000000    00000200     startup_ccs.obj (.intvecs)

.text      0    00000200    0000143e     
                  00000200    000002a4     sha1_hash.obj (.text:SHAMD5IntHandler)
                  000004a4    0000024c     sha1_hash.obj (.text:main)
                  000006f0    00000218     pinout.obj (.text:PinoutSet)
                  00000908    00000200     driverlib.lib : sysctl.obj (.text:SysCtlClockFreqSet)
                  00000b08    000001ea     uartstdio.obj (.text:UARTvprintf)
                  00000cf2    00000002     startup_ccs.obj (.text:FaultISR)
                  00000cf4    000001b4     sha1_hash.obj (.text:SHA1HashGenerate)
                  00000ea8    00000132     driverlib.lib : gpio.obj (.text:GPIOPadConfigSet)
                  00000fda    00000002     startup_ccs.obj (.text:IntDefaultHandler)
                  00000fdc    000000d8     sha1_hash.obj (.text:SHAMD5Init)
                  000010b4    0000009c     rtsv7M4_T_le_v4SPD16_eabi.lib : memcpy_t2.obj (.text)
                  00001150    0000007a                                   : memset_t2.obj (.text)
                  000011ca    00000002     startup_ccs.obj (.text:NmiSR)
                  000011cc    00000070     rtsv7M4_T_le_v4SPD16_eabi.lib : autoinit.obj (.text)
                  0000123c    0000006c     pinout.obj (.text:LEDWrite)
                  000012a8    00000068     rtsv7M4_T_le_v4SPD16_eabi.lib : copy_decompress_lzss.obj (.text:decompress:lzss)
                  00001310    00000060     uartstdio.obj (.text:UARTStdioConfig)
                  00001370    00000054     rtsv7M4_T_le_v4SPD16_eabi.lib : boot.obj (.text)
                  000013c4    00000054                                   : exit.obj (.text)
                  00001418    0000004c                                   : cpy_tbl.obj (.text)
                  00001464    00000048     uartstdio.obj (.text:UARTwrite)
                  000014ac    00000048     driverlib.lib : sysctl.obj (.text:_SysCtlFrequencyGet)
                  000014f4    00000040     rtsv7M4_T_le_v4SPD16_eabi.lib : u_divt2.obj (.text)
                  00001534    00000038     sha1_hash.obj (.text:ConfigureUART)
                  0000156c    0000002a     driverlib.lib : gpio.obj (.text:GPIODirModeSet)
                  00001596    00000002     rtsv7M4_T_le_v4SPD16_eabi.lib : i_div0.obj (.text)
                  00001598    00000020     driverlib.lib : sysctl.obj (.text:_SysCtlMemTimingGet)
                  000015b8    0000001a     uartstdio.obj (.text:UARTprintf)
                  000015d2    00000002     rtsv7M4_T_le_v4SPD16_eabi.lib : mpu_init.obj (.text)
                  000015d4    00000018                                   : args_main.obj (.text)
                  000015ec    00000014                                   : _lock.obj (.text)
                  00001600    00000012     driverlib.lib : gpio.obj (.text:GPIOPinTypeEthernetLED)
                  00001612    0000000e     rtsv7M4_T_le_v4SPD16_eabi.lib : copy_decompress_none.obj (.text:decompress:none)
                  00001620    0000000c                                   : copy_zero_init.obj (.text:decompress:ZI)
                  0000162c    00000006     driverlib.lib : gpio.obj (.text:GPIOPinWrite)
                  00001632    00000006     startup_ccs.obj (.text:ResetISR)
                  00001638    00000004     rtsv7M4_T_le_v4SPD16_eabi.lib : pre_init.obj (.text)
                  0000163c    00000002                                   : startup.obj (.text)

.const     0    00001640    0000026c     
                  00001640    000001b0     driverlib.lib : sysctl.obj (.const:g_pppui32XTALtoVCO)
                  000017f0    0000006c                   : sysctl.obj (.const:g_pui32Xtals)
                  0000185c    00000030                   : sysctl.obj (.const:g_sXTALtoMEMTIM)
                  0000188c    0000000c     uartstdio.obj (.const:g_ui32UARTBase)
                  00001898    0000000c     uartstdio.obj (.const:g_ui32UARTPeriph)
                  000018a4    00000008     driverlib.lib : sysctl.obj (.const)

.cinit     0    000018b0    00000498     
                  000018b0    00000470     (.cinit..data.load) [load image]
                  00001d20    0000000c     (__TI_handler_table)
                  00001d2c    00000004     --HOLE-- [fill = 0]
                  00001d30    00000008     (.cinit..bss.load) [load image, compression = zero_init]
                  00001d38    00000010     (__TI_cinit_table)

.init_array 
*          0    00000000    00000000     UNINITIALIZED

.data      0    20000000    00000468     UNINITIALIZED
                  20000000    00000400     sha1_hash.obj (.data:g_pui32RandomData)
                  20000400    00000048     sha1_hash.obj (.data:g_psSHA1TestVectors)
                  20000448    0000000c     rtsv7M4_T_le_v4SPD16_eabi.lib : exit.obj (.data:$O1$$)
                  20000454    00000008                                   : _lock.obj (.data:$O1$$)
                  2000045c    00000005     uartstdio.obj (.data)
                  20000461    00000003     --HOLE--
                  20000464    00000004     rtsv7M4_T_le_v4SPD16_eabi.lib : stkdepth_vars.obj (.data)

.bss       0    20000800    00000406     UNINITIALIZED
                  20000800    00000400     (.common:g_psDMAControlTable)
                  20000c00    00000001     (.common:g_bContextInDMADoneFlag)
                  20000c01    00000001     (.common:g_bContextOutDMADoneFlag)
                  20000c02    00000001     (.common:g_bContextReadyFlag)
                  20000c03    00000001     (.common:g_bDataInDMADoneFlag)
                  20000c04    00000001     (.common:g_bInputReadyFlag)
                  20000c05    00000001     (.common:g_bOutputReadyFlag)

.stack     0    20000c08    00000400     UNINITIALIZED
                  20000c08    00000400     --HOLE--

MODULE SUMMARY

       Module                     code   ro data   rw data
       ------                     ----   -------   -------
    .\
       sha1_hash.obj              1972   0         2126   
       startup_ccs.obj            12     512       0      
    +--+--------------------------+------+---------+---------+
       Total:                     1984   512       2126   
                                                          
    .\drivers\
       pinout.obj                 644    0         0      
    +--+--------------------------+------+---------+---------+
       Total:                     644    0         0      
                                                          
    .\utils\
       uartstdio.obj              684    24        5      
    +--+--------------------------+------+---------+---------+
       Total:                     684    24        5      
                                                          
    C:/ti/TivaWare_C_Series-2.1.4.178/driverlib/ccs/Debug/driverlib.lib
       sysctl.obj                 616    596       0      
       gpio.obj                   372    0         0      
    +--+--------------------------+------+---------+---------+
       Total:                     988    596       0      
                                                          
    C:\ti\ccsv7\tools\compiler\ti-cgt-arm_16.9.0.LTS\lib\rtsv7M4_T_le_v4SPD16_eabi.lib
       memcpy_t2.obj              156    0         0      
       memset_t2.obj              122    0         0      
       autoinit.obj               112    0         0      
       copy_decompress_lzss.obj   104    0         0      
       exit.obj                   84     0         12     
       boot.obj                   84     0         0      
       cpy_tbl.obj                76     0         0      
       u_divt2.obj                64     0         0      
       _lock.obj                  20     0         8      
       args_main.obj              24     0         0      
       copy_decompress_none.obj   14     0         0      
       copy_zero_init.obj         12     0         0      
       pre_init.obj               4      0         0      
       stkdepth_vars.obj          0      0         4      
       i_div0.obj                 2      0         0      
       mpu_init.obj               2      0         0      
       startup.obj                2      0         0      
    +--+--------------------------+------+---------+---------+
       Total:                     882    0         24     
                                                          
       Stack:                     0      0         1024   
       Linker Generated:          0      1172      0      
    +--+--------------------------+------+---------+---------+
       Grand Total:               5182   2304      3179   


LINKER GENERATED COPY TABLES

__TI_cinit_table @ 00001d38 records: 2, size/record: 8, table size: 16
	.data: load addr=000018b0, load size=00000470 bytes, run addr=20000000, run size=00000468 bytes, compression=copy
	.bss: load addr=00001d30, load size=00000008 bytes, run addr=20000800, run size=00000406 bytes, compression=zero_init


LINKER GENERATED HANDLER TABLE

__TI_handler_table @ 00001d20 records: 3, size/record: 4, table size: 12
	index: 0, handler: __TI_decompress_lzss
	index: 1, handler: __TI_decompress_none
	index: 2, handler: __TI_zero_init


GLOBAL SYMBOLS: SORTED ALPHABETICALLY BY Name 

address   name                           
-------   ----                           
000013c5  C$$EXIT                        
00001535  ConfigureUART                  
0000156d  GPIODirModeSet                 
00000ea9  GPIOPadConfigSet               
00001601  GPIOPinTypeEthernetLED         
0000162d  GPIOPinWrite                   
0000123d  LEDWrite                       
000006f1  PinoutSet                      
00001633  ResetISR                       
00000cf5  SHA1HashGenerate               
00000fdd  SHAMD5Init                     
00000201  SHAMD5IntHandler               
UNDEFED   SHT$$INIT_ARRAY$$Base          
UNDEFED   SHT$$INIT_ARRAY$$Limit         
00000909  SysCtlClockFreqSet             
00001311  UARTStdioConfig                
000015b9  UARTprintf                     
00000b09  UARTvprintf                    
00001465  UARTwrite                      
20001008  __STACK_END                    
00000400  __STACK_SIZE                   
20001008  __STACK_TOP                    
00001d38  __TI_CINIT_Base                
00001d48  __TI_CINIT_Limit               
00001d20  __TI_Handler_Table_Base        
00001d2c  __TI_Handler_Table_Limit       
000011cd  __TI_auto_init                 
20000448  __TI_cleanup_ptr               
000012a9  __TI_decompress_lzss           
00001613  __TI_decompress_none           
2000044c  __TI_dtors_ptr                 
20000450  __TI_enable_exit_profile_output
ffffffff  __TI_pprof_out_hndl            
ffffffff  __TI_prof_data_size            
ffffffff  __TI_prof_data_start           
00000000  __TI_static_base__             
00001621  __TI_zero_init                 
00001597  __aeabi_idiv0                  
00001151  __aeabi_memclr                 
00001151  __aeabi_memclr4                
00001151  __aeabi_memclr8                
000010b5  __aeabi_memcpy                 
000010b5  __aeabi_memcpy4                
000010b5  __aeabi_memcpy8                
00001153  __aeabi_memset                 
00001153  __aeabi_memset4                
00001153  __aeabi_memset8                
000014f5  __aeabi_uidiv                  
000014f5  __aeabi_uidivmod               
ffffffff  __binit__                      
ffffffff  __c_args__                     
000015d3  __mpu_init                     
20000c08  __stack                        
000015d5  _args_main                     
00001371  _c_int00                       
20000454  _lock                          
000015fb  _nop                           
000015f3  _register_lock                 
000015ed  _register_unlock               
0000163d  _system_post_cinit             
00001639  _system_pre_init               
20000458  _unlock                        
000013c9  abort                          
ffffffff  binit                          
00001419  copy_in                        
000013d1  exit                           
20000c00  g_bContextInDMADoneFlag        
20000c01  g_bContextOutDMADoneFlag       
20000c02  g_bContextReadyFlag            
20000c03  g_bDataInDMADoneFlag           
20000c04  g_bInputReadyFlag              
20000c05  g_bOutputReadyFlag             
00000000  g_pfnVectors                   
20000800  g_psDMAControlTable            
20000400  g_psSHA1TestVectors            
20000000  g_pui32RandomData              
000004a5  main                           
20000464  main_func_sp                   
000010b5  memcpy                         
00001159  memset                         


GLOBAL SYMBOLS: SORTED BY Symbol Address 

address   name                           
-------   ----                           
00000000  __TI_static_base__             
00000000  g_pfnVectors                   
00000201  SHAMD5IntHandler               
00000400  __STACK_SIZE                   
000004a5  main                           
000006f1  PinoutSet                      
00000909  SysCtlClockFreqSet             
00000b09  UARTvprintf                    
00000cf5  SHA1HashGenerate               
00000ea9  GPIOPadConfigSet               
00000fdd  SHAMD5Init                     
000010b5  __aeabi_memcpy                 
000010b5  __aeabi_memcpy4                
000010b5  __aeabi_memcpy8                
000010b5  memcpy                         
00001151  __aeabi_memclr                 
00001151  __aeabi_memclr4                
00001151  __aeabi_memclr8                
00001153  __aeabi_memset                 
00001153  __aeabi_memset4                
00001153  __aeabi_memset8                
00001159  memset                         
000011cd  __TI_auto_init                 
0000123d  LEDWrite                       
000012a9  __TI_decompress_lzss           
00001311  UARTStdioConfig                
00001371  _c_int00                       
000013c5  C$$EXIT                        
000013c9  abort                          
000013d1  exit                           
00001419  copy_in                        
00001465  UARTwrite                      
000014f5  __aeabi_uidiv                  
000014f5  __aeabi_uidivmod               
00001535  ConfigureUART                  
0000156d  GPIODirModeSet                 
00001597  __aeabi_idiv0                  
000015b9  UARTprintf                     
000015d3  __mpu_init                     
000015d5  _args_main                     
000015ed  _register_unlock               
000015f3  _register_lock                 
000015fb  _nop                           
00001601  GPIOPinTypeEthernetLED         
00001613  __TI_decompress_none           
00001621  __TI_zero_init                 
0000162d  GPIOPinWrite                   
00001633  ResetISR                       
00001639  _system_pre_init               
0000163d  _system_post_cinit             
00001d20  __TI_Handler_Table_Base        
00001d2c  __TI_Handler_Table_Limit       
00001d38  __TI_CINIT_Base                
00001d48  __TI_CINIT_Limit               
20000000  g_pui32RandomData              
20000400  g_psSHA1TestVectors            
20000448  __TI_cleanup_ptr               
2000044c  __TI_dtors_ptr                 
20000450  __TI_enable_exit_profile_output
20000454  _lock                          
20000458  _unlock                        
20000464  main_func_sp                   
20000800  g_psDMAControlTable            
20000c00  g_bContextInDMADoneFlag        
20000c01  g_bContextOutDMADoneFlag       
20000c02  g_bContextReadyFlag            
20000c03  g_bDataInDMADoneFlag           
20000c04  g_bInputReadyFlag              
20000c05  g_bOutputReadyFlag             
20000c08  __stack                        
20001008  __STACK_END                    
20001008  __STACK_TOP                    
ffffffff  __TI_pprof_out_hndl            
ffffffff  __TI_prof_data_size            
ffffffff  __TI_prof_data_start           
ffffffff  __binit__                      
ffffffff  __c_args__                     
ffffffff  binit                          
UNDEFED   SHT$$INIT_ARRAY$$Base          
UNDEFED   SHT$$INIT_ARRAY$$Limit         

[80 symbols]
