******************************************************************************
                  TI ARM Linker PC v5.2.5                      
******************************************************************************
>> Linked Fri Jul 22 12:47:03 2016

OUTPUT FILE NAME:   <sha1_hash.out>
ENTRY POINT SYMBOL: "_c_int00"  address: 00001375


MEMORY CONFIGURATION

         name            origin    length      used     unused   attr    fill
----------------------  --------  ---------  --------  --------  ----  --------
  FLASH                 00000000   00100000  00001ca6  000fe35a  R  X
  SRAM                  20000000   00040000  00000c6a  0003f396  RW X


SEGMENT ALLOCATION MAP

run origin  load origin   length   init length attrs members
----------  ----------- ---------- ----------- ----- -------
00000000    00000000    00001ca8   00001ca8    r-x
  00000000    00000000    00000200   00000200    r-- .intvecs
  00000200    00000200    00001432   00001432    r-x .text
  00001634    00001634    000001f4   000001f4    r-- .const
  00001828    00001828    00000480   00000480    r-- .cinit
20000000    20000000    00000464   00000000    rw-
  20000000    20000000    00000464   00000000    rw- .data
20000800    20000800    00000808   00000000    rw-
  20000800    20000800    00000406   00000000    rw- .bss
  20000c08    20000c08    00000400   00000000    rw- .stack


SECTION ALLOCATION MAP

 output                                  attributes/
section   page    origin      length       input sections
--------  ----  ----------  ----------   ----------------
.intvecs   0    00000000    00000200     
                  00000000    00000200     startup_ccs.obj (.intvecs)

.text      0    00000200    00001432     
                  00000200    000002a4     sha1_hash.obj (.text:SHAMD5IntHandler)
                  000004a4    00000250     sha1_hash.obj (.text:main)
                  000006f4    00000214     pinout.obj (.text:PinoutSet)
                  00000908    00000204     driverlib.lib : sysctl.obj (.text:SysCtlClockFreqSet)
                  00000b0c    000001ea     uartstdio.obj (.text:UARTvprintf)
                  00000cf6    00000002     startup_ccs.obj (.text:FaultISR)
                  00000cf8    000001b4     sha1_hash.obj (.text:SHA1HashGenerate)
                  00000eac    00000132     driverlib.lib : gpio.obj (.text:GPIOPadConfigSet)
                  00000fde    00000002     startup_ccs.obj (.text:IntDefaultHandler)
                  00000fe0    000000d8     sha1_hash.obj (.text:SHAMD5Init)
                  000010b8    0000009c     rtsv7M4_T_le_v4SPD16_eabi.lib : memcpy_t2.obj (.text)
                  00001154    0000007a                                   : memset_t2.obj (.text)
                  000011ce    00000002     startup_ccs.obj (.text:NmiSR)
                  000011d0    0000006c     pinout.obj (.text:LEDWrite)
                  0000123c    0000006c     rtsv7M4_T_le_v4SPD16_eabi.lib : autoinit.obj (.text)
                  000012a8    0000006a                                   : copy_decompress_rle.obj (.text)
                  00001312    00000002                                   : i_div0.obj (.text)
                  00001314    00000060     uartstdio.obj (.text:UARTStdioConfig)
                  00001374    00000050     rtsv7M4_T_le_v4SPD16_eabi.lib : boot.obj (.text)
                  000013c4    0000004c                                   : cpy_tbl.obj (.text)
                  00001410    00000048     uartstdio.obj (.text:UARTwrite)
                  00001458    00000048     driverlib.lib : sysctl.obj (.text:_SysCtlFrequencyGet)
                  000014a0    00000044     rtsv7M4_T_le_v4SPD16_eabi.lib : exit.obj (.text)
                  000014e4    00000040                                   : u_divt2.obj (.text)
                  00001524    00000038     sha1_hash.obj (.text:ConfigureUART)
                  0000155c    0000002a     driverlib.lib : gpio.obj (.text:GPIODirModeSet)
                  00001586    00000002     --HOLE-- [fill = 0]
                  00001588    00000020                   : sysctl.obj (.text:_SysCtlMemTimingGet)
                  000015a8    0000001a     uartstdio.obj (.text:UARTprintf)
                  000015c2    00000002     --HOLE-- [fill = 0]
                  000015c4    00000018     rtsv7M4_T_le_v4SPD16_eabi.lib : args_main.obj (.text)
                  000015dc    00000014                                   : _lock.obj (.text)
                  000015f0    00000012     driverlib.lib : gpio.obj (.text:GPIOPinTypeEthernetLED)
                  00001602    0000000e     rtsv7M4_T_le_v4SPD16_eabi.lib : copy_decompress_none.obj (.text:decompress:none)
                  00001610    0000000c                                   : copy_zero_init.obj (.text:decompress:ZI)
                  0000161c    00000006     driverlib.lib : gpio.obj (.text:GPIOPinWrite)
                  00001622    00000006     startup_ccs.obj (.text:ResetISR)
                  00001628    00000006     rtsv7M4_T_le_v4SPD16_eabi.lib : copy_decompress_rle.obj (.text:decompress:rle24)
                  0000162e    00000004                                   : pre_init.obj (.text)

.const     0    00001634    000001f4     
                  00001634    00000120     driverlib.lib : sysctl.obj (.const:g_pppui32XTALtoVCO)
                  00001754    0000006c                   : sysctl.obj (.const:g_pui32Xtals)
                  000017c0    00000030                   : sysctl.obj (.const:g_sXTALtoMEMTIM)
                  000017f0    0000001c     uartstdio.obj (.const)
                  0000180c    00000012     uartstdio.obj (.const:.string)
                  0000181e    00000002     --HOLE-- [fill = 0]
                  00001820    00000008     driverlib.lib : sysctl.obj (.const)

.cinit     0    00001828    00000480     
                  00001828    00000456     (.cinit..data.load) [load image, compression = rle]
                  00001c7e    00000002     --HOLE-- [fill = 0]
                  00001c80    0000000c     (__TI_handler_table)
                  00001c8c    00000004     --HOLE-- [fill = 0]
                  00001c90    00000008     (.cinit..bss.load) [load image, compression = zero_init]
                  00001c98    00000010     (__TI_cinit_table)

.init_array 
*          0    00000000    00000000     UNINITIALIZED

.data      0    20000000    00000464     UNINITIALIZED
                  20000000    00000400     sha1_hash.obj (.data:g_pui32RandomData)
                  20000400    00000048     sha1_hash.obj (.data:g_psSHA1TestVectors)
                  20000448    00000008     rtsv7M4_T_le_v4SPD16_eabi.lib : _lock.obj (.data)
                  20000450    00000008                                   : exit.obj (.data)
                  20000458    00000005     uartstdio.obj (.data)
                  2000045d    00000003     --HOLE--
                  20000460    00000004     rtsv7M4_T_le_v4SPD16_eabi.lib : stkdepth_vars.obj (.data)

.bss       0    20000800    00000406     UNINITIALIZED
                  20000800    00000400     sha1_hash.obj (.bss:g_psDMAControlTable)
                  20000c00    00000001     (.common:g_bContextInDMADoneFlag)
                  20000c01    00000001     (.common:g_bContextOutDMADoneFlag)
                  20000c02    00000001     (.common:g_bContextReadyFlag)
                  20000c03    00000001     (.common:g_bDataInDMADoneFlag)
                  20000c04    00000001     (.common:g_bInputReadyFlag)
                  20000c05    00000001     (.common:g_bOutputReadyFlag)

.TI.persistent 
*          0    20000000    00000000     UNINITIALIZED

.TI.noinit 
*          0    20000800    00000000     UNINITIALIZED

.stack     0    20000c08    00000400     UNINITIALIZED
                  20000c08    00000400     --HOLE--


LINKER GENERATED COPY TABLES

__TI_cinit_table @ 00001c98 records: 2, size/record: 8, table size: 16
	.data: load addr=00001828, load size=00000456 bytes, run addr=20000000, run size=00000464 bytes, compression=rle
	.bss: load addr=00001c90, load size=00000008 bytes, run addr=20000800, run size=00000406 bytes, compression=zero_init


LINKER GENERATED HANDLER TABLE

__TI_handler_table @ 00001c80 records: 3, size/record: 4, table size: 12
	index: 0, handler: __TI_decompress_rle24
	index: 1, handler: __TI_decompress_none
	index: 2, handler: __TI_zero_init


GLOBAL SYMBOLS: SORTED ALPHABETICALLY BY Name 

address   name                    
-------   ----                    
000014a1  C$$EXIT                 
00001525  ConfigureUART           
0000155d  GPIODirModeSet          
00000ead  GPIOPadConfigSet        
000015f1  GPIOPinTypeEthernetLED  
0000161d  GPIOPinWrite            
000011d1  LEDWrite                
000006f5  PinoutSet               
00001623  ResetISR                
00000cf9  SHA1HashGenerate        
00000fe1  SHAMD5Init              
00000201  SHAMD5IntHandler        
UNDEFED   SHT$$INIT_ARRAY$$Base   
UNDEFED   SHT$$INIT_ARRAY$$Limit  
00000909  SysCtlClockFreqSet      
00001315  UARTStdioConfig         
000015a9  UARTprintf              
00000b0d  UARTvprintf             
00001411  UARTwrite               
20001008  __STACK_END             
00000400  __STACK_SIZE            
20001008  __STACK_TOP             
00001c98  __TI_CINIT_Base         
00001ca8  __TI_CINIT_Limit        
00001c80  __TI_Handler_Table_Base 
00001c8c  __TI_Handler_Table_Limit
0000123d  __TI_auto_init          
20000450  __TI_cleanup_ptr        
00001603  __TI_decompress_none    
00001629  __TI_decompress_rle24   
20000454  __TI_dtors_ptr          
00000000  __TI_static_base__      
00001611  __TI_zero_init          
00001313  __aeabi_idiv0           
00001155  __aeabi_memclr          
00001155  __aeabi_memclr4         
00001155  __aeabi_memclr8         
000010b9  __aeabi_memcpy          
000010b9  __aeabi_memcpy4         
000010b9  __aeabi_memcpy8         
00001157  __aeabi_memset          
00001157  __aeabi_memset4         
00001157  __aeabi_memset8         
000014e5  __aeabi_uidiv           
000014e5  __aeabi_uidivmod        
ffffffff  __binit__               
ffffffff  __c_args__              
20000c08  __stack                 
000015c5  _args_main              
00001375  _c_int00                
20000448  _lock                   
000015eb  _nop                    
000015e3  _register_lock          
000015dd  _register_unlock        
0000162f  _system_pre_init        
2000044c  _unlock                 
000014a5  abort                   
ffffffff  binit                   
000013c5  copy_in                 
000014ad  exit                    
20000c00  g_bContextInDMADoneFlag 
20000c01  g_bContextOutDMADoneFlag
20000c02  g_bContextReadyFlag     
20000c03  g_bDataInDMADoneFlag    
20000c04  g_bInputReadyFlag       
20000c05  g_bOutputReadyFlag      
00000000  g_pfnVectors            
20000800  g_psDMAControlTable     
20000400  g_psSHA1TestVectors     
20000000  g_pui32RandomData       
000004a5  main                    
20000460  main_func_sp            
000010b9  memcpy                  
0000115d  memset                  


GLOBAL SYMBOLS: SORTED BY Symbol Address 

address   name                    
-------   ----                    
00000000  __TI_static_base__      
00000000  g_pfnVectors            
00000201  SHAMD5IntHandler        
00000400  __STACK_SIZE            
000004a5  main                    
000006f5  PinoutSet               
00000909  SysCtlClockFreqSet      
00000b0d  UARTvprintf             
00000cf9  SHA1HashGenerate        
00000ead  GPIOPadConfigSet        
00000fe1  SHAMD5Init              
000010b9  __aeabi_memcpy          
000010b9  __aeabi_memcpy4         
000010b9  __aeabi_memcpy8         
000010b9  memcpy                  
00001155  __aeabi_memclr          
00001155  __aeabi_memclr4         
00001155  __aeabi_memclr8         
00001157  __aeabi_memset          
00001157  __aeabi_memset4         
00001157  __aeabi_memset8         
0000115d  memset                  
000011d1  LEDWrite                
0000123d  __TI_auto_init          
00001313  __aeabi_idiv0           
00001315  UARTStdioConfig         
00001375  _c_int00                
000013c5  copy_in                 
00001411  UARTwrite               
000014a1  C$$EXIT                 
000014a5  abort                   
000014ad  exit                    
000014e5  __aeabi_uidiv           
000014e5  __aeabi_uidivmod        
00001525  ConfigureUART           
0000155d  GPIODirModeSet          
000015a9  UARTprintf              
000015c5  _args_main              
000015dd  _register_unlock        
000015e3  _register_lock          
000015eb  _nop                    
000015f1  GPIOPinTypeEthernetLED  
00001603  __TI_decompress_none    
00001611  __TI_zero_init          
0000161d  GPIOPinWrite            
00001623  ResetISR                
00001629  __TI_decompress_rle24   
0000162f  _system_pre_init        
00001c80  __TI_Handler_Table_Base 
00001c8c  __TI_Handler_Table_Limit
00001c98  __TI_CINIT_Base         
00001ca8  __TI_CINIT_Limit        
20000000  g_pui32RandomData       
20000400  g_psSHA1TestVectors     
20000448  _lock                   
2000044c  _unlock                 
20000450  __TI_cleanup_ptr        
20000454  __TI_dtors_ptr          
20000460  main_func_sp            
20000800  g_psDMAControlTable     
20000c00  g_bContextInDMADoneFlag 
20000c01  g_bContextOutDMADoneFlag
20000c02  g_bContextReadyFlag     
20000c03  g_bDataInDMADoneFlag    
20000c04  g_bInputReadyFlag       
20000c05  g_bOutputReadyFlag      
20000c08  __stack                 
20001008  __STACK_END             
20001008  __STACK_TOP             
ffffffff  __binit__               
ffffffff  __c_args__              
ffffffff  binit                   
UNDEFED   SHT$$INIT_ARRAY$$Base   
UNDEFED   SHT$$INIT_ARRAY$$Limit  

[74 symbols]
