******************************************************************************
                  TI ARM Linker PC v5.2.5                      
******************************************************************************
>> Linked Fri Jul 22 12:46:43 2016

OUTPUT FILE NAME:   <hibernate.out>
ENTRY POINT SYMBOL: "_c_int00"  address: 00001cf1


MEMORY CONFIGURATION

         name            origin    length      used     unused   attr    fill
----------------------  --------  ---------  --------  --------  ----  --------
  FLASH                 00000000   00100000  0000283a  000fd7c6  R  X
  SRAM                  20000000   00040000  00000a29  0003f5d7  RW X


SEGMENT ALLOCATION MAP

run origin  load origin   length   init length attrs members
----------  ----------- ---------- ----------- ----- -------
00000000    00000000    00002840   00002840    r-x
  00000000    00000000    00000200   00000200    r-- .intvecs
  00000200    00000200    0000220a   0000220a    r-x .text
  0000240c    0000240c    00000368   00000368    r-- .const
  00002778    00002778    000000c8   000000c8    r-- .cinit
20000000    20000000    00000a2c   00000000    rw-
  20000000    20000000    00000561   00000000    rw- .bss
  20000564    20000564    00000400   00000000    rw- .stack
  20000964    20000964    000000c8   00000000    rw- .data


SECTION ALLOCATION MAP

 output                                  attributes/
section   page    origin      length       input sections
--------  ----  ----------  ----------   ----------------
.intvecs   0    00000000    00000200     
                  00000000    00000200     startup_ccs.obj (.intvecs)

.text      0    00000200    0000220a     
                  00000200    00000404     hibernate.obj (.text:main)
                  00000604    0000024d     ustdlib.obj (.text:uvsnprintf)
                  00000851    00000001     --HOLE-- [fill = 0]
                  00000852    00000002     startup_ccs.obj (.text:FaultISR)
                  00000854    00000214     pinout.obj (.text:PinoutSet)
                  00000a68    00000204     driverlib.lib : sysctl.obj (.text:SysCtlClockFreqSet)
                  00000c6c    000001ea     uartstdio.obj (.text:UARTvprintf)
                  00000e56    00000002     startup_ccs.obj (.text:IntDefaultHandler)
                  00000e58    00000160     uartstdio.obj (.text:UARTStdioIntHandler)
                  00000fb8    00000132     driverlib.lib : gpio.obj (.text:GPIOPadConfigSet)
                  000010ea    00000002     startup_ccs.obj (.text:NmiSR)
                  000010ec    00000110     driverlib.lib : sysctl.obj (.text:SysCtlClockGet)
                  000011fc    00000100     hibernate.obj (.text:AppHibernateEnter)
                  000012fc    000000c4     driverlib.lib : hibernate.obj (.text:_HibernateCalendarSet)
                  000013c0    000000b0     uartstdio.obj (.text:UARTStdioConfig)
                  00001470    000000a8     uartstdio.obj (.text:UARTwrite)
                  00001518    0000009c     rtsv7M4_T_le_v4SPD16_eabi.lib : memcpy_t2.obj (.text)
                  000015b4    0000009c     ustdlib.obj (.text:ustrtoul)
                  00001650    00000094     hibernate.obj (.text:DateTimeDisplayGet)
                  000016e4    0000008c     buttons.obj (.text:ButtonsPoll)
                  00001770    0000008c     uartstdio.obj (.text:UARTPrimeTransmit)
                  000017fc    00000080     hibernate_commands.obj (.text:CMD_time12)
                  0000187c    0000007a     rtsv7M4_T_le_v4SPD16_eabi.lib : memset_t2.obj (.text)
                  000018f6    00000002                                   : i_div0.obj (.text)
                  000018f8    00000074     hibernate_commands.obj (.text:CMD_date)
                  0000196c    00000070     hibernate.obj (.text:GetCalendarMatchValue)
                  000019dc    0000006c     rtsv7M4_T_le_v4SPD16_eabi.lib : autoinit.obj (.text)
                  00001a48    0000006a                                   : copy_decompress_rle.obj (.text)
                  00001ab2    00000002     --HOLE-- [fill = 0]
                  00001ab4    00000068     hibernate_commands.obj (.text:CMD_help)
                  00001b1c    00000068     driverlib.lib : hibernate.obj (.text:HibernateCalendarGet)
                  00001b84    00000064     cmdline.obj (.text:CmdLineProcess)
                  00001be8    00000064     driverlib.lib : hibernate.obj (.text:HibernateWakeSet)
                  00001c4c    00000054     uartstdio.obj (.text:UARTgets)
                  00001ca0    00000050     hibernate_commands.obj (.text:CMD_time24)
                  00001cf0    00000050     rtsv7M4_T_le_v4SPD16_eabi.lib : boot.obj (.text)
                  00001d40    0000004c     buttons.obj (.text:ButtonsInit)
                  00001d8c    0000004c     hibernate.obj (.text:DateTimeGet)
                  00001dd8    0000004c     hibernate.obj (.text:DateTimeSet)
                  00001e24    0000004c     rtsv7M4_T_le_v4SPD16_eabi.lib : cpy_tbl.obj (.text)
                  00001e70    00000048     driverlib.lib : hibernate.obj (.text:HibernateClockConfig)
                  00001eb8    00000048                   : sysctl.obj (.text:_SysCtlFrequencyGet)
                  00001f00    00000044     uartstdio.obj (.text:UARTPeek)
                  00001f44    00000044     rtsv7M4_T_le_v4SPD16_eabi.lib : exit.obj (.text)
                  00001f88    00000040                                   : u_divt2.obj (.text)
                  00001fc8    0000003c     uartstdio.obj (.text:UARTFlushTx)
                  00002004    00000038     hibernate.obj (.text:DateTimeDefaultSet)
                  0000203c    00000036     ustdlib.obj (.text:ustrncmp)
                  00002072    00000002     --HOLE-- [fill = 0]
                  00002074    00000034     driverlib.lib : sysctl.obj (.text:SysCtlPeripheralEnable)
                  000020a8    0000002c     uartstdio.obj (.text:UARTFlushRx)
                  000020d4    0000002a     driverlib.lib : gpio.obj (.text:GPIODirModeSet)
                  000020fe    0000002a     ustdlib.obj (.text:ustrncpy)
                  00002128    00000028     hibernate_commands.obj (.text:CMD_cls)
                  00002150    00000028     hibernate.obj (.text:GetDaysInMonth)
                  00002178    00000028     driverlib.lib : hibernate.obj (.text:HibernateDataSet)
                  000021a0    00000024                   : hibernate.obj (.text:HibernateDataGet)
                  000021c4    00000020     hibernate.obj (.text:SysTickIntHandler)
                  000021e4    00000020     driverlib.lib : sysctl.obj (.text:_SysCtlMemTimingGet)
                  00002204    0000001a     uartstdio.obj (.text:UARTprintf)
                  0000221e    0000001a     ustdlib.obj (.text:usnprintf)
                  00002238    00000018     driverlib.lib : hibernate.obj (.text:HibernateIntStatus)
                  00002250    00000018     uartstdio.obj (.text:IsBufferFull)
                  00002268    00000018     rtsv7M4_T_le_v4SPD16_eabi.lib : args_main.obj (.text)
                  00002280    00000018                                   : strcmp.obj (.text)
                  00002298    00000014     driverlib.lib : hibernate.obj (.text:HibernateEnableExpClk)
                  000022ac    00000014                   : hibernate.obj (.text:HibernateIntClear)
                  000022c0    00000014                   : hibernate.obj (.text:HibernateRTCEnable)
                  000022d4    00000014                   : hibernate.obj (.text:HibernateRequest)
                  000022e8    00000014                   : systick.obj (.text:SysTickEnable)
                  000022fc    00000014                   : systick.obj (.text:SysTickIntEnable)
                  00002310    00000014     rtsv7M4_T_le_v4SPD16_eabi.lib : _lock.obj (.text)
                  00002324    00000012     driverlib.lib : gpio.obj (.text:GPIOPinTypeEthernetLED)
                  00002336    00000012     uartstdio.obj (.text:GetBufferCount)
                  00002348    00000010     hibernate_commands.obj (.text:CMD_hib)
                  00002358    00000010     driverlib.lib : hibernate.obj (.text:HibernateCalendarSet)
                  00002368    00000010                   : hibernate.obj (.text:HibernateIsActive)
                  00002378    00000010                   : interrupt.obj (.text:IntMasterEnable)
                  00002388    00000010                   : systick.obj (.text:SysTickPeriodSet)
                  00002398    00000010                   : hibernate.obj (.text:_HibernateWriteComplete)
                  000023a8    0000000e     uartstdio.obj (.text:IsBufferEmpty)
                  000023b6    0000000e     rtsv7M4_T_le_v4SPD16_eabi.lib : copy_decompress_none.obj (.text:decompress:none)
                  000023c4    0000000c     driverlib.lib : cpu.obj (.text:CPUcpsie)
                  000023d0    0000000c                   : hibernate.obj (.text:HibernateCalendarMatchSet)
                  000023dc    0000000c                   : hibernate.obj (.text:HibernateCounterMode)
                  000023e8    0000000c     rtsv7M4_T_le_v4SPD16_eabi.lib : copy_zero_init.obj (.text:decompress:ZI)
                  000023f4    00000006     startup_ccs.obj (.text:ResetISR)
                  000023fa    00000006     driverlib.lib : sysctl.obj (.text:SysCtlDelay)
                  00002400    00000006     rtsv7M4_T_le_v4SPD16_eabi.lib : copy_decompress_rle.obj (.text:decompress:rle24)
                  00002406    00000004                                   : pre_init.obj (.text)

.const     0    0000240c    00000368     
                  0000240c    00000120     driverlib.lib : sysctl.obj (.const:g_pppui32XTALtoVCO)
                  0000252c    000000fa     hibernate_commands.obj (.const:.string)
                  00002626    00000002     --HOLE-- [fill = 0]
                  00002628    0000006c     hibernate.obj (.const:.string)
                  00002694    0000006c     driverlib.lib : sysctl.obj (.const:g_pui32Xtals)
                  00002700    00000030                   : sysctl.obj (.const:g_sXTALtoMEMTIM)
                  00002730    00000028     uartstdio.obj (.const)
                  00002758    00000012     uartstdio.obj (.const:.string)
                  0000276a    00000002     --HOLE-- [fill = 0]
                  0000276c    00000008     driverlib.lib : sysctl.obj (.const)

.cinit     0    00002778    000000c8     
                  00002778    000000a3     (.cinit..data.load) [load image, compression = rle]
                  0000281b    00000001     --HOLE-- [fill = 0]
                  0000281c    0000000c     (__TI_handler_table)
                  00002828    00000008     (.cinit..bss.load) [load image, compression = zero_init]
                  00002830    00000010     (__TI_cinit_table)

.init_array 
*          0    00000000    00000000     UNINITIALIZED

.bss       0    20000000    00000561     UNINITIALIZED
                  20000000    00000400     uartstdio.obj (.bss:g_pcUARTTxBuffer)
                  20000400    00000080     uartstdio.obj (.bss:g_pcUARTRxBuffer)
                  20000480    00000028     hibernate.obj (.bss:g_pcDateTimeBuf)
                  200004a8    00000028     hibernate.obj (.bss:g_pcHibBuf)
                  200004d0    00000028     hibernate.obj (.bss:g_pcInputBuf)
                  200004f8    00000028     hibernate.obj (.bss:g_pcWakeBuf)
                  20000520    00000024     cmdline.obj (.bss:g_ppcArgv)
                  20000544    00000004     (.common:g_ui32DayIdx)
                  20000548    00000004     (.common:g_ui32HourIdx)
                  2000054c    00000004     (.common:g_ui32MinIdx)
                  20000550    00000004     (.common:g_ui32MonthIdx)
                  20000554    00000004     (.common:g_ui32PortNum)
                  20000558    00000004     (.common:g_ui32YearIdx)
                  2000055c    00000001     (.common:g_bDisableEcho)
                  2000055d    00000001     (.common:g_bFirstUpdate)
                  2000055e    00000001     (.common:g_bHibernate)
                  2000055f    00000001     (.common:g_bSetDate)
                  20000560    00000001     (.common:g_ui8FirstLine)

.TI.noinit 
*          0    20000000    00000000     UNINITIALIZED

.stack     0    20000564    00000400     UNINITIALIZED
                  20000564    00000400     --HOLE--

.data      0    20000964    000000c8     UNINITIALIZED
                  20000964    00000054     hibernate_commands.obj (.data:g_psCmdTable)
                  200009b8    00000030     hibernate.obj (.data:g_ppcMonth)
                  200009e8    00000018     hibernate.obj (.data)
                  20000a00    00000015     uartstdio.obj (.data)
                  20000a15    00000003     buttons.obj (.data)
                  20000a18    00000008     rtsv7M4_T_le_v4SPD16_eabi.lib : _lock.obj (.data)
                  20000a20    00000008                                   : exit.obj (.data)
                  20000a28    00000004                                   : stkdepth_vars.obj (.data)

.TI.persistent 
*          0    20000964    00000000     UNINITIALIZED


LINKER GENERATED COPY TABLES

__TI_cinit_table @ 00002830 records: 2, size/record: 8, table size: 16
	.data: load addr=00002778, load size=000000a3 bytes, run addr=20000964, run size=000000c8 bytes, compression=rle
	.bss: load addr=00002828, load size=00000008 bytes, run addr=20000000, run size=00000561 bytes, compression=zero_init


LINKER GENERATED HANDLER TABLE

__TI_handler_table @ 0000281c records: 3, size/record: 4, table size: 12
	index: 0, handler: __TI_decompress_rle24
	index: 1, handler: __TI_decompress_none
	index: 2, handler: __TI_zero_init


GLOBAL SYMBOLS: SORTED ALPHABETICALLY BY Name 

address   name                     
-------   ----                     
000011fd  AppHibernateEnter        
00001d41  ButtonsInit              
000016e5  ButtonsPoll              
00001f45  C$$EXIT                  
00002129  CMD_cls                  
000018f9  CMD_date                 
00001ab5  CMD_help                 
00002349  CMD_hib                  
000017fd  CMD_time12               
00001ca1  CMD_time24               
000023c5  CPUcpsie                 
00001b85  CmdLineProcess           
00002005  DateTimeDefaultSet       
00001651  DateTimeDisplayGet       
00001d8d  DateTimeGet              
00001dd9  DateTimeSet              
000020d5  GPIODirModeSet           
00000fb9  GPIOPadConfigSet         
00002325  GPIOPinTypeEthernetLED   
0000196d  GetCalendarMatchValue    
00002151  GetDaysInMonth           
00001b1d  HibernateCalendarGet     
000023d1  HibernateCalendarMatchSet
00002359  HibernateCalendarSet     
00001e71  HibernateClockConfig     
000023dd  HibernateCounterMode     
000021a1  HibernateDataGet         
00002179  HibernateDataSet         
00002299  HibernateEnableExpClk    
000022ad  HibernateIntClear        
00002239  HibernateIntStatus       
00002369  HibernateIsActive        
000022c1  HibernateRTCEnable       
000022d5  HibernateRequest         
00001be9  HibernateWakeSet         
00002379  IntMasterEnable          
00000855  PinoutSet                
000023f5  ResetISR                 
UNDEFED   SHT$$INIT_ARRAY$$Base    
UNDEFED   SHT$$INIT_ARRAY$$Limit   
00000a69  SysCtlClockFreqSet       
000010ed  SysCtlClockGet           
000023fb  SysCtlDelay              
00002075  SysCtlPeripheralEnable   
000022e9  SysTickEnable            
000022fd  SysTickIntEnable         
000021c5  SysTickIntHandler        
00002389  SysTickPeriodSet         
000020a9  UARTFlushRx              
00001fc9  UARTFlushTx              
00001f01  UARTPeek                 
000013c1  UARTStdioConfig          
00000e59  UARTStdioIntHandler      
00001c4d  UARTgets                 
00002205  UARTprintf               
00000c6d  UARTvprintf              
00001471  UARTwrite                
20000964  __STACK_END              
00000400  __STACK_SIZE             
20000964  __STACK_TOP              
00002830  __TI_CINIT_Base          
00002840  __TI_CINIT_Limit         
0000281c  __TI_Handler_Table_Base  
00002828  __TI_Handler_Table_Limit 
000019dd  __TI_auto_init           
20000a20  __TI_cleanup_ptr         
000023b7  __TI_decompress_none     
00002401  __TI_decompress_rle24    
20000a24  __TI_dtors_ptr           
00000000  __TI_static_base__       
000023e9  __TI_zero_init           
000018f7  __aeabi_idiv0            
0000187d  __aeabi_memclr           
0000187d  __aeabi_memclr4          
0000187d  __aeabi_memclr8          
00001519  __aeabi_memcpy           
00001519  __aeabi_memcpy4          
00001519  __aeabi_memcpy8          
0000187f  __aeabi_memset           
0000187f  __aeabi_memset4          
0000187f  __aeabi_memset8          
00001f89  __aeabi_uidiv            
00001f89  __aeabi_uidivmod         
ffffffff  __binit__                
ffffffff  __c_args__               
20000564  __stack                  
00002269  _args_main               
00001cf1  _c_int00                 
20000a18  _lock                    
0000231f  _nop                     
00002317  _register_lock           
00002311  _register_unlock         
00002407  _system_pre_init         
20000a1c  _unlock                  
00001f49  abort                    
ffffffff  binit                    
00001e25  copy_in                  
00001f51  exit                     
2000055d  g_bFirstUpdate           
2000055e  g_bHibernate             
2000055f  g_bSetDate               
20000480  g_pcDateTimeBuf          
200004a8  g_pcHibBuf               
200004d0  g_pcInputBuf             
200004f8  g_pcWakeBuf              
00000000  g_pfnVectors             
20000964  g_psCmdTable             
20000544  g_ui32DayIdx             
20000548  g_ui32HourIdx            
2000054c  g_ui32MinIdx             
20000550  g_ui32MonthIdx           
20000558  g_ui32YearIdx            
20000560  g_ui8FirstLine           
00000201  main                     
20000a28  main_func_sp             
00001519  memcpy                   
00001885  memset                   
00002281  strcmp                   
0000221f  usnprintf                
0000203d  ustrncmp                 
000020ff  ustrncpy                 
000015b5  ustrtoul                 
00000605  uvsnprintf               


GLOBAL SYMBOLS: SORTED BY Symbol Address 

address   name                     
-------   ----                     
00000000  __TI_static_base__       
00000000  g_pfnVectors             
00000201  main                     
00000400  __STACK_SIZE             
00000605  uvsnprintf               
00000855  PinoutSet                
00000a69  SysCtlClockFreqSet       
00000c6d  UARTvprintf              
00000e59  UARTStdioIntHandler      
00000fb9  GPIOPadConfigSet         
000010ed  SysCtlClockGet           
000011fd  AppHibernateEnter        
000013c1  UARTStdioConfig          
00001471  UARTwrite                
00001519  __aeabi_memcpy           
00001519  __aeabi_memcpy4          
00001519  __aeabi_memcpy8          
00001519  memcpy                   
000015b5  ustrtoul                 
00001651  DateTimeDisplayGet       
000016e5  ButtonsPoll              
000017fd  CMD_time12               
0000187d  __aeabi_memclr           
0000187d  __aeabi_memclr4          
0000187d  __aeabi_memclr8          
0000187f  __aeabi_memset           
0000187f  __aeabi_memset4          
0000187f  __aeabi_memset8          
00001885  memset                   
000018f7  __aeabi_idiv0            
000018f9  CMD_date                 
0000196d  GetCalendarMatchValue    
000019dd  __TI_auto_init           
00001ab5  CMD_help                 
00001b1d  HibernateCalendarGet     
00001b85  CmdLineProcess           
00001be9  HibernateWakeSet         
00001c4d  UARTgets                 
00001ca1  CMD_time24               
00001cf1  _c_int00                 
00001d41  ButtonsInit              
00001d8d  DateTimeGet              
00001dd9  DateTimeSet              
00001e25  copy_in                  
00001e71  HibernateClockConfig     
00001f01  UARTPeek                 
00001f45  C$$EXIT                  
00001f49  abort                    
00001f51  exit                     
00001f89  __aeabi_uidiv            
00001f89  __aeabi_uidivmod         
00001fc9  UARTFlushTx              
00002005  DateTimeDefaultSet       
0000203d  ustrncmp                 
00002075  SysCtlPeripheralEnable   
000020a9  UARTFlushRx              
000020d5  GPIODirModeSet           
000020ff  ustrncpy                 
00002129  CMD_cls                  
00002151  GetDaysInMonth           
00002179  HibernateDataSet         
000021a1  HibernateDataGet         
000021c5  SysTickIntHandler        
00002205  UARTprintf               
0000221f  usnprintf                
00002239  HibernateIntStatus       
00002269  _args_main               
00002281  strcmp                   
00002299  HibernateEnableExpClk    
000022ad  HibernateIntClear        
000022c1  HibernateRTCEnable       
000022d5  HibernateRequest         
000022e9  SysTickEnable            
000022fd  SysTickIntEnable         
00002311  _register_unlock         
00002317  _register_lock           
0000231f  _nop                     
00002325  GPIOPinTypeEthernetLED   
00002349  CMD_hib                  
00002359  HibernateCalendarSet     
00002369  HibernateIsActive        
00002379  IntMasterEnable          
00002389  SysTickPeriodSet         
000023b7  __TI_decompress_none     
000023c5  CPUcpsie                 
000023d1  HibernateCalendarMatchSet
000023dd  HibernateCounterMode     
000023e9  __TI_zero_init           
000023f5  ResetISR                 
000023fb  SysCtlDelay              
00002401  __TI_decompress_rle24    
00002407  _system_pre_init         
0000281c  __TI_Handler_Table_Base  
00002828  __TI_Handler_Table_Limit 
00002830  __TI_CINIT_Base          
00002840  __TI_CINIT_Limit         
20000480  g_pcDateTimeBuf          
200004a8  g_pcHibBuf               
200004d0  g_pcInputBuf             
200004f8  g_pcWakeBuf              
20000544  g_ui32DayIdx             
20000548  g_ui32HourIdx            
2000054c  g_ui32MinIdx             
20000550  g_ui32MonthIdx           
20000558  g_ui32YearIdx            
2000055d  g_bFirstUpdate           
2000055e  g_bHibernate             
2000055f  g_bSetDate               
20000560  g_ui8FirstLine           
20000564  __stack                  
20000964  __STACK_END              
20000964  __STACK_TOP              
20000964  g_psCmdTable             
20000a18  _lock                    
20000a1c  _unlock                  
20000a20  __TI_cleanup_ptr         
20000a24  __TI_dtors_ptr           
20000a28  main_func_sp             
ffffffff  __binit__                
ffffffff  __c_args__               
ffffffff  binit                    
UNDEFED   SHT$$INIT_ARRAY$$Base    
UNDEFED   SHT$$INIT_ARRAY$$Limit   

[123 symbols]
