******************************************************************************
                  TI ARM Linker PC v16.9.0                     
******************************************************************************
>> Linked Sun May 21 10:03:43 2017

OUTPUT FILE NAME:   <hibernate.out>
ENTRY POINT SYMBOL: "_c_int00"  address: 00001ca1


MEMORY CONFIGURATION

         name            origin    length      used     unused   attr    fill
----------------------  --------  ---------  --------  --------  ----  --------
  FLASH                 00000000   00100000  000028ba  000fd746  R  X
  SRAM                  20000000   00040000  00000a30  0003f5d0  RW X


SEGMENT ALLOCATION MAP

run origin  load origin   length   init length attrs members
----------  ----------- ---------- ----------- ----- -------
00000000    00000000    000028c0   000028c0    r-x
  00000000    00000000    00000200   00000200    r-- .intvecs
  00000200    00000200    0000221a   0000221a    r-x .text
  0000241c    0000241c    000003e0   000003e0    r-- .const
  00002800    00002800    000000c0   000000c0    r-- .cinit
20000000    20000000    00000a30   00000000    rw-
  20000000    20000000    00000564   00000000    rw- .bss
  20000564    20000564    00000400   00000000    rw- .stack
  20000964    20000964    000000cc   00000000    rw- .data


SECTION ALLOCATION MAP

 output                                  attributes/
section   page    origin      length       input sections
--------  ----  ----------  ----------   ----------------
.intvecs   0    00000000    00000200     
                  00000000    00000200     startup_ccs.obj (.intvecs)

.text      0    00000200    0000221a     
                  00000200    00000404     hibernate.obj (.text:main)
                  00000604    0000024d     ustdlib.obj (.text:uvsnprintf)
                  00000851    00000001     --HOLE-- [fill = 0]
                  00000852    00000002     startup_ccs.obj (.text:FaultISR)
                  00000854    00000218     pinout.obj (.text:PinoutSet)
                  00000a6c    00000200     driverlib.lib : sysctl.obj (.text:SysCtlClockFreqSet)
                  00000c6c    000001ea     uartstdio.obj (.text:UARTvprintf)
                  00000e56    00000002     startup_ccs.obj (.text:IntDefaultHandler)
                  00000e58    00000160     uartstdio.obj (.text:UARTStdioIntHandler)
                  00000fb8    00000132     driverlib.lib : gpio.obj (.text:GPIOPadConfigSet)
                  000010ea    00000002     startup_ccs.obj (.text:NmiSR)
                  000010ec    00000110     driverlib.lib : sysctl.obj (.text:SysCtlClockGet)
                  000011fc    00000100     hibernate.obj (.text:AppHibernateEnter)
                  000012fc    000000c4     driverlib.lib : hibernate.obj (.text:_HibernateCalendarSet)
                  000013c0    000000b0     uartstdio.obj (.text:UARTStdioConfig)
                  00001470    000000a8     uartstdio.obj (.text:UARTwrite)
                  00001518    0000009c     rtsv7M4_T_le_v4SPD16_eabi.lib : memcpy_t2.obj (.text)
                  000015b4    0000009c     ustdlib.obj (.text:ustrtoul)
                  00001650    00000094     hibernate.obj (.text:DateTimeDisplayGet)
                  000016e4    0000008c     buttons.obj (.text:ButtonsPoll)
                  00001770    0000008c     uartstdio.obj (.text:UARTPrimeTransmit)
                  000017fc    00000080     hibernate_commands.obj (.text:CMD_time12)
                  0000187c    0000007a     rtsv7M4_T_le_v4SPD16_eabi.lib : memset_t2.obj (.text)
                  000018f6    00000002                                   : i_div0.obj (.text)
                  000018f8    00000074     hibernate_commands.obj (.text:CMD_date)
                  0000196c    00000070     hibernate.obj (.text:GetCalendarMatchValue)
                  000019dc    00000070     rtsv7M4_T_le_v4SPD16_eabi.lib : autoinit.obj (.text)
                  00001a4c    00000068     hibernate_commands.obj (.text:CMD_help)
                  00001ab4    00000068     driverlib.lib : hibernate.obj (.text:HibernateCalendarGet)
                  00001b1c    00000068     rtsv7M4_T_le_v4SPD16_eabi.lib : copy_decompress_lzss.obj (.text:decompress:lzss)
                  00001b84    00000064     cmdline.obj (.text:CmdLineProcess)
                  00001be8    00000064     driverlib.lib : hibernate.obj (.text:HibernateWakeSet)
                  00001c4c    00000054     uartstdio.obj (.text:UARTgets)
                  00001ca0    00000054     rtsv7M4_T_le_v4SPD16_eabi.lib : boot.obj (.text)
                  00001cf4    00000054                                   : exit.obj (.text)
                  00001d48    00000050     hibernate_commands.obj (.text:CMD_time24)
                  00001d98    0000004c     buttons.obj (.text:ButtonsInit)
                  00001de4    0000004c     hibernate.obj (.text:DateTimeGet)
                  00001e30    0000004c     hibernate.obj (.text:DateTimeSet)
                  00001e7c    0000004c     rtsv7M4_T_le_v4SPD16_eabi.lib : cpy_tbl.obj (.text)
                  00001ec8    00000048     driverlib.lib : hibernate.obj (.text:HibernateClockConfig)
                  00001f10    00000048                   : sysctl.obj (.text:_SysCtlFrequencyGet)
                  00001f58    00000044     uartstdio.obj (.text:UARTPeek)
                  00001f9c    00000040     rtsv7M4_T_le_v4SPD16_eabi.lib : u_divt2.obj (.text)
                  00001fdc    0000003c     uartstdio.obj (.text:UARTFlushTx)
                  00002018    00000038     hibernate.obj (.text:DateTimeDefaultSet)
                  00002050    00000036     ustdlib.obj (.text:ustrncmp)
                  00002086    00000002     rtsv7M4_T_le_v4SPD16_eabi.lib : mpu_init.obj (.text)
                  00002088    00000034     driverlib.lib : sysctl.obj (.text:SysCtlPeripheralEnable)
                  000020bc    0000002c     uartstdio.obj (.text:UARTFlushRx)
                  000020e8    0000002a     driverlib.lib : gpio.obj (.text:GPIODirModeSet)
                  00002112    0000002a     ustdlib.obj (.text:ustrncpy)
                  0000213c    00000028     hibernate_commands.obj (.text:CMD_cls)
                  00002164    00000028     hibernate.obj (.text:GetDaysInMonth)
                  0000218c    00000028     driverlib.lib : hibernate.obj (.text:HibernateDataSet)
                  000021b4    00000024                   : hibernate.obj (.text:HibernateDataGet)
                  000021d8    00000020     hibernate.obj (.text:SysTickIntHandler)
                  000021f8    00000020     driverlib.lib : sysctl.obj (.text:_SysCtlMemTimingGet)
                  00002218    0000001a     uartstdio.obj (.text:UARTprintf)
                  00002232    0000001a     ustdlib.obj (.text:usnprintf)
                  0000224c    00000018     driverlib.lib : hibernate.obj (.text:HibernateIntStatus)
                  00002264    00000018     uartstdio.obj (.text:IsBufferFull)
                  0000227c    00000018     rtsv7M4_T_le_v4SPD16_eabi.lib : args_main.obj (.text)
                  00002294    00000018                                   : strcmp.obj (.text)
                  000022ac    00000014     driverlib.lib : hibernate.obj (.text:HibernateEnableExpClk)
                  000022c0    00000014                   : hibernate.obj (.text:HibernateIntClear)
                  000022d4    00000014                   : hibernate.obj (.text:HibernateRTCEnable)
                  000022e8    00000014                   : hibernate.obj (.text:HibernateRequest)
                  000022fc    00000014                   : systick.obj (.text:SysTickEnable)
                  00002310    00000014                   : systick.obj (.text:SysTickIntEnable)
                  00002324    00000014     rtsv7M4_T_le_v4SPD16_eabi.lib : _lock.obj (.text)
                  00002338    00000012     driverlib.lib : gpio.obj (.text:GPIOPinTypeEthernetLED)
                  0000234a    00000012     uartstdio.obj (.text:GetBufferCount)
                  0000235c    00000010     hibernate_commands.obj (.text:CMD_hib)
                  0000236c    00000010     driverlib.lib : hibernate.obj (.text:HibernateCalendarSet)
                  0000237c    00000010                   : hibernate.obj (.text:HibernateIsActive)
                  0000238c    00000010                   : interrupt.obj (.text:IntMasterEnable)
                  0000239c    00000010                   : systick.obj (.text:SysTickPeriodSet)
                  000023ac    00000010                   : hibernate.obj (.text:_HibernateWriteComplete)
                  000023bc    0000000e     uartstdio.obj (.text:IsBufferEmpty)
                  000023ca    0000000e     rtsv7M4_T_le_v4SPD16_eabi.lib : copy_decompress_none.obj (.text:decompress:none)
                  000023d8    0000000c     driverlib.lib : cpu.obj (.text:CPUcpsie)
                  000023e4    0000000c                   : hibernate.obj (.text:HibernateCalendarMatchSet)
                  000023f0    0000000c                   : hibernate.obj (.text:HibernateCounterMode)
                  000023fc    0000000c     rtsv7M4_T_le_v4SPD16_eabi.lib : copy_zero_init.obj (.text:decompress:ZI)
                  00002408    00000006     startup_ccs.obj (.text:ResetISR)
                  0000240e    00000006     driverlib.lib : sysctl.obj (.text:SysCtlDelay)
                  00002414    00000004     rtsv7M4_T_le_v4SPD16_eabi.lib : pre_init.obj (.text)
                  00002418    00000002                                   : startup.obj (.text)

.const     0    0000241c    000003e0     
                  0000241c    000001b0     driverlib.lib : sysctl.obj (.const:g_pppui32XTALtoVCO)
                  000025cc    000000fa     hibernate_commands.obj (.const:.string)
                  000026c6    00000002     --HOLE-- [fill = 0]
                  000026c8    0000006c     hibernate.obj (.const:.string)
                  00002734    0000006c     driverlib.lib : sysctl.obj (.const:g_pui32Xtals)
                  000027a0    00000030                   : sysctl.obj (.const:g_sXTALtoMEMTIM)
                  000027d0    0000000c     uartstdio.obj (.const:g_ui32UARTBase)
                  000027dc    0000000c     uartstdio.obj (.const:g_ui32UARTInt)
                  000027e8    0000000c     uartstdio.obj (.const:g_ui32UARTPeriph)
                  000027f4    00000008     driverlib.lib : sysctl.obj (.const)

.cinit     0    00002800    000000c0     
                  00002800    00000095     (.cinit..data.load) [load image, compression = lzss]
                  00002895    00000003     --HOLE-- [fill = 0]
                  00002898    0000000c     (__TI_handler_table)
                  000028a4    00000004     --HOLE-- [fill = 0]
                  000028a8    00000008     (.cinit..bss.load) [load image, compression = zero_init]
                  000028b0    00000010     (__TI_cinit_table)

.init_array 
*          0    00000000    00000000     UNINITIALIZED

.bss       0    20000000    00000564     UNINITIALIZED
                  20000000    00000400     uartstdio.obj (.bss:g_pcUARTTxBuffer)
                  20000400    00000080     uartstdio.obj (.bss:g_pcUARTRxBuffer)
                  20000480    00000028     (.common:g_pcDateTimeBuf)
                  200004a8    00000028     (.common:g_pcHibBuf)
                  200004d0    00000028     (.common:g_pcInputBuf)
                  200004f8    00000028     (.common:g_pcWakeBuf)
                  20000520    00000024     cmdline.obj (.bss:g_ppcArgv)
                  20000544    00000008     uartstdio.obj (.bss)
                  2000054c    00000004     (.common:g_ui32DayIdx)
                  20000550    00000004     (.common:g_ui32HourIdx)
                  20000554    00000004     (.common:g_ui32MinIdx)
                  20000558    00000004     (.common:g_ui32MonthIdx)
                  2000055c    00000004     (.common:g_ui32YearIdx)
                  20000560    00000001     (.common:g_bFirstUpdate)
                  20000561    00000001     (.common:g_bHibernate)
                  20000562    00000001     (.common:g_bSetDate)
                  20000563    00000001     (.common:g_ui8FirstLine)

.stack     0    20000564    00000400     UNINITIALIZED
                  20000564    00000400     --HOLE--

.data      0    20000964    000000cc     UNINITIALIZED
                  20000964    00000054     hibernate_commands.obj (.data:g_psCmdTable)
                  200009b8    00000030     hibernate.obj (.data:g_ppcMonth)
                  200009e8    00000015     uartstdio.obj (.data)
                  200009fd    00000003     buttons.obj (.data)
                  20000a00    00000014     hibernate.obj (.data:g_ppcWakeSource)
                  20000a14    0000000c     rtsv7M4_T_le_v4SPD16_eabi.lib : exit.obj (.data:$O1$$)
                  20000a20    00000008                                   : _lock.obj (.data:$O1$$)
                  20000a28    00000004     hibernate.obj (.data)
                  20000a2c    00000004     rtsv7M4_T_le_v4SPD16_eabi.lib : stkdepth_vars.obj (.data)

MODULE SUMMARY

       Module                     code   ro data   rw data
       ------                     ----   -------   -------
    .\
       hibernate.obj              1824   108       256    
       hibernate_commands.obj     484    250       84     
       startup_ccs.obj            12     512       0      
    +--+--------------------------+------+---------+---------+
       Total:                     2320   870       340    
                                                          
    .\drivers\
       pinout.obj                 536    0         0      
       buttons.obj                216    0         3      
    +--+--------------------------+------+---------+---------+
       Total:                     752    0         3      
                                                          
    .\utils\
       uartstdio.obj              1664   36        1181   
       ustdlib.obj                867    0         0      
       cmdline.obj                100    0         36     
    +--+--------------------------+------+---------+---------+
       Total:                     2631   36        1217   
                                                          
    C:/ti/TivaWare_C_Series-2.1.4.178/driverlib/ccs/Debug/driverlib.lib
       sysctl.obj                 946    596       0      
       hibernate.obj              724    0         0      
       gpio.obj                   366    0         0      
       systick.obj                56     0         0      
       interrupt.obj              16     0         0      
       cpu.obj                    12     0         0      
    +--+--------------------------+------+---------+---------+
       Total:                     2120   596       0      
                                                          
    C:\ti\ccsv7\tools\compiler\ti-cgt-arm_16.9.0.LTS\lib\rtsv7M4_T_le_v4SPD16_eabi.lib
       memcpy_t2.obj              156    0         0      
       memset_t2.obj              122    0         0      
       autoinit.obj               112    0         0      
       copy_decompress_lzss.obj   104    0         0      
       exit.obj                   84     0         12     
       boot.obj                   84     0         0      
       cpy_tbl.obj                76     0         0      
       u_divt2.obj                64     0         0      
       _lock.obj                  20     0         8      
       args_main.obj              24     0         0      
       strcmp.obj                 24     0         0      
       copy_decompress_none.obj   14     0         0      
       copy_zero_init.obj         12     0         0      
       pre_init.obj               4      0         0      
       stkdepth_vars.obj          0      0         4      
       i_div0.obj                 2      0         0      
       mpu_init.obj               2      0         0      
       startup.obj                2      0         0      
    +--+--------------------------+------+---------+---------+
       Total:                     906    0         24     
                                                          
       Stack:                     0      0         1024   
       Linker Generated:          0      185       0      
    +--+--------------------------+------+---------+---------+
       Grand Total:               8729   1687      2608   


LINKER GENERATED COPY TABLES

__TI_cinit_table @ 000028b0 records: 2, size/record: 8, table size: 16
	.data: load addr=00002800, load size=00000095 bytes, run addr=20000964, run size=000000cc bytes, compression=lzss
	.bss: load addr=000028a8, load size=00000008 bytes, run addr=20000000, run size=00000564 bytes, compression=zero_init


LINKER GENERATED HANDLER TABLE

__TI_handler_table @ 00002898 records: 3, size/record: 4, table size: 12
	index: 0, handler: __TI_decompress_lzss
	index: 1, handler: __TI_decompress_none
	index: 2, handler: __TI_zero_init


GLOBAL SYMBOLS: SORTED ALPHABETICALLY BY Name 

address   name                           
-------   ----                           
000011fd  AppHibernateEnter              
00001d99  ButtonsInit                    
000016e5  ButtonsPoll                    
00001cf5  C$$EXIT                        
0000213d  CMD_cls                        
000018f9  CMD_date                       
00001a4d  CMD_help                       
0000235d  CMD_hib                        
000017fd  CMD_time12                     
00001d49  CMD_time24                     
000023d9  CPUcpsie                       
00001b85  CmdLineProcess                 
00002019  DateTimeDefaultSet             
00001651  DateTimeDisplayGet             
00001de5  DateTimeGet                    
00001e31  DateTimeSet                    
000020e9  GPIODirModeSet                 
00000fb9  GPIOPadConfigSet               
00002339  GPIOPinTypeEthernetLED         
0000196d  GetCalendarMatchValue          
00002165  GetDaysInMonth                 
00001ab5  HibernateCalendarGet           
000023e5  HibernateCalendarMatchSet      
0000236d  HibernateCalendarSet           
00001ec9  HibernateClockConfig           
000023f1  HibernateCounterMode           
000021b5  HibernateDataGet               
0000218d  HibernateDataSet               
000022ad  HibernateEnableExpClk          
000022c1  HibernateIntClear              
0000224d  HibernateIntStatus             
0000237d  HibernateIsActive              
000022d5  HibernateRTCEnable             
000022e9  HibernateRequest               
00001be9  HibernateWakeSet               
0000238d  IntMasterEnable                
00000855  PinoutSet                      
00002409  ResetISR                       
UNDEFED   SHT$$INIT_ARRAY$$Base          
UNDEFED   SHT$$INIT_ARRAY$$Limit         
00000a6d  SysCtlClockFreqSet             
000010ed  SysCtlClockGet                 
0000240f  SysCtlDelay                    
00002089  SysCtlPeripheralEnable         
000022fd  SysTickEnable                  
00002311  SysTickIntEnable               
000021d9  SysTickIntHandler              
0000239d  SysTickPeriodSet               
000020bd  UARTFlushRx                    
00001fdd  UARTFlushTx                    
00001f59  UARTPeek                       
000013c1  UARTStdioConfig                
00000e59  UARTStdioIntHandler            
00001c4d  UARTgets                       
00002219  UARTprintf                     
00000c6d  UARTvprintf                    
00001471  UARTwrite                      
20000964  __STACK_END                    
00000400  __STACK_SIZE                   
20000964  __STACK_TOP                    
000028b0  __TI_CINIT_Base                
000028c0  __TI_CINIT_Limit               
00002898  __TI_Handler_Table_Base        
000028a4  __TI_Handler_Table_Limit       
000019dd  __TI_auto_init                 
20000a14  __TI_cleanup_ptr               
00001b1d  __TI_decompress_lzss           
000023cb  __TI_decompress_none           
20000a18  __TI_dtors_ptr                 
20000a1c  __TI_enable_exit_profile_output
ffffffff  __TI_pprof_out_hndl            
ffffffff  __TI_prof_data_size            
ffffffff  __TI_prof_data_start           
00000000  __TI_static_base__             
000023fd  __TI_zero_init                 
000018f7  __aeabi_idiv0                  
0000187d  __aeabi_memclr                 
0000187d  __aeabi_memclr4                
0000187d  __aeabi_memclr8                
00001519  __aeabi_memcpy                 
00001519  __aeabi_memcpy4                
00001519  __aeabi_memcpy8                
0000187f  __aeabi_memset                 
0000187f  __aeabi_memset4                
0000187f  __aeabi_memset8                
00001f9d  __aeabi_uidiv                  
00001f9d  __aeabi_uidivmod               
ffffffff  __binit__                      
ffffffff  __c_args__                     
00002087  __mpu_init                     
20000564  __stack                        
0000227d  _args_main                     
00001ca1  _c_int00                       
20000a20  _lock                          
00002333  _nop                           
0000232b  _register_lock                 
00002325  _register_unlock               
00002419  _system_post_cinit             
00002415  _system_pre_init               
20000a24  _unlock                        
00001cf9  abort                          
ffffffff  binit                          
00001e7d  copy_in                        
00001d01  exit                           
20000560  g_bFirstUpdate                 
20000561  g_bHibernate                   
20000562  g_bSetDate                     
20000480  g_pcDateTimeBuf                
200004a8  g_pcHibBuf                     
200004d0  g_pcInputBuf                   
200004f8  g_pcWakeBuf                    
00000000  g_pfnVectors                   
20000964  g_psCmdTable                   
2000054c  g_ui32DayIdx                   
20000550  g_ui32HourIdx                  
20000554  g_ui32MinIdx                   
20000558  g_ui32MonthIdx                 
2000055c  g_ui32YearIdx                  
20000563  g_ui8FirstLine                 
00000201  main                           
20000a2c  main_func_sp                   
00001519  memcpy                         
00001885  memset                         
00002295  strcmp                         
00002233  usnprintf                      
00002051  ustrncmp                       
00002113  ustrncpy                       
000015b5  ustrtoul                       
00000605  uvsnprintf                     


GLOBAL SYMBOLS: SORTED BY Symbol Address 

address   name                           
-------   ----                           
00000000  __TI_static_base__             
00000000  g_pfnVectors                   
00000201  main                           
00000400  __STACK_SIZE                   
00000605  uvsnprintf                     
00000855  PinoutSet                      
00000a6d  SysCtlClockFreqSet             
00000c6d  UARTvprintf                    
00000e59  UARTStdioIntHandler            
00000fb9  GPIOPadConfigSet               
000010ed  SysCtlClockGet                 
000011fd  AppHibernateEnter              
000013c1  UARTStdioConfig                
00001471  UARTwrite                      
00001519  __aeabi_memcpy                 
00001519  __aeabi_memcpy4                
00001519  __aeabi_memcpy8                
00001519  memcpy                         
000015b5  ustrtoul                       
00001651  DateTimeDisplayGet             
000016e5  ButtonsPoll                    
000017fd  CMD_time12                     
0000187d  __aeabi_memclr                 
0000187d  __aeabi_memclr4                
0000187d  __aeabi_memclr8                
0000187f  __aeabi_memset                 
0000187f  __aeabi_memset4                
0000187f  __aeabi_memset8                
00001885  memset                         
000018f7  __aeabi_idiv0                  
000018f9  CMD_date                       
0000196d  GetCalendarMatchValue          
000019dd  __TI_auto_init                 
00001a4d  CMD_help                       
00001ab5  HibernateCalendarGet           
00001b1d  __TI_decompress_lzss           
00001b85  CmdLineProcess                 
00001be9  HibernateWakeSet               
00001c4d  UARTgets                       
00001ca1  _c_int00                       
00001cf5  C$$EXIT                        
00001cf9  abort                          
00001d01  exit                           
00001d49  CMD_time24                     
00001d99  ButtonsInit                    
00001de5  DateTimeGet                    
00001e31  DateTimeSet                    
00001e7d  copy_in                        
00001ec9  HibernateClockConfig           
00001f59  UARTPeek                       
00001f9d  __aeabi_uidiv                  
00001f9d  __aeabi_uidivmod               
00001fdd  UARTFlushTx                    
00002019  DateTimeDefaultSet             
00002051  ustrncmp                       
00002087  __mpu_init                     
00002089  SysCtlPeripheralEnable         
000020bd  UARTFlushRx                    
000020e9  GPIODirModeSet                 
00002113  ustrncpy                       
0000213d  CMD_cls                        
00002165  GetDaysInMonth                 
0000218d  HibernateDataSet               
000021b5  HibernateDataGet               
000021d9  SysTickIntHandler              
00002219  UARTprintf                     
00002233  usnprintf                      
0000224d  HibernateIntStatus             
0000227d  _args_main                     
00002295  strcmp                         
000022ad  HibernateEnableExpClk          
000022c1  HibernateIntClear              
000022d5  HibernateRTCEnable             
000022e9  HibernateRequest               
000022fd  SysTickEnable                  
00002311  SysTickIntEnable               
00002325  _register_unlock               
0000232b  _register_lock                 
00002333  _nop                           
00002339  GPIOPinTypeEthernetLED         
0000235d  CMD_hib                        
0000236d  HibernateCalendarSet           
0000237d  HibernateIsActive              
0000238d  IntMasterEnable                
0000239d  SysTickPeriodSet               
000023cb  __TI_decompress_none           
000023d9  CPUcpsie                       
000023e5  HibernateCalendarMatchSet      
000023f1  HibernateCounterMode           
000023fd  __TI_zero_init                 
00002409  ResetISR                       
0000240f  SysCtlDelay                    
00002415  _system_pre_init               
00002419  _system_post_cinit             
00002898  __TI_Handler_Table_Base        
000028a4  __TI_Handler_Table_Limit       
000028b0  __TI_CINIT_Base                
000028c0  __TI_CINIT_Limit               
20000480  g_pcDateTimeBuf                
200004a8  g_pcHibBuf                     
200004d0  g_pcInputBuf                   
200004f8  g_pcWakeBuf                    
2000054c  g_ui32DayIdx                   
20000550  g_ui32HourIdx                  
20000554  g_ui32MinIdx                   
20000558  g_ui32MonthIdx                 
2000055c  g_ui32YearIdx                  
20000560  g_bFirstUpdate                 
20000561  g_bHibernate                   
20000562  g_bSetDate                     
20000563  g_ui8FirstLine                 
20000564  __stack                        
20000964  __STACK_END                    
20000964  __STACK_TOP                    
20000964  g_psCmdTable                   
20000a14  __TI_cleanup_ptr               
20000a18  __TI_dtors_ptr                 
20000a1c  __TI_enable_exit_profile_output
20000a20  _lock                          
20000a24  _unlock                        
20000a2c  main_func_sp                   
ffffffff  __TI_pprof_out_hndl            
ffffffff  __TI_prof_data_size            
ffffffff  __TI_prof_data_start           
ffffffff  __binit__                      
ffffffff  __c_args__                     
ffffffff  binit                          
UNDEFED   SHT$$INIT_ARRAY$$Base          
UNDEFED   SHT$$INIT_ARRAY$$Limit         

[129 symbols]
