******************************************************************************
                  TI ARM Linker PC v5.2.5                      
******************************************************************************
>> Linked Fri Jul 22 12:44:10 2016

OUTPUT FILE NAME:   <crc32.out>
ENTRY POINT SYMBOL: "_c_int00"  address: 00000fcd


MEMORY CONFIGURATION

         name            origin    length      used     unused   attr    fill
----------------------  --------  ---------  --------  --------  ----  --------
  FLASH                 00000000   00100000  0000150e  000feaf2  R  X
  SRAM                  20000000   00040000  00000880  0003f780  RW X


SEGMENT ALLOCATION MAP

run origin  load origin   length   init length attrs members
----------  ----------- ---------- ----------- ----- -------
00000000    00000000    00001510   00001510    r-x
  00000000    00000000    00000200   00000200    r-- .intvecs
  00000200    00000200    0000108a   0000108a    r-x .text
  0000128c    0000128c    000001f4   000001f4    r-- .const
  00001480    00001480    00000090   00000090    r-- .cinit
20000000    20000000    00000880   00000000    rw-
  20000000    20000000    00000400   00000000    rw- .stack
  20000400    20000400    00000400   00000000    rw- .bss
  20000800    20000800    00000080   00000000    rw- .data


SECTION ALLOCATION MAP

 output                                  attributes/
section   page    origin      length       input sections
--------  ----  ----------  ----------   ----------------
.intvecs   0    00000000    00000200     
                  00000000    00000200     startup_ccs.obj (.intvecs)

.text      0    00000200    0000108a     
                  00000200    00000214     pinout.obj (.text:PinoutSet)
                  00000414    00000204     driverlib.lib : sysctl.obj (.text:SysCtlClockFreqSet)
                  00000618    00000204     crc32.obj (.text:main)
                  0000081c    000001ea     uartstdio.obj (.text:UARTvprintf)
                  00000a06    00000132     driverlib.lib : gpio.obj (.text:GPIOPadConfigSet)
                  00000b38    00000100     crc32.obj (.text:CRC32DataProcess)
                  00000c38    000000d8     crc32.obj (.text:CRCInit)
                  00000d10    0000009c     rtsv7M4_T_le_v4SPD16_eabi.lib : memcpy_t2.obj (.text)
                  00000dac    0000007a                                   : memset_t2.obj (.text)
                  00000e26    00000002     startup_ccs.obj (.text:FaultISR)
                  00000e28    0000006c     pinout.obj (.text:LEDWrite)
                  00000e94    0000006c     rtsv7M4_T_le_v4SPD16_eabi.lib : autoinit.obj (.text)
                  00000f00    0000006a                                   : copy_decompress_rle.obj (.text)
                  00000f6a    00000002     startup_ccs.obj (.text:IntDefaultHandler)
                  00000f6c    00000060     uartstdio.obj (.text:UARTStdioConfig)
                  00000fcc    00000050     rtsv7M4_T_le_v4SPD16_eabi.lib : boot.obj (.text)
                  0000101c    0000004c                                   : cpy_tbl.obj (.text)
                  00001068    00000048     uartstdio.obj (.text:UARTwrite)
                  000010b0    00000048     driverlib.lib : sysctl.obj (.text:_SysCtlFrequencyGet)
                  000010f8    00000044     rtsv7M4_T_le_v4SPD16_eabi.lib : exit.obj (.text)
                  0000113c    00000040                                   : u_divt2.obj (.text)
                  0000117c    00000038     crc32.obj (.text:ConfigureUART)
                  000011b4    0000002a     driverlib.lib : gpio.obj (.text:GPIODirModeSet)
                  000011de    00000002     startup_ccs.obj (.text:NmiSR)
                  000011e0    00000020     driverlib.lib : sysctl.obj (.text:_SysCtlMemTimingGet)
                  00001200    0000001a     uartstdio.obj (.text:UARTprintf)
                  0000121a    00000002     rtsv7M4_T_le_v4SPD16_eabi.lib : i_div0.obj (.text)
                  0000121c    00000018                                   : args_main.obj (.text)
                  00001234    00000014                                   : _lock.obj (.text)
                  00001248    00000012     driverlib.lib : gpio.obj (.text:GPIOPinTypeEthernetLED)
                  0000125a    0000000e     rtsv7M4_T_le_v4SPD16_eabi.lib : copy_decompress_none.obj (.text:decompress:none)
                  00001268    0000000c                                   : copy_zero_init.obj (.text:decompress:ZI)
                  00001274    00000006     driverlib.lib : gpio.obj (.text:GPIOPinWrite)
                  0000127a    00000006     startup_ccs.obj (.text:ResetISR)
                  00001280    00000006     rtsv7M4_T_le_v4SPD16_eabi.lib : copy_decompress_rle.obj (.text:decompress:rle24)
                  00001286    00000004                                   : pre_init.obj (.text)

.const     0    0000128c    000001f4     
                  0000128c    00000120     driverlib.lib : sysctl.obj (.const:g_pppui32XTALtoVCO)
                  000013ac    0000006c                   : sysctl.obj (.const:g_pui32Xtals)
                  00001418    00000030                   : sysctl.obj (.const:g_sXTALtoMEMTIM)
                  00001448    0000001c     uartstdio.obj (.const)
                  00001464    00000012     uartstdio.obj (.const:.string)
                  00001476    00000002     --HOLE-- [fill = 0]
                  00001478    00000008     driverlib.lib : sysctl.obj (.const)

.cinit     0    00001480    00000090     
                  00001480    0000006c     (.cinit..data.load) [load image, compression = rle]
                  000014ec    0000000c     (__TI_handler_table)
                  000014f8    00000008     (.cinit..bss.load) [load image, compression = zero_init]
                  00001500    00000010     (__TI_cinit_table)

.init_array 
*          0    00000000    00000000     UNINITIALIZED

.stack     0    20000000    00000400     UNINITIALIZED
                  20000000    00000400     --HOLE--

.bss       0    20000400    00000400     UNINITIALIZED
                  20000400    00000400     crc32.obj (.bss:g_psDMAControlTable)

.TI.noinit 
*          0    20000400    00000000     UNINITIALIZED

.data      0    20000800    00000080     UNINITIALIZED
                  20000800    00000040     crc32.obj (.data:g_pui32RandomData)
                  20000840    00000024     crc32.obj (.data:g_psCRC4C11DB7TestVectors)
                  20000864    00000008     rtsv7M4_T_le_v4SPD16_eabi.lib : _lock.obj (.data)
                  2000086c    00000008                                   : exit.obj (.data)
                  20000874    00000005     uartstdio.obj (.data)
                  20000879    00000003     --HOLE--
                  2000087c    00000004     rtsv7M4_T_le_v4SPD16_eabi.lib : stkdepth_vars.obj (.data)

.TI.persistent 
*          0    20000800    00000000     UNINITIALIZED


LINKER GENERATED COPY TABLES

__TI_cinit_table @ 00001500 records: 2, size/record: 8, table size: 16
	.data: load addr=00001480, load size=0000006c bytes, run addr=20000800, run size=00000080 bytes, compression=rle
	.bss: load addr=000014f8, load size=00000008 bytes, run addr=20000400, run size=00000400 bytes, compression=zero_init


LINKER GENERATED HANDLER TABLE

__TI_handler_table @ 000014ec records: 3, size/record: 4, table size: 12
	index: 0, handler: __TI_decompress_rle24
	index: 1, handler: __TI_decompress_none
	index: 2, handler: __TI_zero_init


GLOBAL SYMBOLS: SORTED ALPHABETICALLY BY Name 

address   name                     
-------   ----                     
000010f9  C$$EXIT                  
00000b39  CRC32DataProcess         
00000c39  CRCInit                  
0000117d  ConfigureUART            
000011b5  GPIODirModeSet           
00000a07  GPIOPadConfigSet         
00001249  GPIOPinTypeEthernetLED   
00001275  GPIOPinWrite             
00000e29  LEDWrite                 
00000201  PinoutSet                
0000127b  ResetISR                 
UNDEFED   SHT$$INIT_ARRAY$$Base    
UNDEFED   SHT$$INIT_ARRAY$$Limit   
00000415  SysCtlClockFreqSet       
00000f6d  UARTStdioConfig          
00001201  UARTprintf               
0000081d  UARTvprintf              
00001069  UARTwrite                
20000400  __STACK_END              
00000400  __STACK_SIZE             
20000400  __STACK_TOP              
00001500  __TI_CINIT_Base          
00001510  __TI_CINIT_Limit         
000014ec  __TI_Handler_Table_Base  
000014f8  __TI_Handler_Table_Limit 
00000e95  __TI_auto_init           
2000086c  __TI_cleanup_ptr         
0000125b  __TI_decompress_none     
00001281  __TI_decompress_rle24    
20000870  __TI_dtors_ptr           
00000000  __TI_static_base__       
00001269  __TI_zero_init           
0000121b  __aeabi_idiv0            
00000dad  __aeabi_memclr           
00000dad  __aeabi_memclr4          
00000dad  __aeabi_memclr8          
00000d11  __aeabi_memcpy           
00000d11  __aeabi_memcpy4          
00000d11  __aeabi_memcpy8          
00000daf  __aeabi_memset           
00000daf  __aeabi_memset4          
00000daf  __aeabi_memset8          
0000113d  __aeabi_uidiv            
0000113d  __aeabi_uidivmod         
ffffffff  __binit__                
ffffffff  __c_args__               
20000000  __stack                  
0000121d  _args_main               
00000fcd  _c_int00                 
20000864  _lock                    
00001243  _nop                     
0000123b  _register_lock           
00001235  _register_unlock         
00001287  _system_pre_init         
20000868  _unlock                  
000010fd  abort                    
ffffffff  binit                    
0000101d  copy_in                  
00001105  exit                     
00000000  g_pfnVectors             
20000840  g_psCRC4C11DB7TestVectors
20000400  g_psDMAControlTable      
20000800  g_pui32RandomData        
00000619  main                     
2000087c  main_func_sp             
00000d11  memcpy                   
00000db5  memset                   


GLOBAL SYMBOLS: SORTED BY Symbol Address 

address   name                     
-------   ----                     
00000000  __TI_static_base__       
00000000  g_pfnVectors             
00000201  PinoutSet                
00000400  __STACK_SIZE             
00000415  SysCtlClockFreqSet       
00000619  main                     
0000081d  UARTvprintf              
00000a07  GPIOPadConfigSet         
00000b39  CRC32DataProcess         
00000c39  CRCInit                  
00000d11  __aeabi_memcpy           
00000d11  __aeabi_memcpy4          
00000d11  __aeabi_memcpy8          
00000d11  memcpy                   
00000dad  __aeabi_memclr           
00000dad  __aeabi_memclr4          
00000dad  __aeabi_memclr8          
00000daf  __aeabi_memset           
00000daf  __aeabi_memset4          
00000daf  __aeabi_memset8          
00000db5  memset                   
00000e29  LEDWrite                 
00000e95  __TI_auto_init           
00000f6d  UARTStdioConfig          
00000fcd  _c_int00                 
0000101d  copy_in                  
00001069  UARTwrite                
000010f9  C$$EXIT                  
000010fd  abort                    
00001105  exit                     
0000113d  __aeabi_uidiv            
0000113d  __aeabi_uidivmod         
0000117d  ConfigureUART            
000011b5  GPIODirModeSet           
00001201  UARTprintf               
0000121b  __aeabi_idiv0            
0000121d  _args_main               
00001235  _register_unlock         
0000123b  _register_lock           
00001243  _nop                     
00001249  GPIOPinTypeEthernetLED   
0000125b  __TI_decompress_none     
00001269  __TI_zero_init           
00001275  GPIOPinWrite             
0000127b  ResetISR                 
00001281  __TI_decompress_rle24    
00001287  _system_pre_init         
000014ec  __TI_Handler_Table_Base  
000014f8  __TI_Handler_Table_Limit 
00001500  __TI_CINIT_Base          
00001510  __TI_CINIT_Limit         
20000000  __stack                  
20000400  __STACK_END              
20000400  __STACK_TOP              
20000400  g_psDMAControlTable      
20000800  g_pui32RandomData        
20000840  g_psCRC4C11DB7TestVectors
20000864  _lock                    
20000868  _unlock                  
2000086c  __TI_cleanup_ptr         
20000870  __TI_dtors_ptr           
2000087c  main_func_sp             
ffffffff  __binit__                
ffffffff  __c_args__               
ffffffff  binit                    
UNDEFED   SHT$$INIT_ARRAY$$Base    
UNDEFED   SHT$$INIT_ARRAY$$Limit   

[67 symbols]
