******************************************************************************
                  TI ARM Linker PC v16.9.0                     
******************************************************************************
>> Linked Sun May 21 10:00:49 2017

OUTPUT FILE NAME:   <crc32.out>
ENTRY POINT SYMBOL: "_c_int00"  address: 00000fcd


MEMORY CONFIGURATION

         name            origin    length      used     unused   attr    fill
----------------------  --------  ---------  --------  --------  ----  --------
  FLASH                 00000000   00100000  000015a2  000fea5e  R  X
  SRAM                  20000000   00040000  00000884  0003f77c  RW X


SEGMENT ALLOCATION MAP

run origin  load origin   length   init length attrs members
----------  ----------- ---------- ----------- ----- -------
00000000    00000000    000015a8   000015a8    r-x
  00000000    00000000    00000200   00000200    r-- .intvecs
  00000200    00000200    0000109e   0000109e    r-x .text
  000012a0    000012a0    0000026c   0000026c    r-- .const
  00001510    00001510    00000098   00000098    r-- .cinit
20000000    20000000    00000884   00000000    rw-
  20000000    20000000    00000400   00000000    rw- .bss
  20000400    20000400    00000400   00000000    rw- .stack
  20000800    20000800    00000084   00000000    rw- .data


SECTION ALLOCATION MAP

 output                                  attributes/
section   page    origin      length       input sections
--------  ----  ----------  ----------   ----------------
.intvecs   0    00000000    00000200     
                  00000000    00000200     startup_ccs.obj (.intvecs)

.text      0    00000200    0000109e     
                  00000200    00000218     pinout.obj (.text:PinoutSet)
                  00000418    00000204     crc32.obj (.text:main)
                  0000061c    00000200     driverlib.lib : sysctl.obj (.text:SysCtlClockFreqSet)
                  0000081c    000001ea     uartstdio.obj (.text:UARTvprintf)
                  00000a06    00000132     driverlib.lib : gpio.obj (.text:GPIOPadConfigSet)
                  00000b38    00000100     crc32.obj (.text:CRC32DataProcess)
                  00000c38    000000d8     crc32.obj (.text:CRCInit)
                  00000d10    0000009c     rtsv7M4_T_le_v4SPD16_eabi.lib : memcpy_t2.obj (.text)
                  00000dac    0000007a                                   : memset_t2.obj (.text)
                  00000e26    00000002     startup_ccs.obj (.text:FaultISR)
                  00000e28    00000070     rtsv7M4_T_le_v4SPD16_eabi.lib : autoinit.obj (.text)
                  00000e98    0000006c     pinout.obj (.text:LEDWrite)
                  00000f04    00000068     rtsv7M4_T_le_v4SPD16_eabi.lib : copy_decompress_lzss.obj (.text:decompress:lzss)
                  00000f6c    00000060     uartstdio.obj (.text:UARTStdioConfig)
                  00000fcc    00000054     rtsv7M4_T_le_v4SPD16_eabi.lib : boot.obj (.text)
                  00001020    00000054                                   : exit.obj (.text)
                  00001074    0000004c                                   : cpy_tbl.obj (.text)
                  000010c0    00000048     uartstdio.obj (.text:UARTwrite)
                  00001108    00000048     driverlib.lib : sysctl.obj (.text:_SysCtlFrequencyGet)
                  00001150    00000040     rtsv7M4_T_le_v4SPD16_eabi.lib : u_divt2.obj (.text)
                  00001190    00000038     crc32.obj (.text:ConfigureUART)
                  000011c8    0000002a     driverlib.lib : gpio.obj (.text:GPIODirModeSet)
                  000011f2    00000002     startup_ccs.obj (.text:IntDefaultHandler)
                  000011f4    00000020     driverlib.lib : sysctl.obj (.text:_SysCtlMemTimingGet)
                  00001214    0000001a     uartstdio.obj (.text:UARTprintf)
                  0000122e    00000002     startup_ccs.obj (.text:NmiSR)
                  00001230    00000018     rtsv7M4_T_le_v4SPD16_eabi.lib : args_main.obj (.text)
                  00001248    00000014                                   : _lock.obj (.text)
                  0000125c    00000012     driverlib.lib : gpio.obj (.text:GPIOPinTypeEthernetLED)
                  0000126e    0000000e     rtsv7M4_T_le_v4SPD16_eabi.lib : copy_decompress_none.obj (.text:decompress:none)
                  0000127c    0000000c                                   : copy_zero_init.obj (.text:decompress:ZI)
                  00001288    00000006     driverlib.lib : gpio.obj (.text:GPIOPinWrite)
                  0000128e    00000006     startup_ccs.obj (.text:ResetISR)
                  00001294    00000004     rtsv7M4_T_le_v4SPD16_eabi.lib : pre_init.obj (.text)
                  00001298    00000002                                   : i_div0.obj (.text)
                  0000129a    00000002                                   : mpu_init.obj (.text)
                  0000129c    00000002                                   : startup.obj (.text)

.const     0    000012a0    0000026c     
                  000012a0    000001b0     driverlib.lib : sysctl.obj (.const:g_pppui32XTALtoVCO)
                  00001450    0000006c                   : sysctl.obj (.const:g_pui32Xtals)
                  000014bc    00000030                   : sysctl.obj (.const:g_sXTALtoMEMTIM)
                  000014ec    0000000c     uartstdio.obj (.const:g_ui32UARTBase)
                  000014f8    0000000c     uartstdio.obj (.const:g_ui32UARTPeriph)
                  00001504    00000008     driverlib.lib : sysctl.obj (.const)

.cinit     0    00001510    00000098     
                  00001510    00000074     (.cinit..data.load) [load image, compression = lzss]
                  00001584    0000000c     (__TI_handler_table)
                  00001590    00000008     (.cinit..bss.load) [load image, compression = zero_init]
                  00001598    00000010     (__TI_cinit_table)

.init_array 
*          0    00000000    00000000     UNINITIALIZED

.bss       0    20000000    00000400     UNINITIALIZED
                  20000000    00000400     (.common:g_psDMAControlTable)

.stack     0    20000400    00000400     UNINITIALIZED
                  20000400    00000400     --HOLE--

.data      0    20000800    00000084     UNINITIALIZED
                  20000800    00000040     crc32.obj (.data:g_pui32RandomData)
                  20000840    00000024     crc32.obj (.data:g_psCRC4C11DB7TestVectors)
                  20000864    0000000c     rtsv7M4_T_le_v4SPD16_eabi.lib : exit.obj (.data:$O1$$)
                  20000870    00000008                                   : _lock.obj (.data:$O1$$)
                  20000878    00000005     uartstdio.obj (.data)
                  2000087d    00000003     --HOLE--
                  20000880    00000004     rtsv7M4_T_le_v4SPD16_eabi.lib : stkdepth_vars.obj (.data)

MODULE SUMMARY

       Module                     code   ro data   rw data
       ------                     ----   -------   -------
    .\
       crc32.obj                  1044   0         1124   
       startup_ccs.obj            12     512       0      
    +--+--------------------------+------+---------+---------+
       Total:                     1056   512       1124   
                                                          
    .\drivers\
       pinout.obj                 644    0         0      
    +--+--------------------------+------+---------+---------+
       Total:                     644    0         0      
                                                          
    .\utils\
       uartstdio.obj              684    24        5      
    +--+--------------------------+------+---------+---------+
       Total:                     684    24        5      
                                                          
    C:/ti/TivaWare_C_Series-2.1.4.178/driverlib/ccs/Debug/driverlib.lib
       sysctl.obj                 616    596       0      
       gpio.obj                   372    0         0      
    +--+--------------------------+------+---------+---------+
       Total:                     988    596       0      
                                                          
    C:\ti\ccsv7\tools\compiler\ti-cgt-arm_16.9.0.LTS\lib\rtsv7M4_T_le_v4SPD16_eabi.lib
       memcpy_t2.obj              156    0         0      
       memset_t2.obj              122    0         0      
       autoinit.obj               112    0         0      
       copy_decompress_lzss.obj   104    0         0      
       exit.obj                   84     0         12     
       boot.obj                   84     0         0      
       cpy_tbl.obj                76     0         0      
       u_divt2.obj                64     0         0      
       _lock.obj                  20     0         8      
       args_main.obj              24     0         0      
       copy_decompress_none.obj   14     0         0      
       copy_zero_init.obj         12     0         0      
       pre_init.obj               4      0         0      
       stkdepth_vars.obj          0      0         4      
       i_div0.obj                 2      0         0      
       mpu_init.obj               2      0         0      
       startup.obj                2      0         0      
    +--+--------------------------+------+---------+---------+
       Total:                     882    0         24     
                                                          
       Stack:                     0      0         1024   
       Linker Generated:          0      152       0      
    +--+--------------------------+------+---------+---------+
       Grand Total:               4254   1284      2177   


LINKER GENERATED COPY TABLES

__TI_cinit_table @ 00001598 records: 2, size/record: 8, table size: 16
	.data: load addr=00001510, load size=00000074 bytes, run addr=20000800, run size=00000084 bytes, compression=lzss
	.bss: load addr=00001590, load size=00000008 bytes, run addr=20000000, run size=00000400 bytes, compression=zero_init


LINKER GENERATED HANDLER TABLE

__TI_handler_table @ 00001584 records: 3, size/record: 4, table size: 12
	index: 0, handler: __TI_decompress_lzss
	index: 1, handler: __TI_decompress_none
	index: 2, handler: __TI_zero_init


GLOBAL SYMBOLS: SORTED ALPHABETICALLY BY Name 

address   name                           
-------   ----                           
00001021  C$$EXIT                        
00000b39  CRC32DataProcess               
00000c39  CRCInit                        
00001191  ConfigureUART                  
000011c9  GPIODirModeSet                 
00000a07  GPIOPadConfigSet               
0000125d  GPIOPinTypeEthernetLED         
00001289  GPIOPinWrite                   
00000e99  LEDWrite                       
00000201  PinoutSet                      
0000128f  ResetISR                       
UNDEFED   SHT$$INIT_ARRAY$$Base          
UNDEFED   SHT$$INIT_ARRAY$$Limit         
0000061d  SysCtlClockFreqSet             
00000f6d  UARTStdioConfig                
00001215  UARTprintf                     
0000081d  UARTvprintf                    
000010c1  UARTwrite                      
20000800  __STACK_END                    
00000400  __STACK_SIZE                   
20000800  __STACK_TOP                    
00001598  __TI_CINIT_Base                
000015a8  __TI_CINIT_Limit               
00001584  __TI_Handler_Table_Base        
00001590  __TI_Handler_Table_Limit       
00000e29  __TI_auto_init                 
20000864  __TI_cleanup_ptr               
00000f05  __TI_decompress_lzss           
0000126f  __TI_decompress_none           
20000868  __TI_dtors_ptr                 
2000086c  __TI_enable_exit_profile_output
ffffffff  __TI_pprof_out_hndl            
ffffffff  __TI_prof_data_size            
ffffffff  __TI_prof_data_start           
00000000  __TI_static_base__             
0000127d  __TI_zero_init                 
00001299  __aeabi_idiv0                  
00000dad  __aeabi_memclr                 
00000dad  __aeabi_memclr4                
00000dad  __aeabi_memclr8                
00000d11  __aeabi_memcpy                 
00000d11  __aeabi_memcpy4                
00000d11  __aeabi_memcpy8                
00000daf  __aeabi_memset                 
00000daf  __aeabi_memset4                
00000daf  __aeabi_memset8                
00001151  __aeabi_uidiv                  
00001151  __aeabi_uidivmod               
ffffffff  __binit__                      
ffffffff  __c_args__                     
0000129b  __mpu_init                     
20000400  __stack                        
00001231  _args_main                     
00000fcd  _c_int00                       
20000870  _lock                          
00001257  _nop                           
0000124f  _register_lock                 
00001249  _register_unlock               
0000129d  _system_post_cinit             
00001295  _system_pre_init               
20000874  _unlock                        
00001025  abort                          
ffffffff  binit                          
00001075  copy_in                        
0000102d  exit                           
00000000  g_pfnVectors                   
20000840  g_psCRC4C11DB7TestVectors      
20000000  g_psDMAControlTable            
20000800  g_pui32RandomData              
00000419  main                           
20000880  main_func_sp                   
00000d11  memcpy                         
00000db5  memset                         


GLOBAL SYMBOLS: SORTED BY Symbol Address 

address   name                           
-------   ----                           
00000000  __TI_static_base__             
00000000  g_pfnVectors                   
00000201  PinoutSet                      
00000400  __STACK_SIZE                   
00000419  main                           
0000061d  SysCtlClockFreqSet             
0000081d  UARTvprintf                    
00000a07  GPIOPadConfigSet               
00000b39  CRC32DataProcess               
00000c39  CRCInit                        
00000d11  __aeabi_memcpy                 
00000d11  __aeabi_memcpy4                
00000d11  __aeabi_memcpy8                
00000d11  memcpy                         
00000dad  __aeabi_memclr                 
00000dad  __aeabi_memclr4                
00000dad  __aeabi_memclr8                
00000daf  __aeabi_memset                 
00000daf  __aeabi_memset4                
00000daf  __aeabi_memset8                
00000db5  memset                         
00000e29  __TI_auto_init                 
00000e99  LEDWrite                       
00000f05  __TI_decompress_lzss           
00000f6d  UARTStdioConfig                
00000fcd  _c_int00                       
00001021  C$$EXIT                        
00001025  abort                          
0000102d  exit                           
00001075  copy_in                        
000010c1  UARTwrite                      
00001151  __aeabi_uidiv                  
00001151  __aeabi_uidivmod               
00001191  ConfigureUART                  
000011c9  GPIODirModeSet                 
00001215  UARTprintf                     
00001231  _args_main                     
00001249  _register_unlock               
0000124f  _register_lock                 
00001257  _nop                           
0000125d  GPIOPinTypeEthernetLED         
0000126f  __TI_decompress_none           
0000127d  __TI_zero_init                 
00001289  GPIOPinWrite                   
0000128f  ResetISR                       
00001295  _system_pre_init               
00001299  __aeabi_idiv0                  
0000129b  __mpu_init                     
0000129d  _system_post_cinit             
00001584  __TI_Handler_Table_Base        
00001590  __TI_Handler_Table_Limit       
00001598  __TI_CINIT_Base                
000015a8  __TI_CINIT_Limit               
20000000  g_psDMAControlTable            
20000400  __stack                        
20000800  __STACK_END                    
20000800  __STACK_TOP                    
20000800  g_pui32RandomData              
20000840  g_psCRC4C11DB7TestVectors      
20000864  __TI_cleanup_ptr               
20000868  __TI_dtors_ptr                 
2000086c  __TI_enable_exit_profile_output
20000870  _lock                          
20000874  _unlock                        
20000880  main_func_sp                   
ffffffff  __TI_pprof_out_hndl            
ffffffff  __TI_prof_data_size            
ffffffff  __TI_prof_data_start           
ffffffff  __binit__                      
ffffffff  __c_args__                     
ffffffff  binit                          
UNDEFED   SHT$$INIT_ARRAY$$Base          
UNDEFED   SHT$$INIT_ARRAY$$Limit         

[73 symbols]
