******************************************************************************
                  TI ARM Linker PC v5.2.5                      
******************************************************************************
>> Linked Fri Jul 22 12:48:34 2016

OUTPUT FILE NAME:   <usb_host_keyboard.out>
ENTRY POINT SYMBOL: "_c_int00"  address: 00003a11


MEMORY CONFIGURATION

         name            origin    length      used     unused   attr    fill
----------------------  --------  ---------  --------  --------  ----  --------
  FLASH                 00000000   00100000  00005752  000fa8ae  R  X
  SRAM                  20000000   00040000  000014ec  0003eb14  RW X


SEGMENT ALLOCATION MAP

run origin  load origin   length   init length attrs members
----------  ----------- ---------- ----------- ----- -------
00000000    00000000    00005758   00005758    r-x
  00000000    00000000    00000200   00000200    r-- .intvecs
  00000200    00000200    00004f36   00004f36    r-x .text
  00005138    00005138    000005cc   000005cc    r-- .const
  00005708    00005708    00000050   00000050    r-- .cinit
20000000    20000000    000014ec   00000000    rw-
  20000000    20000000    00000c60   00000000    rw- .bss
  20000c60    20000c60    00000800   00000000    rw- .stack
  20001460    20001460    0000008c   00000000    rw- .data


SECTION ALLOCATION MAP

 output                                  attributes/
section   page    origin      length       input sections
--------  ----  ----------  ----------   ----------------
.intvecs   0    00000000    00000200     
                  00000000    00000200     startup_ccs.obj (.intvecs)

.text      0    00000200    00004f36     
                  00000200    000003f8     usblib.lib : usbhostenum.obj (.text:USBHostIntHandlerInternal)
                  000005f8    00000214     pinout.obj (.text:PinoutSet)
                  0000080c    00000204     driverlib.lib : sysctl.obj (.text:SysCtlClockFreqSet)
                  00000a10    000001ea     uartstdio.obj (.text:UARTvprintf)
                  00000bfa    00000002     startup_ccs.obj (.text:FaultISR)
                  00000bfc    0000019c     usblib.lib : usbhostenum.obj (.text:USBHCDPipeAllocSize)
                  00000d98    0000018c                : usbhostenum.obj (.text:ProcessUSBDeviceStateMachine)
                  00000f24    00000174                : usbhhub.obj (.text:USBHHubMain)
                  00001098    00000168                : usbhostenum.obj (.text:USBHCDInitInternal)
                  00001200    00000160                : usbdma.obj (.text:USBLibDMAInit)
                  00001360    00000150                : usbdenum.obj (.text:USBDEP0StateTxConfig)
                  000014b0    00000150                : usbdenum.obj (.text:USBDeviceIntHandlerInternal)
                  00001600    00000148                : usbdconfig.obj (.text:USBDeviceConfig)
                  00001748    00000132     driverlib.lib : gpio.obj (.text:GPIOPadConfigSet)
                  0000187a    00000002     startup_ccs.obj (.text:IntDefaultHandler)
                  0000187c    00000120     usb_host_keyboard.obj (.text:main)
                  0000199c    00000100     usblib.lib : usbhostenum.obj (.text:USBHCDEnumHandler)
                  00001a9c    000000f4                : usbdma.obj (.text:iDMAUSBTransfer)
                  00001b90    000000f0                : usbhostenum.obj (.text:USBHCDControlTransfer)
                  00001c80    000000f0                : usbhostenum.obj (.text:USBHCDPipeFree)
                  00001d70    000000ec                : usbhostenum.obj (.text:USBHCDInit)
                  00001e5c    000000e4                : usbdenum.obj (.text:USBDGetDescriptor)
                  00001f40    000000e0                : usbhostenum.obj (.text:USBHCDMain)
                  00002020    000000dc                : usbhostenum.obj (.text:USBHCDPipeSchedule)
                  000020fc    000000d8                : usbdenum.obj (.text:USBDeviceEnumHandler)
                  000021d4    000000d8                : usbhostenum.obj (.text:USBHCDPipeConfig)
                  000022ac    000000c8     usb_host_keyboard.obj (.text:USBHCDEvents)
                  00002374    000000c8     driverlib.lib : usb.obj (.text:USBHostEndpointConfig)
                  0000243c    000000c4     usblib.lib : usbdma.obj (.text:uDMAUSBChannelAllocate)
                  00002500    000000bc                : usbmode.obj (.text:USB0OTGModeIntHandler)
                  000025bc    000000bc                : usbhhidkeyboard.obj (.text:UpdateKeyboardState)
                  00002678    000000bc                : usbdma.obj (.text:uDMAUSBTransfer)
                  00002734    000000a0                : usbhostenum.obj (.text:USBHCDDeviceDisconnected)
                  000027d4    0000009c                : usbhhid.obj (.text:HIDDriverOpen)
                  00002870    0000009c     rtsv7M4_T_le_v4SPD16_eabi.lib : memcpy_t2.obj (.text)
                  0000290c    00000098     usblib.lib : usbdenum.obj (.text:USBDSetInterface)
                  000029a4    00000090                : usbdenum.obj (.text:USBDSetConfiguration)
                  00002a34    00000090                : usbhostenum.obj (.text:USBHCDOpenDriver)
                  00002ac4    0000008c                : usbhostenum.obj (.text:FIFOAlloc)
                  00002b50    0000008c                : usbdconfig.obj (.text:USBDeviceConfigAlternate)
                  00002bdc    00000084                : usbmode.obj (.text:USBOTGMain)
                  00002c60    00000084                : usbdma.obj (.text:iDMAUSBChannelAllocate)
                  00002ce4    00000084     driverlib.lib : udma.obj (.text:uDMAChannelTransferSet)
                  00002d68    00000080     usblib.lib : usbdenum.obj (.text:USBDClearFeature)
                  00002de8    0000007a     driverlib.lib : usb.obj (.text:USBDevEndpointConfigSet)
                  00002e62    0000007a     rtsv7M4_T_le_v4SPD16_eabi.lib : memset_t2.obj (.text)
                  00002edc    00000078     usblib.lib : usbdenum.obj (.text:USBDGetStatus)
                  00002f54    00000074     usb_host_keyboard.obj (.text:KeyboardCallback)
                  00002fc8    00000074     usblib.lib : usbhostenum.obj (.text:USBHCDGetConfigDescriptor)
                  0000303c    00000070                : usbdenum.obj (.text:USBDEP0StateTx)
                  000030ac    00000070                : usbdma.obj (.text:uDMAUSBArbSizeSet)
                  0000311c    00000070                : usbdma.obj (.text:uDMAUSBUnitSizeSet)
                  0000318c    0000006c                : usbdenum.obj (.text:USBDSetFeature)
                  000031f8    0000006c                : usbmode.obj (.text:USBOTGSetMode)
                  00003264    0000006c     rtsv7M4_T_le_v4SPD16_eabi.lib : autoinit.obj (.text)
                  000032d0    0000006a                                   : copy_decompress_rle.obj (.text)
                  0000333a    00000002     startup_ccs.obj (.text:NmiSR)
                  0000333c    00000068     driverlib.lib : interrupt.obj (.text:IntDisable)
                  000033a4    00000068                   : interrupt.obj (.text:IntEnable)
                  0000340c    00000066     usblib.lib : usbhhidkeyboard.obj (.text:USBHKeyboardUsageToChar)
                  00003472    00000002                : usbdma.obj (.text:iDMAUSBArbSizeSet)
                  00003474    00000064     driverlib.lib : interrupt.obj (.text:IntIsEnabled)
                  000034d8    00000064     usblib.lib : usbhostenum.obj (.text:USBHostCheckPipes)
                  0000353c    00000064                : usbdma.obj (.text:uDMAUSBChannelEnable)
                  000035a0    00000060     uartstdio.obj (.text:UARTStdioConfig)
                  00003600    00000060     usblib.lib : usbdenum.obj (.text:USBDReadAndDispatchRequest)
                  00003660    0000005e     driverlib.lib : usb.obj (.text:USBDevEndpointStatusClear)
                  000036be    00000002     usblib.lib : usbdma.obj (.text:iDMAUSBUnitSizeSet)
                  000036c0    0000005c                : usbhostenum.obj (.text:ConfigDescAlloc)
                  0000371c    0000005c                : usbhostenum.obj (.text:USBHCDGetDeviceDescriptor)
                  00003778    00000058                : usbhostenum.obj (.text:USBHCDEP0StateTx)
                  000037d0    00000058                : usbhostenum.obj (.text:USBHCDHubDeviceConnected)
                  00003828    00000056                : usbdma.obj (.text:uDMAUSBChannelRelease)
                  0000387e    00000052                : usbulpi.obj (.text:ULPIConfigSet)
                  000038d0    00000050                : usbhhub.obj (.text:HubGetPortStatus)
                  00003920    00000050     driverlib.lib : sysctl.obj (.text:SysCtlPeripheralReset)
                  00003970    00000050     usblib.lib : usbdcdesc.obj (.text:USBDCDConfigDescGet)
                  000039c0    00000050                : usbdenum.obj (.text:USBDeviceResumeTickHandler)
                  00003a10    00000050     rtsv7M4_T_le_v4SPD16_eabi.lib : boot.obj (.text)
                  00003a60    0000004e     usblib.lib : usbhhidkeyboard.obj (.text:USBHKeyboardCallback)
                  00003aae    0000004c                : usbdconfig.obj (.text:GetEPDescriptorType)
                  00003afa    00000002     rtsv7M4_T_le_v4SPD16_eabi.lib : i_div0.obj (.text)
                  00003afc    0000004c     usblib.lib : usbhhub.obj (.text:HubDriverDeviceDisconnect)
                  00003b48    0000004c                : usbdenum.obj (.text:USBDStringIndexFromRequest)
                  00003b94    0000004c     driverlib.lib : usb.obj (.text:USBEndpointDMAConfigSet)
                  00003be0    0000004c     usblib.lib : usbhostenum.obj (.text:USBHCDPowerConfigSet)
                  00003c2c    0000004c                : usbdma.obj (.text:iDMAUSBChannelEnable)
                  00003c78    0000004c     rtsv7M4_T_le_v4SPD16_eabi.lib : cpy_tbl.obj (.text)
                  00003cc4    0000004a     usblib.lib : usbdcdesc.obj (.text:ConfigAlternateInterfaceGet)
                  00003d0e    0000004a     driverlib.lib : usb.obj (.text:USBDevEndpointStallClear)
                  00003d58    0000004a     usblib.lib : usbdma.obj (.text:uDMAUSBChannelDisable)
                  00003da2    00000002                : usbdma.obj (.text:uDMAUSBChannelIntDisable)
                  00003da4    00000048     uartstdio.obj (.text:UARTwrite)
                  00003dec    00000048     usblib.lib : usbdenum.obj (.text:USBDeviceEnumResetHandler)
                  00003e34    00000048     driverlib.lib : usb.obj (.text:USBFIFOFlush)
                  00003e7c    00000048     usblib.lib : usbhostenum.obj (.text:USBHCDSetAddress)
                  00003ec4    00000048     driverlib.lib : sysctl.obj (.text:_SysCtlFrequencyGet)
                  00003f0c    00000048                   : udma.obj (.text:uDMAChannelAttributeDisable)
                  00003f54    00000046                   : usb.obj (.text:USBEndpointDataGet)
                  00003f9a    00000002     usblib.lib : usbdma.obj (.text:uDMAUSBChannelIntEnable)
                  00003f9c    00000044                : usbdenum.obj (.text:USBDGetInterface)
                  00003fe0    00000044                : usbhhub.obj (.text:USBHHubInit)
                  00004024    00000044                : usbhhidkeyboard.obj (.text:USBHKeyboardInit)
                  00004068    00000044     rtsv7M4_T_le_v4SPD16_eabi.lib : exit.obj (.text)
                  000040ac    00000042     usblib.lib : usbhhid.obj (.text:USBHHIDSetProtocol)
                  000040ee    00000002     --HOLE-- [fill = 0]
                  000040f0    00000040                : usbhhid.obj (.text:HIDIntINCallback)
                  00004130    00000040                : usbhostenum.obj (.text:USBHCDPipeReadNonBlocking)
                  00004170    00000040     rtsv7M4_T_le_v4SPD16_eabi.lib : u_divt2.obj (.text)
                  000041b0    0000003c     usblib.lib : usbhhub.obj (.text:HubDriverReset)
                  000041ec    0000003c                : usbhhid.obj (.text:USBHHIDSetReport)
                  00004228    0000003c                : usbdma.obj (.text:iDMAUSBChannelRelease)
                  00004264    0000003a     driverlib.lib : usb.obj (.text:USBFIFOConfigSet)
                  0000429e    00000002     --HOLE-- [fill = 0]
                  000042a0    00000038     usblib.lib : usbtick.obj (.text:InternalUSBStartOfFrameTick)
                  000042d8    00000038                : usbdcdesc.obj (.text:USBDCDConfigGetInterfaceEndpoint)
                  00004310    00000038                : usbhostenum.obj (.text:USBHCDReset)
                  00004348    00000038                : usbhhid.obj (.text:USBHHIDGetReportDescriptor)
                  00004380    00000038                : usbhhid.obj (.text:USBHHIDSetIdle)
                  000043b8    00000038     driverlib.lib : usb.obj (.text:USBIntStatusControl)
                  000043f0    00000036     usblib.lib : usbhhub.obj (.text:HubClearPortFeature)
                  00004426    00000036                : usbhhub.obj (.text:HubSetPortFeature)
                  0000445c    00000036     driverlib.lib : usb.obj (.text:USBEndpointDataPut)
                  00004492    00000002     --HOLE-- [fill = 0]
                  00004494    00000034                   : sysctl.obj (.text:SysCtlPeripheralEnable)
                  000044c8    00000034                   : usb.obj (.text:USBEndpointDataSend)
                  000044fc    00000034     usblib.lib : usbhostenum.obj (.text:USBHCDSetConfig)
                  00004530    00000034     driverlib.lib : usb.obj (.text:USBHostEndpointStatusClear)
                  00004564    00000034     usblib.lib : usbmode.obj (.text:USBOTGRemovePower)
                  00004598    00000034                : usbdma.obj (.text:iDMAUSBChannelStatus)
                  000045cc    00000032                : usbdcdesc.obj (.text:NextConfigDescGet)
                  000045fe    00000032     driverlib.lib : usb.obj (.text:USBDevEndpointStall)
                  00004630    00000032     usblib.lib : usbdma.obj (.text:iDMAUSBChannelDisable)
                  00004662    00000030                : usbdma.obj (.text:DMAUSBIntHandler)
                  00004692    00000002     --HOLE-- [fill = 0]
                  00004694    00000030                : usbtick.obj (.text:InternalUSBTickInit)
                  000046c4    00000030                : usbdenum.obj (.text:USBDGetConfiguration)
                  000046f4    00000030                : usbhostenum.obj (.text:USBHCDDevClass)
                  00004724    00000030                : usbhostenum.obj (.text:USBHCDDevProtocol)
                  00004754    00000030     driverlib.lib : usb.obj (.text:USBHostHubAddrSet)
                  00004784    0000002c     usblib.lib : usbhostenum.obj (.text:ConfigDescFree)
                  000047b0    0000002c                : usbhostenum.obj (.text:FIFOFree)
                  000047dc    0000002c                : usbhostenum.obj (.text:InternalUSBHCDSendEvent)
                  00004808    0000002c                : usbdesc.obj (.text:USBDescGet)
                  00004834    0000002c                : usbdesc.obj (.text:USBDescGetAlternateInterface)
                  00004860    0000002c                : usbdma.obj (.text:uDMAUSBIntStatus)
                  0000488c    0000002a     driverlib.lib : gpio.obj (.text:GPIODirModeSet)
                  000048b6    0000002a     usblib.lib : usbdcdesc.obj (.text:USBDCDConfigDescGetNum)
                  000048e0    0000002a                : usbdesc.obj (.text:USBDescGetNum)
                  0000490a    0000002a     driverlib.lib : usb.obj (.text:USBDevEndpointDataAck)
                  00004934    00000028     usblib.lib : usbdenum.obj (.text:USBDSetAddress)
                  0000495c    00000028     driverlib.lib : usb.obj (.text:USBIntEnableControl)
                  00004984    00000028                   : udma.obj (.text:uDMAChannelModeGet)
                  000049ac    00000026                   : usb.obj (.text:USBHostSpeedGet)
                  000049d2    00000002     --HOLE-- [fill = 0]
                  000049d4    00000024     usb_host_keyboard.obj (.text:GetTickms)
                  000049f8    00000024     driverlib.lib : usb.obj (.text:USBEndpointDMADisable)
                  00004a1c    00000024                   : usb.obj (.text:USBEndpointDMAEnable)
                  00004a40    00000024                   : usb.obj (.text:USBEndpointDataToggleClear)
                  00004a64    00000024     usblib.lib : usbhhid.obj (.text:USBHHIDOpen)
                  00004a88    00000024                : usbmode.obj (.text:USBStackModeSet)
                  00004aac    00000024     driverlib.lib : udma.obj (.text:uDMAChannelControlSet)
                  00004ad0    00000022     usblib.lib : usbhhid.obj (.text:HIDDriverClose)
                  00004af2    00000022                : usbdma.obj (.text:uDMAUSBChannelStatus)
                  00004b14    00000020                : usbdconfig.obj (.text:GetEndpointFIFOSize)
                  00004b34    00000020                : usbhhub.obj (.text:HubDriverDeviceConnect)
                  00004b54    00000020                : usbhhub.obj (.text:HubDriverDeviceReset)
                  00004b74    00000020                : usbhhidkeyboard.obj (.text:USBHKeyboardOpen)
                  00004b94    00000020     driverlib.lib : usb.obj (.text:USBHostEndpointDataAck)
                  00004bb4    00000020                   : sysctl.obj (.text:_SysCtlMemTimingGet)
                  00004bd4    0000001e     usblib.lib : usbdesc.obj (.text:USBDescGetInterface)
                  00004bf2    0000001e     driverlib.lib : usb.obj (.text:USBULPIRegRead)
                  00004c10    0000001e                   : usb.obj (.text:USBULPIRegWrite)
                  00004c2e    00000002     --HOLE-- [fill = 0]
                  00004c30    0000001c     usblib.lib : usbmode.obj (.text:OTGDeviceDisconnect)
                  00004c4c    0000001c                : usbdcdesc.obj (.text:USBDCDConfigGetInterface)
                  00004c68    0000001c                : usbdenum.obj (.text:USBDCDStallEP0)
                  00004c84    0000001c     driverlib.lib : usb.obj (.text:USBEndpointDataAvail)
                  00004ca0    0000001c     usblib.lib : usbhhidkeyboard.obj (.text:USBHKeyboardModifierSet)
                  00004cbc    0000001a     uartstdio.obj (.text:UARTprintf)
                  00004cd6    0000001a     usblib.lib : usbdcdesc.obj (.text:USBDCDConfigDescGetSize)
                  00004cf0    0000001a     driverlib.lib : usb.obj (.text:USBEndpointDMAChannel)
                  00004d0a    0000001a                   : usb.obj (.text:USBOTGSessionRequest)
                  00004d24    00000018     usblib.lib : usbdenum.obj (.text:USBDSetDescriptor)
                  00004d3c    00000018                : usbdenum.obj (.text:USBDSyncFrame)
                  00004d54    00000018                : usbhhub.obj (.text:USBHHubEnumerationComplete)
                  00004d6c    00000018                : usbhhub.obj (.text:USBHHubEnumerationError)
                  00004d84    00000018     driverlib.lib : usb.obj (.text:USBHostPwrConfig)
                  00004d9c    00000018                   : usb.obj (.text:USBHostRequestINClear)
                  00004db4    00000018     rtsv7M4_T_le_v4SPD16_eabi.lib : args_main.obj (.text)
                  00004dcc    00000018     driverlib.lib : udma.obj (.text:uDMAChannelDisable)
                  00004de4    00000018                   : udma.obj (.text:uDMAChannelEnable)
                  00004dfc    00000016     usblib.lib : usbdesc.obj (.text:USBDescGetInterfaceEndpoint)
                  00004e12    00000016     driverlib.lib : usb.obj (.text:USBHostAddrSet)
                  00004e28    00000016                   : usb.obj (.text:USBIntEnableEndpoint)
                  00004e3e    00000002     --HOLE-- [fill = 0]
                  00004e40    00000014                   : sysctl.obj (.text:SysCtlUSBPLLEnable)
                  00004e54    00000014                   : usb.obj (.text:USBDMAChannelConfigSet)
                  00004e68    00000014     usblib.lib : usbhostenum.obj (.text:USBHCDPowerAutomatic)
                  00004e7c    00000014     driverlib.lib : usb.obj (.text:USBHostReset)
                  00004e90    00000014                   : usb.obj (.text:USBHostResume)
                  00004ea4    00000014     usblib.lib : usbhhub.obj (.text:USBHubPortSpeedSet)
                  00004eb8    00000014     driverlib.lib : usb.obj (.text:_USBIndexWrite)
                  00004ecc    00000014     rtsv7M4_T_le_v4SPD16_eabi.lib : _lock.obj (.text)
                  00004ee0    00000012     driverlib.lib : gpio.obj (.text:GPIOPinTypeEthernetLED)
                  00004ef2    00000012     usblib.lib : usbhostenum.obj (.text:SendUnknownConnect)
                  00004f04    00000012     driverlib.lib : usb.obj (.text:USBDMAChannelDisable)
                  00004f16    00000012                   : usb.obj (.text:USBDMAChannelEnable)
                  00004f28    00000012                   : usb.obj (.text:USBDMAChannelIntDisable)
                  00004f3a    00000012                   : usb.obj (.text:USBDMAChannelIntEnable)
                  00004f4c    00000012                   : usb.obj (.text:USBHostLPMConfig)
                  00004f5e    00000012                   : usb.obj (.text:USBHostRequestIN)
                  00004f70    00000010     usb_host_keyboard.obj (.text:SysTickIntHandler)
                  00004f80    00000010     driverlib.lib : usb.obj (.text:USBEndpointStatus)
                  00004f90    00000010     usblib.lib : usbhostenum.obj (.text:USBHCDRegisterDrivers)
                  00004fa0    00000010     driverlib.lib : usb.obj (.text:USBHostPwrDisable)
                  00004fb0    0000000e     usblib.lib : usbdma.obj (.text:DMAUSBIntStatusClear)
                  00004fbe    0000000e                : usbhostenum.obj (.text:HCDInstanceToDevIndex)
                  00004fcc    0000000e     driverlib.lib : usb.obj (.text:USBDMAChannelStatus)
                  00004fda    0000000e                   : usb.obj (.text:USBDevLPMEnable)
                  00004fe8    0000000e                   : usb.obj (.text:USBHostPwrEnable)
                  00004ff6    0000000e                   : usb.obj (.text:USBULPIDisable)
                  00005004    0000000e                   : usb.obj (.text:USBULPIEnable)
                  00005012    0000000e     rtsv7M4_T_le_v4SPD16_eabi.lib : copy_decompress_none.obj (.text:decompress:none)
                  00005020    0000000c     driverlib.lib : usb.obj (.text:USBEndpointPacketCountSet)
                  0000502c    0000000c     usblib.lib : usbhostenum.obj (.text:USBHCDHubDeviceDisconnected)
                  00005038    0000000c                : usbhostenum.obj (.text:USBHCDPipeAlloc)
                  00005044    0000000c                : usbhostenum.obj (.text:USBHCDPowerConfigInit)
                  00005050    0000000c     driverlib.lib : usb.obj (.text:USBLPMIntEnable)
                  0000505c    0000000c     rtsv7M4_T_le_v4SPD16_eabi.lib : copy_zero_init.obj (.text:decompress:ZI)
                  00005068    0000000a     driverlib.lib : usb.obj (.text:USBClockEnable)
                  00005072    0000000a                   : usb.obj (.text:USBControllerVersion)
                  0000507c    0000000a                   : usb.obj (.text:USBDMAChannelAddressSet)
                  00005086    0000000a                   : usb.obj (.text:USBDMAChannelCountSet)
                  00005090    0000000a                   : usb.obj (.text:USBDevDisconnect)
                  0000509a    0000000a     usblib.lib : usbhhid.obj (.text:USBHHIDGetReport)
                  000050a4    0000000a     driverlib.lib : usb.obj (.text:USBHostSuspend)
                  000050ae    0000000a                   : usb.obj (.text:USBIntStatusEndpoint)
                  000050b8    0000000a     usblib.lib : usbdma.obj (.text:USBLibDMAAddrGet)
                  000050c2    0000000a     driverlib.lib : usb.obj (.text:USBModeGet)
                  000050cc    0000000a                   : usb.obj (.text:USBNumEndpointsGet)
                  000050d6    00000008                   : usb.obj (.text:USBFIFOAddrGet)
                  000050de    00000008                   : usb.obj (.text:USBHostMode)
                  000050e6    00000008                   : usb.obj (.text:USBHostRequestStatus)
                  000050ee    00000008                   : usb.obj (.text:USBOTGMode)
                  000050f6    00000008     usblib.lib : usbdma.obj (.text:iDMAUSBChannelIntDisable)
                  000050fe    00000008                : usbdma.obj (.text:iDMAUSBChannelIntEnable)
                  00005106    00000006     startup_ccs.obj (.text:ResetISR)
                  0000510c    00000006     driverlib.lib : sysctl.obj (.text:SysCtlDelay)
                  00005112    00000006                   : usb.obj (.text:USBDMAChannelIntStatus)
                  00005118    00000006                   : usb.obj (.text:USBLPMIntStatus)
                  0000511e    00000006     rtsv7M4_T_le_v4SPD16_eabi.lib : copy_decompress_rle.obj (.text:decompress:rle24)
                  00005124    00000006     usblib.lib : usbdma.obj (.text:iDMAUSBIntStatus)
                  0000512a    00000004                : usbdma.obj (.text:DMAUSBStatus)
                  0000512e    00000004     driverlib.lib : usb.obj (.text:USBDevAddrSet)
                  00005132    00000004     rtsv7M4_T_le_v4SPD16_eabi.lib : pre_init.obj (.text)

.const     0    00005138    000005cc     
                  00005138    00000200     usblib.lib : usbkeyboardmap.obj (.const:g_pui8KeyBoardMap)
                  00005338    00000120     driverlib.lib : sysctl.obj (.const:g_pppui32XTALtoVCO)
                  00005458    00000108     usblib.lib : usbkeyboardmap.obj (.const:g_sUSKeyboardMap)
                  00005560    00000070     driverlib.lib : interrupt.obj (.const)
                  000055d0    0000006c                   : sysctl.obj (.const:g_pui32Xtals)
                  0000563c    00000034     usblib.lib : usbdenum.obj (.const:g_psUSBDStdRequests)
                  00005670    00000030     driverlib.lib : sysctl.obj (.const:g_sXTALtoMEMTIM)
                  000056a0    0000001c     uartstdio.obj (.const)
                  000056bc    0000001c     usb_host_keyboard.obj (.const)
                  000056d8    00000012     uartstdio.obj (.const:.string)
                  000056ea    00000002     --HOLE-- [fill = 0]
                  000056ec    00000010     usblib.lib : usbhhid.obj (.const)
                  000056fc    00000008     driverlib.lib : sysctl.obj (.const)

.cinit     0    00005708    00000050     
                  00005708    0000002c     (.cinit..data.load) [load image, compression = rle]
                  00005734    0000000c     (__TI_handler_table)
                  00005740    00000008     (.cinit..bss.load) [load image, compression = zero_init]
                  00005748    00000010     (__TI_cinit_table)

.init_array 
*          0    00000000    00000000     UNINITIALIZED

.bss       0    20000000    00000c60     UNINITIALIZED
                  20000000    000006cc     usblib.lib : usbhostenum.obj (.bss:g_sUSBHCD)
                  200006cc    00000110                : usbdma.obj (.bss:g_psUSBDMAInst)
                  200007dc    0000009c                : usbhhub.obj (.bss:g_sRootHub)
                  20000878    00000080     usb_host_keyboard.obj (.bss:g_pHCDPool)
                  200008f8    00000080     usb_host_keyboard.obj (.bss:g_pui8Buffer)
                  20000978    00000064     usblib.lib : usbhhid.obj (.bss:g_psHIDDevice)
                  200009dc    00000050                : usbdenum.obj (.bss:g_psDCDInst)
                  20000a2c    00000040                : usbdenum.obj (.bss:g_pui8DataBufferIn)
                  20000a6c    00000018     (.common:g_pfnTickHandlers)
                  20000a84    00000018     (.common:g_pi32USBHActiveDriver)
                  20000a9c    00000018     (.common:g_ppvDriverInstance)
                  20000ab4    00000018     (.common:g_pvTickInstance)
                  20000acc    00000008     (.common:g_pui32Alloc)
                  20000ad4    00000004     (.common:g_pfnUSBModeCallback)
                  20000ad8    00000004     (.common:g_ppsDevInfo)
                  20000adc    00000004     (.common:g_ui32ChangeFlags)
                  20000ae0    00000004     (.common:g_ui32HubChanges)
                  20000ae4    00000004     (.common:g_ui32LastTick)
                  20000ae8    00000004     (.common:g_ui32PollRate)
                  20000aec    00000004     (.common:g_ui32SysTickCount)
                  20000af0    00000004     (.common:g_ui32ULPISupport)
                  20000af4    00000001     (.common:g_eOTGModeState)
                  20000af5    00000001     (.common:g_eUSBState)
                  20000af6    0000010a     --HOLE--
                  20000c00    00000060     usb_host_keyboard.obj (.bss:g_sDMAControlTable)

.TI.noinit 
*          0    20000000    00000000     UNINITIALIZED

.stack     0    20000c60    00000800     UNINITIALIZED
                  20000c60    00000800     --HOLE--

.data      0    20001460    0000008c     UNINITIALIZED
                  20001460    0000002c     usblib.lib : usbhostenum.obj (.data)
                  2000148c    0000001c                : usbhhidkeyboard.obj (.data)
                  200014a8    0000000c                : usbtick.obj (.data)
                  200014b4    00000009                : usbmode.obj (.data)
                  200014bd    00000003     --HOLE--
                  200014c0    00000008     rtsv7M4_T_le_v4SPD16_eabi.lib : _lock.obj (.data)
                  200014c8    00000008                                   : exit.obj (.data)
                  200014d0    00000008     usb_host_keyboard.obj (.data)
                  200014d8    00000008     usblib.lib : usbdenum.obj (.data)
                  200014e0    00000005     uartstdio.obj (.data)
                  200014e5    00000003     --HOLE--
                  200014e8    00000004     rtsv7M4_T_le_v4SPD16_eabi.lib : stkdepth_vars.obj (.data)

.TI.persistent 
*          0    20001460    00000000     UNINITIALIZED


LINKER GENERATED COPY TABLES

__TI_cinit_table @ 00005748 records: 2, size/record: 8, table size: 16
	.data: load addr=00005708, load size=0000002c bytes, run addr=20001460, run size=0000008c bytes, compression=rle
	.bss: load addr=00005740, load size=00000008 bytes, run addr=20000000, run size=00000c60 bytes, compression=zero_init


LINKER GENERATED HANDLER TABLE

__TI_handler_table @ 00005734 records: 3, size/record: 4, table size: 12
	index: 0, handler: __TI_decompress_rle24
	index: 1, handler: __TI_decompress_none
	index: 2, handler: __TI_zero_init


GLOBAL SYMBOLS: SORTED ALPHABETICALLY BY Name 

address   name                            
-------   ----                            
00004069  C$$EXIT                         
000036c1  ConfigDescAlloc                 
00004785  ConfigDescFree                  
0000488d  GPIODirModeSet                  
00001749  GPIOPadConfigSet                
00004ee1  GPIOPinTypeEthernetLED          
000049d5  GetTickms                       
0000333d  IntDisable                      
000033a5  IntEnable                       
00003475  IntIsEnabled                    
000047dd  InternalUSBHCDSendEvent         
000042a1  InternalUSBStartOfFrameTick     
00004695  InternalUSBTickInit             
00002f55  KeyboardCallback                
00004c31  OTGDeviceDisconnect             
000005f9  PinoutSet                       
00005107  ResetISR                        
UNDEFED   SHT$$INIT_ARRAY$$Base           
UNDEFED   SHT$$INIT_ARRAY$$Limit          
0000080d  SysCtlClockFreqSet              
0000510d  SysCtlDelay                     
00004495  SysCtlPeripheralEnable          
00003921  SysCtlPeripheralReset           
00004e41  SysCtlUSBPLLEnable              
00004f71  SysTickIntHandler               
000035a1  UARTStdioConfig                 
00004cbd  UARTprintf                      
00000a11  UARTvprintf                     
00003da5  UARTwrite                       
0000387f  ULPIConfigSet                   
00002501  USB0OTGModeIntHandler           
00005069  USBClockEnable                  
00005073  USBControllerVersion            
00003971  USBDCDConfigDescGet             
000048b7  USBDCDConfigDescGetNum          
00004cd7  USBDCDConfigDescGetSize         
00004c4d  USBDCDConfigGetInterface        
000042d9  USBDCDConfigGetInterfaceEndpoint
00004c69  USBDCDStallEP0                  
0000507d  USBDMAChannelAddressSet         
00004e55  USBDMAChannelConfigSet          
00005087  USBDMAChannelCountSet           
00004f05  USBDMAChannelDisable            
00004f17  USBDMAChannelEnable             
00004f29  USBDMAChannelIntDisable         
00004f3b  USBDMAChannelIntEnable          
00005113  USBDMAChannelIntStatus          
00004fcd  USBDMAChannelStatus             
00004809  USBDescGet                      
00004bd5  USBDescGetInterface             
00004dfd  USBDescGetInterfaceEndpoint     
000048e1  USBDescGetNum                   
0000512f  USBDevAddrSet                   
00005091  USBDevDisconnect                
00002de9  USBDevEndpointConfigSet         
0000490b  USBDevEndpointDataAck           
000045ff  USBDevEndpointStall             
00003d0f  USBDevEndpointStallClear        
00003661  USBDevEndpointStatusClear       
00004fdb  USBDevLPMEnable                 
00001601  USBDeviceConfig                 
00002b51  USBDeviceConfigAlternate        
000020fd  USBDeviceEnumHandler            
00003ded  USBDeviceEnumResetHandler       
000014b1  USBDeviceIntHandlerInternal     
000039c1  USBDeviceResumeTickHandler      
00004cf1  USBEndpointDMAChannel           
00003b95  USBEndpointDMAConfigSet         
000049f9  USBEndpointDMADisable           
00004a1d  USBEndpointDMAEnable            
00004c85  USBEndpointDataAvail            
00003f55  USBEndpointDataGet              
0000445d  USBEndpointDataPut              
000044c9  USBEndpointDataSend             
00004a41  USBEndpointDataToggleClear      
00005021  USBEndpointPacketCountSet       
00004f81  USBEndpointStatus               
000050d7  USBFIFOAddrGet                  
00004265  USBFIFOConfigSet                
00003e35  USBFIFOFlush                    
00001b91  USBHCDControlTransfer           
000046f5  USBHCDDevClass                  
00004725  USBHCDDevProtocol               
000022ad  USBHCDEvents                    
000037d1  USBHCDHubDeviceConnected        
0000502d  USBHCDHubDeviceDisconnected     
00001d71  USBHCDInit                      
00001f41  USBHCDMain                      
00005039  USBHCDPipeAlloc                 
00000bfd  USBHCDPipeAllocSize             
000021d5  USBHCDPipeConfig                
00001c81  USBHCDPipeFree                  
00004131  USBHCDPipeReadNonBlocking       
00002021  USBHCDPipeSchedule              
00004e69  USBHCDPowerAutomatic            
00005045  USBHCDPowerConfigInit           
00003be1  USBHCDPowerConfigSet            
00004f91  USBHCDRegisterDrivers           
00004311  USBHCDReset                     
00003e7d  USBHCDSetAddress                
000044fd  USBHCDSetConfig                 
0000509b  USBHHIDGetReport                
00004349  USBHHIDGetReportDescriptor      
00004a65  USBHHIDOpen                     
00004381  USBHHIDSetIdle                  
000040ad  USBHHIDSetProtocol              
000041ed  USBHHIDSetReport                
00004d55  USBHHubEnumerationComplete      
00004d6d  USBHHubEnumerationError         
00003fe1  USBHHubInit                     
00000f25  USBHHubMain                     
00004025  USBHKeyboardInit                
00004ca1  USBHKeyboardModifierSet         
00004b75  USBHKeyboardOpen                
0000340d  USBHKeyboardUsageToChar         
00004e13  USBHostAddrSet                  
000034d9  USBHostCheckPipes               
00002375  USBHostEndpointConfig           
00004b95  USBHostEndpointDataAck          
00004531  USBHostEndpointStatusClear      
00004755  USBHostHubAddrSet               
00000201  USBHostIntHandlerInternal       
00004f4d  USBHostLPMConfig                
000050df  USBHostMode                     
00004d85  USBHostPwrConfig                
00004fa1  USBHostPwrDisable               
00004fe9  USBHostPwrEnable                
00004f5f  USBHostRequestIN                
00004d9d  USBHostRequestINClear           
000050e7  USBHostRequestStatus            
00004e7d  USBHostReset                    
00004e91  USBHostResume                   
000049ad  USBHostSpeedGet                 
000050a5  USBHostSuspend                  
0000495d  USBIntEnableControl             
00004e29  USBIntEnableEndpoint            
000043b9  USBIntStatusControl             
000050af  USBIntStatusEndpoint            
00005051  USBLPMIntEnable                 
00005119  USBLPMIntStatus                 
000050b9  USBLibDMAAddrGet                
00001201  USBLibDMAInit                   
000050c3  USBModeGet                      
000050cd  USBNumEndpointsGet              
00002bdd  USBOTGMain                      
000050ef  USBOTGMode                      
00004d0b  USBOTGSessionRequest            
00004a89  USBStackModeSet                 
00004ff7  USBULPIDisable                  
00005005  USBULPIEnable                   
00004bf3  USBULPIRegRead                  
00004c11  USBULPIRegWrite                 
20001460  __STACK_END                     
00000800  __STACK_SIZE                    
20001460  __STACK_TOP                     
00005748  __TI_CINIT_Base                 
00005758  __TI_CINIT_Limit                
00005734  __TI_Handler_Table_Base         
00005740  __TI_Handler_Table_Limit        
00003265  __TI_auto_init                  
200014c8  __TI_cleanup_ptr                
00005013  __TI_decompress_none            
0000511f  __TI_decompress_rle24           
200014cc  __TI_dtors_ptr                  
00000000  __TI_static_base__              
0000505d  __TI_zero_init                  
00003afb  __aeabi_idiv0                   
00002e63  __aeabi_memclr                  
00002e63  __aeabi_memclr4                 
00002e63  __aeabi_memclr8                 
00002871  __aeabi_memcpy                  
00002871  __aeabi_memcpy4                 
00002871  __aeabi_memcpy8                 
00002e65  __aeabi_memset                  
00002e65  __aeabi_memset4                 
00002e65  __aeabi_memset8                 
00004171  __aeabi_uidiv                   
00004171  __aeabi_uidivmod                
ffffffff  __binit__                       
ffffffff  __c_args__                      
20000c60  __stack                         
00004db5  _args_main                      
00003a11  _c_int00                        
200014c0  _lock                           
00004edb  _nop                            
00004ed3  _register_lock                  
00004ecd  _register_unlock                
00005133  _system_pre_init                
200014c4  _unlock                         
0000406d  abort                           
ffffffff  binit                           
00003c79  copy_in                         
00004075  exit                            
200014a8  g_bUSBTimerInitialized          
20000af4  g_eOTGModeState                 
20000af5  g_eUSBState                     
200014b4  g_iUSBMode                      
20000878  g_pHCDPool                      
20000a6c  g_pfnTickHandlers               
00000000  g_pfnVectors                    
20000ad8  g_ppsDevInfo                    
200009dc  g_psDCDInst                     
200014d0  g_psKeyboardInstance            
200008f8  g_pui8Buffer                    
00005138  g_pui8KeyBoardMap               
20000ab4  g_pvTickInstance                
20000c00  g_sDMAControlTable              
000056bc  g_sUSBEventDriver               
000056ec  g_sUSBHIDClassDriver            
00005458  g_sUSKeyboardMap                
200014ac  g_ui32CurrentUSBTick            
20000ae4  g_ui32LastTick                  
200014d4  g_ui32Modifiers                 
20000ae8  g_ui32PollRate                  
20000aec  g_ui32SysTickCount              
200014b0  g_ui32USBSOFCount               
200014b8  g_ui32WaitTicks                 
0000187d  main                            
200014e8  main_func_sp                    
00002871  memcpy                          
00002e6b  memset                          
00003f0d  uDMAChannelAttributeDisable     
00004aad  uDMAChannelControlSet           
00004dcd  uDMAChannelDisable              
00004de5  uDMAChannelEnable               
00004985  uDMAChannelModeGet              
00002ce5  uDMAChannelTransferSet          


GLOBAL SYMBOLS: SORTED BY Symbol Address 

address   name                            
-------   ----                            
00000000  __TI_static_base__              
00000000  g_pfnVectors                    
00000201  USBHostIntHandlerInternal       
000005f9  PinoutSet                       
00000800  __STACK_SIZE                    
0000080d  SysCtlClockFreqSet              
00000a11  UARTvprintf                     
00000bfd  USBHCDPipeAllocSize             
00000f25  USBHHubMain                     
00001201  USBLibDMAInit                   
000014b1  USBDeviceIntHandlerInternal     
00001601  USBDeviceConfig                 
00001749  GPIOPadConfigSet                
0000187d  main                            
00001b91  USBHCDControlTransfer           
00001c81  USBHCDPipeFree                  
00001d71  USBHCDInit                      
00001f41  USBHCDMain                      
00002021  USBHCDPipeSchedule              
000020fd  USBDeviceEnumHandler            
000021d5  USBHCDPipeConfig                
000022ad  USBHCDEvents                    
00002375  USBHostEndpointConfig           
00002501  USB0OTGModeIntHandler           
00002871  __aeabi_memcpy                  
00002871  __aeabi_memcpy4                 
00002871  __aeabi_memcpy8                 
00002871  memcpy                          
00002b51  USBDeviceConfigAlternate        
00002bdd  USBOTGMain                      
00002ce5  uDMAChannelTransferSet          
00002de9  USBDevEndpointConfigSet         
00002e63  __aeabi_memclr                  
00002e63  __aeabi_memclr4                 
00002e63  __aeabi_memclr8                 
00002e65  __aeabi_memset                  
00002e65  __aeabi_memset4                 
00002e65  __aeabi_memset8                 
00002e6b  memset                          
00002f55  KeyboardCallback                
00003265  __TI_auto_init                  
0000333d  IntDisable                      
000033a5  IntEnable                       
0000340d  USBHKeyboardUsageToChar         
00003475  IntIsEnabled                    
000034d9  USBHostCheckPipes               
000035a1  UARTStdioConfig                 
00003661  USBDevEndpointStatusClear       
000036c1  ConfigDescAlloc                 
000037d1  USBHCDHubDeviceConnected        
0000387f  ULPIConfigSet                   
00003921  SysCtlPeripheralReset           
00003971  USBDCDConfigDescGet             
000039c1  USBDeviceResumeTickHandler      
00003a11  _c_int00                        
00003afb  __aeabi_idiv0                   
00003b95  USBEndpointDMAConfigSet         
00003be1  USBHCDPowerConfigSet            
00003c79  copy_in                         
00003d0f  USBDevEndpointStallClear        
00003da5  UARTwrite                       
00003ded  USBDeviceEnumResetHandler       
00003e35  USBFIFOFlush                    
00003e7d  USBHCDSetAddress                
00003f0d  uDMAChannelAttributeDisable     
00003f55  USBEndpointDataGet              
00003fe1  USBHHubInit                     
00004025  USBHKeyboardInit                
00004069  C$$EXIT                         
0000406d  abort                           
00004075  exit                            
000040ad  USBHHIDSetProtocol              
00004131  USBHCDPipeReadNonBlocking       
00004171  __aeabi_uidiv                   
00004171  __aeabi_uidivmod                
000041ed  USBHHIDSetReport                
00004265  USBFIFOConfigSet                
000042a1  InternalUSBStartOfFrameTick     
000042d9  USBDCDConfigGetInterfaceEndpoint
00004311  USBHCDReset                     
00004349  USBHHIDGetReportDescriptor      
00004381  USBHHIDSetIdle                  
000043b9  USBIntStatusControl             
0000445d  USBEndpointDataPut              
00004495  SysCtlPeripheralEnable          
000044c9  USBEndpointDataSend             
000044fd  USBHCDSetConfig                 
00004531  USBHostEndpointStatusClear      
000045ff  USBDevEndpointStall             
00004695  InternalUSBTickInit             
000046f5  USBHCDDevClass                  
00004725  USBHCDDevProtocol               
00004755  USBHostHubAddrSet               
00004785  ConfigDescFree                  
000047dd  InternalUSBHCDSendEvent         
00004809  USBDescGet                      
0000488d  GPIODirModeSet                  
000048b7  USBDCDConfigDescGetNum          
000048e1  USBDescGetNum                   
0000490b  USBDevEndpointDataAck           
0000495d  USBIntEnableControl             
00004985  uDMAChannelModeGet              
000049ad  USBHostSpeedGet                 
000049d5  GetTickms                       
000049f9  USBEndpointDMADisable           
00004a1d  USBEndpointDMAEnable            
00004a41  USBEndpointDataToggleClear      
00004a65  USBHHIDOpen                     
00004a89  USBStackModeSet                 
00004aad  uDMAChannelControlSet           
00004b75  USBHKeyboardOpen                
00004b95  USBHostEndpointDataAck          
00004bd5  USBDescGetInterface             
00004bf3  USBULPIRegRead                  
00004c11  USBULPIRegWrite                 
00004c31  OTGDeviceDisconnect             
00004c4d  USBDCDConfigGetInterface        
00004c69  USBDCDStallEP0                  
00004c85  USBEndpointDataAvail            
00004ca1  USBHKeyboardModifierSet         
00004cbd  UARTprintf                      
00004cd7  USBDCDConfigDescGetSize         
00004cf1  USBEndpointDMAChannel           
00004d0b  USBOTGSessionRequest            
00004d55  USBHHubEnumerationComplete      
00004d6d  USBHHubEnumerationError         
00004d85  USBHostPwrConfig                
00004d9d  USBHostRequestINClear           
00004db5  _args_main                      
00004dcd  uDMAChannelDisable              
00004de5  uDMAChannelEnable               
00004dfd  USBDescGetInterfaceEndpoint     
00004e13  USBHostAddrSet                  
00004e29  USBIntEnableEndpoint            
00004e41  SysCtlUSBPLLEnable              
00004e55  USBDMAChannelConfigSet          
00004e69  USBHCDPowerAutomatic            
00004e7d  USBHostReset                    
00004e91  USBHostResume                   
00004ecd  _register_unlock                
00004ed3  _register_lock                  
00004edb  _nop                            
00004ee1  GPIOPinTypeEthernetLED          
00004f05  USBDMAChannelDisable            
00004f17  USBDMAChannelEnable             
00004f29  USBDMAChannelIntDisable         
00004f3b  USBDMAChannelIntEnable          
00004f4d  USBHostLPMConfig                
00004f5f  USBHostRequestIN                
00004f71  SysTickIntHandler               
00004f81  USBEndpointStatus               
00004f91  USBHCDRegisterDrivers           
00004fa1  USBHostPwrDisable               
00004fcd  USBDMAChannelStatus             
00004fdb  USBDevLPMEnable                 
00004fe9  USBHostPwrEnable                
00004ff7  USBULPIDisable                  
00005005  USBULPIEnable                   
00005013  __TI_decompress_none            
00005021  USBEndpointPacketCountSet       
0000502d  USBHCDHubDeviceDisconnected     
00005039  USBHCDPipeAlloc                 
00005045  USBHCDPowerConfigInit           
00005051  USBLPMIntEnable                 
0000505d  __TI_zero_init                  
00005069  USBClockEnable                  
00005073  USBControllerVersion            
0000507d  USBDMAChannelAddressSet         
00005087  USBDMAChannelCountSet           
00005091  USBDevDisconnect                
0000509b  USBHHIDGetReport                
000050a5  USBHostSuspend                  
000050af  USBIntStatusEndpoint            
000050b9  USBLibDMAAddrGet                
000050c3  USBModeGet                      
000050cd  USBNumEndpointsGet              
000050d7  USBFIFOAddrGet                  
000050df  USBHostMode                     
000050e7  USBHostRequestStatus            
000050ef  USBOTGMode                      
00005107  ResetISR                        
0000510d  SysCtlDelay                     
00005113  USBDMAChannelIntStatus          
00005119  USBLPMIntStatus                 
0000511f  __TI_decompress_rle24           
0000512f  USBDevAddrSet                   
00005133  _system_pre_init                
00005138  g_pui8KeyBoardMap               
00005458  g_sUSKeyboardMap                
000056bc  g_sUSBEventDriver               
000056ec  g_sUSBHIDClassDriver            
00005734  __TI_Handler_Table_Base         
00005740  __TI_Handler_Table_Limit        
00005748  __TI_CINIT_Base                 
00005758  __TI_CINIT_Limit                
20000878  g_pHCDPool                      
200008f8  g_pui8Buffer                    
200009dc  g_psDCDInst                     
20000a6c  g_pfnTickHandlers               
20000ab4  g_pvTickInstance                
20000ad8  g_ppsDevInfo                    
20000ae4  g_ui32LastTick                  
20000ae8  g_ui32PollRate                  
20000aec  g_ui32SysTickCount              
20000af4  g_eOTGModeState                 
20000af5  g_eUSBState                     
20000c00  g_sDMAControlTable              
20000c60  __stack                         
20001460  __STACK_END                     
20001460  __STACK_TOP                     
200014a8  g_bUSBTimerInitialized          
200014ac  g_ui32CurrentUSBTick            
200014b0  g_ui32USBSOFCount               
200014b4  g_iUSBMode                      
200014b8  g_ui32WaitTicks                 
200014c0  _lock                           
200014c4  _unlock                         
200014c8  __TI_cleanup_ptr                
200014cc  __TI_dtors_ptr                  
200014d0  g_psKeyboardInstance            
200014d4  g_ui32Modifiers                 
200014e8  main_func_sp                    
ffffffff  __binit__                       
ffffffff  __c_args__                      
ffffffff  binit                           
UNDEFED   SHT$$INIT_ARRAY$$Base           
UNDEFED   SHT$$INIT_ARRAY$$Limit          

[227 symbols]
