******************************************************************************
                  TI ARM Linker PC v16.9.0                     
******************************************************************************
>> Linked Sun May 21 09:59:54 2017

OUTPUT FILE NAME:   <bitband.out>
ENTRY POINT SYMBOL: "_c_int00"  address: 000009b1


MEMORY CONFIGURATION

         name            origin    length      used     unused   attr    fill
----------------------  --------  ---------  --------  --------  ----  --------
  FLASH                 00000000   00100000  00000ed6  000ff12a  R  X
  SRAM                  20000000   00040000  00000228  0003fdd8  RW X


SEGMENT ALLOCATION MAP

run origin  load origin   length   init length attrs members
----------  ----------- ---------- ----------- ----- -------
00000000    00000000    00000ed8   00000ed8    r-x
  00000000    00000000    00000200   00000200    r-- .intvecs
  00000200    00000200    00000a32   00000a32    r-x .text
  00000c34    00000c34    0000026c   0000026c    r-- .const
  00000ea0    00000ea0    00000038   00000038    r-- .cinit
20000000    20000000    00000228   00000000    rw-
  20000000    20000000    00000200   00000000    rw- .stack
  20000200    20000200    00000020   00000000    rw- .data
  20000220    20000220    00000008   00000000    rw- .bss


SECTION ALLOCATION MAP

 output                                  attributes/
section   page    origin      length       input sections
--------  ----  ----------  ----------   ----------------
.intvecs   0    00000000    00000200     
                  00000000    00000200     startup_ccs.obj (.intvecs)

.text      0    00000200    00000a32     
                  00000200    00000200     driverlib.lib : sysctl.obj (.text:SysCtlClockFreqSet)
                  00000400    000001ea     uartstdio.obj (.text:UARTvprintf)
                  000005ea    00000002     startup_ccs.obj (.text:FaultISR)
                  000005ec    00000118     bitband.obj (.text:main)
                  00000704    0000009c     rtsv7M4_T_le_v4SPD16_eabi.lib : memcpy_t2.obj (.text)
                  000007a0    0000007a                                   : memset_t2.obj (.text)
                  0000081a    00000002     startup_ccs.obj (.text:IntDefaultHandler)
                  0000081c    00000070     rtsv7M4_T_le_v4SPD16_eabi.lib : autoinit.obj (.text)
                  0000088c    00000068                                   : copy_decompress_lzss.obj (.text:decompress:lzss)
                  000008f4    00000060     uartstdio.obj (.text:UARTStdioConfig)
                  00000954    0000005c     bitband.obj (.text:ConfigureUART)
                  000009b0    00000054     rtsv7M4_T_le_v4SPD16_eabi.lib : boot.obj (.text)
                  00000a04    00000054                                   : exit.obj (.text)
                  00000a58    0000004c                                   : cpy_tbl.obj (.text)
                  00000aa4    00000048     uartstdio.obj (.text:UARTwrite)
                  00000aec    00000048     driverlib.lib : sysctl.obj (.text:_SysCtlFrequencyGet)
                  00000b34    00000040     rtsv7M4_T_le_v4SPD16_eabi.lib : u_divt2.obj (.text)
                  00000b74    0000002c     bitband.obj (.text:Delay)
                  00000ba0    00000020     driverlib.lib : sysctl.obj (.text:_SysCtlMemTimingGet)
                  00000bc0    0000001a     uartstdio.obj (.text:UARTprintf)
                  00000bda    00000002     startup_ccs.obj (.text:NmiSR)
                  00000bdc    00000018     rtsv7M4_T_le_v4SPD16_eabi.lib : args_main.obj (.text)
                  00000bf4    00000014                                   : _lock.obj (.text)
                  00000c08    0000000e                                   : copy_decompress_none.obj (.text:decompress:none)
                  00000c16    0000000c                                   : copy_zero_init.obj (.text:decompress:ZI)
                  00000c22    00000006     startup_ccs.obj (.text:ResetISR)
                  00000c28    00000004     rtsv7M4_T_le_v4SPD16_eabi.lib : pre_init.obj (.text)
                  00000c2c    00000002                                   : i_div0.obj (.text)
                  00000c2e    00000002                                   : mpu_init.obj (.text)
                  00000c30    00000002                                   : startup.obj (.text)

.const     0    00000c34    0000026c     
                  00000c34    000001b0     driverlib.lib : sysctl.obj (.const:g_pppui32XTALtoVCO)
                  00000de4    0000006c                   : sysctl.obj (.const:g_pui32Xtals)
                  00000e50    00000030                   : sysctl.obj (.const:g_sXTALtoMEMTIM)
                  00000e80    0000000c     uartstdio.obj (.const:g_ui32UARTBase)
                  00000e8c    0000000c     uartstdio.obj (.const:g_ui32UARTPeriph)
                  00000e98    00000008     driverlib.lib : sysctl.obj (.const)

.cinit     0    00000ea0    00000038     
                  00000ea0    00000011     (.cinit..data.load) [load image, compression = lzss]
                  00000eb1    00000003     --HOLE-- [fill = 0]
                  00000eb4    0000000c     (__TI_handler_table)
                  00000ec0    00000008     (.cinit..bss.load) [load image, compression = zero_init]
                  00000ec8    00000010     (__TI_cinit_table)

.init_array 
*          0    00000000    00000000     UNINITIALIZED

.stack     0    20000000    00000200     UNINITIALIZED
                  20000000    00000200     --HOLE--

.data      0    20000200    00000020     UNINITIALIZED
                  20000200    0000000c     rtsv7M4_T_le_v4SPD16_eabi.lib : exit.obj (.data:$O1$$)
                  2000020c    00000008                                   : _lock.obj (.data:$O1$$)
                  20000214    00000005     uartstdio.obj (.data)
                  20000219    00000003     --HOLE--
                  2000021c    00000004     rtsv7M4_T_le_v4SPD16_eabi.lib : stkdepth_vars.obj (.data)

.bss       0    20000220    00000008     UNINITIALIZED
                  20000220    00000004     bitband.obj (.bss)
                  20000224    00000004     (.common:g_ui32SysClock)

MODULE SUMMARY

       Module                     code   ro data   rw data
       ------                     ----   -------   -------
    .\
       startup_ccs.obj            12     512       0      
       bitband.obj                416    0         8      
    +--+--------------------------+------+---------+---------+
       Total:                     428    512       8      
                                                          
    .\utils\
       uartstdio.obj              684    24        5      
    +--+--------------------------+------+---------+---------+
       Total:                     684    24        5      
                                                          
    C:/ti/TivaWare_C_Series-2.1.4.178/driverlib/ccs/Debug/driverlib.lib
       sysctl.obj                 616    596       0      
    +--+--------------------------+------+---------+---------+
       Total:                     616    596       0      
                                                          
    C:\ti\ccsv7\tools\compiler\ti-cgt-arm_16.9.0.LTS\lib\rtsv7M4_T_le_v4SPD16_eabi.lib
       memcpy_t2.obj              156    0         0      
       memset_t2.obj              122    0         0      
       autoinit.obj               112    0         0      
       copy_decompress_lzss.obj   104    0         0      
       exit.obj                   84     0         12     
       boot.obj                   84     0         0      
       cpy_tbl.obj                76     0         0      
       u_divt2.obj                64     0         0      
       _lock.obj                  20     0         8      
       args_main.obj              24     0         0      
       copy_decompress_none.obj   14     0         0      
       copy_zero_init.obj         12     0         0      
       pre_init.obj               4      0         0      
       stkdepth_vars.obj          0      0         4      
       i_div0.obj                 2      0         0      
       mpu_init.obj               2      0         0      
       startup.obj                2      0         0      
    +--+--------------------------+------+---------+---------+
       Total:                     882    0         24     
                                                          
       Stack:                     0      0         512    
       Linker Generated:          0      53        0      
    +--+--------------------------+------+---------+---------+
       Grand Total:               2610   1185      549    


LINKER GENERATED COPY TABLES

__TI_cinit_table @ 00000ec8 records: 2, size/record: 8, table size: 16
	.data: load addr=00000ea0, load size=00000011 bytes, run addr=20000200, run size=00000020 bytes, compression=lzss
	.bss: load addr=00000ec0, load size=00000008 bytes, run addr=20000220, run size=00000008 bytes, compression=zero_init


LINKER GENERATED HANDLER TABLE

__TI_handler_table @ 00000eb4 records: 3, size/record: 4, table size: 12
	index: 0, handler: __TI_decompress_lzss
	index: 1, handler: __TI_decompress_none
	index: 2, handler: __TI_zero_init


GLOBAL SYMBOLS: SORTED ALPHABETICALLY BY Name 

address   name                           
-------   ----                           
00000a05  C$$EXIT                        
00000955  ConfigureUART                  
00000b75  Delay                          
00000c23  ResetISR                       
UNDEFED   SHT$$INIT_ARRAY$$Base          
UNDEFED   SHT$$INIT_ARRAY$$Limit         
00000201  SysCtlClockFreqSet             
000008f5  UARTStdioConfig                
00000bc1  UARTprintf                     
00000401  UARTvprintf                    
00000aa5  UARTwrite                      
20000200  __STACK_END                    
00000200  __STACK_SIZE                   
20000200  __STACK_TOP                    
00000ec8  __TI_CINIT_Base                
00000ed8  __TI_CINIT_Limit               
00000eb4  __TI_Handler_Table_Base        
00000ec0  __TI_Handler_Table_Limit       
0000081d  __TI_auto_init                 
20000200  __TI_cleanup_ptr               
0000088d  __TI_decompress_lzss           
00000c09  __TI_decompress_none           
20000204  __TI_dtors_ptr                 
20000208  __TI_enable_exit_profile_output
ffffffff  __TI_pprof_out_hndl            
ffffffff  __TI_prof_data_size            
ffffffff  __TI_prof_data_start           
00000000  __TI_static_base__             
00000c17  __TI_zero_init                 
00000c2d  __aeabi_idiv0                  
000007a1  __aeabi_memclr                 
000007a1  __aeabi_memclr4                
000007a1  __aeabi_memclr8                
00000705  __aeabi_memcpy                 
00000705  __aeabi_memcpy4                
00000705  __aeabi_memcpy8                
000007a3  __aeabi_memset                 
000007a3  __aeabi_memset4                
000007a3  __aeabi_memset8                
00000b35  __aeabi_uidiv                  
00000b35  __aeabi_uidivmod               
ffffffff  __binit__                      
ffffffff  __c_args__                     
00000c2f  __mpu_init                     
20000000  __stack                        
00000bdd  _args_main                     
000009b1  _c_int00                       
2000020c  _lock                          
00000c03  _nop                           
00000bfb  _register_lock                 
00000bf5  _register_unlock               
00000c31  _system_post_cinit             
00000c29  _system_pre_init               
20000210  _unlock                        
00000a09  abort                          
ffffffff  binit                          
00000a59  copy_in                        
00000a11  exit                           
00000000  g_pfnVectors                   
20000224  g_ui32SysClock                 
000005ed  main                           
2000021c  main_func_sp                   
00000705  memcpy                         
000007a9  memset                         


GLOBAL SYMBOLS: SORTED BY Symbol Address 

address   name                           
-------   ----                           
00000000  __TI_static_base__             
00000000  g_pfnVectors                   
00000200  __STACK_SIZE                   
00000201  SysCtlClockFreqSet             
00000401  UARTvprintf                    
000005ed  main                           
00000705  __aeabi_memcpy                 
00000705  __aeabi_memcpy4                
00000705  __aeabi_memcpy8                
00000705  memcpy                         
000007a1  __aeabi_memclr                 
000007a1  __aeabi_memclr4                
000007a1  __aeabi_memclr8                
000007a3  __aeabi_memset                 
000007a3  __aeabi_memset4                
000007a3  __aeabi_memset8                
000007a9  memset                         
0000081d  __TI_auto_init                 
0000088d  __TI_decompress_lzss           
000008f5  UARTStdioConfig                
00000955  ConfigureUART                  
000009b1  _c_int00                       
00000a05  C$$EXIT                        
00000a09  abort                          
00000a11  exit                           
00000a59  copy_in                        
00000aa5  UARTwrite                      
00000b35  __aeabi_uidiv                  
00000b35  __aeabi_uidivmod               
00000b75  Delay                          
00000bc1  UARTprintf                     
00000bdd  _args_main                     
00000bf5  _register_unlock               
00000bfb  _register_lock                 
00000c03  _nop                           
00000c09  __TI_decompress_none           
00000c17  __TI_zero_init                 
00000c23  ResetISR                       
00000c29  _system_pre_init               
00000c2d  __aeabi_idiv0                  
00000c2f  __mpu_init                     
00000c31  _system_post_cinit             
00000eb4  __TI_Handler_Table_Base        
00000ec0  __TI_Handler_Table_Limit       
00000ec8  __TI_CINIT_Base                
00000ed8  __TI_CINIT_Limit               
20000000  __stack                        
20000200  __STACK_END                    
20000200  __STACK_TOP                    
20000200  __TI_cleanup_ptr               
20000204  __TI_dtors_ptr                 
20000208  __TI_enable_exit_profile_output
2000020c  _lock                          
20000210  _unlock                        
2000021c  main_func_sp                   
20000224  g_ui32SysClock                 
ffffffff  __TI_pprof_out_hndl            
ffffffff  __TI_prof_data_size            
ffffffff  __TI_prof_data_start           
ffffffff  __binit__                      
ffffffff  __c_args__                     
ffffffff  binit                          
UNDEFED   SHT$$INIT_ARRAY$$Base          
UNDEFED   SHT$$INIT_ARRAY$$Limit         

[64 symbols]
