******************************************************************************
                  TI ARM Linker PC v16.9.0                     
******************************************************************************
>> Linked Sun May 21 10:04:43 2017

OUTPUT FILE NAME:   <shamd5_hmac_example.out>
ENTRY POINT SYMBOL: "_c_int00"  address: 00000cd9


MEMORY CONFIGURATION

         name            origin    length      used     unused   attr    fill
----------------------  --------  ---------  --------  --------  ----  --------
  FLASH                 00000000   00100000  00001250  000fedb0  R  X
  SRAM                  20000000   00040000  000006f4  0003f90c  RW X


SEGMENT ALLOCATION MAP

run origin  load origin   length   init length attrs members
----------  ----------- ---------- ----------- ----- -------
00000000    00000000    00001250   00001250    r-x
  00000000    00000000    00000200   00000200    r-- .intvecs
  00000200    00000200    00000dc8   00000dc8    r-x .text
  00000fc8    00000fc8    00000200   00000200    r-- .const
  000011c8    000011c8    00000088   00000088    r-- .cinit
20000000    20000000    000006f4   00000000    rw-
  20000000    20000000    00000400   00000000    rw- .stack
  20000400    20000400    00000268   00000000    rw- .bss
  20000668    20000668    0000008c   00000000    rw- .data


SECTION ALLOCATION MAP

 output                                  attributes/
section   page    origin      length       input sections
--------  ----  ----------  ----------   ----------------
.intvecs   0    00000000    00000200     
                  00000000    00000200     startup_ccs.obj (.intvecs)

.text      0    00000200    00000dc8     
                  00000200    000001ea     uartstdio.obj (.text:UARTvprintf)
                  000003ea    00000002     startup_ccs.obj (.text:FaultISR)
                  000003ec    00000154     shamd5_hmac_example.obj (.text:Cmd_algo)
                  00000540    00000120     shamd5_hmac_example.obj (.text:main)
                  00000660    000000dc     shamd5_hmac_example.obj (.text:Cmd_hmac)
                  0000073c    000000c4     shamd5_hmac_example.obj (.text:Cmd_key)
                  00000800    000000c0     shamd5_hmac_example.obj (.text:Cmd_data)
                  000008c0    0000009c     rtsv7M4_T_le_v4SPD16_eabi.lib : memcpy_t2.obj (.text)
                  0000095c    00000098     uartstdio.obj (.text:UARTgets)
                  000009f4    0000007a     rtsv7M4_T_le_v4SPD16_eabi.lib : memset_t2.obj (.text)
                  00000a6e    00000002     startup_ccs.obj (.text:IntDefaultHandler)
                  00000a70    00000070     rtsv7M4_T_le_v4SPD16_eabi.lib : autoinit.obj (.text)
                  00000ae0    00000068     shamd5_hmac_example.obj (.text:InitConsole)
                  00000b48    00000068     rtsv7M4_T_le_v4SPD16_eabi.lib : copy_decompress_lzss.obj (.text:decompress:lzss)
                  00000bb0    00000064     cmdline.obj (.text:CmdLineProcess)
                  00000c14    00000064     shamd5_hmac_example.obj (.text:Cmd_help)
                  00000c78    00000060     uartstdio.obj (.text:UARTStdioConfig)
                  00000cd8    00000054     rtsv7M4_T_le_v4SPD16_eabi.lib : boot.obj (.text)
                  00000d2c    00000054                                   : exit.obj (.text)
                  00000d80    00000050     shamd5_hmac_example.obj (.text:Cmd_reset)
                  00000dd0    0000004c     rtsv7M4_T_le_v4SPD16_eabi.lib : cpy_tbl.obj (.text)
                  00000e1c    00000048     uartstdio.obj (.text:UARTwrite)
                  00000e64    00000040     rtsv7M4_T_le_v4SPD16_eabi.lib : u_divt2.obj (.text)
                  00000ea4    00000036     ustdlib.obj (.text:ustrncmp)
                  00000eda    0000002a     ustdlib.obj (.text:ustrncpy)
                  00000f04    0000001e     rtsv7M4_T_le_v4SPD16_eabi.lib : strcat.obj (.text)
                  00000f22    0000001a     uartstdio.obj (.text:UARTprintf)
                  00000f3c    00000018     rtsv7M4_T_le_v4SPD16_eabi.lib : args_main.obj (.text)
                  00000f54    00000018                                   : strcmp.obj (.text)
                  00000f6c    00000014                                   : _lock.obj (.text)
                  00000f80    00000014                                   : strlen.obj (.text)
                  00000f94    0000000e                                   : copy_decompress_none.obj (.text:decompress:none)
                  00000fa2    0000000c                                   : copy_zero_init.obj (.text:decompress:ZI)
                  00000fae    00000008     ustdlib.obj (.text:ustrcmp)
                  00000fb6    00000006     startup_ccs.obj (.text:ResetISR)
                  00000fbc    00000004     rtsv7M4_T_le_v4SPD16_eabi.lib : pre_init.obj (.text)
                  00000fc0    00000002     startup_ccs.obj (.text:NmiSR)
                  00000fc2    00000002     rtsv7M4_T_le_v4SPD16_eabi.lib : i_div0.obj (.text)
                  00000fc4    00000002                                   : mpu_init.obj (.text)
                  00000fc6    00000002                                   : startup.obj (.text)

.const     0    00000fc8    00000200     
                  00000fc8    000001e8     shamd5_hmac_example.obj (.const:.string)
                  000011b0    0000000c     uartstdio.obj (.const:g_ui32UARTBase)
                  000011bc    0000000c     uartstdio.obj (.const:g_ui32UARTPeriph)

.cinit     0    000011c8    00000088     
                  000011c8    0000005e     (.cinit..data.load) [load image, compression = lzss]
                  00001226    00000002     --HOLE-- [fill = 0]
                  00001228    0000000c     (__TI_handler_table)
                  00001234    00000004     --HOLE-- [fill = 0]
                  00001238    00000008     (.cinit..bss.load) [load image, compression = zero_init]
                  00001240    00000010     (__TI_cinit_table)

.init_array 
*          0    00000000    00000000     UNINITIALIZED

.stack     0    20000000    00000400     UNINITIALIZED
                  20000000    00000400     --HOLE--

.bss       0    20000400    00000268     UNINITIALIZED
                  20000400    00000100     shamd5_hmac_example.obj (.bss:g_pcHMACData)
                  20000500    00000100     shamd5_hmac_example.obj (.bss:g_pcHMACKey)
                  20000600    00000040     shamd5_hmac_example.obj (.bss:g_pcCmdBuf)
                  20000640    00000024     cmdline.obj (.bss:g_ppcArgv)
                  20000664    00000004     (.common:g_ui32HMACSizeInBytes)

.data      0    20000668    0000008c     UNINITIALIZED
                  20000668    0000006c     shamd5_hmac_example.obj (.data:g_psCmdTable)
                  200006d4    0000000c     rtsv7M4_T_le_v4SPD16_eabi.lib : exit.obj (.data:$O1$$)
                  200006e0    00000008                                   : _lock.obj (.data:$O1$$)
                  200006e8    00000005     uartstdio.obj (.data)
                  200006ed    00000003     --HOLE--
                  200006f0    00000004     rtsv7M4_T_le_v4SPD16_eabi.lib : stkdepth_vars.obj (.data)

MODULE SUMMARY

       Module                     code   ro data   rw data
       ------                     ----   -------   -------
    .\
       shamd5_hmac_example.obj    1520   488       688    
       startup_ccs.obj            12     512       0      
    +--+--------------------------+------+---------+---------+
       Total:                     1532   1000      688    
                                                          
    .\utils\
       uartstdio.obj              836    24        5      
       cmdline.obj                100    0         36     
       ustdlib.obj                104    0         0      
    +--+--------------------------+------+---------+---------+
       Total:                     1040   24        41     
                                                          
    C:\ti\ccsv7\tools\compiler\ti-cgt-arm_16.9.0.LTS\lib\rtsv7M4_T_le_v4SPD16_eabi.lib
       memcpy_t2.obj              156    0         0      
       memset_t2.obj              122    0         0      
       autoinit.obj               112    0         0      
       copy_decompress_lzss.obj   104    0         0      
       exit.obj                   84     0         12     
       boot.obj                   84     0         0      
       cpy_tbl.obj                76     0         0      
       u_divt2.obj                64     0         0      
       strcat.obj                 30     0         0      
       _lock.obj                  20     0         8      
       args_main.obj              24     0         0      
       strcmp.obj                 24     0         0      
       strlen.obj                 20     0         0      
       copy_decompress_none.obj   14     0         0      
       copy_zero_init.obj         12     0         0      
       pre_init.obj               4      0         0      
       stkdepth_vars.obj          0      0         4      
       i_div0.obj                 2      0         0      
       mpu_init.obj               2      0         0      
       startup.obj                2      0         0      
    +--+--------------------------+------+---------+---------+
       Total:                     956    0         24     
                                                          
       Stack:                     0      0         1024   
       Linker Generated:          0      130       0      
    +--+--------------------------+------+---------+---------+
       Grand Total:               3528   1154      1777   


LINKER GENERATED COPY TABLES

__TI_cinit_table @ 00001240 records: 2, size/record: 8, table size: 16
	.data: load addr=000011c8, load size=0000005e bytes, run addr=20000668, run size=0000008c bytes, compression=lzss
	.bss: load addr=00001238, load size=00000008 bytes, run addr=20000400, run size=00000268 bytes, compression=zero_init


LINKER GENERATED HANDLER TABLE

__TI_handler_table @ 00001228 records: 3, size/record: 4, table size: 12
	index: 0, handler: __TI_decompress_lzss
	index: 1, handler: __TI_decompress_none
	index: 2, handler: __TI_zero_init


GLOBAL SYMBOLS: SORTED ALPHABETICALLY BY Name 

address   name                           
-------   ----                           
00000d2d  C$$EXIT                        
00000bb1  CmdLineProcess                 
000003ed  Cmd_algo                       
00000801  Cmd_data                       
00000c15  Cmd_help                       
00000661  Cmd_hmac                       
0000073d  Cmd_key                        
00000d81  Cmd_reset                      
00000ae1  InitConsole                    
00000fb7  ResetISR                       
UNDEFED   SHT$$INIT_ARRAY$$Base          
UNDEFED   SHT$$INIT_ARRAY$$Limit         
00000c79  UARTStdioConfig                
0000095d  UARTgets                       
00000f23  UARTprintf                     
00000201  UARTvprintf                    
00000e1d  UARTwrite                      
20000400  __STACK_END                    
00000400  __STACK_SIZE                   
20000400  __STACK_TOP                    
00001240  __TI_CINIT_Base                
00001250  __TI_CINIT_Limit               
00001228  __TI_Handler_Table_Base        
00001234  __TI_Handler_Table_Limit       
00000a71  __TI_auto_init                 
200006d4  __TI_cleanup_ptr               
00000b49  __TI_decompress_lzss           
00000f95  __TI_decompress_none           
200006d8  __TI_dtors_ptr                 
200006dc  __TI_enable_exit_profile_output
ffffffff  __TI_pprof_out_hndl            
ffffffff  __TI_prof_data_size            
ffffffff  __TI_prof_data_start           
00000000  __TI_static_base__             
00000fa3  __TI_zero_init                 
00000fc3  __aeabi_idiv0                  
000009f5  __aeabi_memclr                 
000009f5  __aeabi_memclr4                
000009f5  __aeabi_memclr8                
000008c1  __aeabi_memcpy                 
000008c1  __aeabi_memcpy4                
000008c1  __aeabi_memcpy8                
000009f7  __aeabi_memset                 
000009f7  __aeabi_memset4                
000009f7  __aeabi_memset8                
00000e65  __aeabi_uidiv                  
00000e65  __aeabi_uidivmod               
ffffffff  __binit__                      
ffffffff  __c_args__                     
00000fc5  __mpu_init                     
20000000  __stack                        
00000f3d  _args_main                     
00000cd9  _c_int00                       
200006e0  _lock                          
00000f7b  _nop                           
00000f73  _register_lock                 
00000f6d  _register_unlock               
00000fc7  _system_post_cinit             
00000fbd  _system_pre_init               
200006e4  _unlock                        
00000d31  abort                          
ffffffff  binit                          
00000dd1  copy_in                        
00000d39  exit                           
00000000  g_pfnVectors                   
20000668  g_psCmdTable                   
20000664  g_ui32HMACSizeInBytes          
00000541  main                           
200006f0  main_func_sp                   
000008c1  memcpy                         
000009fd  memset                         
00000f05  strcat                         
00000f55  strcmp                         
00000f81  strlen                         
00000faf  ustrcmp                        
00000ea5  ustrncmp                       
00000edb  ustrncpy                       


GLOBAL SYMBOLS: SORTED BY Symbol Address 

address   name                           
-------   ----                           
00000000  __TI_static_base__             
00000000  g_pfnVectors                   
00000201  UARTvprintf                    
000003ed  Cmd_algo                       
00000400  __STACK_SIZE                   
00000541  main                           
00000661  Cmd_hmac                       
0000073d  Cmd_key                        
00000801  Cmd_data                       
000008c1  __aeabi_memcpy                 
000008c1  __aeabi_memcpy4                
000008c1  __aeabi_memcpy8                
000008c1  memcpy                         
0000095d  UARTgets                       
000009f5  __aeabi_memclr                 
000009f5  __aeabi_memclr4                
000009f5  __aeabi_memclr8                
000009f7  __aeabi_memset                 
000009f7  __aeabi_memset4                
000009f7  __aeabi_memset8                
000009fd  memset                         
00000a71  __TI_auto_init                 
00000ae1  InitConsole                    
00000b49  __TI_decompress_lzss           
00000bb1  CmdLineProcess                 
00000c15  Cmd_help                       
00000c79  UARTStdioConfig                
00000cd9  _c_int00                       
00000d2d  C$$EXIT                        
00000d31  abort                          
00000d39  exit                           
00000d81  Cmd_reset                      
00000dd1  copy_in                        
00000e1d  UARTwrite                      
00000e65  __aeabi_uidiv                  
00000e65  __aeabi_uidivmod               
00000ea5  ustrncmp                       
00000edb  ustrncpy                       
00000f05  strcat                         
00000f23  UARTprintf                     
00000f3d  _args_main                     
00000f55  strcmp                         
00000f6d  _register_unlock               
00000f73  _register_lock                 
00000f7b  _nop                           
00000f81  strlen                         
00000f95  __TI_decompress_none           
00000fa3  __TI_zero_init                 
00000faf  ustrcmp                        
00000fb7  ResetISR                       
00000fbd  _system_pre_init               
00000fc3  __aeabi_idiv0                  
00000fc5  __mpu_init                     
00000fc7  _system_post_cinit             
00001228  __TI_Handler_Table_Base        
00001234  __TI_Handler_Table_Limit       
00001240  __TI_CINIT_Base                
00001250  __TI_CINIT_Limit               
20000000  __stack                        
20000400  __STACK_END                    
20000400  __STACK_TOP                    
20000664  g_ui32HMACSizeInBytes          
20000668  g_psCmdTable                   
200006d4  __TI_cleanup_ptr               
200006d8  __TI_dtors_ptr                 
200006dc  __TI_enable_exit_profile_output
200006e0  _lock                          
200006e4  _unlock                        
200006f0  main_func_sp                   
ffffffff  __TI_pprof_out_hndl            
ffffffff  __TI_prof_data_size            
ffffffff  __TI_prof_data_start           
ffffffff  __binit__                      
ffffffff  __c_args__                     
ffffffff  binit                          
UNDEFED   SHT$$INIT_ARRAY$$Base          
UNDEFED   SHT$$INIT_ARRAY$$Limit         

[77 symbols]
