******************************************************************************
                  TI ARM Linker PC v16.9.0                     
******************************************************************************
>> Linked Sun May 21 09:58:50 2017

OUTPUT FILE NAME:   <aes128_cmac.out>
ENTRY POINT SYMBOL: "_c_int00"  address: 00001501


MEMORY CONFIGURATION

         name            origin    length      used     unused   attr    fill
----------------------  --------  ---------  --------  --------  ----  --------
  FLASH                 00000000   00100000  00001b68  000fe498  R  X
  SRAM                  20000000   00040000  00000988  0003f678  RW X


SEGMENT ALLOCATION MAP

run origin  load origin   length   init length attrs members
----------  ----------- ---------- ----------- ----- -------
00000000    00000000    00001b68   00001b68    r-x
  00000000    00000000    00000200   00000200    r-- .intvecs
  00000200    00000200    00001604   00001604    r-x .text
  00001804    00001804    0000026c   0000026c    r-- .const
  00001a70    00001a70    000000f8   000000f8    r-- .cinit
20000000    20000000    00000988   00000000    rw-
  20000000    20000000    00000408   00000000    rw- .bss
  20000408    20000408    00000400   00000000    rw- .stack
  20000808    20000808    00000180   00000000    rw- .data


SECTION ALLOCATION MAP

 output                                  attributes/
section   page    origin      length       input sections
--------  ----  ----------  ----------   ----------------
.intvecs   0    00000000    00000200     
                  00000000    00000200     startup_ccs.obj (.intvecs)

.text      0    00000200    00001604     
                  00000200    000002f8     aes128_cmac.obj (.text:AESIntHandler)
                  000004f8    000002c8     aes128_cmac.obj (.text:main)
                  000007c0    00000218     pinout.obj (.text:PinoutSet)
                  000009d8    00000200     driverlib.lib : sysctl.obj (.text:SysCtlClockFreqSet)
                  00000bd8    000001ea     uartstdio.obj (.text:UARTvprintf)
                  00000dc2    00000002     startup_ccs.obj (.text:FaultISR)
                  00000dc4    000001c4     aes128_cmac.obj (.text:AES128CMACAuth)
                  00000f88    00000132     driverlib.lib : gpio.obj (.text:GPIOPadConfigSet)
                  000010ba    00000002     startup_ccs.obj (.text:IntDefaultHandler)
                  000010bc    000000d8     aes128_cmac.obj (.text:AESInit)
                  00001194    0000009c     rtsv7M4_T_le_v4SPD16_eabi.lib : memcpy_t2.obj (.text)
                  00001230    0000007a                                   : memset_t2.obj (.text)
                  000012aa    00000002     startup_ccs.obj (.text:NmiSR)
                  000012ac    00000070     rtsv7M4_T_le_v4SPD16_eabi.lib : autoinit.obj (.text)
                  0000131c    0000006c     pinout.obj (.text:LEDWrite)
                  00001388    00000068     rtsv7M4_T_le_v4SPD16_eabi.lib : copy_decompress_lzss.obj (.text:decompress:lzss)
                  000013f0    00000060     uartstdio.obj (.text:UARTStdioConfig)
                  00001450    00000058     aes128_cmac.obj (.text:AES128ECBEncrypt)
                  000014a8    00000056     aes128_cmac.obj (.text:AES128CMACSubkeyGet)
                  000014fe    00000002     rtsv7M4_T_le_v4SPD16_eabi.lib : i_div0.obj (.text)
                  00001500    00000054                                   : boot.obj (.text)
                  00001554    00000054                                   : exit.obj (.text)
                  000015a8    0000004c                                   : cpy_tbl.obj (.text)
                  000015f4    00000048     uartstdio.obj (.text:UARTwrite)
                  0000163c    00000048     driverlib.lib : sysctl.obj (.text:_SysCtlFrequencyGet)
                  00001684    00000040     rtsv7M4_T_le_v4SPD16_eabi.lib : u_divt2.obj (.text)
                  000016c4    00000038     aes128_cmac.obj (.text:ConfigureUART)
                  000016fc    0000002a     aes128_cmac.obj (.text:EndiannessSwap)
                  00001726    0000002a     driverlib.lib : gpio.obj (.text:GPIODirModeSet)
                  00001750    00000020                   : sysctl.obj (.text:_SysCtlMemTimingGet)
                  00001770    0000001a     uartstdio.obj (.text:UARTprintf)
                  0000178a    00000002     rtsv7M4_T_le_v4SPD16_eabi.lib : mpu_init.obj (.text)
                  0000178c    00000018                                   : args_main.obj (.text)
                  000017a4    00000014                                   : _lock.obj (.text)
                  000017b8    00000012     driverlib.lib : gpio.obj (.text:GPIOPinTypeEthernetLED)
                  000017ca    0000000e     aes128_cmac.obj (.text:LengthRoundUp)
                  000017d8    0000000e     rtsv7M4_T_le_v4SPD16_eabi.lib : copy_decompress_none.obj (.text:decompress:none)
                  000017e6    0000000c                                   : copy_zero_init.obj (.text:decompress:ZI)
                  000017f2    00000006     driverlib.lib : gpio.obj (.text:GPIOPinWrite)
                  000017f8    00000006     startup_ccs.obj (.text:ResetISR)
                  000017fe    00000004     rtsv7M4_T_le_v4SPD16_eabi.lib : pre_init.obj (.text)
                  00001802    00000002                                   : startup.obj (.text)

.const     0    00001804    0000026c     
                  00001804    000001b0     driverlib.lib : sysctl.obj (.const:g_pppui32XTALtoVCO)
                  000019b4    0000006c                   : sysctl.obj (.const:g_pui32Xtals)
                  00001a20    00000030                   : sysctl.obj (.const:g_sXTALtoMEMTIM)
                  00001a50    0000000c     uartstdio.obj (.const:g_ui32UARTBase)
                  00001a5c    0000000c     uartstdio.obj (.const:g_ui32UARTPeriph)
                  00001a68    00000008     driverlib.lib : sysctl.obj (.const)

.cinit     0    00001a70    000000f8     
                  00001a70    000000cd     (.cinit..data.load) [load image, compression = lzss]
                  00001b3d    00000003     --HOLE-- [fill = 0]
                  00001b40    0000000c     (__TI_handler_table)
                  00001b4c    00000004     --HOLE-- [fill = 0]
                  00001b50    00000008     (.cinit..bss.load) [load image, compression = zero_init]
                  00001b58    00000010     (__TI_cinit_table)

.init_array 
*          0    00000000    00000000     UNINITIALIZED

.bss       0    20000000    00000408     UNINITIALIZED
                  20000000    00000400     (.common:g_psDMAControlTable)
                  20000400    00000008     aes128_cmac.obj (.bss)

.stack     0    20000408    00000400     UNINITIALIZED
                  20000408    00000400     --HOLE--

.data      0    20000808    00000180     UNINITIALIZED
                  20000808    00000150     aes128_cmac.obj (.data:g_psAESCMACTestVectors)
                  20000958    00000010     aes128_cmac.obj (.data:g_pui32AES128Key)
                  20000968    0000000c     rtsv7M4_T_le_v4SPD16_eabi.lib : exit.obj (.data:$O1$$)
                  20000974    00000008                                   : _lock.obj (.data:$O1$$)
                  2000097c    00000005     uartstdio.obj (.data)
                  20000981    00000003     --HOLE--
                  20000984    00000004     rtsv7M4_T_le_v4SPD16_eabi.lib : stkdepth_vars.obj (.data)

MODULE SUMMARY

       Module                     code   ro data   rw data
       ------                     ----   -------   -------
    .\
       aes128_cmac.obj            2426   0         1384   
       startup_ccs.obj            12     512       0      
    +--+--------------------------+------+---------+---------+
       Total:                     2438   512       1384   
                                                          
    .\drivers\
       pinout.obj                 644    0         0      
    +--+--------------------------+------+---------+---------+
       Total:                     644    0         0      
                                                          
    .\utils\
       uartstdio.obj              684    24        5      
    +--+--------------------------+------+---------+---------+
       Total:                     684    24        5      
                                                          
    C:/ti/TivaWare_C_Series-2.1.4.178/driverlib/ccs/Debug/driverlib.lib
       sysctl.obj                 616    596       0      
       gpio.obj                   372    0         0      
    +--+--------------------------+------+---------+---------+
       Total:                     988    596       0      
                                                          
    C:\ti\ccsv7\tools\compiler\ti-cgt-arm_16.9.0.LTS\lib\rtsv7M4_T_le_v4SPD16_eabi.lib
       memcpy_t2.obj              156    0         0      
       memset_t2.obj              122    0         0      
       autoinit.obj               112    0         0      
       copy_decompress_lzss.obj   104    0         0      
       exit.obj                   84     0         12     
       boot.obj                   84     0         0      
       cpy_tbl.obj                76     0         0      
       u_divt2.obj                64     0         0      
       _lock.obj                  20     0         8      
       args_main.obj              24     0         0      
       copy_decompress_none.obj   14     0         0      
       copy_zero_init.obj         12     0         0      
       pre_init.obj               4      0         0      
       stkdepth_vars.obj          0      0         4      
       i_div0.obj                 2      0         0      
       mpu_init.obj               2      0         0      
       startup.obj                2      0         0      
    +--+--------------------------+------+---------+---------+
       Total:                     882    0         24     
                                                          
       Stack:                     0      0         1024   
       Linker Generated:          0      241       0      
    +--+--------------------------+------+---------+---------+
       Grand Total:               5636   1373      2437   


LINKER GENERATED COPY TABLES

__TI_cinit_table @ 00001b58 records: 2, size/record: 8, table size: 16
	.data: load addr=00001a70, load size=000000cd bytes, run addr=20000808, run size=00000180 bytes, compression=lzss
	.bss: load addr=00001b50, load size=00000008 bytes, run addr=20000000, run size=00000408 bytes, compression=zero_init


LINKER GENERATED HANDLER TABLE

__TI_handler_table @ 00001b40 records: 3, size/record: 4, table size: 12
	index: 0, handler: __TI_decompress_lzss
	index: 1, handler: __TI_decompress_none
	index: 2, handler: __TI_zero_init


GLOBAL SYMBOLS: SORTED ALPHABETICALLY BY Name 

address   name                           
-------   ----                           
00000dc5  AES128CMACAuth                 
000014a9  AES128CMACSubkeyGet            
00001451  AES128ECBEncrypt               
000010bd  AESInit                        
00000201  AESIntHandler                  
00001555  C$$EXIT                        
000016c5  ConfigureUART                  
000016fd  EndiannessSwap                 
00001727  GPIODirModeSet                 
00000f89  GPIOPadConfigSet               
000017b9  GPIOPinTypeEthernetLED         
000017f3  GPIOPinWrite                   
0000131d  LEDWrite                       
000017cb  LengthRoundUp                  
000007c1  PinoutSet                      
000017f9  ResetISR                       
UNDEFED   SHT$$INIT_ARRAY$$Base          
UNDEFED   SHT$$INIT_ARRAY$$Limit         
000009d9  SysCtlClockFreqSet             
000013f1  UARTStdioConfig                
00001771  UARTprintf                     
00000bd9  UARTvprintf                    
000015f5  UARTwrite                      
20000808  __STACK_END                    
00000400  __STACK_SIZE                   
20000808  __STACK_TOP                    
00001b58  __TI_CINIT_Base                
00001b68  __TI_CINIT_Limit               
00001b40  __TI_Handler_Table_Base        
00001b4c  __TI_Handler_Table_Limit       
000012ad  __TI_auto_init                 
20000968  __TI_cleanup_ptr               
00001389  __TI_decompress_lzss           
000017d9  __TI_decompress_none           
2000096c  __TI_dtors_ptr                 
20000970  __TI_enable_exit_profile_output
ffffffff  __TI_pprof_out_hndl            
ffffffff  __TI_prof_data_size            
ffffffff  __TI_prof_data_start           
00000000  __TI_static_base__             
000017e7  __TI_zero_init                 
000014ff  __aeabi_idiv0                  
00001231  __aeabi_memclr                 
00001231  __aeabi_memclr4                
00001231  __aeabi_memclr8                
00001195  __aeabi_memcpy                 
00001195  __aeabi_memcpy4                
00001195  __aeabi_memcpy8                
00001233  __aeabi_memset                 
00001233  __aeabi_memset4                
00001233  __aeabi_memset8                
00001685  __aeabi_uidiv                  
00001685  __aeabi_uidivmod               
ffffffff  __binit__                      
ffffffff  __c_args__                     
0000178b  __mpu_init                     
20000408  __stack                        
0000178d  _args_main                     
00001501  _c_int00                       
20000974  _lock                          
000017b3  _nop                           
000017ab  _register_lock                 
000017a5  _register_unlock               
00001803  _system_post_cinit             
000017ff  _system_pre_init               
20000978  _unlock                        
00001559  abort                          
ffffffff  binit                          
000015a9  copy_in                        
00001561  exit                           
00000000  g_pfnVectors                   
20000808  g_psAESCMACTestVectors         
20000000  g_psDMAControlTable            
20000958  g_pui32AES128Key               
000004f9  main                           
20000984  main_func_sp                   
00001195  memcpy                         
00001239  memset                         


GLOBAL SYMBOLS: SORTED BY Symbol Address 

address   name                           
-------   ----                           
00000000  __TI_static_base__             
00000000  g_pfnVectors                   
00000201  AESIntHandler                  
00000400  __STACK_SIZE                   
000004f9  main                           
000007c1  PinoutSet                      
000009d9  SysCtlClockFreqSet             
00000bd9  UARTvprintf                    
00000dc5  AES128CMACAuth                 
00000f89  GPIOPadConfigSet               
000010bd  AESInit                        
00001195  __aeabi_memcpy                 
00001195  __aeabi_memcpy4                
00001195  __aeabi_memcpy8                
00001195  memcpy                         
00001231  __aeabi_memclr                 
00001231  __aeabi_memclr4                
00001231  __aeabi_memclr8                
00001233  __aeabi_memset                 
00001233  __aeabi_memset4                
00001233  __aeabi_memset8                
00001239  memset                         
000012ad  __TI_auto_init                 
0000131d  LEDWrite                       
00001389  __TI_decompress_lzss           
000013f1  UARTStdioConfig                
00001451  AES128ECBEncrypt               
000014a9  AES128CMACSubkeyGet            
000014ff  __aeabi_idiv0                  
00001501  _c_int00                       
00001555  C$$EXIT                        
00001559  abort                          
00001561  exit                           
000015a9  copy_in                        
000015f5  UARTwrite                      
00001685  __aeabi_uidiv                  
00001685  __aeabi_uidivmod               
000016c5  ConfigureUART                  
000016fd  EndiannessSwap                 
00001727  GPIODirModeSet                 
00001771  UARTprintf                     
0000178b  __mpu_init                     
0000178d  _args_main                     
000017a5  _register_unlock               
000017ab  _register_lock                 
000017b3  _nop                           
000017b9  GPIOPinTypeEthernetLED         
000017cb  LengthRoundUp                  
000017d9  __TI_decompress_none           
000017e7  __TI_zero_init                 
000017f3  GPIOPinWrite                   
000017f9  ResetISR                       
000017ff  _system_pre_init               
00001803  _system_post_cinit             
00001b40  __TI_Handler_Table_Base        
00001b4c  __TI_Handler_Table_Limit       
00001b58  __TI_CINIT_Base                
00001b68  __TI_CINIT_Limit               
20000000  g_psDMAControlTable            
20000408  __stack                        
20000808  __STACK_END                    
20000808  __STACK_TOP                    
20000808  g_psAESCMACTestVectors         
20000958  g_pui32AES128Key               
20000968  __TI_cleanup_ptr               
2000096c  __TI_dtors_ptr                 
20000970  __TI_enable_exit_profile_output
20000974  _lock                          
20000978  _unlock                        
20000984  main_func_sp                   
ffffffff  __TI_pprof_out_hndl            
ffffffff  __TI_prof_data_size            
ffffffff  __TI_prof_data_start           
ffffffff  __binit__                      
ffffffff  __c_args__                     
ffffffff  binit                          
UNDEFED   SHT$$INIT_ARRAY$$Base          
UNDEFED   SHT$$INIT_ARRAY$$Limit         

[78 symbols]
