******************************************************************************
                  TI ARM Linker PC v5.2.5                      
******************************************************************************
>> Linked Fri Jul 22 12:49:10 2016

OUTPUT FILE NAME:   <usb_stick_update.out>
ENTRY POINT SYMBOL: "_c_int00"  address: 00002f2d


MEMORY CONFIGURATION

         name            origin    length      used     unused   attr    fill
----------------------  --------  ---------  --------  --------  ----  --------
  FLASH                 00000000   00100000  0000439c  000fbc64  R  X
  SRAM                  20000000   00040000  000014e0  0003eb20  RW X


SEGMENT ALLOCATION MAP

run origin  load origin   length   init length attrs members
----------  ----------- ---------- ----------- ----- -------
00000000    00000000    000043a0   000043a0    r-x
  00000000    00000000    00000200   00000200    r-- .intvecs
  00000200    00000200    00003efc   00003efc    r-x .text
  000040fc    000040fc    00000248   00000248    r-- .const
  00004348    00004348    00000058   00000058    r-- .cinit
20000000    20000000    000014e0   00000000    rw-
  20000000    20000000    00001060   00000000    rw- .bss
  20001060    20001060    00000400   00000000    rw- .stack
  20001460    20001460    00000080   00000000    rw- .data


SECTION ALLOCATION MAP

 output                                  attributes/
section   page    origin      length       input sections
--------  ----  ----------  ----------   ----------------
.intvecs   0    00000000    00000200     
                  00000000    00000200     startup_ccs.obj (.intvecs)

.text      0    00000200    00003efc     
                  00000200    000003f8     usblib.lib : usbhostenum.obj (.text:USBHostIntHandlerInternal)
                  000005f8    00000204     driverlib.lib : sysctl.obj (.text:SysCtlClockFreqSet)
                  000007fc    0000019c     usblib.lib : usbhostenum.obj (.text:USBHCDPipeAllocSize)
                  00000998    0000018c                : usbhostenum.obj (.text:ProcessUSBDeviceStateMachine)
                  00000b24    00000174                : usbhhub.obj (.text:USBHHubMain)
                  00000c98    00000168                : usbhostenum.obj (.text:USBHCDInitInternal)
                  00000e00    00000160                : usbdma.obj (.text:USBLibDMAInit)
                  00000f60    00000150                : usbhostenum.obj (.text:USBHCDPipeRead)
                  000010b0    00000132     driverlib.lib : gpio.obj (.text:GPIOPadConfigSet)
                  000011e2    00000002     startup_ccs.obj (.text:FaultISR)
                  000011e4    0000012c     usblib.lib : usbhostenum.obj (.text:USBHCDPipeWrite)
                  00001310    00000118     simple_fs.obj (.text:SimpleFsInit)
                  00001428    00000100     usblib.lib : usbhostenum.obj (.text:USBHCDEnumHandler)
                  00001528    000000fc                : usbhmsc.obj (.text:USBHMSCDriveReady)
                  00001624    000000f8     usb_stick_update.obj (.text:ReadAppAndProgram)
                  0000171c    000000f4     usb_stick_update.obj (.text:ConfigureUSBInterface)
                  00001810    000000f4     usblib.lib : usbdma.obj (.text:iDMAUSBTransfer)
                  00001904    000000f0                : usbhostenum.obj (.text:USBHCDControlTransfer)
                  000019f4    000000f0                : usbhostenum.obj (.text:USBHCDPipeFree)
                  00001ae4    000000ec                : usbhostenum.obj (.text:USBHCDInit)
                  00001bd0    000000e0                : usbhostenum.obj (.text:USBHCDMain)
                  00001cb0    000000d8                : usbhostenum.obj (.text:USBHCDPipeConfig)
                  00001d88    000000c8     driverlib.lib : usb.obj (.text:USBHostEndpointConfig)
                  00001e50    000000c4     usblib.lib : usbdma.obj (.text:uDMAUSBChannelAllocate)
                  00001f14    000000bc                : usbdma.obj (.text:uDMAUSBTransfer)
                  00001fd0    000000a4                : usbhmsc.obj (.text:USBHMSCOpen)
                  00002074    000000a0                : usbhostenum.obj (.text:USBHCDDeviceDisconnected)
                  00002114    0000009c     simple_fs.obj (.text:SimpleFsGetNextCluster)
                  000021b0    0000009c     rtsv7M4_T_le_v4SPD16_eabi.lib : memcpy_t2.obj (.text)
                  0000224c    00000094     usb_stick_update.obj (.text:main)
                  000022e0    00000090     simple_fs.obj (.text:SimpleFsOpen)
                  00002370    00000090     usblib.lib : usbhostenum.obj (.text:USBHCDOpenDriver)
                  00002400    0000008c                : usbhostenum.obj (.text:FIFOAlloc)
                  0000248c    0000008c                : usbhostenum.obj (.text:USBHCDClearFeature)
                  00002518    00000088                : usbhscsi.obj (.text:USBHSCSISendCommand)
                  000025a0    00000084                : usbdma.obj (.text:iDMAUSBChannelAllocate)
                  00002624    00000084     driverlib.lib : udma.obj (.text:uDMAChannelTransferSet)
                  000026a8    0000007a     rtsv7M4_T_le_v4SPD16_eabi.lib : memset_t2.obj (.text)
                  00002722    00000074     usblib.lib : usbhostenum.obj (.text:USBHCDGetConfigDescriptor)
                  00002796    00000070                : usbdma.obj (.text:uDMAUSBArbSizeSet)
                  00002806    00000070                : usbdma.obj (.text:uDMAUSBUnitSizeSet)
                  00002876    00000002     startup_ccs.obj (.text:IntDefaultHandler)
                  00002878    0000006c     usblib.lib : usbmode.obj (.text:USBOTGSetMode)
                  000028e4    0000006c     rtsv7M4_T_le_v4SPD16_eabi.lib : autoinit.obj (.text)
                  00002950    0000006a                                   : copy_decompress_rle.obj (.text)
                  000029ba    00000002     startup_ccs.obj (.text:NmiSR)
                  000029bc    00000068     driverlib.lib : interrupt.obj (.text:IntDisable)
                  00002a24    00000068                   : interrupt.obj (.text:IntEnable)
                  00002a8c    00000068     simple_fs.obj (.text:SimpleFsGetNextFileSector)
                  00002af4    00000064     driverlib.lib : interrupt.obj (.text:IntIsEnabled)
                  00002b58    00000064     usblib.lib : usbhostenum.obj (.text:USBHostCheckPipes)
                  00002bbc    00000064                : usbdma.obj (.text:uDMAUSBChannelEnable)
                  00002c20    0000005c                : usbhostenum.obj (.text:ConfigDescAlloc)
                  00002c7c    0000005c                : usbhostenum.obj (.text:USBHCDGetDeviceDescriptor)
                  00002cd8    0000005c                : usbhscsi.obj (.text:USBHSCSIRead10)
                  00002d34    00000058                : usbhostenum.obj (.text:USBHCDEP0StateTx)
                  00002d8c    00000058                : usbhostenum.obj (.text:USBHCDHubDeviceConnected)
                  00002de4    00000056                : usbdma.obj (.text:uDMAUSBChannelRelease)
                  00002e3a    00000052                : usbulpi.obj (.text:ULPIConfigSet)
                  00002e8c    00000050                : usbhhub.obj (.text:HubGetPortStatus)
                  00002edc    00000050     driverlib.lib : sysctl.obj (.text:SysCtlPeripheralReset)
                  00002f2c    00000050     rtsv7M4_T_le_v4SPD16_eabi.lib : boot.obj (.text)
                  00002f7c    0000004c     usblib.lib : usbhhub.obj (.text:HubDriverDeviceDisconnect)
                  00002fc8    0000004c     driverlib.lib : usb.obj (.text:USBEndpointDMAConfigSet)
                  00003014    0000004c     usblib.lib : usbhostenum.obj (.text:USBHCDPowerConfigSet)
                  00003060    0000004c                : usbdma.obj (.text:iDMAUSBChannelEnable)
                  000030ac    0000004c     rtsv7M4_T_le_v4SPD16_eabi.lib : cpy_tbl.obj (.text)
                  000030f8    0000004a     usblib.lib : usbdma.obj (.text:uDMAUSBChannelDisable)
                  00003142    00000048     driverlib.lib : usb.obj (.text:USBFIFOFlush)
                  0000318a    00000002     usblib.lib : usbdma.obj (.text:iDMAUSBArbSizeSet)
                  0000318c    00000048                : usbhostenum.obj (.text:USBHCDSetAddress)
                  000031d4    00000048     driverlib.lib : sysctl.obj (.text:_SysCtlFrequencyGet)
                  0000321c    00000048                   : udma.obj (.text:uDMAChannelAttributeDisable)
                  00003264    00000046                   : usb.obj (.text:USBEndpointDataGet)
                  000032aa    00000002     usblib.lib : usbdma.obj (.text:iDMAUSBUnitSizeSet)
                  000032ac    00000044                : usbhhub.obj (.text:USBHHubInit)
                  000032f0    00000044     rtsv7M4_T_le_v4SPD16_eabi.lib : exit.obj (.text)
                  00003334    00000040     usblib.lib : usbhmsc.obj (.text:USBHMSCGetMaxLUN)
                  00003374    0000003c                : usbhhub.obj (.text:HubDriverReset)
                  000033b0    0000003c                : usbhscsi.obj (.text:USBHSCSIInquiry)
                  000033ec    0000003c                : usbhscsi.obj (.text:USBHSCSIReadCapacity)
                  00003428    0000003c     usb_stick_update.obj (.text:UpdaterMain)
                  00003464    0000003c     usblib.lib : usbdma.obj (.text:iDMAUSBChannelRelease)
                  000034a0    0000003a     driverlib.lib : usb.obj (.text:USBFIFOConfigSet)
                  000034da    0000003a     usblib.lib : usbhscsi.obj (.text:USBHSCSIRequestSense)
                  00003514    00000038                : usbtick.obj (.text:InternalUSBStartOfFrameTick)
                  0000354c    00000038                : usbhostenum.obj (.text:USBHCDReset)
                  00003584    00000038                : usbhscsi.obj (.text:USBHSCSITestUnitReady)
                  000035bc    00000038     driverlib.lib : usb.obj (.text:USBIntStatusControl)
                  000035f4    00000036     usblib.lib : usbhhub.obj (.text:HubClearPortFeature)
                  0000362a    00000036                : usbhhub.obj (.text:HubSetPortFeature)
                  00003660    00000036     driverlib.lib : usb.obj (.text:USBEndpointDataPut)
                  00003696    00000002     usblib.lib : usbdma.obj (.text:uDMAUSBChannelIntDisable)
                  00003698    00000034     driverlib.lib : sysctl.obj (.text:SysCtlPeripheralEnable)
                  000036cc    00000034                   : usb.obj (.text:USBEndpointDataSend)
                  00003700    00000034     usblib.lib : usbhostenum.obj (.text:USBHCDSetConfig)
                  00003734    00000034                : usbhmsc.obj (.text:USBHMSCBlockRead)
                  00003768    00000034     driverlib.lib : usb.obj (.text:USBHostEndpointStatusClear)
                  0000379c    00000034     usblib.lib : usbmode.obj (.text:USBOTGRemovePower)
                  000037d0    00000034                : usbdma.obj (.text:iDMAUSBChannelStatus)
                  00003804    00000032                : usbdma.obj (.text:iDMAUSBChannelDisable)
                  00003836    00000030                : usbdma.obj (.text:DMAUSBIntHandler)
                  00003866    00000002                : usbdma.obj (.text:uDMAUSBChannelIntEnable)
                  00003868    00000030                : usbtick.obj (.text:InternalUSBTickInit)
                  00003898    00000030                : usbhmsc.obj (.text:USBHMSCClose)
                  000038c8    00000030     driverlib.lib : usb.obj (.text:USBHostHubAddrSet)
                  000038f8    00000030     usb_stick_update.obj (.text:UpdaterUSB)
                  00003928    0000002c     usblib.lib : usbhostenum.obj (.text:ConfigDescFree)
                  00003954    0000002c                : usbhostenum.obj (.text:FIFOFree)
                  00003980    0000002c                : usbhostenum.obj (.text:InternalUSBHCDSendEvent)
                  000039ac    0000002c                : usbdesc.obj (.text:USBDescGet)
                  000039d8    0000002c                : usbdesc.obj (.text:USBDescGetAlternateInterface)
                  00003a04    0000002c                : usbdma.obj (.text:uDMAUSBIntStatus)
                  00003a30    00000028     driverlib.lib : usb.obj (.text:USBIntEnableControl)
                  00003a58    00000028                   : udma.obj (.text:uDMAChannelModeGet)
                  00003a80    00000026                   : usb.obj (.text:USBHostSpeedGet)
                  00003aa6    00000026     rtsv7M4_T_le_v4SPD16_eabi.lib : strncmp.obj (.text)
                  00003acc    00000024     driverlib.lib : usb.obj (.text:USBEndpointDMADisable)
                  00003af0    00000024                   : usb.obj (.text:USBEndpointDMAEnable)
                  00003b14    00000024                   : usb.obj (.text:USBEndpointDataToggleClear)
                  00003b38    00000024     usblib.lib : usbmode.obj (.text:USBStackModeSet)
                  00003b5c    00000024     driverlib.lib : udma.obj (.text:uDMAChannelControlSet)
                  00003b80    00000022     usblib.lib : usbdma.obj (.text:uDMAUSBChannelStatus)
                  00003ba2    00000002     --HOLE-- [fill = 0]
                  00003ba4    00000020     usb_stick_update.obj (.text:AppForceUpdate)
                  00003bc4    00000020     usblib.lib : usbhhub.obj (.text:HubDriverDeviceConnect)
                  00003be4    00000020                : usbhhub.obj (.text:HubDriverDeviceReset)
                  00003c04    00000020     driverlib.lib : usb.obj (.text:USBHostEndpointDataAck)
                  00003c24    00000020                   : sysctl.obj (.text:_SysCtlMemTimingGet)
                  00003c44    0000001e     usblib.lib : usbdesc.obj (.text:USBDescGetInterface)
                  00003c62    0000001e     driverlib.lib : usb.obj (.text:USBULPIRegRead)
                  00003c80    0000001e                   : usb.obj (.text:USBULPIRegWrite)
                  00003c9e    00000002     --HOLE-- [fill = 0]
                  00003ca0    0000001c     usb_stick_update.obj (.text:MSCCallback)
                  00003cbc    0000001c     usblib.lib : usbmode.obj (.text:OTGDeviceDisconnect)
                  00003cd8    0000001c     driverlib.lib : usb.obj (.text:USBEndpointDataAvail)
                  00003cf4    0000001a                   : usb.obj (.text:USBEndpointDMAChannel)
                  00003d0e    0000001a                   : usb.obj (.text:USBOTGSessionRequest)
                  00003d28    00000018     usb_stick_update.obj (.text:SimpleFsReadMediaSector)
                  00003d40    00000018     usblib.lib : usbhhub.obj (.text:USBHHubEnumerationComplete)
                  00003d58    00000018                : usbhhub.obj (.text:USBHHubEnumerationError)
                  00003d70    00000018     driverlib.lib : usb.obj (.text:USBHostPwrConfig)
                  00003d88    00000018                   : usb.obj (.text:USBHostRequestINClear)
                  00003da0    00000018     rtsv7M4_T_le_v4SPD16_eabi.lib : args_main.obj (.text)
                  00003db8    00000018     driverlib.lib : udma.obj (.text:uDMAChannelDisable)
                  00003dd0    00000018                   : udma.obj (.text:uDMAChannelEnable)
                  00003de8    00000016     usblib.lib : usbdesc.obj (.text:USBDescGetInterfaceEndpoint)
                  00003dfe    00000016     driverlib.lib : usb.obj (.text:USBHostAddrSet)
                  00003e14    00000016                   : usb.obj (.text:USBIntEnableEndpoint)
                  00003e2a    00000002     --HOLE-- [fill = 0]
                  00003e2c    00000014     usb_stick_update.obj (.text:CallApplication)
                  00003e40    00000014     driverlib.lib : sysctl.obj (.text:SysCtlUSBPLLEnable)
                  00003e54    00000014     usblib.lib : usbhostenum.obj (.text:USB0HostIntHandler)
                  00003e68    00000014     driverlib.lib : usb.obj (.text:USBDMAChannelConfigSet)
                  00003e7c    00000014     usblib.lib : usbhostenum.obj (.text:USBHCDPowerAutomatic)
                  00003e90    00000014                : usbhmsc.obj (.text:USBHMSCDriveOpen)
                  00003ea4    00000014     driverlib.lib : usb.obj (.text:USBHostReset)
                  00003eb8    00000014     usblib.lib : usbhhub.obj (.text:USBHubPortSpeedSet)
                  00003ecc    00000014     driverlib.lib : usb.obj (.text:_USBIndexWrite)
                  00003ee0    00000014     rtsv7M4_T_le_v4SPD16_eabi.lib : _lock.obj (.text)
                  00003ef4    00000012     usblib.lib : usbhostenum.obj (.text:SendUnknownConnect)
                  00003f06    00000012     driverlib.lib : usb.obj (.text:USBDMAChannelDisable)
                  00003f18    00000012                   : usb.obj (.text:USBDMAChannelEnable)
                  00003f2a    00000012                   : usb.obj (.text:USBDMAChannelIntDisable)
                  00003f3c    00000012                   : usb.obj (.text:USBDMAChannelIntEnable)
                  00003f4e    00000012                   : usb.obj (.text:USBHostLPMConfig)
                  00003f60    00000012                   : usb.obj (.text:USBHostRequestIN)
                  00003f72    00000010                   : usb.obj (.text:USBEndpointStatus)
                  00003f82    00000002     --HOLE-- [fill = 0]
                  00003f84    00000010     usblib.lib : usbhostenum.obj (.text:USBHCDRegisterDrivers)
                  00003f94    00000010     driverlib.lib : usb.obj (.text:USBHostPwrDisable)
                  00003fa4    00000010                   : udma.obj (.text:uDMAEnable)
                  00003fb4    0000000e     usblib.lib : usbdma.obj (.text:DMAUSBIntStatusClear)
                  00003fc2    0000000e     driverlib.lib : usb.obj (.text:USBDMAChannelStatus)
                  00003fd0    0000000e                   : usb.obj (.text:USBHostPwrEnable)
                  00003fde    0000000e                   : usb.obj (.text:USBULPIDisable)
                  00003fec    0000000e                   : usb.obj (.text:USBULPIEnable)
                  00003ffa    0000000e     rtsv7M4_T_le_v4SPD16_eabi.lib : copy_decompress_none.obj (.text:decompress:none)
                  00004008    0000000c     driverlib.lib : usb.obj (.text:USBEndpointPacketCountSet)
                  00004014    0000000c     usblib.lib : usbhostenum.obj (.text:USBHCDHubDeviceDisconnected)
                  00004020    0000000c                : usbhostenum.obj (.text:USBHCDPowerConfigInit)
                  0000402c    0000000c     driverlib.lib : usb.obj (.text:USBLPMIntEnable)
                  00004038    0000000c     rtsv7M4_T_le_v4SPD16_eabi.lib : copy_zero_init.obj (.text:decompress:ZI)
                  00004044    0000000c     driverlib.lib : udma.obj (.text:uDMAControlBaseSet)
                  00004050    0000000a                   : usb.obj (.text:USBClockEnable)
                  0000405a    0000000a                   : usb.obj (.text:USBControllerVersion)
                  00004064    0000000a                   : usb.obj (.text:USBDMAChannelAddressSet)
                  0000406e    0000000a                   : usb.obj (.text:USBDMAChannelCountSet)
                  00004078    0000000a                   : usb.obj (.text:USBHostSuspend)
                  00004082    0000000a                   : usb.obj (.text:USBIntStatusEndpoint)
                  0000408c    0000000a     usblib.lib : usbdma.obj (.text:USBLibDMAAddrGet)
                  00004096    0000000a     driverlib.lib : usb.obj (.text:USBNumEndpointsGet)
                  000040a0    00000008                   : usb.obj (.text:USBFIFOAddrGet)
                  000040a8    00000008                   : usb.obj (.text:USBHostMode)
                  000040b0    00000008                   : usb.obj (.text:USBHostRequestStatus)
                  000040b8    00000008                   : usb.obj (.text:USBOTGMode)
                  000040c0    00000008     usblib.lib : usbdma.obj (.text:iDMAUSBChannelIntDisable)
                  000040c8    00000008                : usbdma.obj (.text:iDMAUSBChannelIntEnable)
                  000040d0    00000006     startup_ccs.obj (.text:ResetISR)
                  000040d6    00000006     driverlib.lib : sysctl.obj (.text:SysCtlDelay)
                  000040dc    00000006                   : usb.obj (.text:USBDMAChannelIntStatus)
                  000040e2    00000006                   : usb.obj (.text:USBLPMIntStatus)
                  000040e8    00000006     rtsv7M4_T_le_v4SPD16_eabi.lib : copy_decompress_rle.obj (.text:decompress:rle24)
                  000040ee    00000006     usblib.lib : usbdma.obj (.text:iDMAUSBIntStatus)
                  000040f4    00000004                : usbdma.obj (.text:DMAUSBStatus)
                  000040f8    00000004     rtsv7M4_T_le_v4SPD16_eabi.lib : pre_init.obj (.text)

.const     0    000040fc    00000248     
                  000040fc    00000120     driverlib.lib : sysctl.obj (.const:g_pppui32XTALtoVCO)
                  0000421c    00000070                   : interrupt.obj (.const)
                  0000428c    0000006c                   : sysctl.obj (.const:g_pui32Xtals)
                  000042f8    00000030                   : sysctl.obj (.const:g_sXTALtoMEMTIM)
                  00004328    00000010     usblib.lib : usbhmsc.obj (.const)
                  00004338    00000008     driverlib.lib : sysctl.obj (.const)
                  00004340    00000004     usb_stick_update.obj (.const)

.cinit     0    00004348    00000058     
                  00004348    0000002e     (.cinit..data.load) [load image, compression = rle]
                  00004376    00000002     --HOLE-- [fill = 0]
                  00004378    0000000c     (__TI_handler_table)
                  00004384    00000004     --HOLE-- [fill = 0]
                  00004388    00000008     (.cinit..bss.load) [load image, compression = zero_init]
                  00004390    00000010     (__TI_cinit_table)

.init_array 
*          0    00000000    00000000     UNINITIALIZED

.bss       0    20000000    00001060     UNINITIALIZED
                  20000000    000006cc     usblib.lib : usbhostenum.obj (.bss:g_sUSBHCD)
                  200006cc    00000200     usb_stick_update.obj (.bss:g_ui8SectorBuf)
                  200008cc    00000200     simple_fs.obj (.bss:ui8FATCache$1)
                  20000acc    00000110     usblib.lib : usbdma.obj (.bss:g_psUSBDMAInst)
                  20000bdc    0000009c                : usbhhub.obj (.bss:g_sRootHub)
                  20000c78    00000080     usb_stick_update.obj (.bss:g_pHCDPool)
                  20000cf8    00000024     simple_fs.obj (.bss:sPartInfo)
                  20000d1c    00000018     (.common:g_pfnTickHandlers)
                  20000d34    00000018     (.common:g_pi32USBHActiveDriver)
                  20000d4c    00000018     (.common:g_ppvDriverInstance)
                  20000d64    00000018     (.common:g_pvTickInstance)
                  20000d7c    00000008     (.common:g_pui32Alloc)
                  20000d84    00000004     (.common:g_pfnUSBModeCallback)
                  20000d88    00000004     (.common:g_pui8SectorBuf)
                  20000d8c    00000004     (.common:g_ui32ChangeFlags)
                  20000d90    00000004     (.common:g_ui32HubChanges)
                  20000d94    00000004     (.common:g_ui32PollRate)
                  20000d98    00000004     (.common:g_ui32SysClock)
                  20000d9c    00000004     (.common:g_ui32ULPISupport)
                  20000da0    00000004     (.common:ui32WorkingSector$4)
                  20000da4    00000001     (.common:g_eOTGModeState)
                  20000da5    00000001     (.common:g_eState)
                  20000da6    0000025a     --HOLE--
                  20001000    00000060     usb_stick_update.obj (.bss:g_sDMAControlTable)

.TI.noinit 
*          0    20000000    00000000     UNINITIALIZED

.stack     0    20001060    00000400     UNINITIALIZED
                  20001060    00000400     --HOLE--

.data      0    20001460    00000080     UNINITIALIZED
                  20001460    0000002c     usblib.lib : usbhostenum.obj (.data)
                  2000148c    0000001c                : usbhmsc.obj (.data)
                  200014a8    0000000c                : usbtick.obj (.data)
                  200014b4    00000009                : usbmode.obj (.data)
                  200014bd    00000003     --HOLE--
                  200014c0    00000008     rtsv7M4_T_le_v4SPD16_eabi.lib : _lock.obj (.data)
                  200014c8    00000008                                   : exit.obj (.data)
                  200014d0    00000008     simple_fs.obj (.data)
                  200014d8    00000004     rtsv7M4_T_le_v4SPD16_eabi.lib : stkdepth_vars.obj (.data)
                  200014dc    00000004     usb_stick_update.obj (.data)

.TI.persistent 
*          0    20001460    00000000     UNINITIALIZED


LINKER GENERATED COPY TABLES

__TI_cinit_table @ 00004390 records: 2, size/record: 8, table size: 16
	.data: load addr=00004348, load size=0000002e bytes, run addr=20001460, run size=00000080 bytes, compression=rle
	.bss: load addr=00004388, load size=00000008 bytes, run addr=20000000, run size=00001060 bytes, compression=zero_init


LINKER GENERATED HANDLER TABLE

__TI_handler_table @ 00004378 records: 3, size/record: 4, table size: 12
	index: 0, handler: __TI_decompress_rle24
	index: 1, handler: __TI_decompress_none
	index: 2, handler: __TI_zero_init


GLOBAL SYMBOLS: SORTED ALPHABETICALLY BY Name 

address   name                       
-------   ----                       
00003ba5  AppForceUpdate             
000032f1  C$$EXIT                    
00003e2d  CallApplication            
00002c21  ConfigDescAlloc            
00003929  ConfigDescFree             
0000171d  ConfigureUSBInterface      
000010b1  GPIOPadConfigSet           
000029bd  IntDisable                 
00002a25  IntEnable                  
00002af5  IntIsEnabled               
00003981  InternalUSBHCDSendEvent    
00003515  InternalUSBStartOfFrameTick
00003869  InternalUSBTickInit        
00003cbd  OTGDeviceDisconnect        
00001625  ReadAppAndProgram          
000040d1  ResetISR                   
UNDEFED   SHT$$INIT_ARRAY$$Base      
UNDEFED   SHT$$INIT_ARRAY$$Limit     
00002a8d  SimpleFsGetNextFileSector  
00001311  SimpleFsInit               
000022e1  SimpleFsOpen               
00003d29  SimpleFsReadMediaSector    
000005f9  SysCtlClockFreqSet         
000040d7  SysCtlDelay                
00003699  SysCtlPeripheralEnable     
00002edd  SysCtlPeripheralReset      
00003e41  SysCtlUSBPLLEnable         
00002e3b  ULPIConfigSet              
00003e55  USB0HostIntHandler         
00004051  USBClockEnable             
0000405b  USBControllerVersion       
00004065  USBDMAChannelAddressSet    
00003e69  USBDMAChannelConfigSet     
0000406f  USBDMAChannelCountSet      
00003f07  USBDMAChannelDisable       
00003f19  USBDMAChannelEnable        
00003f2b  USBDMAChannelIntDisable    
00003f3d  USBDMAChannelIntEnable     
000040dd  USBDMAChannelIntStatus     
00003fc3  USBDMAChannelStatus        
000039ad  USBDescGet                 
00003c45  USBDescGetInterface        
00003de9  USBDescGetInterfaceEndpoint
00003cf5  USBEndpointDMAChannel      
00002fc9  USBEndpointDMAConfigSet    
00003acd  USBEndpointDMADisable      
00003af1  USBEndpointDMAEnable       
00003cd9  USBEndpointDataAvail       
00003265  USBEndpointDataGet         
00003661  USBEndpointDataPut         
000036cd  USBEndpointDataSend        
00003b15  USBEndpointDataToggleClear 
00004009  USBEndpointPacketCountSet  
00003f73  USBEndpointStatus          
000040a1  USBFIFOAddrGet             
000034a1  USBFIFOConfigSet           
00003143  USBFIFOFlush               
00001905  USBHCDControlTransfer      
00002d8d  USBHCDHubDeviceConnected   
00004015  USBHCDHubDeviceDisconnected
00001ae5  USBHCDInit                 
00001bd1  USBHCDMain                 
000007fd  USBHCDPipeAllocSize        
00001cb1  USBHCDPipeConfig           
000019f5  USBHCDPipeFree             
00000f61  USBHCDPipeRead             
000011e5  USBHCDPipeWrite            
00003e7d  USBHCDPowerAutomatic       
00004021  USBHCDPowerConfigInit      
00003015  USBHCDPowerConfigSet       
00003f85  USBHCDRegisterDrivers      
0000354d  USBHCDReset                
0000318d  USBHCDSetAddress           
00003701  USBHCDSetConfig            
00003d41  USBHHubEnumerationComplete 
00003d59  USBHHubEnumerationError    
000032ad  USBHHubInit                
00000b25  USBHHubMain                
00003735  USBHMSCBlockRead           
00003e91  USBHMSCDriveOpen           
00001529  USBHMSCDriveReady          
000033b1  USBHSCSIInquiry            
00002cd9  USBHSCSIRead10             
000033ed  USBHSCSIReadCapacity       
000034db  USBHSCSIRequestSense       
00003585  USBHSCSITestUnitReady      
00003dff  USBHostAddrSet             
00002b59  USBHostCheckPipes          
00001d89  USBHostEndpointConfig      
00003c05  USBHostEndpointDataAck     
00003769  USBHostEndpointStatusClear 
000038c9  USBHostHubAddrSet          
00000201  USBHostIntHandlerInternal  
00003f4f  USBHostLPMConfig           
000040a9  USBHostMode                
00003d71  USBHostPwrConfig           
00003f95  USBHostPwrDisable          
00003fd1  USBHostPwrEnable           
00003f61  USBHostRequestIN           
00003d89  USBHostRequestINClear      
000040b1  USBHostRequestStatus       
00003ea5  USBHostReset               
00003a81  USBHostSpeedGet            
00004079  USBHostSuspend             
00003a31  USBIntEnableControl        
00003e15  USBIntEnableEndpoint       
000035bd  USBIntStatusControl        
00004083  USBIntStatusEndpoint       
0000402d  USBLPMIntEnable            
000040e3  USBLPMIntStatus            
0000408d  USBLibDMAAddrGet           
00000e01  USBLibDMAInit              
00004097  USBNumEndpointsGet         
000040b9  USBOTGMode                 
00003d0f  USBOTGSessionRequest       
00003b39  USBStackModeSet            
00003fdf  USBULPIDisable             
00003fed  USBULPIEnable              
00003c63  USBULPIRegRead             
00003c81  USBULPIRegWrite            
00003429  UpdaterMain                
000038f9  UpdaterUSB                 
20001460  __STACK_END                
00000400  __STACK_SIZE               
20001460  __STACK_TOP                
00004390  __TI_CINIT_Base            
000043a0  __TI_CINIT_Limit           
00004378  __TI_Handler_Table_Base    
00004384  __TI_Handler_Table_Limit   
000028e5  __TI_auto_init             
200014c8  __TI_cleanup_ptr           
00003ffb  __TI_decompress_none       
000040e9  __TI_decompress_rle24      
200014cc  __TI_dtors_ptr             
00000000  __TI_static_base__         
00004039  __TI_zero_init             
000026a9  __aeabi_memclr             
000026a9  __aeabi_memclr4            
000026a9  __aeabi_memclr8            
000021b1  __aeabi_memcpy             
000021b1  __aeabi_memcpy4            
000021b1  __aeabi_memcpy8            
000026ab  __aeabi_memset             
000026ab  __aeabi_memset4            
000026ab  __aeabi_memset8            
ffffffff  __binit__                  
ffffffff  __c_args__                 
20001060  __stack                    
00003da1  _args_main                 
00002f2d  _c_int00                   
200014c0  _lock                      
00003eef  _nop                       
00003ee7  _register_lock             
00003ee1  _register_unlock           
000040f9  _system_pre_init           
200014c4  _unlock                    
000032f5  abort                      
ffffffff  binit                      
000030ad  copy_in                    
000032fd  exit                       
200014a8  g_bUSBTimerInitialized     
20000da4  g_eOTGModeState            
20000da5  g_eState                   
200014b4  g_iUSBMode                 
20000c78  g_pHCDPool                 
20000d1c  g_pfnTickHandlers          
00000000  g_pfnVectors               
200014dc  g_psMSCInstance            
20000d64  g_pvTickInstance           
20001000  g_sDMAControlTable         
00004328  g_sUSBHostMSCClassDriver   
200014ac  g_ui32CurrentUSBTick       
20000d94  g_ui32PollRate             
20000d98  g_ui32SysClock             
200014b0  g_ui32USBSOFCount          
200014b8  g_ui32WaitTicks            
0000224d  main                       
200014d8  main_func_sp               
000021b1  memcpy                     
000026b1  memset                     
00003aa7  strncmp                    
0000321d  uDMAChannelAttributeDisable
00003b5d  uDMAChannelControlSet      
00003db9  uDMAChannelDisable         
00003dd1  uDMAChannelEnable          
00003a59  uDMAChannelModeGet         
00002625  uDMAChannelTransferSet     
00004045  uDMAControlBaseSet         
00003fa5  uDMAEnable                 


GLOBAL SYMBOLS: SORTED BY Symbol Address 

address   name                       
-------   ----                       
00000000  __TI_static_base__         
00000000  g_pfnVectors               
00000201  USBHostIntHandlerInternal  
00000400  __STACK_SIZE               
000005f9  SysCtlClockFreqSet         
000007fd  USBHCDPipeAllocSize        
00000b25  USBHHubMain                
00000e01  USBLibDMAInit              
00000f61  USBHCDPipeRead             
000010b1  GPIOPadConfigSet           
000011e5  USBHCDPipeWrite            
00001311  SimpleFsInit               
00001529  USBHMSCDriveReady          
00001625  ReadAppAndProgram          
0000171d  ConfigureUSBInterface      
00001905  USBHCDControlTransfer      
000019f5  USBHCDPipeFree             
00001ae5  USBHCDInit                 
00001bd1  USBHCDMain                 
00001cb1  USBHCDPipeConfig           
00001d89  USBHostEndpointConfig      
000021b1  __aeabi_memcpy             
000021b1  __aeabi_memcpy4            
000021b1  __aeabi_memcpy8            
000021b1  memcpy                     
0000224d  main                       
000022e1  SimpleFsOpen               
00002625  uDMAChannelTransferSet     
000026a9  __aeabi_memclr             
000026a9  __aeabi_memclr4            
000026a9  __aeabi_memclr8            
000026ab  __aeabi_memset             
000026ab  __aeabi_memset4            
000026ab  __aeabi_memset8            
000026b1  memset                     
000028e5  __TI_auto_init             
000029bd  IntDisable                 
00002a25  IntEnable                  
00002a8d  SimpleFsGetNextFileSector  
00002af5  IntIsEnabled               
00002b59  USBHostCheckPipes          
00002c21  ConfigDescAlloc            
00002cd9  USBHSCSIRead10             
00002d8d  USBHCDHubDeviceConnected   
00002e3b  ULPIConfigSet              
00002edd  SysCtlPeripheralReset      
00002f2d  _c_int00                   
00002fc9  USBEndpointDMAConfigSet    
00003015  USBHCDPowerConfigSet       
000030ad  copy_in                    
00003143  USBFIFOFlush               
0000318d  USBHCDSetAddress           
0000321d  uDMAChannelAttributeDisable
00003265  USBEndpointDataGet         
000032ad  USBHHubInit                
000032f1  C$$EXIT                    
000032f5  abort                      
000032fd  exit                       
000033b1  USBHSCSIInquiry            
000033ed  USBHSCSIReadCapacity       
00003429  UpdaterMain                
000034a1  USBFIFOConfigSet           
000034db  USBHSCSIRequestSense       
00003515  InternalUSBStartOfFrameTick
0000354d  USBHCDReset                
00003585  USBHSCSITestUnitReady      
000035bd  USBIntStatusControl        
00003661  USBEndpointDataPut         
00003699  SysCtlPeripheralEnable     
000036cd  USBEndpointDataSend        
00003701  USBHCDSetConfig            
00003735  USBHMSCBlockRead           
00003769  USBHostEndpointStatusClear 
00003869  InternalUSBTickInit        
000038c9  USBHostHubAddrSet          
000038f9  UpdaterUSB                 
00003929  ConfigDescFree             
00003981  InternalUSBHCDSendEvent    
000039ad  USBDescGet                 
00003a31  USBIntEnableControl        
00003a59  uDMAChannelModeGet         
00003a81  USBHostSpeedGet            
00003aa7  strncmp                    
00003acd  USBEndpointDMADisable      
00003af1  USBEndpointDMAEnable       
00003b15  USBEndpointDataToggleClear 
00003b39  USBStackModeSet            
00003b5d  uDMAChannelControlSet      
00003ba5  AppForceUpdate             
00003c05  USBHostEndpointDataAck     
00003c45  USBDescGetInterface        
00003c63  USBULPIRegRead             
00003c81  USBULPIRegWrite            
00003cbd  OTGDeviceDisconnect        
00003cd9  USBEndpointDataAvail       
00003cf5  USBEndpointDMAChannel      
00003d0f  USBOTGSessionRequest       
00003d29  SimpleFsReadMediaSector    
00003d41  USBHHubEnumerationComplete 
00003d59  USBHHubEnumerationError    
00003d71  USBHostPwrConfig           
00003d89  USBHostRequestINClear      
00003da1  _args_main                 
00003db9  uDMAChannelDisable         
00003dd1  uDMAChannelEnable          
00003de9  USBDescGetInterfaceEndpoint
00003dff  USBHostAddrSet             
00003e15  USBIntEnableEndpoint       
00003e2d  CallApplication            
00003e41  SysCtlUSBPLLEnable         
00003e55  USB0HostIntHandler         
00003e69  USBDMAChannelConfigSet     
00003e7d  USBHCDPowerAutomatic       
00003e91  USBHMSCDriveOpen           
00003ea5  USBHostReset               
00003ee1  _register_unlock           
00003ee7  _register_lock             
00003eef  _nop                       
00003f07  USBDMAChannelDisable       
00003f19  USBDMAChannelEnable        
00003f2b  USBDMAChannelIntDisable    
00003f3d  USBDMAChannelIntEnable     
00003f4f  USBHostLPMConfig           
00003f61  USBHostRequestIN           
00003f73  USBEndpointStatus          
00003f85  USBHCDRegisterDrivers      
00003f95  USBHostPwrDisable          
00003fa5  uDMAEnable                 
00003fc3  USBDMAChannelStatus        
00003fd1  USBHostPwrEnable           
00003fdf  USBULPIDisable             
00003fed  USBULPIEnable              
00003ffb  __TI_decompress_none       
00004009  USBEndpointPacketCountSet  
00004015  USBHCDHubDeviceDisconnected
00004021  USBHCDPowerConfigInit      
0000402d  USBLPMIntEnable            
00004039  __TI_zero_init             
00004045  uDMAControlBaseSet         
00004051  USBClockEnable             
0000405b  USBControllerVersion       
00004065  USBDMAChannelAddressSet    
0000406f  USBDMAChannelCountSet      
00004079  USBHostSuspend             
00004083  USBIntStatusEndpoint       
0000408d  USBLibDMAAddrGet           
00004097  USBNumEndpointsGet         
000040a1  USBFIFOAddrGet             
000040a9  USBHostMode                
000040b1  USBHostRequestStatus       
000040b9  USBOTGMode                 
000040d1  ResetISR                   
000040d7  SysCtlDelay                
000040dd  USBDMAChannelIntStatus     
000040e3  USBLPMIntStatus            
000040e9  __TI_decompress_rle24      
000040f9  _system_pre_init           
00004328  g_sUSBHostMSCClassDriver   
00004378  __TI_Handler_Table_Base    
00004384  __TI_Handler_Table_Limit   
00004390  __TI_CINIT_Base            
000043a0  __TI_CINIT_Limit           
20000c78  g_pHCDPool                 
20000d1c  g_pfnTickHandlers          
20000d64  g_pvTickInstance           
20000d94  g_ui32PollRate             
20000d98  g_ui32SysClock             
20000da4  g_eOTGModeState            
20000da5  g_eState                   
20001000  g_sDMAControlTable         
20001060  __stack                    
20001460  __STACK_END                
20001460  __STACK_TOP                
200014a8  g_bUSBTimerInitialized     
200014ac  g_ui32CurrentUSBTick       
200014b0  g_ui32USBSOFCount          
200014b4  g_iUSBMode                 
200014b8  g_ui32WaitTicks            
200014c0  _lock                      
200014c4  _unlock                    
200014c8  __TI_cleanup_ptr           
200014cc  __TI_dtors_ptr             
200014d8  main_func_sp               
200014dc  g_psMSCInstance            
ffffffff  __binit__                  
ffffffff  __c_args__                 
ffffffff  binit                      
UNDEFED   SHT$$INIT_ARRAY$$Base      
UNDEFED   SHT$$INIT_ARRAY$$Limit     

[189 symbols]
