******************************************************************************
                  TI ARM Linker PC v16.9.0                     
******************************************************************************
>> Linked Sun May 21 10:07:19 2017

OUTPUT FILE NAME:   <usb_stick_update.out>
ENTRY POINT SYMBOL: "_c_int00"  address: 00002f6d


MEMORY CONFIGURATION

         name            origin    length      used     unused   attr    fill
----------------------  --------  ---------  --------  --------  ----  --------
  FLASH                 00000000   00100000  0000456e  000fba92  R  X
  SRAM                  20000000   00040000  000014e4  0003eb1c  RW X


SEGMENT ALLOCATION MAP

run origin  load origin   length   init length attrs members
----------  ----------- ---------- ----------- ----- -------
00000000    00000000    00004570   00004570    r-x
  00000000    00000000    00000200   00000200    r-- .intvecs
  00000200    00000200    00004046   00004046    r-x .text
  00004248    00004248    000002d8   000002d8    r-- .const
  00004520    00004520    00000050   00000050    r-- .cinit
20000000    20000000    000014e4   00000000    rw-
  20000000    20000000    00001060   00000000    rw- .bss
  20001060    20001060    00000400   00000000    rw- .stack
  20001460    20001460    00000084   00000000    rw- .data


SECTION ALLOCATION MAP

 output                                  attributes/
section   page    origin      length       input sections
--------  ----  ----------  ----------   ----------------
.intvecs   0    00000000    00000200     
                  00000000    00000200     startup_ccs.obj (.intvecs)

.text      0    00000200    00004046     
                  00000200    000003f8     usblib.lib : usbhostenum.obj (.text:USBHostIntHandlerInternal)
                  000005f8    00000200     driverlib.lib : sysctl.obj (.text:SysCtlClockFreqSet)
                  000007f8    0000019c     usblib.lib : usbhostenum.obj (.text:USBHCDPipeAllocSize)
                  00000994    00000190                : usbhostenum.obj (.text:ProcessUSBDeviceStateMachine)
                  00000b24    00000174                : usbhhub.obj (.text:USBHHubMain)
                  00000c98    0000016c                : usbhostenum.obj (.text:USBHCDInitInternal)
                  00000e04    00000160                : usbdma.obj (.text:USBLibDMAInit)
                  00000f64    00000150                : usbhostenum.obj (.text:USBHCDPipeRead)
                  000010b4    00000132     driverlib.lib : gpio.obj (.text:GPIOPadConfigSet)
                  000011e6    00000002     startup_ccs.obj (.text:FaultISR)
                  000011e8    0000012c     usblib.lib : usbhostenum.obj (.text:USBHCDPipeWrite)
                  00001314    00000118     simple_fs.obj (.text:SimpleFsInit)
                  0000142c    00000110     usb_stick_update.obj (.text:ConfigureUSBInterface)
                  0000153c    00000100     usblib.lib : usbhostenum.obj (.text:USBHCDEnumHandler)
                  0000163c    000000fc                : usbhmsc.obj (.text:USBHMSCDriveReady)
                  00001738    000000f8     usb_stick_update.obj (.text:ReadAppAndProgram)
                  00001830    000000f4     usblib.lib : usbdma.obj (.text:iDMAUSBTransfer)
                  00001924    000000f0                : usbhostenum.obj (.text:USBHCDControlTransfer)
                  00001a14    000000f0                : usbhostenum.obj (.text:USBHCDInit)
                  00001b04    000000f0                : usbhostenum.obj (.text:USBHCDPipeFree)
                  00001bf4    000000e0                : usbhostenum.obj (.text:USBHCDMain)
                  00001cd4    000000d8                : usbhostenum.obj (.text:USBHCDPipeConfig)
                  00001dac    000000c8     driverlib.lib : usb.obj (.text:USBHostEndpointConfig)
                  00001e74    000000c4     usblib.lib : usbdma.obj (.text:uDMAUSBChannelAllocate)
                  00001f38    000000bc                : usbdma.obj (.text:uDMAUSBTransfer)
                  00001ff4    000000a4                : usbhmsc.obj (.text:USBHMSCOpen)
                  00002098    000000a0                : usbhostenum.obj (.text:USBHCDDeviceDisconnected)
                  00002138    0000009c     simple_fs.obj (.text:SimpleFsGetNextCluster)
                  000021d4    0000009c     usblib.lib : usbhostenum.obj (.text:USBHCDFeatureSet)
                  00002270    0000009c     rtsv7M4_T_le_v4SPD16_eabi.lib : memcpy_t2.obj (.text)
                  0000230c    00000094     usb_stick_update.obj (.text:main)
                  000023a0    00000090     simple_fs.obj (.text:SimpleFsOpen)
                  00002430    00000090     usblib.lib : usbhostenum.obj (.text:USBHCDOpenDriver)
                  000024c0    0000008c                : usbhostenum.obj (.text:FIFOAlloc)
                  0000254c    0000008c                : usbhostenum.obj (.text:USBHCDClearFeature)
                  000025d8    00000088                : usbhscsi.obj (.text:USBHSCSISendCommand)
                  00002660    00000084                : usbdma.obj (.text:iDMAUSBChannelAllocate)
                  000026e4    00000084     driverlib.lib : udma.obj (.text:uDMAChannelTransferSet)
                  00002768    0000007a     rtsv7M4_T_le_v4SPD16_eabi.lib : memset_t2.obj (.text)
                  000027e2    00000074     usblib.lib : usbhostenum.obj (.text:USBHCDGetConfigDescriptor)
                  00002856    00000002     startup_ccs.obj (.text:IntDefaultHandler)
                  00002858    00000070     driverlib.lib : sysctl.obj (.text:SysCtlVCOGet)
                  000028c8    00000070     rtsv7M4_T_le_v4SPD16_eabi.lib : autoinit.obj (.text)
                  00002938    00000070     usblib.lib : usbdma.obj (.text:uDMAUSBArbSizeSet)
                  000029a8    00000070                : usbdma.obj (.text:uDMAUSBUnitSizeSet)
                  00002a18    0000006c                : usbmode.obj (.text:USBOTGSetMode)
                  00002a84    00000068     driverlib.lib : interrupt.obj (.text:IntDisable)
                  00002aec    00000068                   : interrupt.obj (.text:IntEnable)
                  00002b54    00000068     simple_fs.obj (.text:SimpleFsGetNextFileSector)
                  00002bbc    00000068     rtsv7M4_T_le_v4SPD16_eabi.lib : copy_decompress_lzss.obj (.text:decompress:lzss)
                  00002c24    00000064     driverlib.lib : interrupt.obj (.text:IntIsEnabled)
                  00002c88    00000064     usblib.lib : usbhostenum.obj (.text:USBHostCheckPipes)
                  00002cec    00000064                : usbdma.obj (.text:uDMAUSBChannelEnable)
                  00002d50    0000005c                : usbhostenum.obj (.text:ConfigDescAlloc)
                  00002dac    0000005c                : usbhostenum.obj (.text:USBHCDGetDeviceDescriptor)
                  00002e08    0000005c                : usbhscsi.obj (.text:USBHSCSIRead10)
                  00002e64    00000058                : usbhostenum.obj (.text:USBHCDEP0StateTx)
                  00002ebc    00000058                : usbhostenum.obj (.text:USBHCDHubDeviceConnected)
                  00002f14    00000056                : usbdma.obj (.text:uDMAUSBChannelRelease)
                  00002f6a    00000002     startup_ccs.obj (.text:NmiSR)
                  00002f6c    00000054     rtsv7M4_T_le_v4SPD16_eabi.lib : boot.obj (.text)
                  00002fc0    00000054                                   : exit.obj (.text)
                  00003014    00000052     usblib.lib : usbulpi.obj (.text:ULPIConfigSet)
                  00003066    00000050                : usbhhub.obj (.text:HubGetPortStatus)
                  000030b6    00000002                : usbdma.obj (.text:iDMAUSBArbSizeSet)
                  000030b8    00000050     driverlib.lib : sysctl.obj (.text:SysCtlPeripheralReset)
                  00003108    0000004c     usblib.lib : usbhhub.obj (.text:HubDriverDeviceDisconnect)
                  00003154    0000004c     driverlib.lib : usb.obj (.text:USBEndpointDMAConfigSet)
                  000031a0    0000004c     usblib.lib : usbhostenum.obj (.text:USBHCDPowerConfigSet)
                  000031ec    0000004c                : usbdma.obj (.text:iDMAUSBChannelEnable)
                  00003238    0000004c     rtsv7M4_T_le_v4SPD16_eabi.lib : cpy_tbl.obj (.text)
                  00003284    0000004a     usblib.lib : usbdma.obj (.text:uDMAUSBChannelDisable)
                  000032ce    00000048     driverlib.lib : usb.obj (.text:USBFIFOFlush)
                  00003316    00000002     usblib.lib : usbdma.obj (.text:iDMAUSBUnitSizeSet)
                  00003318    00000048                : usbhostenum.obj (.text:USBHCDSetAddress)
                  00003360    00000048     driverlib.lib : sysctl.obj (.text:_SysCtlFrequencyGet)
                  000033a8    00000048                   : udma.obj (.text:uDMAChannelAttributeDisable)
                  000033f0    00000046                   : usb.obj (.text:USBEndpointDataGet)
                  00003436    00000002     rtsv7M4_T_le_v4SPD16_eabi.lib : mpu_init.obj (.text)
                  00003438    00000044     usblib.lib : usbhhub.obj (.text:USBHHubInit)
                  0000347c    00000040                : usbhmsc.obj (.text:USBHMSCGetMaxLUN)
                  000034bc    0000003c                : usbhhub.obj (.text:HubDriverReset)
                  000034f8    0000003c                : usbhscsi.obj (.text:USBHSCSIInquiry)
                  00003534    0000003c                : usbhscsi.obj (.text:USBHSCSIReadCapacity)
                  00003570    0000003c     usb_stick_update.obj (.text:UpdaterMain)
                  000035ac    0000003c     usblib.lib : usbdma.obj (.text:iDMAUSBChannelRelease)
                  000035e8    0000003a     driverlib.lib : usb.obj (.text:USBFIFOConfigSet)
                  00003622    0000003a     usblib.lib : usbhscsi.obj (.text:USBHSCSIRequestSense)
                  0000365c    00000038                : usbtick.obj (.text:InternalUSBStartOfFrameTick)
                  00003694    00000038                : usbhostenum.obj (.text:USBHCDReset)
                  000036cc    00000038                : usbhscsi.obj (.text:USBHSCSITestUnitReady)
                  00003704    00000038     driverlib.lib : usb.obj (.text:USBIntStatusControl)
                  0000373c    00000036     usblib.lib : usbhhub.obj (.text:HubClearPortFeature)
                  00003772    00000036                : usbhhub.obj (.text:HubSetPortFeature)
                  000037a8    00000036     driverlib.lib : usb.obj (.text:USBEndpointDataPut)
                  000037de    00000002     rtsv7M4_T_le_v4SPD16_eabi.lib : startup.obj (.text)
                  000037e0    00000034     driverlib.lib : sysctl.obj (.text:SysCtlPeripheralEnable)
                  00003814    00000034                   : usb.obj (.text:USBEndpointDataSend)
                  00003848    00000034     usblib.lib : usbhostenum.obj (.text:USBHCDSetConfig)
                  0000387c    00000034                : usbhmsc.obj (.text:USBHMSCBlockRead)
                  000038b0    00000034     driverlib.lib : usb.obj (.text:USBHostEndpointStatusClear)
                  000038e4    00000034     usblib.lib : usbmode.obj (.text:USBOTGRemovePower)
                  00003918    00000034                : usbdma.obj (.text:iDMAUSBChannelStatus)
                  0000394c    00000032                : usbdma.obj (.text:iDMAUSBChannelDisable)
                  0000397e    00000030                : usbdma.obj (.text:DMAUSBIntHandler)
                  000039ae    00000002                : usbdma.obj (.text:uDMAUSBChannelIntDisable)
                  000039b0    00000030                : usbtick.obj (.text:InternalUSBTickInit)
                  000039e0    00000030                : usbhmsc.obj (.text:USBHMSCClose)
                  00003a10    00000030     driverlib.lib : usb.obj (.text:USBHostHubAddrSet)
                  00003a40    00000030     usb_stick_update.obj (.text:UpdaterUSB)
                  00003a70    0000002c     usblib.lib : usbhostenum.obj (.text:ConfigDescFree)
                  00003a9c    0000002c                : usbhostenum.obj (.text:FIFOFree)
                  00003ac8    0000002c                : usbhostenum.obj (.text:InternalUSBHCDSendEvent)
                  00003af4    0000002c                : usbdesc.obj (.text:USBDescGet)
                  00003b20    0000002c                : usbdesc.obj (.text:USBDescGetAlternateInterface)
                  00003b4c    0000002c     rtsv7M4_T_le_v4SPD16_eabi.lib : strncmp.obj (.text)
                  00003b78    0000002c     usblib.lib : usbdma.obj (.text:uDMAUSBIntStatus)
                  00003ba4    00000028     driverlib.lib : usb.obj (.text:USBIntEnableControl)
                  00003bcc    00000028                   : udma.obj (.text:uDMAChannelModeGet)
                  00003bf4    00000026                   : usb.obj (.text:USBHostSpeedGet)
                  00003c1a    00000024                   : usb.obj (.text:USBEndpointDMADisable)
                  00003c3e    00000024                   : usb.obj (.text:USBEndpointDMAEnable)
                  00003c62    00000024                   : usb.obj (.text:USBEndpointDataToggleClear)
                  00003c86    00000002     usblib.lib : usbdma.obj (.text:uDMAUSBChannelIntEnable)
                  00003c88    00000024                : usbmode.obj (.text:USBStackModeSet)
                  00003cac    00000024     driverlib.lib : udma.obj (.text:uDMAChannelControlSet)
                  00003cd0    00000022     usblib.lib : usbdma.obj (.text:uDMAUSBChannelStatus)
                  00003cf2    00000002     --HOLE-- [fill = 0]
                  00003cf4    00000020     usb_stick_update.obj (.text:AppForceUpdate)
                  00003d14    00000020     usblib.lib : usbhhub.obj (.text:HubDriverDeviceConnect)
                  00003d34    00000020                : usbhhub.obj (.text:HubDriverDeviceReset)
                  00003d54    00000020     driverlib.lib : usb.obj (.text:USBHostEndpointDataAck)
                  00003d74    00000020                   : sysctl.obj (.text:_SysCtlMemTimingGet)
                  00003d94    0000001e     usblib.lib : usbdesc.obj (.text:USBDescGetInterface)
                  00003db2    0000001e     driverlib.lib : usb.obj (.text:USBULPIRegRead)
                  00003dd0    0000001e                   : usb.obj (.text:USBULPIRegWrite)
                  00003dee    00000002     --HOLE-- [fill = 0]
                  00003df0    0000001c     usb_stick_update.obj (.text:MSCCallback)
                  00003e0c    0000001c     usblib.lib : usbmode.obj (.text:OTGDeviceDisconnect)
                  00003e28    0000001c     driverlib.lib : usb.obj (.text:USBEndpointDataAvail)
                  00003e44    0000001a                   : usb.obj (.text:USBEndpointDMAChannel)
                  00003e5e    0000001a                   : usb.obj (.text:USBOTGSessionRequest)
                  00003e78    00000018     usb_stick_update.obj (.text:SimpleFsReadMediaSector)
                  00003e90    00000018     usblib.lib : usbhhub.obj (.text:USBHHubEnumerationComplete)
                  00003ea8    00000018                : usbhhub.obj (.text:USBHHubEnumerationError)
                  00003ec0    00000018     driverlib.lib : usb.obj (.text:USBHostPwrConfig)
                  00003ed8    00000018                   : usb.obj (.text:USBHostRequestINClear)
                  00003ef0    00000018     rtsv7M4_T_le_v4SPD16_eabi.lib : args_main.obj (.text)
                  00003f08    00000018     driverlib.lib : udma.obj (.text:uDMAChannelDisable)
                  00003f20    00000018                   : udma.obj (.text:uDMAChannelEnable)
                  00003f38    00000016     usblib.lib : usbdesc.obj (.text:USBDescGetInterfaceEndpoint)
                  00003f4e    00000016     driverlib.lib : usb.obj (.text:USBHostAddrSet)
                  00003f64    00000016                   : usb.obj (.text:USBIntEnableEndpoint)
                  00003f7a    00000002     --HOLE-- [fill = 0]
                  00003f7c    00000014     usb_stick_update.obj (.text:CallApplication)
                  00003f90    00000014     driverlib.lib : sysctl.obj (.text:SysCtlUSBPLLEnable)
                  00003fa4    00000014     usblib.lib : usbhostenum.obj (.text:USB0HostIntHandler)
                  00003fb8    00000014     driverlib.lib : usb.obj (.text:USBDMAChannelConfigSet)
                  00003fcc    00000014     usblib.lib : usbhostenum.obj (.text:USBHCDPowerAutomatic)
                  00003fe0    00000014                : usbhmsc.obj (.text:USBHMSCDriveOpen)
                  00003ff4    00000014     driverlib.lib : usb.obj (.text:USBHostReset)
                  00004008    00000014     usblib.lib : usbhhub.obj (.text:USBHubPortSpeedSet)
                  0000401c    00000014     driverlib.lib : usb.obj (.text:_USBIndexWrite)
                  00004030    00000014     rtsv7M4_T_le_v4SPD16_eabi.lib : _lock.obj (.text)
                  00004044    00000012     usblib.lib : usbhostenum.obj (.text:SendUnknownConnect)
                  00004056    00000012     driverlib.lib : usb.obj (.text:USBDMAChannelDisable)
                  00004068    00000012                   : usb.obj (.text:USBDMAChannelEnable)
                  0000407a    00000012                   : usb.obj (.text:USBDMAChannelIntDisable)
                  0000408c    00000012                   : usb.obj (.text:USBDMAChannelIntEnable)
                  0000409e    00000012                   : usb.obj (.text:USBHostLPMConfig)
                  000040b0    00000012                   : usb.obj (.text:USBHostRequestIN)
                  000040c2    00000010                   : usb.obj (.text:USBEndpointStatus)
                  000040d2    00000002     --HOLE-- [fill = 0]
                  000040d4    00000010     usblib.lib : usbhostenum.obj (.text:USBHCDRegisterDrivers)
                  000040e4    00000010     driverlib.lib : usb.obj (.text:USBHostPwrDisable)
                  000040f4    00000010                   : udma.obj (.text:uDMAEnable)
                  00004104    0000000e     usblib.lib : usbdma.obj (.text:DMAUSBIntStatusClear)
                  00004112    0000000e     driverlib.lib : usb.obj (.text:USBDMAChannelStatus)
                  00004120    0000000e                   : usb.obj (.text:USBHostPwrEnable)
                  0000412e    0000000e                   : usb.obj (.text:USBULPIDisable)
                  0000413c    0000000e                   : usb.obj (.text:USBULPIEnable)
                  0000414a    0000000e     rtsv7M4_T_le_v4SPD16_eabi.lib : copy_decompress_none.obj (.text:decompress:none)
                  00004158    0000000c     driverlib.lib : usb.obj (.text:USBEndpointPacketCountSet)
                  00004164    0000000c     usblib.lib : usbhostenum.obj (.text:USBHCDHubDeviceDisconnected)
                  00004170    0000000c                : usbhostenum.obj (.text:USBHCDPowerConfigInit)
                  0000417c    0000000c     driverlib.lib : usb.obj (.text:USBLPMIntEnable)
                  00004188    0000000c     rtsv7M4_T_le_v4SPD16_eabi.lib : copy_zero_init.obj (.text:decompress:ZI)
                  00004194    0000000c     driverlib.lib : udma.obj (.text:uDMAControlBaseSet)
                  000041a0    0000000a                   : usb.obj (.text:USBClockEnable)
                  000041aa    0000000a                   : usb.obj (.text:USBControllerVersion)
                  000041b4    0000000a                   : usb.obj (.text:USBDMAChannelAddressSet)
                  000041be    0000000a                   : usb.obj (.text:USBDMAChannelCountSet)
                  000041c8    0000000a                   : usb.obj (.text:USBHostSuspend)
                  000041d2    0000000a                   : usb.obj (.text:USBIntStatusEndpoint)
                  000041dc    0000000a     usblib.lib : usbdma.obj (.text:USBLibDMAAddrGet)
                  000041e6    0000000a     driverlib.lib : usb.obj (.text:USBNumEndpointsGet)
                  000041f0    00000008                   : usb.obj (.text:USBFIFOAddrGet)
                  000041f8    00000008                   : usb.obj (.text:USBHostMode)
                  00004200    00000008                   : usb.obj (.text:USBHostRequestStatus)
                  00004208    00000008                   : usb.obj (.text:USBOTGMode)
                  00004210    00000008     usblib.lib : usbdma.obj (.text:iDMAUSBChannelIntDisable)
                  00004218    00000008                : usbdma.obj (.text:iDMAUSBChannelIntEnable)
                  00004220    00000006     startup_ccs.obj (.text:ResetISR)
                  00004226    00000006     driverlib.lib : sysctl.obj (.text:SysCtlDelay)
                  0000422c    00000006                   : usb.obj (.text:USBDMAChannelIntStatus)
                  00004232    00000006                   : usb.obj (.text:USBLPMIntStatus)
                  00004238    00000006     usblib.lib : usbdma.obj (.text:iDMAUSBIntStatus)
                  0000423e    00000004                : usbdma.obj (.text:DMAUSBStatus)
                  00004242    00000004     rtsv7M4_T_le_v4SPD16_eabi.lib : pre_init.obj (.text)

.const     0    00004248    000002d8     
                  00004248    000001b0     driverlib.lib : sysctl.obj (.const:g_pppui32XTALtoVCO)
                  000043f8    00000070                   : interrupt.obj (.const)
                  00004468    0000006c                   : sysctl.obj (.const:g_pui32Xtals)
                  000044d4    00000030                   : sysctl.obj (.const:g_sXTALtoMEMTIM)
                  00004504    00000010     usblib.lib : usbhmsc.obj (.const)
                  00004514    00000008     driverlib.lib : sysctl.obj (.const)
                  0000451c    00000004     usb_stick_update.obj (.const:g_ppHostClassDrivers)

.cinit     0    00004520    00000050     
                  00004520    00000027     (.cinit..data.load) [load image, compression = lzss]
                  00004547    00000001     --HOLE-- [fill = 0]
                  00004548    0000000c     (__TI_handler_table)
                  00004554    00000004     --HOLE-- [fill = 0]
                  00004558    00000008     (.cinit..bss.load) [load image, compression = zero_init]
                  00004560    00000010     (__TI_cinit_table)

.init_array 
*          0    00000000    00000000     UNINITIALIZED

.bss       0    20000000    00001060     UNINITIALIZED
                  20000000    000006cc     usblib.lib : usbhostenum.obj (.bss:g_sUSBHCD)
                  200006cc    00000200     usb_stick_update.obj (.bss:g_ui8SectorBuf)
                  200008cc    00000200     simple_fs.obj (.bss:ui8FATCache$1)
                  20000acc    00000110     usblib.lib : usbdma.obj (.bss:g_psUSBDMAInst)
                  20000bdc    0000009c                : usbhhub.obj (.bss:g_sRootHub)
                  20000c78    00000080     (.common:g_pHCDPool)
                  20000cf8    00000024     simple_fs.obj (.bss:sPartInfo)
                  20000d1c    00000018     (.common:g_pfnTickHandlers)
                  20000d34    00000018     (.common:g_pi32USBHActiveDriver)
                  20000d4c    00000018     (.common:g_ppvDriverInstance)
                  20000d64    00000018     (.common:g_pvTickInstance)
                  20000d7c    00000008     simple_fs.obj (.bss)
                  20000d84    00000008     (.common:g_pui32Alloc)
                  20000d8c    00000004     (.common:g_pfnUSBModeCallback)
                  20000d90    00000004     (.common:g_ui32ChangeFlags)
                  20000d94    00000004     (.common:g_ui32HubChanges)
                  20000d98    00000004     (.common:g_ui32PollRate)
                  20000d9c    00000004     (.common:g_ui32SysClock)
                  20000da0    00000004     (.common:g_ui32ULPISupport)
                  20000da4    00000001     (.common:g_eOTGModeState)
                  20000da5    00000001     (.common:g_eState)
                  20000da6    0000025a     --HOLE--
                  20001000    00000060     (.common:g_sDMAControlTable)

.stack     0    20001060    00000400     UNINITIALIZED
                  20001060    00000400     --HOLE--

.data      0    20001460    00000084     UNINITIALIZED
                  20001460    0000002c     usblib.lib : usbhostenum.obj (.data)
                  2000148c    0000001c                : usbhmsc.obj (.data)
                  200014a8    0000000c     rtsv7M4_T_le_v4SPD16_eabi.lib : exit.obj (.data:$O1$$)
                  200014b4    0000000c     usblib.lib : usbtick.obj (.data)
                  200014c0    00000009                : usbmode.obj (.data)
                  200014c9    00000003     --HOLE--
                  200014cc    00000008     rtsv7M4_T_le_v4SPD16_eabi.lib : _lock.obj (.data:$O1$$)
                  200014d4    00000008     simple_fs.obj (.data)
                  200014dc    00000004     rtsv7M4_T_le_v4SPD16_eabi.lib : stkdepth_vars.obj (.data)
                  200014e0    00000004     usb_stick_update.obj (.data)

MODULE SUMMARY

       Module                     code    ro data   rw data
       ------                     ----    -------   -------
    .\
       usb_stick_update.obj       880     4         745    
       simple_fs.obj              684     0         564    
       startup_ccs.obj            12      512       0      
    +--+--------------------------+-------+---------+---------+
       Total:                     1576    516       1309   
                                                           
    C:/ti/TivaWare_C_Series-2.1.4.178/driverlib/ccs/Debug/driverlib.lib
       usb.obj                    1582    0         0      
       sysctl.obj                 886     596       0      
       interrupt.obj              308     112       0      
       udma.obj                   356     0         0      
       gpio.obj                   306     0         0      
    +--+--------------------------+-------+---------+---------+
       Total:                     3438    708       0      
                                                           
    C:/ti/TivaWare_C_Series-2.1.4.178/usblib/ccs/Debug/usblib.lib
       usbhostenum.obj            6046    0         1844   
       usbdma.obj                 2018    0         272    
       usbhhub.obj                896     0         164    
       usbhmsc.obj                600     16        28     
       usbhscsi.obj               462     0         0      
       usbmode.obj                224     0         18     
       usbtick.obj                104     0         60     
       usbdesc.obj                140     0         0      
       usbulpi.obj                82      0         0      
    +--+--------------------------+-------+---------+---------+
       Total:                     10572   16        2386   
                                                           
    C:\ti\ccsv7\tools\compiler\ti-cgt-arm_16.9.0.LTS\lib\rtsv7M4_T_le_v4SPD16_eabi.lib
       memcpy_t2.obj              156     0         0      
       memset_t2.obj              122     0         0      
       autoinit.obj               112     0         0      
       copy_decompress_lzss.obj   104     0         0      
       exit.obj                   84      0         12     
       boot.obj                   84      0         0      
       cpy_tbl.obj                76      0         0      
       strncmp.obj                44      0         0      
       _lock.obj                  20      0         8      
       args_main.obj              24      0         0      
       copy_decompress_none.obj   14      0         0      
       copy_zero_init.obj         12      0         0      
       pre_init.obj               4       0         0      
       stkdepth_vars.obj          0       0         4      
       mpu_init.obj               2       0         0      
       startup.obj                2       0         0      
    +--+--------------------------+-------+---------+---------+
       Total:                     860     0         24     
                                                           
       Stack:                     0       0         1024   
       Linker Generated:          0       75        0      
    +--+--------------------------+-------+---------+---------+
       Grand Total:               16446   1315      4743   


LINKER GENERATED COPY TABLES

__TI_cinit_table @ 00004560 records: 2, size/record: 8, table size: 16
	.data: load addr=00004520, load size=00000027 bytes, run addr=20001460, run size=00000084 bytes, compression=lzss
	.bss: load addr=00004558, load size=00000008 bytes, run addr=20000000, run size=00001060 bytes, compression=zero_init


LINKER GENERATED HANDLER TABLE

__TI_handler_table @ 00004548 records: 3, size/record: 4, table size: 12
	index: 0, handler: __TI_decompress_lzss
	index: 1, handler: __TI_decompress_none
	index: 2, handler: __TI_zero_init


GLOBAL SYMBOLS: SORTED ALPHABETICALLY BY Name 

address   name                           
-------   ----                           
00003cf5  AppForceUpdate                 
00002fc1  C$$EXIT                        
00003f7d  CallApplication                
00002d51  ConfigDescAlloc                
00003a71  ConfigDescFree                 
0000142d  ConfigureUSBInterface          
000010b5  GPIOPadConfigSet               
00002a85  IntDisable                     
00002aed  IntEnable                      
00002c25  IntIsEnabled                   
00003ac9  InternalUSBHCDSendEvent        
0000365d  InternalUSBStartOfFrameTick    
000039b1  InternalUSBTickInit            
00003e0d  OTGDeviceDisconnect            
00001739  ReadAppAndProgram              
00004221  ResetISR                       
UNDEFED   SHT$$INIT_ARRAY$$Base          
UNDEFED   SHT$$INIT_ARRAY$$Limit         
00002b55  SimpleFsGetNextFileSector      
00001315  SimpleFsInit                   
000023a1  SimpleFsOpen                   
00003e79  SimpleFsReadMediaSector        
000005f9  SysCtlClockFreqSet             
00004227  SysCtlDelay                    
000037e1  SysCtlPeripheralEnable         
000030b9  SysCtlPeripheralReset          
00003f91  SysCtlUSBPLLEnable             
00002859  SysCtlVCOGet                   
00003015  ULPIConfigSet                  
00003fa5  USB0HostIntHandler             
000041a1  USBClockEnable                 
000041ab  USBControllerVersion           
000041b5  USBDMAChannelAddressSet        
00003fb9  USBDMAChannelConfigSet         
000041bf  USBDMAChannelCountSet          
00004057  USBDMAChannelDisable           
00004069  USBDMAChannelEnable            
0000407b  USBDMAChannelIntDisable        
0000408d  USBDMAChannelIntEnable         
0000422d  USBDMAChannelIntStatus         
00004113  USBDMAChannelStatus            
00003af5  USBDescGet                     
00003d95  USBDescGetInterface            
00003f39  USBDescGetInterfaceEndpoint    
00003e45  USBEndpointDMAChannel          
00003155  USBEndpointDMAConfigSet        
00003c1b  USBEndpointDMADisable          
00003c3f  USBEndpointDMAEnable           
00003e29  USBEndpointDataAvail           
000033f1  USBEndpointDataGet             
000037a9  USBEndpointDataPut             
00003815  USBEndpointDataSend            
00003c63  USBEndpointDataToggleClear     
00004159  USBEndpointPacketCountSet      
000040c3  USBEndpointStatus              
000041f1  USBFIFOAddrGet                 
000035e9  USBFIFOConfigSet               
000032cf  USBFIFOFlush                   
00001925  USBHCDControlTransfer          
000021d5  USBHCDFeatureSet               
00002ebd  USBHCDHubDeviceConnected       
00004165  USBHCDHubDeviceDisconnected    
00001a15  USBHCDInit                     
00001bf5  USBHCDMain                     
000007f9  USBHCDPipeAllocSize            
00001cd5  USBHCDPipeConfig               
00001b05  USBHCDPipeFree                 
00000f65  USBHCDPipeRead                 
000011e9  USBHCDPipeWrite                
00003fcd  USBHCDPowerAutomatic           
00004171  USBHCDPowerConfigInit          
000031a1  USBHCDPowerConfigSet           
000040d5  USBHCDRegisterDrivers          
00003695  USBHCDReset                    
00003319  USBHCDSetAddress               
00003849  USBHCDSetConfig                
00003e91  USBHHubEnumerationComplete     
00003ea9  USBHHubEnumerationError        
00003439  USBHHubInit                    
00000b25  USBHHubMain                    
0000387d  USBHMSCBlockRead               
00003fe1  USBHMSCDriveOpen               
0000163d  USBHMSCDriveReady              
000034f9  USBHSCSIInquiry                
00002e09  USBHSCSIRead10                 
00003535  USBHSCSIReadCapacity           
00003623  USBHSCSIRequestSense           
000036cd  USBHSCSITestUnitReady          
00003f4f  USBHostAddrSet                 
00002c89  USBHostCheckPipes              
00001dad  USBHostEndpointConfig          
00003d55  USBHostEndpointDataAck         
000038b1  USBHostEndpointStatusClear     
00003a11  USBHostHubAddrSet              
00000201  USBHostIntHandlerInternal      
0000409f  USBHostLPMConfig               
000041f9  USBHostMode                    
00003ec1  USBHostPwrConfig               
000040e5  USBHostPwrDisable              
00004121  USBHostPwrEnable               
000040b1  USBHostRequestIN               
00003ed9  USBHostRequestINClear          
00004201  USBHostRequestStatus           
00003ff5  USBHostReset                   
00003bf5  USBHostSpeedGet                
000041c9  USBHostSuspend                 
00003ba5  USBIntEnableControl            
00003f65  USBIntEnableEndpoint           
00003705  USBIntStatusControl            
000041d3  USBIntStatusEndpoint           
0000417d  USBLPMIntEnable                
00004233  USBLPMIntStatus                
000041dd  USBLibDMAAddrGet               
00000e05  USBLibDMAInit                  
000041e7  USBNumEndpointsGet             
00004209  USBOTGMode                     
00003e5f  USBOTGSessionRequest           
00003c89  USBStackModeSet                
0000412f  USBULPIDisable                 
0000413d  USBULPIEnable                  
00003db3  USBULPIRegRead                 
00003dd1  USBULPIRegWrite                
00003571  UpdaterMain                    
00003a41  UpdaterUSB                     
20001460  __STACK_END                    
00000400  __STACK_SIZE                   
20001460  __STACK_TOP                    
00004560  __TI_CINIT_Base                
00004570  __TI_CINIT_Limit               
00004548  __TI_Handler_Table_Base        
00004554  __TI_Handler_Table_Limit       
000028c9  __TI_auto_init                 
200014a8  __TI_cleanup_ptr               
00002bbd  __TI_decompress_lzss           
0000414b  __TI_decompress_none           
200014ac  __TI_dtors_ptr                 
200014b0  __TI_enable_exit_profile_output
ffffffff  __TI_pprof_out_hndl            
ffffffff  __TI_prof_data_size            
ffffffff  __TI_prof_data_start           
00000000  __TI_static_base__             
00004189  __TI_zero_init                 
00002769  __aeabi_memclr                 
00002769  __aeabi_memclr4                
00002769  __aeabi_memclr8                
00002271  __aeabi_memcpy                 
00002271  __aeabi_memcpy4                
00002271  __aeabi_memcpy8                
0000276b  __aeabi_memset                 
0000276b  __aeabi_memset4                
0000276b  __aeabi_memset8                
ffffffff  __binit__                      
ffffffff  __c_args__                     
00003437  __mpu_init                     
20001060  __stack                        
00003ef1  _args_main                     
00002f6d  _c_int00                       
200014cc  _lock                          
0000403f  _nop                           
00004037  _register_lock                 
00004031  _register_unlock               
000037df  _system_post_cinit             
00004243  _system_pre_init               
200014d0  _unlock                        
00002fc5  abort                          
ffffffff  binit                          
00003239  copy_in                        
00002fcd  exit                           
200014b4  g_bUSBTimerInitialized         
20000da4  g_eOTGModeState                
20000da5  g_eState                       
200014c0  g_iUSBMode                     
20000c78  g_pHCDPool                     
20000d1c  g_pfnTickHandlers              
00000000  g_pfnVectors                   
200014e0  g_psMSCInstance                
20000d64  g_pvTickInstance               
20001000  g_sDMAControlTable             
00004504  g_sUSBHostMSCClassDriver       
200014b8  g_ui32CurrentUSBTick           
20000d98  g_ui32PollRate                 
20000d9c  g_ui32SysClock                 
200014bc  g_ui32USBSOFCount              
200014c4  g_ui32WaitTicks                
0000230d  main                           
200014dc  main_func_sp                   
00002271  memcpy                         
00002771  memset                         
00003b4d  strncmp                        
000033a9  uDMAChannelAttributeDisable    
00003cad  uDMAChannelControlSet          
00003f09  uDMAChannelDisable             
00003f21  uDMAChannelEnable              
00003bcd  uDMAChannelModeGet             
000026e5  uDMAChannelTransferSet         
00004195  uDMAControlBaseSet             
000040f5  uDMAEnable                     


GLOBAL SYMBOLS: SORTED BY Symbol Address 

address   name                           
-------   ----                           
00000000  __TI_static_base__             
00000000  g_pfnVectors                   
00000201  USBHostIntHandlerInternal      
00000400  __STACK_SIZE                   
000005f9  SysCtlClockFreqSet             
000007f9  USBHCDPipeAllocSize            
00000b25  USBHHubMain                    
00000e05  USBLibDMAInit                  
00000f65  USBHCDPipeRead                 
000010b5  GPIOPadConfigSet               
000011e9  USBHCDPipeWrite                
00001315  SimpleFsInit                   
0000142d  ConfigureUSBInterface          
0000163d  USBHMSCDriveReady              
00001739  ReadAppAndProgram              
00001925  USBHCDControlTransfer          
00001a15  USBHCDInit                     
00001b05  USBHCDPipeFree                 
00001bf5  USBHCDMain                     
00001cd5  USBHCDPipeConfig               
00001dad  USBHostEndpointConfig          
000021d5  USBHCDFeatureSet               
00002271  __aeabi_memcpy                 
00002271  __aeabi_memcpy4                
00002271  __aeabi_memcpy8                
00002271  memcpy                         
0000230d  main                           
000023a1  SimpleFsOpen                   
000026e5  uDMAChannelTransferSet         
00002769  __aeabi_memclr                 
00002769  __aeabi_memclr4                
00002769  __aeabi_memclr8                
0000276b  __aeabi_memset                 
0000276b  __aeabi_memset4                
0000276b  __aeabi_memset8                
00002771  memset                         
00002859  SysCtlVCOGet                   
000028c9  __TI_auto_init                 
00002a85  IntDisable                     
00002aed  IntEnable                      
00002b55  SimpleFsGetNextFileSector      
00002bbd  __TI_decompress_lzss           
00002c25  IntIsEnabled                   
00002c89  USBHostCheckPipes              
00002d51  ConfigDescAlloc                
00002e09  USBHSCSIRead10                 
00002ebd  USBHCDHubDeviceConnected       
00002f6d  _c_int00                       
00002fc1  C$$EXIT                        
00002fc5  abort                          
00002fcd  exit                           
00003015  ULPIConfigSet                  
000030b9  SysCtlPeripheralReset          
00003155  USBEndpointDMAConfigSet        
000031a1  USBHCDPowerConfigSet           
00003239  copy_in                        
000032cf  USBFIFOFlush                   
00003319  USBHCDSetAddress               
000033a9  uDMAChannelAttributeDisable    
000033f1  USBEndpointDataGet             
00003437  __mpu_init                     
00003439  USBHHubInit                    
000034f9  USBHSCSIInquiry                
00003535  USBHSCSIReadCapacity           
00003571  UpdaterMain                    
000035e9  USBFIFOConfigSet               
00003623  USBHSCSIRequestSense           
0000365d  InternalUSBStartOfFrameTick    
00003695  USBHCDReset                    
000036cd  USBHSCSITestUnitReady          
00003705  USBIntStatusControl            
000037a9  USBEndpointDataPut             
000037df  _system_post_cinit             
000037e1  SysCtlPeripheralEnable         
00003815  USBEndpointDataSend            
00003849  USBHCDSetConfig                
0000387d  USBHMSCBlockRead               
000038b1  USBHostEndpointStatusClear     
000039b1  InternalUSBTickInit            
00003a11  USBHostHubAddrSet              
00003a41  UpdaterUSB                     
00003a71  ConfigDescFree                 
00003ac9  InternalUSBHCDSendEvent        
00003af5  USBDescGet                     
00003b4d  strncmp                        
00003ba5  USBIntEnableControl            
00003bcd  uDMAChannelModeGet             
00003bf5  USBHostSpeedGet                
00003c1b  USBEndpointDMADisable          
00003c3f  USBEndpointDMAEnable           
00003c63  USBEndpointDataToggleClear     
00003c89  USBStackModeSet                
00003cad  uDMAChannelControlSet          
00003cf5  AppForceUpdate                 
00003d55  USBHostEndpointDataAck         
00003d95  USBDescGetInterface            
00003db3  USBULPIRegRead                 
00003dd1  USBULPIRegWrite                
00003e0d  OTGDeviceDisconnect            
00003e29  USBEndpointDataAvail           
00003e45  USBEndpointDMAChannel          
00003e5f  USBOTGSessionRequest           
00003e79  SimpleFsReadMediaSector        
00003e91  USBHHubEnumerationComplete     
00003ea9  USBHHubEnumerationError        
00003ec1  USBHostPwrConfig               
00003ed9  USBHostRequestINClear          
00003ef1  _args_main                     
00003f09  uDMAChannelDisable             
00003f21  uDMAChannelEnable              
00003f39  USBDescGetInterfaceEndpoint    
00003f4f  USBHostAddrSet                 
00003f65  USBIntEnableEndpoint           
00003f7d  CallApplication                
00003f91  SysCtlUSBPLLEnable             
00003fa5  USB0HostIntHandler             
00003fb9  USBDMAChannelConfigSet         
00003fcd  USBHCDPowerAutomatic           
00003fe1  USBHMSCDriveOpen               
00003ff5  USBHostReset                   
00004031  _register_unlock               
00004037  _register_lock                 
0000403f  _nop                           
00004057  USBDMAChannelDisable           
00004069  USBDMAChannelEnable            
0000407b  USBDMAChannelIntDisable        
0000408d  USBDMAChannelIntEnable         
0000409f  USBHostLPMConfig               
000040b1  USBHostRequestIN               
000040c3  USBEndpointStatus              
000040d5  USBHCDRegisterDrivers          
000040e5  USBHostPwrDisable              
000040f5  uDMAEnable                     
00004113  USBDMAChannelStatus            
00004121  USBHostPwrEnable               
0000412f  USBULPIDisable                 
0000413d  USBULPIEnable                  
0000414b  __TI_decompress_none           
00004159  USBEndpointPacketCountSet      
00004165  USBHCDHubDeviceDisconnected    
00004171  USBHCDPowerConfigInit          
0000417d  USBLPMIntEnable                
00004189  __TI_zero_init                 
00004195  uDMAControlBaseSet             
000041a1  USBClockEnable                 
000041ab  USBControllerVersion           
000041b5  USBDMAChannelAddressSet        
000041bf  USBDMAChannelCountSet          
000041c9  USBHostSuspend                 
000041d3  USBIntStatusEndpoint           
000041dd  USBLibDMAAddrGet               
000041e7  USBNumEndpointsGet             
000041f1  USBFIFOAddrGet                 
000041f9  USBHostMode                    
00004201  USBHostRequestStatus           
00004209  USBOTGMode                     
00004221  ResetISR                       
00004227  SysCtlDelay                    
0000422d  USBDMAChannelIntStatus         
00004233  USBLPMIntStatus                
00004243  _system_pre_init               
00004504  g_sUSBHostMSCClassDriver       
00004548  __TI_Handler_Table_Base        
00004554  __TI_Handler_Table_Limit       
00004560  __TI_CINIT_Base                
00004570  __TI_CINIT_Limit               
20000c78  g_pHCDPool                     
20000d1c  g_pfnTickHandlers              
20000d64  g_pvTickInstance               
20000d98  g_ui32PollRate                 
20000d9c  g_ui32SysClock                 
20000da4  g_eOTGModeState                
20000da5  g_eState                       
20001000  g_sDMAControlTable             
20001060  __stack                        
20001460  __STACK_END                    
20001460  __STACK_TOP                    
200014a8  __TI_cleanup_ptr               
200014ac  __TI_dtors_ptr                 
200014b0  __TI_enable_exit_profile_output
200014b4  g_bUSBTimerInitialized         
200014b8  g_ui32CurrentUSBTick           
200014bc  g_ui32USBSOFCount              
200014c0  g_iUSBMode                     
200014c4  g_ui32WaitTicks                
200014cc  _lock                          
200014d0  _unlock                        
200014dc  main_func_sp                   
200014e0  g_psMSCInstance                
ffffffff  __TI_pprof_out_hndl            
ffffffff  __TI_prof_data_size            
ffffffff  __TI_prof_data_start           
ffffffff  __binit__                      
ffffffff  __c_args__                     
ffffffff  binit                          
UNDEFED   SHT$$INIT_ARRAY$$Base          
UNDEFED   SHT$$INIT_ARRAY$$Limit         

[197 symbols]
