******************************************************************************
                  TI ARM Linker PC v5.2.5                      
******************************************************************************
>> Linked Fri Jul 22 12:43:34 2016

OUTPUT FILE NAME:   <aes_example.out>
ENTRY POINT SYMBOL: "_c_int00"  address: 000014f5


MEMORY CONFIGURATION

         name            origin    length      used     unused   attr    fill
----------------------  --------  ---------  --------  --------  ----  --------
  FLASH                 00000000   00100000  00001aac  000fe554  R  X
  SRAM                  20000000   00040000  000008c6  0003f73a  RW X


SEGMENT ALLOCATION MAP

run origin  load origin   length   init length attrs members
----------  ----------- ---------- ----------- ----- -------
00000000    00000000    00001ab0   00001ab0    r-x
  00000000    00000000    00000200   00000200    r-- .intvecs
  00000200    00000200    0000157e   0000157e    r-x .text
  00001780    00001780    00000296   00000296    r-- .const
  00001a18    00001a18    00000098   00000098    r-- .cinit
20000000    20000000    000008c8   00000000    rw-
  20000000    20000000    0000043e   00000000    rw- .bss
  20000440    20000440    00000400   00000000    rw- .stack
  20000840    20000840    00000088   00000000    rw- .data


SECTION ALLOCATION MAP

 output                                  attributes/
section   page    origin      length       input sections
--------  ----  ----------  ----------   ----------------
.intvecs   0    00000000    00000200     
                  00000000    00000200     startup_ccs.obj (.intvecs)

.text      0    00000200    0000157e     
                  00000200    000002bc     aes_example.obj (.text:Cmd_algo)
                  000004bc    000001f6     aes_example.obj (.text:PrintHelpCmdAlgo)
                  000006b2    00000002     startup_ccs.obj (.text:FaultISR)
                  000006b4    000001ea     uartstdio.obj (.text:UARTvprintf)
                  0000089e    00000002     startup_ccs.obj (.text:IntDefaultHandler)
                  000008a0    0000016c     aes_example.obj (.text:Cmd_process)
                  00000a0c    00000148     aes_example.obj (.text:Cmd_data)
                  00000b54    0000012c     aes_example.obj (.text:main)
                  00000c80    00000120     aes_example.obj (.text:Cmd_key)
                  00000da0    000000ec     aes_example.obj (.text:PrintHelpCmdData)
                  00000e8c    000000e7     aes_example.obj (.text:PrintHelpCmdKey)
                  00000f73    00000001     --HOLE-- [fill = 0]
                  00000f74    0000009c     rtsv7M4_T_le_v4SPD16_eabi.lib : memcpy_t2.obj (.text)
                  00001010    0000009c     ustdlib.obj (.text:ustrtoul)
                  000010ac    00000098     uartstdio.obj (.text:UARTgets)
                  00001144    0000007a     rtsv7M4_T_le_v4SPD16_eabi.lib : memset_t2.obj (.text)
                  000011be    00000072     aes_example.obj (.text:CharToHex)
                  00001230    0000006c     rtsv7M4_T_le_v4SPD16_eabi.lib : autoinit.obj (.text)
                  0000129c    0000006a                                   : copy_decompress_rle.obj (.text)
                  00001306    00000002     startup_ccs.obj (.text:NmiSR)
                  00001308    00000068     aes_example.obj (.text:InitConsole)
                  00001370    00000064     cmdline.obj (.text:CmdLineProcess)
                  000013d4    00000064     aes_example.obj (.text:Cmd_help)
                  00001438    00000060     uartstdio.obj (.text:UARTStdioConfig)
                  00001498    0000005c     aes_example.obj (.text:Cmd_reset)
                  000014f4    00000050     rtsv7M4_T_le_v4SPD16_eabi.lib : boot.obj (.text)
                  00001544    0000004c                                   : cpy_tbl.obj (.text)
                  00001590    00000048     uartstdio.obj (.text:UARTwrite)
                  000015d8    00000044     rtsv7M4_T_le_v4SPD16_eabi.lib : exit.obj (.text)
                  0000161c    00000040                                   : u_divt2.obj (.text)
                  0000165c    00000036     ustdlib.obj (.text:ustrncmp)
                  00001692    0000002a     ustdlib.obj (.text:ustrncpy)
                  000016bc    0000001e     rtsv7M4_T_le_v4SPD16_eabi.lib : strcat.obj (.text)
                  000016da    0000001a     uartstdio.obj (.text:UARTprintf)
                  000016f4    00000018     rtsv7M4_T_le_v4SPD16_eabi.lib : args_main.obj (.text)
                  0000170c    00000018                                   : strcmp.obj (.text)
                  00001724    00000014                                   : _lock.obj (.text)
                  00001738    00000012     ustdlib.obj (.text:ustrlen)
                  0000174a    0000000e     rtsv7M4_T_le_v4SPD16_eabi.lib : copy_decompress_none.obj (.text:decompress:none)
                  00001758    0000000c                                   : copy_zero_init.obj (.text:decompress:ZI)
                  00001764    00000008     ustdlib.obj (.text:ustrcmp)
                  0000176c    00000006     startup_ccs.obj (.text:ResetISR)
                  00001772    00000006     rtsv7M4_T_le_v4SPD16_eabi.lib : copy_decompress_rle.obj (.text:decompress:rle24)
                  00001778    00000004                                   : pre_init.obj (.text)
                  0000177c    00000002                                   : i_div0.obj (.text)

.const     0    00001780    00000296     
                  00001780    00000266     aes_example.obj (.const:.string)
                  000019e6    00000002     --HOLE-- [fill = 0]
                  000019e8    0000001c     uartstdio.obj (.const)
                  00001a04    00000012     uartstdio.obj (.const:.string)

.cinit     0    00001a18    00000098     
                  00001a18    00000070     (.cinit..data.load) [load image, compression = rle]
                  00001a88    0000000c     (__TI_handler_table)
                  00001a94    00000004     --HOLE-- [fill = 0]
                  00001a98    00000008     (.cinit..bss.load) [load image, compression = zero_init]
                  00001aa0    00000010     (__TI_cinit_table)

.init_array 
*          0    00000000    00000000     UNINITIALIZED

.bss       0    20000000    0000043e     UNINITIALIZED
                  20000000    00000100     aes_example.obj (.bss:g_pcAESEncryptDataIn)
                  20000100    00000100     aes_example.obj (.bss:g_pcAESKey)
                  20000200    00000100     aes_example.obj (.bss:g_pcCmdBuf)
                  20000300    00000100     aes_example.obj (.bss:g_pui8AESEncryptDataOut)
                  20000400    00000024     cmdline.obj (.bss:g_ppcArgv)
                  20000424    00000010     (.common:g_pui8AESIVData)
                  20000434    00000004     (.common:g_ui32KeySize)
                  20000438    00000004     (.common:g_ui32StringLength)
                  2000043c    00000001     (.common:g_bIVRequired)
                  2000043d    00000001     (.common:g_bProcessDirection)

.TI.noinit 
*          0    20000000    00000000     UNINITIALIZED

.stack     0    20000440    00000400     UNINITIALIZED
                  20000440    00000400     --HOLE--

.data      0    20000840    00000088     UNINITIALIZED
                  20000840    0000006c     aes_example.obj (.data:g_psCmdTable)
                  200008ac    00000008     rtsv7M4_T_le_v4SPD16_eabi.lib : _lock.obj (.data)
                  200008b4    00000008                                   : exit.obj (.data)
                  200008bc    00000005     uartstdio.obj (.data)
                  200008c1    00000003     --HOLE--
                  200008c4    00000004     rtsv7M4_T_le_v4SPD16_eabi.lib : stkdepth_vars.obj (.data)

.TI.persistent 
*          0    20000840    00000000     UNINITIALIZED


LINKER GENERATED COPY TABLES

__TI_cinit_table @ 00001aa0 records: 2, size/record: 8, table size: 16
	.data: load addr=00001a18, load size=00000070 bytes, run addr=20000840, run size=00000088 bytes, compression=rle
	.bss: load addr=00001a98, load size=00000008 bytes, run addr=20000000, run size=0000043e bytes, compression=zero_init


LINKER GENERATED HANDLER TABLE

__TI_handler_table @ 00001a88 records: 3, size/record: 4, table size: 12
	index: 0, handler: __TI_decompress_rle24
	index: 1, handler: __TI_decompress_none
	index: 2, handler: __TI_zero_init


GLOBAL SYMBOLS: SORTED ALPHABETICALLY BY Name 

address   name                    
-------   ----                    
000015d9  C$$EXIT                 
000011bf  CharToHex               
00001371  CmdLineProcess          
00000201  Cmd_algo                
00000a0d  Cmd_data                
000013d5  Cmd_help                
00000c81  Cmd_key                 
000008a1  Cmd_process             
00001499  Cmd_reset               
00001309  InitConsole             
000004bd  PrintHelpCmdAlgo        
00000da1  PrintHelpCmdData        
00000e8d  PrintHelpCmdKey         
0000176d  ResetISR                
UNDEFED   SHT$$INIT_ARRAY$$Base   
UNDEFED   SHT$$INIT_ARRAY$$Limit  
00001439  UARTStdioConfig         
000010ad  UARTgets                
000016db  UARTprintf              
000006b5  UARTvprintf             
00001591  UARTwrite               
20000840  __STACK_END             
00000400  __STACK_SIZE            
20000840  __STACK_TOP             
00001aa0  __TI_CINIT_Base         
00001ab0  __TI_CINIT_Limit        
00001a88  __TI_Handler_Table_Base 
00001a94  __TI_Handler_Table_Limit
00001231  __TI_auto_init          
200008b4  __TI_cleanup_ptr        
0000174b  __TI_decompress_none    
00001773  __TI_decompress_rle24   
200008b8  __TI_dtors_ptr          
00000000  __TI_static_base__      
00001759  __TI_zero_init          
0000177d  __aeabi_idiv0           
00001145  __aeabi_memclr          
00001145  __aeabi_memclr4         
00001145  __aeabi_memclr8         
00000f75  __aeabi_memcpy          
00000f75  __aeabi_memcpy4         
00000f75  __aeabi_memcpy8         
00001147  __aeabi_memset          
00001147  __aeabi_memset4         
00001147  __aeabi_memset8         
0000161d  __aeabi_uidiv           
0000161d  __aeabi_uidivmod        
ffffffff  __binit__               
ffffffff  __c_args__              
20000440  __stack                 
000016f5  _args_main              
000014f5  _c_int00                
200008ac  _lock                   
00001733  _nop                    
0000172b  _register_lock          
00001725  _register_unlock        
00001779  _system_pre_init        
200008b0  _unlock                 
000015dd  abort                   
ffffffff  binit                   
00001545  copy_in                 
000015e5  exit                    
2000043c  g_bIVRequired           
2000043d  g_bProcessDirection     
00000000  g_pfnVectors            
20000840  g_psCmdTable            
20000438  g_ui32StringLength      
00000b55  main                    
200008c4  main_func_sp            
00000f75  memcpy                  
0000114d  memset                  
000016bd  strcat                  
0000170d  strcmp                  
00001765  ustrcmp                 
00001739  ustrlen                 
0000165d  ustrncmp                
00001693  ustrncpy                
00001011  ustrtoul                


GLOBAL SYMBOLS: SORTED BY Symbol Address 

address   name                    
-------   ----                    
00000000  __TI_static_base__      
00000000  g_pfnVectors            
00000201  Cmd_algo                
00000400  __STACK_SIZE            
000004bd  PrintHelpCmdAlgo        
000006b5  UARTvprintf             
000008a1  Cmd_process             
00000a0d  Cmd_data                
00000b55  main                    
00000c81  Cmd_key                 
00000da1  PrintHelpCmdData        
00000e8d  PrintHelpCmdKey         
00000f75  __aeabi_memcpy          
00000f75  __aeabi_memcpy4         
00000f75  __aeabi_memcpy8         
00000f75  memcpy                  
00001011  ustrtoul                
000010ad  UARTgets                
00001145  __aeabi_memclr          
00001145  __aeabi_memclr4         
00001145  __aeabi_memclr8         
00001147  __aeabi_memset          
00001147  __aeabi_memset4         
00001147  __aeabi_memset8         
0000114d  memset                  
000011bf  CharToHex               
00001231  __TI_auto_init          
00001309  InitConsole             
00001371  CmdLineProcess          
000013d5  Cmd_help                
00001439  UARTStdioConfig         
00001499  Cmd_reset               
000014f5  _c_int00                
00001545  copy_in                 
00001591  UARTwrite               
000015d9  C$$EXIT                 
000015dd  abort                   
000015e5  exit                    
0000161d  __aeabi_uidiv           
0000161d  __aeabi_uidivmod        
0000165d  ustrncmp                
00001693  ustrncpy                
000016bd  strcat                  
000016db  UARTprintf              
000016f5  _args_main              
0000170d  strcmp                  
00001725  _register_unlock        
0000172b  _register_lock          
00001733  _nop                    
00001739  ustrlen                 
0000174b  __TI_decompress_none    
00001759  __TI_zero_init          
00001765  ustrcmp                 
0000176d  ResetISR                
00001773  __TI_decompress_rle24   
00001779  _system_pre_init        
0000177d  __aeabi_idiv0           
00001a88  __TI_Handler_Table_Base 
00001a94  __TI_Handler_Table_Limit
00001aa0  __TI_CINIT_Base         
00001ab0  __TI_CINIT_Limit        
20000438  g_ui32StringLength      
2000043c  g_bIVRequired           
2000043d  g_bProcessDirection     
20000440  __stack                 
20000840  __STACK_END             
20000840  __STACK_TOP             
20000840  g_psCmdTable            
200008ac  _lock                   
200008b0  _unlock                 
200008b4  __TI_cleanup_ptr        
200008b8  __TI_dtors_ptr          
200008c4  main_func_sp            
ffffffff  __binit__               
ffffffff  __c_args__              
ffffffff  binit                   
UNDEFED   SHT$$INIT_ARRAY$$Base   
UNDEFED   SHT$$INIT_ARRAY$$Limit  

[78 symbols]
