******************************************************************************
                  TI ARM Linker PC v5.2.5                      
******************************************************************************
>> Linked Fri Jul 22 12:48:43 2016

OUTPUT FILE NAME:   <usb_host_mouse.out>
ENTRY POINT SYMBOL: "_c_int00"  address: 00002d51


MEMORY CONFIGURATION

         name            origin    length      used     unused   attr    fill
----------------------  --------  ---------  --------  --------  ----  --------
  FLASH                 00000000   00100000  000042a2  000fbd5e  R  X
  SRAM                  20000000   00040000  0000146e  0003eb92  RW X


SEGMENT ALLOCATION MAP

run origin  load origin   length   init length attrs members
----------  ----------- ---------- ----------- ----- -------
00000000    00000000    000042a8   000042a8    r-x
  00000000    00000000    00000200   00000200    r-- .intvecs
  00000200    00000200    00003dc2   00003dc2    r-x .text
  00003fc4    00003fc4    00000290   00000290    r-- .const
  00004258    00004258    00000050   00000050    r-- .cinit
20000000    20000000    00001470   00000000    rw-
  20000000    20000000    00000bf2   00000000    rw- .bss
  20000bf4    20000bf4    00000800   00000000    rw- .stack
  200013f4    200013f4    0000007c   00000000    rw- .data


SECTION ALLOCATION MAP

 output                                  attributes/
section   page    origin      length       input sections
--------  ----  ----------  ----------   ----------------
.intvecs   0    00000000    00000200     
                  00000000    00000200     startup_ccs.obj (.intvecs)

.text      0    00000200    00003dc2     
                  00000200    000003f8     usblib.lib : usbhostenum.obj (.text:USBHostIntHandlerInternal)
                  000005f8    00000214     pinout.obj (.text:PinoutSet)
                  0000080c    00000204     driverlib.lib : sysctl.obj (.text:SysCtlClockFreqSet)
                  00000a10    000001ea     uartstdio.obj (.text:UARTvprintf)
                  00000bfa    00000002     startup_ccs.obj (.text:FaultISR)
                  00000bfc    0000019c     usblib.lib : usbhostenum.obj (.text:USBHCDPipeAllocSize)
                  00000d98    0000018c                : usbhostenum.obj (.text:ProcessUSBDeviceStateMachine)
                  00000f24    00000174                : usbhhub.obj (.text:USBHHubMain)
                  00001098    00000168                : usbhostenum.obj (.text:USBHCDInitInternal)
                  00001200    00000160                : usbdma.obj (.text:USBLibDMAInit)
                  00001360    00000132     driverlib.lib : gpio.obj (.text:GPIOPadConfigSet)
                  00001492    00000002     startup_ccs.obj (.text:IntDefaultHandler)
                  00001494    00000104     usb_host_mouse.obj (.text:main)
                  00001598    00000100     usblib.lib : usbhostenum.obj (.text:USBHCDEnumHandler)
                  00001698    000000f4                : usbdma.obj (.text:iDMAUSBTransfer)
                  0000178c    000000f0                : usbhostenum.obj (.text:USBHCDControlTransfer)
                  0000187c    000000f0                : usbhostenum.obj (.text:USBHCDPipeFree)
                  0000196c    000000ec                : usbhostenum.obj (.text:USBHCDInit)
                  00001a58    000000e4     usb_host_mouse.obj (.text:MouseCallback)
                  00001b3c    000000e0     usblib.lib : usbhostenum.obj (.text:USBHCDMain)
                  00001c1c    000000dc                : usbhostenum.obj (.text:USBHCDPipeSchedule)
                  00001cf8    000000d8                : usbhostenum.obj (.text:USBHCDPipeConfig)
                  00001dd0    000000c8     driverlib.lib : usb.obj (.text:USBHostEndpointConfig)
                  00001e98    000000c4     usblib.lib : usbdma.obj (.text:uDMAUSBChannelAllocate)
                  00001f5c    000000bc                : usbdma.obj (.text:uDMAUSBTransfer)
                  00002018    000000a0                : usbhostenum.obj (.text:USBHCDDeviceDisconnected)
                  000020b8    0000009c                : usbhhid.obj (.text:HIDDriverOpen)
                  00002154    0000009c                : usbhostenum.obj (.text:USBHCDFeatureSet)
                  000021f0    0000009c     rtsv7M4_T_le_v4SPD16_eabi.lib : memcpy_t2.obj (.text)
                  0000228c    00000090     usblib.lib : usbhostenum.obj (.text:USBHCDOpenDriver)
                  0000231c    0000008c                : usbhostenum.obj (.text:FIFOAlloc)
                  000023a8    00000084                : usbdma.obj (.text:iDMAUSBChannelAllocate)
                  0000242c    00000084     driverlib.lib : udma.obj (.text:uDMAChannelTransferSet)
                  000024b0    00000080     usblib.lib : usbhhidmouse.obj (.text:UpdateMouseState)
                  00002530    0000007a     rtsv7M4_T_le_v4SPD16_eabi.lib : memset_t2.obj (.text)
                  000025aa    00000074     usblib.lib : usbhostenum.obj (.text:USBHCDGetConfigDescriptor)
                  0000261e    00000070                : usbdma.obj (.text:uDMAUSBArbSizeSet)
                  0000268e    00000070                : usbdma.obj (.text:uDMAUSBUnitSizeSet)
                  000026fe    00000002     startup_ccs.obj (.text:NmiSR)
                  00002700    0000006c     usblib.lib : usbmode.obj (.text:USBOTGSetMode)
                  0000276c    0000006c     rtsv7M4_T_le_v4SPD16_eabi.lib : autoinit.obj (.text)
                  000027d8    0000006a                                   : copy_decompress_rle.obj (.text)
                  00002842    00000002     usblib.lib : usbdma.obj (.text:iDMAUSBArbSizeSet)
                  00002844    00000068     driverlib.lib : interrupt.obj (.text:IntDisable)
                  000028ac    00000068                   : interrupt.obj (.text:IntEnable)
                  00002914    00000064                   : interrupt.obj (.text:IntIsEnabled)
                  00002978    00000064     usblib.lib : usbhostenum.obj (.text:USBHostCheckPipes)
                  000029dc    00000064                : usbdma.obj (.text:uDMAUSBChannelEnable)
                  00002a40    00000060     uartstdio.obj (.text:UARTStdioConfig)
                  00002aa0    0000005c     usblib.lib : usbhostenum.obj (.text:ConfigDescAlloc)
                  00002afc    0000005c                : usbhostenum.obj (.text:USBHCDGetDeviceDescriptor)
                  00002b58    00000058                : usbhostenum.obj (.text:USBHCDEP0StateTx)
                  00002bb0    00000058                : usbhostenum.obj (.text:USBHCDHubDeviceConnected)
                  00002c08    00000056                : usbdma.obj (.text:uDMAUSBChannelRelease)
                  00002c5e    00000052                : usbulpi.obj (.text:ULPIConfigSet)
                  00002cb0    00000050                : usbhhub.obj (.text:HubGetPortStatus)
                  00002d00    00000050     driverlib.lib : sysctl.obj (.text:SysCtlPeripheralReset)
                  00002d50    00000050     rtsv7M4_T_le_v4SPD16_eabi.lib : boot.obj (.text)
                  00002da0    0000004e     usblib.lib : usbhhidmouse.obj (.text:USBHMouseCallback)
                  00002dee    00000002                : usbdma.obj (.text:iDMAUSBUnitSizeSet)
                  00002df0    0000004c                : usbhhub.obj (.text:HubDriverDeviceDisconnect)
                  00002e3c    0000004c     driverlib.lib : usb.obj (.text:USBEndpointDMAConfigSet)
                  00002e88    0000004c     usblib.lib : usbhostenum.obj (.text:USBHCDPowerConfigSet)
                  00002ed4    0000004c                : usbdma.obj (.text:iDMAUSBChannelEnable)
                  00002f20    0000004c     rtsv7M4_T_le_v4SPD16_eabi.lib : cpy_tbl.obj (.text)
                  00002f6c    0000004a     usblib.lib : usbdma.obj (.text:uDMAUSBChannelDisable)
                  00002fb6    00000002     rtsv7M4_T_le_v4SPD16_eabi.lib : i_div0.obj (.text)
                  00002fb8    00000048     uartstdio.obj (.text:UARTwrite)
                  00003000    00000048     driverlib.lib : usb.obj (.text:USBFIFOFlush)
                  00003048    00000048     usblib.lib : usbhostenum.obj (.text:USBHCDSetAddress)
                  00003090    00000048     driverlib.lib : sysctl.obj (.text:_SysCtlFrequencyGet)
                  000030d8    00000048                   : udma.obj (.text:uDMAChannelAttributeDisable)
                  00003120    00000046                   : usb.obj (.text:USBEndpointDataGet)
                  00003166    00000002     usblib.lib : usbdma.obj (.text:uDMAUSBChannelIntDisable)
                  00003168    00000044                : usbhhub.obj (.text:USBHHubInit)
                  000031ac    00000044     rtsv7M4_T_le_v4SPD16_eabi.lib : exit.obj (.text)
                  000031f0    00000042     usblib.lib : usbhhid.obj (.text:USBHHIDSetProtocol)
                  00003232    00000002                : usbdma.obj (.text:uDMAUSBChannelIntEnable)
                  00003234    00000040                : usbhhid.obj (.text:HIDIntINCallback)
                  00003274    00000040                : usbhostenum.obj (.text:USBHCDPipeReadNonBlocking)
                  000032b4    00000040     rtsv7M4_T_le_v4SPD16_eabi.lib : u_divt2.obj (.text)
                  000032f4    0000003c     usblib.lib : usbhhub.obj (.text:HubDriverReset)
                  00003330    0000003c                : usbdma.obj (.text:iDMAUSBChannelRelease)
                  0000336c    0000003a     driverlib.lib : usb.obj (.text:USBFIFOConfigSet)
                  000033a6    00000002     --HOLE-- [fill = 0]
                  000033a8    00000038     usblib.lib : usbtick.obj (.text:InternalUSBStartOfFrameTick)
                  000033e0    00000038                : usbhostenum.obj (.text:USBHCDReset)
                  00003418    00000038                : usbhhid.obj (.text:USBHHIDGetReportDescriptor)
                  00003450    00000038                : usbhhid.obj (.text:USBHHIDSetIdle)
                  00003488    00000038     driverlib.lib : usb.obj (.text:USBIntStatusControl)
                  000034c0    00000036     usblib.lib : usbhhub.obj (.text:HubClearPortFeature)
                  000034f6    00000036                : usbhhub.obj (.text:HubSetPortFeature)
                  0000352c    00000036     driverlib.lib : usb.obj (.text:USBEndpointDataPut)
                  00003562    00000002     --HOLE-- [fill = 0]
                  00003564    00000034                   : sysctl.obj (.text:SysCtlPeripheralEnable)
                  00003598    00000034                   : usb.obj (.text:USBEndpointDataSend)
                  000035cc    00000034     usblib.lib : usbhostenum.obj (.text:USBHCDSetConfig)
                  00003600    00000034     driverlib.lib : usb.obj (.text:USBHostEndpointStatusClear)
                  00003634    00000034     usblib.lib : usbmode.obj (.text:USBOTGRemovePower)
                  00003668    00000034                : usbdma.obj (.text:iDMAUSBChannelStatus)
                  0000369c    00000032                : usbdma.obj (.text:iDMAUSBChannelDisable)
                  000036ce    00000030                : usbdma.obj (.text:DMAUSBIntHandler)
                  000036fe    00000002     --HOLE-- [fill = 0]
                  00003700    00000030                : usbtick.obj (.text:InternalUSBTickInit)
                  00003730    00000030     driverlib.lib : usb.obj (.text:USBHostHubAddrSet)
                  00003760    0000002c     usblib.lib : usbhostenum.obj (.text:ConfigDescFree)
                  0000378c    0000002c                : usbhostenum.obj (.text:FIFOFree)
                  000037b8    0000002c                : usbhostenum.obj (.text:InternalUSBHCDSendEvent)
                  000037e4    0000002c                : usbdesc.obj (.text:USBDescGet)
                  00003810    0000002c                : usbdesc.obj (.text:USBDescGetAlternateInterface)
                  0000383c    0000002c                : usbhhidmouse.obj (.text:USBHMouseOpen)
                  00003868    0000002c                : usbdma.obj (.text:uDMAUSBIntStatus)
                  00003894    0000002a     driverlib.lib : gpio.obj (.text:GPIODirModeSet)
                  000038be    00000002     --HOLE-- [fill = 0]
                  000038c0    00000028     usb_host_mouse.obj (.text:USBHCDEvents)
                  000038e8    00000028     driverlib.lib : usb.obj (.text:USBIntEnableControl)
                  00003910    00000028                   : udma.obj (.text:uDMAChannelModeGet)
                  00003938    00000026                   : usb.obj (.text:USBHostSpeedGet)
                  0000395e    00000024                   : usb.obj (.text:USBEndpointDMADisable)
                  00003982    00000024                   : usb.obj (.text:USBEndpointDMAEnable)
                  000039a6    00000024                   : usb.obj (.text:USBEndpointDataToggleClear)
                  000039ca    00000002     --HOLE-- [fill = 0]
                  000039cc    00000024     usblib.lib : usbhhid.obj (.text:USBHHIDOpen)
                  000039f0    00000024                : usbhhidmouse.obj (.text:USBHMouseInit)
                  00003a14    00000024                : usbmode.obj (.text:USBStackModeSet)
                  00003a38    00000024     driverlib.lib : udma.obj (.text:uDMAChannelControlSet)
                  00003a5c    00000022     usblib.lib : usbhhid.obj (.text:HIDDriverClose)
                  00003a7e    00000022                : usbdma.obj (.text:uDMAUSBChannelStatus)
                  00003aa0    00000020                : usbhhub.obj (.text:HubDriverDeviceConnect)
                  00003ac0    00000020                : usbhhub.obj (.text:HubDriverDeviceReset)
                  00003ae0    00000020     usb_host_mouse.obj (.text:MouseMain)
                  00003b00    00000020     driverlib.lib : usb.obj (.text:USBHostEndpointDataAck)
                  00003b20    00000020                   : sysctl.obj (.text:_SysCtlMemTimingGet)
                  00003b40    0000001e     usblib.lib : usbdesc.obj (.text:USBDescGetInterface)
                  00003b5e    0000001e     driverlib.lib : usb.obj (.text:USBULPIRegRead)
                  00003b7c    0000001e                   : usb.obj (.text:USBULPIRegWrite)
                  00003b9a    00000002     --HOLE-- [fill = 0]
                  00003b9c    0000001c     usblib.lib : usbmode.obj (.text:OTGDeviceDisconnect)
                  00003bb8    0000001c     driverlib.lib : usb.obj (.text:USBEndpointDataAvail)
                  00003bd4    0000001a     uartstdio.obj (.text:UARTprintf)
                  00003bee    0000001a     driverlib.lib : usb.obj (.text:USBEndpointDMAChannel)
                  00003c08    0000001a                   : usb.obj (.text:USBOTGSessionRequest)
                  00003c22    00000002     --HOLE-- [fill = 0]
                  00003c24    00000018     usblib.lib : usbhhub.obj (.text:USBHHubEnumerationComplete)
                  00003c3c    00000018                : usbhhub.obj (.text:USBHHubEnumerationError)
                  00003c54    00000018     driverlib.lib : usb.obj (.text:USBHostPwrConfig)
                  00003c6c    00000018                   : usb.obj (.text:USBHostRequestINClear)
                  00003c84    00000018     rtsv7M4_T_le_v4SPD16_eabi.lib : args_main.obj (.text)
                  00003c9c    00000018     driverlib.lib : udma.obj (.text:uDMAChannelDisable)
                  00003cb4    00000018                   : udma.obj (.text:uDMAChannelEnable)
                  00003ccc    00000016     usblib.lib : usbdesc.obj (.text:USBDescGetInterfaceEndpoint)
                  00003ce2    00000016     driverlib.lib : usb.obj (.text:USBHostAddrSet)
                  00003cf8    00000016                   : usb.obj (.text:USBIntEnableEndpoint)
                  00003d0e    00000002     --HOLE-- [fill = 0]
                  00003d10    00000014                   : sysctl.obj (.text:SysCtlUSBPLLEnable)
                  00003d24    00000014     usblib.lib : usbhostenum.obj (.text:USB0HostIntHandler)
                  00003d38    00000014     driverlib.lib : usb.obj (.text:USBDMAChannelConfigSet)
                  00003d4c    00000014     usblib.lib : usbhostenum.obj (.text:USBHCDPowerAutomatic)
                  00003d60    00000014     driverlib.lib : usb.obj (.text:USBHostReset)
                  00003d74    00000014     usblib.lib : usbhhub.obj (.text:USBHubPortSpeedSet)
                  00003d88    00000014     driverlib.lib : usb.obj (.text:_USBIndexWrite)
                  00003d9c    00000014     rtsv7M4_T_le_v4SPD16_eabi.lib : _lock.obj (.text)
                  00003db0    00000012     driverlib.lib : gpio.obj (.text:GPIOPinTypeEthernetLED)
                  00003dc2    00000012     usblib.lib : usbhostenum.obj (.text:SendUnknownConnect)
                  00003dd4    00000012     driverlib.lib : usb.obj (.text:USBDMAChannelDisable)
                  00003de6    00000012                   : usb.obj (.text:USBDMAChannelEnable)
                  00003df8    00000012                   : usb.obj (.text:USBDMAChannelIntDisable)
                  00003e0a    00000012                   : usb.obj (.text:USBDMAChannelIntEnable)
                  00003e1c    00000012                   : usb.obj (.text:USBHostLPMConfig)
                  00003e2e    00000012                   : usb.obj (.text:USBHostRequestIN)
                  00003e40    00000010                   : usb.obj (.text:USBEndpointStatus)
                  00003e50    00000010     usblib.lib : usbhostenum.obj (.text:USBHCDRegisterDrivers)
                  00003e60    00000010     driverlib.lib : usb.obj (.text:USBHostPwrDisable)
                  00003e70    0000000e     usblib.lib : usbdma.obj (.text:DMAUSBIntStatusClear)
                  00003e7e    0000000e     driverlib.lib : usb.obj (.text:USBDMAChannelStatus)
                  00003e8c    0000000e                   : usb.obj (.text:USBHostPwrEnable)
                  00003e9a    0000000e                   : usb.obj (.text:USBULPIDisable)
                  00003ea8    0000000e                   : usb.obj (.text:USBULPIEnable)
                  00003eb6    0000000e     rtsv7M4_T_le_v4SPD16_eabi.lib : copy_decompress_none.obj (.text:decompress:none)
                  00003ec4    0000000c     driverlib.lib : usb.obj (.text:USBEndpointPacketCountSet)
                  00003ed0    0000000c     usblib.lib : usbhostenum.obj (.text:USBHCDHubDeviceDisconnected)
                  00003edc    0000000c                : usbhostenum.obj (.text:USBHCDPipeAlloc)
                  00003ee8    0000000c                : usbhostenum.obj (.text:USBHCDPowerConfigInit)
                  00003ef4    0000000c     driverlib.lib : usb.obj (.text:USBLPMIntEnable)
                  00003f00    0000000c     rtsv7M4_T_le_v4SPD16_eabi.lib : copy_zero_init.obj (.text:decompress:ZI)
                  00003f0c    0000000a     driverlib.lib : usb.obj (.text:USBClockEnable)
                  00003f16    0000000a                   : usb.obj (.text:USBControllerVersion)
                  00003f20    0000000a                   : usb.obj (.text:USBDMAChannelAddressSet)
                  00003f2a    0000000a                   : usb.obj (.text:USBDMAChannelCountSet)
                  00003f34    0000000a     usblib.lib : usbhhid.obj (.text:USBHHIDGetReport)
                  00003f3e    0000000a     driverlib.lib : usb.obj (.text:USBHostSuspend)
                  00003f48    0000000a                   : usb.obj (.text:USBIntStatusEndpoint)
                  00003f52    0000000a     usblib.lib : usbdma.obj (.text:USBLibDMAAddrGet)
                  00003f5c    0000000a     driverlib.lib : usb.obj (.text:USBNumEndpointsGet)
                  00003f66    00000008                   : usb.obj (.text:USBFIFOAddrGet)
                  00003f6e    00000008                   : usb.obj (.text:USBHostMode)
                  00003f76    00000008                   : usb.obj (.text:USBHostRequestStatus)
                  00003f7e    00000008                   : usb.obj (.text:USBOTGMode)
                  00003f86    00000008     usblib.lib : usbdma.obj (.text:iDMAUSBChannelIntDisable)
                  00003f8e    00000008                : usbdma.obj (.text:iDMAUSBChannelIntEnable)
                  00003f96    00000006     startup_ccs.obj (.text:ResetISR)
                  00003f9c    00000006     driverlib.lib : sysctl.obj (.text:SysCtlDelay)
                  00003fa2    00000006                   : usb.obj (.text:USBDMAChannelIntStatus)
                  00003fa8    00000006                   : usb.obj (.text:USBLPMIntStatus)
                  00003fae    00000006     rtsv7M4_T_le_v4SPD16_eabi.lib : copy_decompress_rle.obj (.text:decompress:rle24)
                  00003fb4    00000006     usblib.lib : usbdma.obj (.text:iDMAUSBIntStatus)
                  00003fba    00000004                : usbdma.obj (.text:DMAUSBStatus)
                  00003fbe    00000004     rtsv7M4_T_le_v4SPD16_eabi.lib : pre_init.obj (.text)

.const     0    00003fc4    00000290     
                  00003fc4    00000120     driverlib.lib : sysctl.obj (.const:g_pppui32XTALtoVCO)
                  000040e4    00000070                   : interrupt.obj (.const)
                  00004154    0000006c                   : sysctl.obj (.const:g_pui32Xtals)
                  000041c0    00000030                   : sysctl.obj (.const:g_sXTALtoMEMTIM)
                  000041f0    0000001c     uartstdio.obj (.const)
                  0000420c    0000001c     usb_host_mouse.obj (.const)
                  00004228    00000012     uartstdio.obj (.const:.string)
                  0000423a    00000002     --HOLE-- [fill = 0]
                  0000423c    00000010     usblib.lib : usbhhid.obj (.const)
                  0000424c    00000008     driverlib.lib : sysctl.obj (.const)

.cinit     0    00004258    00000050     
                  00004258    00000028     (.cinit..data.load) [load image, compression = rle]
                  00004280    0000000c     (__TI_handler_table)
                  0000428c    00000004     --HOLE-- [fill = 0]
                  00004290    00000008     (.cinit..bss.load) [load image, compression = zero_init]
                  00004298    00000010     (__TI_cinit_table)

.init_array 
*          0    00000000    00000000     UNINITIALIZED

.bss       0    20000000    00000bf2     UNINITIALIZED
                  20000000    000006cc     usblib.lib : usbhostenum.obj (.bss:g_sUSBHCD)
                  200006cc    00000280     usb_host_mouse.obj (.bss:g_pui8HCDPool)
                  2000094c    00000110     usblib.lib : usbdma.obj (.bss:g_psUSBDMAInst)
                  20000a5c    0000009c                : usbhhub.obj (.bss:g_sRootHub)
                  20000af8    00000064                : usbhhid.obj (.bss:g_psHIDDevice)
                  20000b5c    00000018     (.common:g_pfnTickHandlers)
                  20000b74    00000018     (.common:g_pi32USBHActiveDriver)
                  20000b8c    00000018     (.common:g_ppvDriverInstance)
                  20000ba4    00000018     (.common:g_pvTickInstance)
                  20000bbc    00000014     (.common:g_sStatus)
                  20000bd0    00000008     (.common:g_pui32Alloc)
                  20000bd8    00000004     (.common:g_pfnUSBModeCallback)
                  20000bdc    00000004     (.common:g_psMouse)
                  20000be0    00000004     (.common:g_ui32ChangeFlags)
                  20000be4    00000004     (.common:g_ui32HubChanges)
                  20000be8    00000004     (.common:g_ui32PollRate)
                  20000bec    00000004     (.common:g_ui32ULPISupport)
                  20000bf0    00000001     (.common:g_eOTGModeState)
                  20000bf1    00000001     (.common:g_iMouseState)

.TI.noinit 
*          0    20000000    00000000     UNINITIALIZED

.stack     0    20000bf4    00000800     UNINITIALIZED
                  20000bf4    00000800     --HOLE--

.data      0    200013f4    0000007c     UNINITIALIZED
                  200013f4    0000002c     usblib.lib : usbhostenum.obj (.data)
                  20001420    0000001c                : usbhhidmouse.obj (.data)
                  2000143c    0000000c                : usbtick.obj (.data)
                  20001448    00000009                : usbmode.obj (.data)
                  20001451    00000003     --HOLE--
                  20001454    00000008     rtsv7M4_T_le_v4SPD16_eabi.lib : _lock.obj (.data)
                  2000145c    00000008                                   : exit.obj (.data)
                  20001464    00000005     uartstdio.obj (.data)
                  20001469    00000003     --HOLE--
                  2000146c    00000004     rtsv7M4_T_le_v4SPD16_eabi.lib : stkdepth_vars.obj (.data)

.TI.persistent 
*          0    200013f4    00000000     UNINITIALIZED


LINKER GENERATED COPY TABLES

__TI_cinit_table @ 00004298 records: 2, size/record: 8, table size: 16
	.data: load addr=00004258, load size=00000028 bytes, run addr=200013f4, run size=0000007c bytes, compression=rle
	.bss: load addr=00004290, load size=00000008 bytes, run addr=20000000, run size=00000bf2 bytes, compression=zero_init


LINKER GENERATED HANDLER TABLE

__TI_handler_table @ 00004280 records: 3, size/record: 4, table size: 12
	index: 0, handler: __TI_decompress_rle24
	index: 1, handler: __TI_decompress_none
	index: 2, handler: __TI_zero_init


GLOBAL SYMBOLS: SORTED ALPHABETICALLY BY Name 

address   name                       
-------   ----                       
000031ad  C$$EXIT                    
00002aa1  ConfigDescAlloc            
00003761  ConfigDescFree             
00003895  GPIODirModeSet             
00001361  GPIOPadConfigSet           
00003db1  GPIOPinTypeEthernetLED     
00002845  IntDisable                 
000028ad  IntEnable                  
00002915  IntIsEnabled               
000037b9  InternalUSBHCDSendEvent    
000033a9  InternalUSBStartOfFrameTick
00003701  InternalUSBTickInit        
00001a59  MouseCallback              
00003ae1  MouseMain                  
00003b9d  OTGDeviceDisconnect        
000005f9  PinoutSet                  
00003f97  ResetISR                   
UNDEFED   SHT$$INIT_ARRAY$$Base      
UNDEFED   SHT$$INIT_ARRAY$$Limit     
0000080d  SysCtlClockFreqSet         
00003f9d  SysCtlDelay                
00003565  SysCtlPeripheralEnable     
00002d01  SysCtlPeripheralReset      
00003d11  SysCtlUSBPLLEnable         
00002a41  UARTStdioConfig            
00003bd5  UARTprintf                 
00000a11  UARTvprintf                
00002fb9  UARTwrite                  
00002c5f  ULPIConfigSet              
00003d25  USB0HostIntHandler         
00003f0d  USBClockEnable             
00003f17  USBControllerVersion       
00003f21  USBDMAChannelAddressSet    
00003d39  USBDMAChannelConfigSet     
00003f2b  USBDMAChannelCountSet      
00003dd5  USBDMAChannelDisable       
00003de7  USBDMAChannelEnable        
00003df9  USBDMAChannelIntDisable    
00003e0b  USBDMAChannelIntEnable     
00003fa3  USBDMAChannelIntStatus     
00003e7f  USBDMAChannelStatus        
000037e5  USBDescGet                 
00003b41  USBDescGetInterface        
00003ccd  USBDescGetInterfaceEndpoint
00003bef  USBEndpointDMAChannel      
00002e3d  USBEndpointDMAConfigSet    
0000395f  USBEndpointDMADisable      
00003983  USBEndpointDMAEnable       
00003bb9  USBEndpointDataAvail       
00003121  USBEndpointDataGet         
0000352d  USBEndpointDataPut         
00003599  USBEndpointDataSend        
000039a7  USBEndpointDataToggleClear 
00003ec5  USBEndpointPacketCountSet  
00003e41  USBEndpointStatus          
00003f67  USBFIFOAddrGet             
0000336d  USBFIFOConfigSet           
00003001  USBFIFOFlush               
0000178d  USBHCDControlTransfer      
000038c1  USBHCDEvents               
00002155  USBHCDFeatureSet           
00002bb1  USBHCDHubDeviceConnected   
00003ed1  USBHCDHubDeviceDisconnected
0000196d  USBHCDInit                 
00001b3d  USBHCDMain                 
00003edd  USBHCDPipeAlloc            
00000bfd  USBHCDPipeAllocSize        
00001cf9  USBHCDPipeConfig           
0000187d  USBHCDPipeFree             
00003275  USBHCDPipeReadNonBlocking  
00001c1d  USBHCDPipeSchedule         
00003d4d  USBHCDPowerAutomatic       
00003ee9  USBHCDPowerConfigInit      
00002e89  USBHCDPowerConfigSet       
00003e51  USBHCDRegisterDrivers      
000033e1  USBHCDReset                
00003049  USBHCDSetAddress           
000035cd  USBHCDSetConfig            
00003f35  USBHHIDGetReport           
00003419  USBHHIDGetReportDescriptor 
000039cd  USBHHIDOpen                
00003451  USBHHIDSetIdle             
000031f1  USBHHIDSetProtocol         
00003c25  USBHHubEnumerationComplete 
00003c3d  USBHHubEnumerationError    
00003169  USBHHubInit                
00000f25  USBHHubMain                
000039f1  USBHMouseInit              
0000383d  USBHMouseOpen              
00003ce3  USBHostAddrSet             
00002979  USBHostCheckPipes          
00001dd1  USBHostEndpointConfig      
00003b01  USBHostEndpointDataAck     
00003601  USBHostEndpointStatusClear 
00003731  USBHostHubAddrSet          
00000201  USBHostIntHandlerInternal  
00003e1d  USBHostLPMConfig           
00003f6f  USBHostMode                
00003c55  USBHostPwrConfig           
00003e61  USBHostPwrDisable          
00003e8d  USBHostPwrEnable           
00003e2f  USBHostRequestIN           
00003c6d  USBHostRequestINClear      
00003f77  USBHostRequestStatus       
00003d61  USBHostReset               
00003939  USBHostSpeedGet            
00003f3f  USBHostSuspend             
000038e9  USBIntEnableControl        
00003cf9  USBIntEnableEndpoint       
00003489  USBIntStatusControl        
00003f49  USBIntStatusEndpoint       
00003ef5  USBLPMIntEnable            
00003fa9  USBLPMIntStatus            
00003f53  USBLibDMAAddrGet           
00001201  USBLibDMAInit              
00003f5d  USBNumEndpointsGet         
00003f7f  USBOTGMode                 
00003c09  USBOTGSessionRequest       
00003a15  USBStackModeSet            
00003e9b  USBULPIDisable             
00003ea9  USBULPIEnable              
00003b5f  USBULPIRegRead             
00003b7d  USBULPIRegWrite            
200013f4  __STACK_END                
00000800  __STACK_SIZE               
200013f4  __STACK_TOP                
00004298  __TI_CINIT_Base            
000042a8  __TI_CINIT_Limit           
00004280  __TI_Handler_Table_Base    
0000428c  __TI_Handler_Table_Limit   
0000276d  __TI_auto_init             
2000145c  __TI_cleanup_ptr           
00003eb7  __TI_decompress_none       
00003faf  __TI_decompress_rle24      
20001460  __TI_dtors_ptr             
00000000  __TI_static_base__         
00003f01  __TI_zero_init             
00002fb7  __aeabi_idiv0              
00002531  __aeabi_memclr             
00002531  __aeabi_memclr4            
00002531  __aeabi_memclr8            
000021f1  __aeabi_memcpy             
000021f1  __aeabi_memcpy4            
000021f1  __aeabi_memcpy8            
00002533  __aeabi_memset             
00002533  __aeabi_memset4            
00002533  __aeabi_memset8            
000032b5  __aeabi_uidiv              
000032b5  __aeabi_uidivmod           
ffffffff  __binit__                  
ffffffff  __c_args__                 
20000bf4  __stack                    
00003c85  _args_main                 
00002d51  _c_int00                   
20001454  _lock                      
00003dab  _nop                       
00003da3  _register_lock             
00003d9d  _register_unlock           
00003fbf  _system_pre_init           
20001458  _unlock                    
000031b1  abort                      
ffffffff  binit                      
00002f21  copy_in                    
000031b9  exit                       
2000143c  g_bUSBTimerInitialized     
20000bf0  g_eOTGModeState            
20000bf1  g_iMouseState              
20001448  g_iUSBMode                 
20000b5c  g_pfnTickHandlers          
00000000  g_pfnVectors               
200006cc  g_pui8HCDPool              
20000ba4  g_pvTickInstance           
20000bbc  g_sStatus                  
0000420c  g_sUSBEventDriver          
0000423c  g_sUSBHIDClassDriver       
20001440  g_ui32CurrentUSBTick       
20000be8  g_ui32PollRate             
20001444  g_ui32USBSOFCount          
2000144c  g_ui32WaitTicks            
00001495  main                       
2000146c  main_func_sp               
000021f1  memcpy                     
00002539  memset                     
000030d9  uDMAChannelAttributeDisable
00003a39  uDMAChannelControlSet      
00003c9d  uDMAChannelDisable         
00003cb5  uDMAChannelEnable          
00003911  uDMAChannelModeGet         
0000242d  uDMAChannelTransferSet     


GLOBAL SYMBOLS: SORTED BY Symbol Address 

address   name                       
-------   ----                       
00000000  __TI_static_base__         
00000000  g_pfnVectors               
00000201  USBHostIntHandlerInternal  
000005f9  PinoutSet                  
00000800  __STACK_SIZE               
0000080d  SysCtlClockFreqSet         
00000a11  UARTvprintf                
00000bfd  USBHCDPipeAllocSize        
00000f25  USBHHubMain                
00001201  USBLibDMAInit              
00001361  GPIOPadConfigSet           
00001495  main                       
0000178d  USBHCDControlTransfer      
0000187d  USBHCDPipeFree             
0000196d  USBHCDInit                 
00001a59  MouseCallback              
00001b3d  USBHCDMain                 
00001c1d  USBHCDPipeSchedule         
00001cf9  USBHCDPipeConfig           
00001dd1  USBHostEndpointConfig      
00002155  USBHCDFeatureSet           
000021f1  __aeabi_memcpy             
000021f1  __aeabi_memcpy4            
000021f1  __aeabi_memcpy8            
000021f1  memcpy                     
0000242d  uDMAChannelTransferSet     
00002531  __aeabi_memclr             
00002531  __aeabi_memclr4            
00002531  __aeabi_memclr8            
00002533  __aeabi_memset             
00002533  __aeabi_memset4            
00002533  __aeabi_memset8            
00002539  memset                     
0000276d  __TI_auto_init             
00002845  IntDisable                 
000028ad  IntEnable                  
00002915  IntIsEnabled               
00002979  USBHostCheckPipes          
00002a41  UARTStdioConfig            
00002aa1  ConfigDescAlloc            
00002bb1  USBHCDHubDeviceConnected   
00002c5f  ULPIConfigSet              
00002d01  SysCtlPeripheralReset      
00002d51  _c_int00                   
00002e3d  USBEndpointDMAConfigSet    
00002e89  USBHCDPowerConfigSet       
00002f21  copy_in                    
00002fb7  __aeabi_idiv0              
00002fb9  UARTwrite                  
00003001  USBFIFOFlush               
00003049  USBHCDSetAddress           
000030d9  uDMAChannelAttributeDisable
00003121  USBEndpointDataGet         
00003169  USBHHubInit                
000031ad  C$$EXIT                    
000031b1  abort                      
000031b9  exit                       
000031f1  USBHHIDSetProtocol         
00003275  USBHCDPipeReadNonBlocking  
000032b5  __aeabi_uidiv              
000032b5  __aeabi_uidivmod           
0000336d  USBFIFOConfigSet           
000033a9  InternalUSBStartOfFrameTick
000033e1  USBHCDReset                
00003419  USBHHIDGetReportDescriptor 
00003451  USBHHIDSetIdle             
00003489  USBIntStatusControl        
0000352d  USBEndpointDataPut         
00003565  SysCtlPeripheralEnable     
00003599  USBEndpointDataSend        
000035cd  USBHCDSetConfig            
00003601  USBHostEndpointStatusClear 
00003701  InternalUSBTickInit        
00003731  USBHostHubAddrSet          
00003761  ConfigDescFree             
000037b9  InternalUSBHCDSendEvent    
000037e5  USBDescGet                 
0000383d  USBHMouseOpen              
00003895  GPIODirModeSet             
000038c1  USBHCDEvents               
000038e9  USBIntEnableControl        
00003911  uDMAChannelModeGet         
00003939  USBHostSpeedGet            
0000395f  USBEndpointDMADisable      
00003983  USBEndpointDMAEnable       
000039a7  USBEndpointDataToggleClear 
000039cd  USBHHIDOpen                
000039f1  USBHMouseInit              
00003a15  USBStackModeSet            
00003a39  uDMAChannelControlSet      
00003ae1  MouseMain                  
00003b01  USBHostEndpointDataAck     
00003b41  USBDescGetInterface        
00003b5f  USBULPIRegRead             
00003b7d  USBULPIRegWrite            
00003b9d  OTGDeviceDisconnect        
00003bb9  USBEndpointDataAvail       
00003bd5  UARTprintf                 
00003bef  USBEndpointDMAChannel      
00003c09  USBOTGSessionRequest       
00003c25  USBHHubEnumerationComplete 
00003c3d  USBHHubEnumerationError    
00003c55  USBHostPwrConfig           
00003c6d  USBHostRequestINClear      
00003c85  _args_main                 
00003c9d  uDMAChannelDisable         
00003cb5  uDMAChannelEnable          
00003ccd  USBDescGetInterfaceEndpoint
00003ce3  USBHostAddrSet             
00003cf9  USBIntEnableEndpoint       
00003d11  SysCtlUSBPLLEnable         
00003d25  USB0HostIntHandler         
00003d39  USBDMAChannelConfigSet     
00003d4d  USBHCDPowerAutomatic       
00003d61  USBHostReset               
00003d9d  _register_unlock           
00003da3  _register_lock             
00003dab  _nop                       
00003db1  GPIOPinTypeEthernetLED     
00003dd5  USBDMAChannelDisable       
00003de7  USBDMAChannelEnable        
00003df9  USBDMAChannelIntDisable    
00003e0b  USBDMAChannelIntEnable     
00003e1d  USBHostLPMConfig           
00003e2f  USBHostRequestIN           
00003e41  USBEndpointStatus          
00003e51  USBHCDRegisterDrivers      
00003e61  USBHostPwrDisable          
00003e7f  USBDMAChannelStatus        
00003e8d  USBHostPwrEnable           
00003e9b  USBULPIDisable             
00003ea9  USBULPIEnable              
00003eb7  __TI_decompress_none       
00003ec5  USBEndpointPacketCountSet  
00003ed1  USBHCDHubDeviceDisconnected
00003edd  USBHCDPipeAlloc            
00003ee9  USBHCDPowerConfigInit      
00003ef5  USBLPMIntEnable            
00003f01  __TI_zero_init             
00003f0d  USBClockEnable             
00003f17  USBControllerVersion       
00003f21  USBDMAChannelAddressSet    
00003f2b  USBDMAChannelCountSet      
00003f35  USBHHIDGetReport           
00003f3f  USBHostSuspend             
00003f49  USBIntStatusEndpoint       
00003f53  USBLibDMAAddrGet           
00003f5d  USBNumEndpointsGet         
00003f67  USBFIFOAddrGet             
00003f6f  USBHostMode                
00003f77  USBHostRequestStatus       
00003f7f  USBOTGMode                 
00003f97  ResetISR                   
00003f9d  SysCtlDelay                
00003fa3  USBDMAChannelIntStatus     
00003fa9  USBLPMIntStatus            
00003faf  __TI_decompress_rle24      
00003fbf  _system_pre_init           
0000420c  g_sUSBEventDriver          
0000423c  g_sUSBHIDClassDriver       
00004280  __TI_Handler_Table_Base    
0000428c  __TI_Handler_Table_Limit   
00004298  __TI_CINIT_Base            
000042a8  __TI_CINIT_Limit           
200006cc  g_pui8HCDPool              
20000b5c  g_pfnTickHandlers          
20000ba4  g_pvTickInstance           
20000bbc  g_sStatus                  
20000be8  g_ui32PollRate             
20000bf0  g_eOTGModeState            
20000bf1  g_iMouseState              
20000bf4  __stack                    
200013f4  __STACK_END                
200013f4  __STACK_TOP                
2000143c  g_bUSBTimerInitialized     
20001440  g_ui32CurrentUSBTick       
20001444  g_ui32USBSOFCount          
20001448  g_iUSBMode                 
2000144c  g_ui32WaitTicks            
20001454  _lock                      
20001458  _unlock                    
2000145c  __TI_cleanup_ptr           
20001460  __TI_dtors_ptr             
2000146c  main_func_sp               
ffffffff  __binit__                  
ffffffff  __c_args__                 
ffffffff  binit                      
UNDEFED   SHT$$INIT_ARRAY$$Base      
UNDEFED   SHT$$INIT_ARRAY$$Limit     

[189 symbols]
