******************************************************************************
                  TI ARM Linker PC v16.9.0                     
******************************************************************************
>> Linked Sun May 21 10:06:42 2017

OUTPUT FILE NAME:   <usb_host_mouse.out>
ENTRY POINT SYMBOL: "_c_int00"  address: 00002ce1


MEMORY CONFIGURATION

         name            origin    length      used     unused   attr    fill
----------------------  --------  ---------  --------  --------  ----  --------
  FLASH                 00000000   00100000  000043a0  000fbc60  R  X
  SRAM                  20000000   00040000  00001472  0003eb8e  RW X


SEGMENT ALLOCATION MAP

run origin  load origin   length   init length attrs members
----------  ----------- ---------- ----------- ----- -------
00000000    00000000    000043a0   000043a0    r-x
  00000000    00000000    00000200   00000200    r-- .intvecs
  00000200    00000200    00003e54   00003e54    r-x .text
  00004054    00004054    00000304   00000304    r-- .const
  00004358    00004358    00000048   00000048    r-- .cinit
20000000    20000000    00001474   00000000    rw-
  20000000    20000000    00000bf2   00000000    rw- .bss
  20000bf4    20000bf4    00000800   00000000    rw- .stack
  200013f4    200013f4    00000080   00000000    rw- .data


SECTION ALLOCATION MAP

 output                                  attributes/
section   page    origin      length       input sections
--------  ----  ----------  ----------   ----------------
.intvecs   0    00000000    00000200     
                  00000000    00000200     startup_ccs.obj (.intvecs)

.text      0    00000200    00003e54     
                  00000200    000003f8     usblib.lib : usbhostenum.obj (.text:USBHostIntHandlerInternal)
                  000005f8    00000218     pinout.obj (.text:PinoutSet)
                  00000810    00000200     driverlib.lib : sysctl.obj (.text:SysCtlClockFreqSet)
                  00000a10    000001ea     uartstdio.obj (.text:UARTvprintf)
                  00000bfa    00000002     startup_ccs.obj (.text:FaultISR)
                  00000bfc    0000019c     usblib.lib : usbhostenum.obj (.text:USBHCDPipeAllocSize)
                  00000d98    00000190                : usbhostenum.obj (.text:ProcessUSBDeviceStateMachine)
                  00000f28    00000174                : usbhhub.obj (.text:USBHHubMain)
                  0000109c    0000016c                : usbhostenum.obj (.text:USBHCDInitInternal)
                  00001208    00000160                : usbdma.obj (.text:USBLibDMAInit)
                  00001368    00000132     driverlib.lib : gpio.obj (.text:GPIOPadConfigSet)
                  0000149a    00000002     startup_ccs.obj (.text:IntDefaultHandler)
                  0000149c    00000108     usb_host_mouse.obj (.text:main)
                  000015a4    00000100     usblib.lib : usbhostenum.obj (.text:USBHCDEnumHandler)
                  000016a4    000000f4                : usbdma.obj (.text:iDMAUSBTransfer)
                  00001798    000000f0                : usbhostenum.obj (.text:USBHCDControlTransfer)
                  00001888    000000f0                : usbhostenum.obj (.text:USBHCDInit)
                  00001978    000000f0                : usbhostenum.obj (.text:USBHCDPipeFree)
                  00001a68    000000e4     usb_host_mouse.obj (.text:MouseCallback)
                  00001b4c    000000e0     usblib.lib : usbhostenum.obj (.text:USBHCDMain)
                  00001c2c    000000dc                : usbhostenum.obj (.text:USBHCDPipeSchedule)
                  00001d08    000000d8                : usbhostenum.obj (.text:USBHCDPipeConfig)
                  00001de0    000000c8     driverlib.lib : usb.obj (.text:USBHostEndpointConfig)
                  00001ea8    000000c4     usblib.lib : usbdma.obj (.text:uDMAUSBChannelAllocate)
                  00001f6c    000000bc                : usbdma.obj (.text:uDMAUSBTransfer)
                  00002028    000000a0                : usbhostenum.obj (.text:USBHCDDeviceDisconnected)
                  000020c8    0000009c                : usbhhid.obj (.text:HIDDriverOpen)
                  00002164    0000009c                : usbhostenum.obj (.text:USBHCDFeatureSet)
                  00002200    0000009c     rtsv7M4_T_le_v4SPD16_eabi.lib : memcpy_t2.obj (.text)
                  0000229c    00000090     usblib.lib : usbhostenum.obj (.text:USBHCDOpenDriver)
                  0000232c    0000008c                : usbhostenum.obj (.text:FIFOAlloc)
                  000023b8    00000084                : usbdma.obj (.text:iDMAUSBChannelAllocate)
                  0000243c    00000084     driverlib.lib : udma.obj (.text:uDMAChannelTransferSet)
                  000024c0    00000080     usblib.lib : usbhhidmouse.obj (.text:UpdateMouseState)
                  00002540    0000007a     rtsv7M4_T_le_v4SPD16_eabi.lib : memset_t2.obj (.text)
                  000025ba    00000074     usblib.lib : usbhostenum.obj (.text:USBHCDGetConfigDescriptor)
                  0000262e    00000002     startup_ccs.obj (.text:NmiSR)
                  00002630    00000070     driverlib.lib : sysctl.obj (.text:SysCtlVCOGet)
                  000026a0    00000070     rtsv7M4_T_le_v4SPD16_eabi.lib : autoinit.obj (.text)
                  00002710    00000070     usblib.lib : usbdma.obj (.text:uDMAUSBArbSizeSet)
                  00002780    00000070                : usbdma.obj (.text:uDMAUSBUnitSizeSet)
                  000027f0    0000006c                : usbmode.obj (.text:USBOTGSetMode)
                  0000285c    00000068     driverlib.lib : interrupt.obj (.text:IntDisable)
                  000028c4    00000068                   : interrupt.obj (.text:IntEnable)
                  0000292c    00000068     rtsv7M4_T_le_v4SPD16_eabi.lib : copy_decompress_lzss.obj (.text:decompress:lzss)
                  00002994    00000064     driverlib.lib : interrupt.obj (.text:IntIsEnabled)
                  000029f8    00000064     usblib.lib : usbhostenum.obj (.text:USBHostCheckPipes)
                  00002a5c    00000064                : usbdma.obj (.text:uDMAUSBChannelEnable)
                  00002ac0    00000060     uartstdio.obj (.text:UARTStdioConfig)
                  00002b20    0000005c     usblib.lib : usbhostenum.obj (.text:ConfigDescAlloc)
                  00002b7c    0000005c                : usbhostenum.obj (.text:USBHCDGetDeviceDescriptor)
                  00002bd8    00000058                : usbhostenum.obj (.text:USBHCDEP0StateTx)
                  00002c30    00000058                : usbhostenum.obj (.text:USBHCDHubDeviceConnected)
                  00002c88    00000056                : usbdma.obj (.text:uDMAUSBChannelRelease)
                  00002cde    00000002                : usbdma.obj (.text:iDMAUSBArbSizeSet)
                  00002ce0    00000054     rtsv7M4_T_le_v4SPD16_eabi.lib : boot.obj (.text)
                  00002d34    00000054                                   : exit.obj (.text)
                  00002d88    00000052     usblib.lib : usbulpi.obj (.text:ULPIConfigSet)
                  00002dda    00000050                : usbhhub.obj (.text:HubGetPortStatus)
                  00002e2a    00000002                : usbdma.obj (.text:iDMAUSBUnitSizeSet)
                  00002e2c    00000050     driverlib.lib : sysctl.obj (.text:SysCtlPeripheralReset)
                  00002e7c    0000004e     usblib.lib : usbhhidmouse.obj (.text:USBHMouseCallback)
                  00002eca    00000002     rtsv7M4_T_le_v4SPD16_eabi.lib : i_div0.obj (.text)
                  00002ecc    0000004c     usblib.lib : usbhhub.obj (.text:HubDriverDeviceDisconnect)
                  00002f18    0000004c     driverlib.lib : usb.obj (.text:USBEndpointDMAConfigSet)
                  00002f64    0000004c     usblib.lib : usbhostenum.obj (.text:USBHCDPowerConfigSet)
                  00002fb0    0000004c                : usbdma.obj (.text:iDMAUSBChannelEnable)
                  00002ffc    0000004c     rtsv7M4_T_le_v4SPD16_eabi.lib : cpy_tbl.obj (.text)
                  00003048    0000004a     usblib.lib : usbdma.obj (.text:uDMAUSBChannelDisable)
                  00003092    00000002     rtsv7M4_T_le_v4SPD16_eabi.lib : mpu_init.obj (.text)
                  00003094    00000048     uartstdio.obj (.text:UARTwrite)
                  000030dc    00000048     driverlib.lib : usb.obj (.text:USBFIFOFlush)
                  00003124    00000048     usblib.lib : usbhostenum.obj (.text:USBHCDSetAddress)
                  0000316c    00000048     driverlib.lib : sysctl.obj (.text:_SysCtlFrequencyGet)
                  000031b4    00000048                   : udma.obj (.text:uDMAChannelAttributeDisable)
                  000031fc    00000046                   : usb.obj (.text:USBEndpointDataGet)
                  00003242    00000002     rtsv7M4_T_le_v4SPD16_eabi.lib : startup.obj (.text)
                  00003244    00000044     usblib.lib : usbhhub.obj (.text:USBHHubInit)
                  00003288    00000042                : usbhhid.obj (.text:USBHHIDSetProtocol)
                  000032ca    00000002                : usbdma.obj (.text:uDMAUSBChannelIntDisable)
                  000032cc    00000040                : usbhhid.obj (.text:HIDIntINCallback)
                  0000330c    00000040                : usbhostenum.obj (.text:USBHCDPipeReadNonBlocking)
                  0000334c    00000040     rtsv7M4_T_le_v4SPD16_eabi.lib : u_divt2.obj (.text)
                  0000338c    0000003c     usblib.lib : usbhhub.obj (.text:HubDriverReset)
                  000033c8    0000003c                : usbdma.obj (.text:iDMAUSBChannelRelease)
                  00003404    0000003a     driverlib.lib : usb.obj (.text:USBFIFOConfigSet)
                  0000343e    00000002     usblib.lib : usbdma.obj (.text:uDMAUSBChannelIntEnable)
                  00003440    00000038                : usbtick.obj (.text:InternalUSBStartOfFrameTick)
                  00003478    00000038                : usbhostenum.obj (.text:USBHCDReset)
                  000034b0    00000038                : usbhhid.obj (.text:USBHHIDGetReportDescriptor)
                  000034e8    00000038                : usbhhid.obj (.text:USBHHIDSetIdle)
                  00003520    00000038     driverlib.lib : usb.obj (.text:USBIntStatusControl)
                  00003558    00000036     usblib.lib : usbhhub.obj (.text:HubClearPortFeature)
                  0000358e    00000036                : usbhhub.obj (.text:HubSetPortFeature)
                  000035c4    00000036     driverlib.lib : usb.obj (.text:USBEndpointDataPut)
                  000035fa    00000002     --HOLE-- [fill = 0]
                  000035fc    00000034                   : sysctl.obj (.text:SysCtlPeripheralEnable)
                  00003630    00000034                   : usb.obj (.text:USBEndpointDataSend)
                  00003664    00000034     usblib.lib : usbhostenum.obj (.text:USBHCDSetConfig)
                  00003698    00000034     driverlib.lib : usb.obj (.text:USBHostEndpointStatusClear)
                  000036cc    00000034     usblib.lib : usbmode.obj (.text:USBOTGRemovePower)
                  00003700    00000034                : usbdma.obj (.text:iDMAUSBChannelStatus)
                  00003734    00000032                : usbdma.obj (.text:iDMAUSBChannelDisable)
                  00003766    00000030                : usbdma.obj (.text:DMAUSBIntHandler)
                  00003796    00000002     --HOLE-- [fill = 0]
                  00003798    00000030                : usbtick.obj (.text:InternalUSBTickInit)
                  000037c8    00000030     driverlib.lib : usb.obj (.text:USBHostHubAddrSet)
                  000037f8    0000002c     usblib.lib : usbhostenum.obj (.text:ConfigDescFree)
                  00003824    0000002c                : usbhostenum.obj (.text:FIFOFree)
                  00003850    0000002c                : usbhostenum.obj (.text:InternalUSBHCDSendEvent)
                  0000387c    0000002c                : usbdesc.obj (.text:USBDescGet)
                  000038a8    0000002c                : usbdesc.obj (.text:USBDescGetAlternateInterface)
                  000038d4    0000002c                : usbhhidmouse.obj (.text:USBHMouseOpen)
                  00003900    0000002c                : usbdma.obj (.text:uDMAUSBIntStatus)
                  0000392c    0000002a     driverlib.lib : gpio.obj (.text:GPIODirModeSet)
                  00003956    00000002     --HOLE-- [fill = 0]
                  00003958    00000028     usb_host_mouse.obj (.text:USBHCDEvents)
                  00003980    00000028     driverlib.lib : usb.obj (.text:USBIntEnableControl)
                  000039a8    00000028                   : udma.obj (.text:uDMAChannelModeGet)
                  000039d0    00000026                   : usb.obj (.text:USBHostSpeedGet)
                  000039f6    00000024                   : usb.obj (.text:USBEndpointDMADisable)
                  00003a1a    00000024                   : usb.obj (.text:USBEndpointDMAEnable)
                  00003a3e    00000024                   : usb.obj (.text:USBEndpointDataToggleClear)
                  00003a62    00000002     --HOLE-- [fill = 0]
                  00003a64    00000024     usblib.lib : usbhhid.obj (.text:USBHHIDOpen)
                  00003a88    00000024                : usbhhidmouse.obj (.text:USBHMouseInit)
                  00003aac    00000024                : usbmode.obj (.text:USBStackModeSet)
                  00003ad0    00000024     driverlib.lib : udma.obj (.text:uDMAChannelControlSet)
                  00003af4    00000022     usblib.lib : usbhhid.obj (.text:HIDDriverClose)
                  00003b16    00000022                : usbdma.obj (.text:uDMAUSBChannelStatus)
                  00003b38    00000020                : usbhhub.obj (.text:HubDriverDeviceConnect)
                  00003b58    00000020                : usbhhub.obj (.text:HubDriverDeviceReset)
                  00003b78    00000020     usb_host_mouse.obj (.text:MouseMain)
                  00003b98    00000020     driverlib.lib : usb.obj (.text:USBHostEndpointDataAck)
                  00003bb8    00000020                   : sysctl.obj (.text:_SysCtlMemTimingGet)
                  00003bd8    0000001e     usblib.lib : usbdesc.obj (.text:USBDescGetInterface)
                  00003bf6    0000001e     driverlib.lib : usb.obj (.text:USBULPIRegRead)
                  00003c14    0000001e                   : usb.obj (.text:USBULPIRegWrite)
                  00003c32    00000002     --HOLE-- [fill = 0]
                  00003c34    0000001c     usblib.lib : usbmode.obj (.text:OTGDeviceDisconnect)
                  00003c50    0000001c     driverlib.lib : usb.obj (.text:USBEndpointDataAvail)
                  00003c6c    0000001a     uartstdio.obj (.text:UARTprintf)
                  00003c86    0000001a     driverlib.lib : usb.obj (.text:USBEndpointDMAChannel)
                  00003ca0    0000001a                   : usb.obj (.text:USBOTGSessionRequest)
                  00003cba    00000002     --HOLE-- [fill = 0]
                  00003cbc    00000018     usblib.lib : usbhhub.obj (.text:USBHHubEnumerationComplete)
                  00003cd4    00000018                : usbhhub.obj (.text:USBHHubEnumerationError)
                  00003cec    00000018     driverlib.lib : usb.obj (.text:USBHostPwrConfig)
                  00003d04    00000018                   : usb.obj (.text:USBHostRequestINClear)
                  00003d1c    00000018     rtsv7M4_T_le_v4SPD16_eabi.lib : args_main.obj (.text)
                  00003d34    00000018     driverlib.lib : udma.obj (.text:uDMAChannelDisable)
                  00003d4c    00000018                   : udma.obj (.text:uDMAChannelEnable)
                  00003d64    00000016     usblib.lib : usbdesc.obj (.text:USBDescGetInterfaceEndpoint)
                  00003d7a    00000016     driverlib.lib : usb.obj (.text:USBHostAddrSet)
                  00003d90    00000016                   : usb.obj (.text:USBIntEnableEndpoint)
                  00003da6    00000002     --HOLE-- [fill = 0]
                  00003da8    00000014                   : sysctl.obj (.text:SysCtlUSBPLLEnable)
                  00003dbc    00000014     usblib.lib : usbhostenum.obj (.text:USB0HostIntHandler)
                  00003dd0    00000014     driverlib.lib : usb.obj (.text:USBDMAChannelConfigSet)
                  00003de4    00000014     usblib.lib : usbhostenum.obj (.text:USBHCDPowerAutomatic)
                  00003df8    00000014     driverlib.lib : usb.obj (.text:USBHostReset)
                  00003e0c    00000014     usblib.lib : usbhhub.obj (.text:USBHubPortSpeedSet)
                  00003e20    00000014     driverlib.lib : usb.obj (.text:_USBIndexWrite)
                  00003e34    00000014     rtsv7M4_T_le_v4SPD16_eabi.lib : _lock.obj (.text)
                  00003e48    00000012     driverlib.lib : gpio.obj (.text:GPIOPinTypeEthernetLED)
                  00003e5a    00000012     usblib.lib : usbhostenum.obj (.text:SendUnknownConnect)
                  00003e6c    00000012     driverlib.lib : usb.obj (.text:USBDMAChannelDisable)
                  00003e7e    00000012                   : usb.obj (.text:USBDMAChannelEnable)
                  00003e90    00000012                   : usb.obj (.text:USBDMAChannelIntDisable)
                  00003ea2    00000012                   : usb.obj (.text:USBDMAChannelIntEnable)
                  00003eb4    00000012                   : usb.obj (.text:USBHostLPMConfig)
                  00003ec6    00000012                   : usb.obj (.text:USBHostRequestIN)
                  00003ed8    00000010                   : usb.obj (.text:USBEndpointStatus)
                  00003ee8    00000010     usblib.lib : usbhostenum.obj (.text:USBHCDRegisterDrivers)
                  00003ef8    00000010     driverlib.lib : usb.obj (.text:USBHostPwrDisable)
                  00003f08    0000000e     usblib.lib : usbdma.obj (.text:DMAUSBIntStatusClear)
                  00003f16    0000000e     driverlib.lib : usb.obj (.text:USBDMAChannelStatus)
                  00003f24    0000000e                   : usb.obj (.text:USBHostPwrEnable)
                  00003f32    0000000e                   : usb.obj (.text:USBULPIDisable)
                  00003f40    0000000e                   : usb.obj (.text:USBULPIEnable)
                  00003f4e    0000000e     rtsv7M4_T_le_v4SPD16_eabi.lib : copy_decompress_none.obj (.text:decompress:none)
                  00003f5c    0000000c     driverlib.lib : usb.obj (.text:USBEndpointPacketCountSet)
                  00003f68    0000000c     usblib.lib : usbhostenum.obj (.text:USBHCDHubDeviceDisconnected)
                  00003f74    0000000c                : usbhostenum.obj (.text:USBHCDPipeAlloc)
                  00003f80    0000000c                : usbhostenum.obj (.text:USBHCDPowerConfigInit)
                  00003f8c    0000000c     driverlib.lib : usb.obj (.text:USBLPMIntEnable)
                  00003f98    0000000c     rtsv7M4_T_le_v4SPD16_eabi.lib : copy_zero_init.obj (.text:decompress:ZI)
                  00003fa4    0000000a     driverlib.lib : usb.obj (.text:USBClockEnable)
                  00003fae    0000000a                   : usb.obj (.text:USBControllerVersion)
                  00003fb8    0000000a                   : usb.obj (.text:USBDMAChannelAddressSet)
                  00003fc2    0000000a                   : usb.obj (.text:USBDMAChannelCountSet)
                  00003fcc    0000000a     usblib.lib : usbhhid.obj (.text:USBHHIDGetReport)
                  00003fd6    0000000a     driverlib.lib : usb.obj (.text:USBHostSuspend)
                  00003fe0    0000000a                   : usb.obj (.text:USBIntStatusEndpoint)
                  00003fea    0000000a     usblib.lib : usbdma.obj (.text:USBLibDMAAddrGet)
                  00003ff4    0000000a     driverlib.lib : usb.obj (.text:USBNumEndpointsGet)
                  00003ffe    00000008                   : usb.obj (.text:USBFIFOAddrGet)
                  00004006    00000008                   : usb.obj (.text:USBHostMode)
                  0000400e    00000008                   : usb.obj (.text:USBHostRequestStatus)
                  00004016    00000008                   : usb.obj (.text:USBOTGMode)
                  0000401e    00000008     usblib.lib : usbdma.obj (.text:iDMAUSBChannelIntDisable)
                  00004026    00000008                : usbdma.obj (.text:iDMAUSBChannelIntEnable)
                  0000402e    00000006     startup_ccs.obj (.text:ResetISR)
                  00004034    00000006     driverlib.lib : sysctl.obj (.text:SysCtlDelay)
                  0000403a    00000006                   : usb.obj (.text:USBDMAChannelIntStatus)
                  00004040    00000006                   : usb.obj (.text:USBLPMIntStatus)
                  00004046    00000006     usblib.lib : usbdma.obj (.text:iDMAUSBIntStatus)
                  0000404c    00000004                : usbdma.obj (.text:DMAUSBStatus)
                  00004050    00000004     rtsv7M4_T_le_v4SPD16_eabi.lib : pre_init.obj (.text)

.const     0    00004054    00000304     
                  00004054    000001b0     driverlib.lib : sysctl.obj (.const:g_pppui32XTALtoVCO)
                  00004204    00000070                   : interrupt.obj (.const)
                  00004274    0000006c                   : sysctl.obj (.const:g_pui32Xtals)
                  000042e0    00000030                   : sysctl.obj (.const:g_sXTALtoMEMTIM)
                  00004310    00000010     usb_host_mouse.obj (.const:g_sUSBEventDriver)
                  00004320    00000010     usblib.lib : usbhhid.obj (.const)
                  00004330    0000000c     uartstdio.obj (.const:g_ui32UARTBase)
                  0000433c    0000000c     uartstdio.obj (.const:g_ui32UARTPeriph)
                  00004348    00000008     driverlib.lib : sysctl.obj (.const)
                  00004350    00000008     usb_host_mouse.obj (.const:g_ppHostClassDrivers)

.cinit     0    00004358    00000048     
                  00004358    00000024     (.cinit..data.load) [load image, compression = lzss]
                  0000437c    0000000c     (__TI_handler_table)
                  00004388    00000008     (.cinit..bss.load) [load image, compression = zero_init]
                  00004390    00000010     (__TI_cinit_table)

.init_array 
*          0    00000000    00000000     UNINITIALIZED

.bss       0    20000000    00000bf2     UNINITIALIZED
                  20000000    000006cc     usblib.lib : usbhostenum.obj (.bss:g_sUSBHCD)
                  200006cc    00000280     (.common:g_pui8HCDPool)
                  2000094c    00000110                : usbdma.obj (.bss:g_psUSBDMAInst)
                  20000a5c    0000009c                : usbhhub.obj (.bss:g_sRootHub)
                  20000af8    00000064                : usbhhid.obj (.bss:g_psHIDDevice)
                  20000b5c    00000018     (.common:g_pfnTickHandlers)
                  20000b74    00000018     (.common:g_pi32USBHActiveDriver)
                  20000b8c    00000018     (.common:g_ppvDriverInstance)
                  20000ba4    00000018     (.common:g_pvTickInstance)
                  20000bbc    00000014     (.common:g_sStatus)
                  20000bd0    00000008     (.common:g_pui32Alloc)
                  20000bd8    00000004     usb_host_mouse.obj (.bss)
                  20000bdc    00000004     (.common:g_pfnUSBModeCallback)
                  20000be0    00000004     (.common:g_ui32ChangeFlags)
                  20000be4    00000004     (.common:g_ui32HubChanges)
                  20000be8    00000004     (.common:g_ui32PollRate)
                  20000bec    00000004     (.common:g_ui32ULPISupport)
                  20000bf0    00000001     (.common:g_eOTGModeState)
                  20000bf1    00000001     (.common:g_iMouseState)

.stack     0    20000bf4    00000800     UNINITIALIZED
                  20000bf4    00000800     --HOLE--

.data      0    200013f4    00000080     UNINITIALIZED
                  200013f4    0000002c     usblib.lib : usbhostenum.obj (.data)
                  20001420    0000001c                : usbhhidmouse.obj (.data)
                  2000143c    0000000c     rtsv7M4_T_le_v4SPD16_eabi.lib : exit.obj (.data:$O1$$)
                  20001448    0000000c     usblib.lib : usbtick.obj (.data)
                  20001454    00000009                : usbmode.obj (.data)
                  2000145d    00000003     --HOLE--
                  20001460    00000008     rtsv7M4_T_le_v4SPD16_eabi.lib : _lock.obj (.data:$O1$$)
                  20001468    00000005     uartstdio.obj (.data)
                  2000146d    00000003     --HOLE--
                  20001470    00000004     rtsv7M4_T_le_v4SPD16_eabi.lib : stkdepth_vars.obj (.data)

MODULE SUMMARY

       Module                     code    ro data   rw data
       ------                     ----    -------   -------
    .\
       usb_host_mouse.obj         564     24        665    
       startup_ccs.obj            12      512       0      
    +--+--------------------------+-------+---------+---------+
       Total:                     576     536       665    
                                                           
    .\drivers\
       pinout.obj                 536     0         0      
    +--+--------------------------+-------+---------+---------+
       Total:                     536     0         0      
                                                           
    .\utils\
       uartstdio.obj              684     24        5      
    +--+--------------------------+-------+---------+---------+
       Total:                     684     24        5      
                                                           
    C:/ti/TivaWare_C_Series-2.1.4.178/driverlib/ccs/Debug/driverlib.lib
       usb.obj                    1582    0         0      
       sysctl.obj                 886     596       0      
       interrupt.obj              308     112       0      
       gpio.obj                   366     0         0      
       udma.obj                   328     0         0      
    +--+--------------------------+-------+---------+---------+
       Total:                     3470    708       0      
                                                           
    C:/ti/TivaWare_C_Series-2.1.4.178/usblib/ccs/Debug/usblib.lib
       usbhostenum.obj            5566    0         1844   
       usbdma.obj                 2018    0         272    
       usbhhub.obj                896     0         164    
       usbhhid.obj                478     16        100    
       usbhhidmouse.obj           286     0         28     
       usbmode.obj                224     0         18     
       usbtick.obj                104     0         60     
       usbdesc.obj                140     0         0      
       usbulpi.obj                82      0         0      
    +--+--------------------------+-------+---------+---------+
       Total:                     9794    16        2486   
                                                           
    C:\ti\ccsv7\tools\compiler\ti-cgt-arm_16.9.0.LTS\lib\rtsv7M4_T_le_v4SPD16_eabi.lib
       memcpy_t2.obj              156     0         0      
       memset_t2.obj              122     0         0      
       autoinit.obj               112     0         0      
       copy_decompress_lzss.obj   104     0         0      
       exit.obj                   84      0         12     
       boot.obj                   84      0         0      
       cpy_tbl.obj                76      0         0      
       u_divt2.obj                64      0         0      
       _lock.obj                  20      0         8      
       args_main.obj              24      0         0      
       copy_decompress_none.obj   14      0         0      
       copy_zero_init.obj         12      0         0      
       pre_init.obj               4       0         0      
       stkdepth_vars.obj          0       0         4      
       i_div0.obj                 2       0         0      
       mpu_init.obj               2       0         0      
       startup.obj                2       0         0      
    +--+--------------------------+-------+---------+---------+
       Total:                     882     0         24     
                                                           
       Stack:                     0       0         2048   
       Linker Generated:          0       72        0      
    +--+--------------------------+-------+---------+---------+
       Grand Total:               15942   1356      5228   


LINKER GENERATED COPY TABLES

__TI_cinit_table @ 00004390 records: 2, size/record: 8, table size: 16
	.data: load addr=00004358, load size=00000024 bytes, run addr=200013f4, run size=00000080 bytes, compression=lzss
	.bss: load addr=00004388, load size=00000008 bytes, run addr=20000000, run size=00000bf2 bytes, compression=zero_init


LINKER GENERATED HANDLER TABLE

__TI_handler_table @ 0000437c records: 3, size/record: 4, table size: 12
	index: 0, handler: __TI_decompress_lzss
	index: 1, handler: __TI_decompress_none
	index: 2, handler: __TI_zero_init


GLOBAL SYMBOLS: SORTED ALPHABETICALLY BY Name 

address   name                           
-------   ----                           
00002d35  C$$EXIT                        
00002b21  ConfigDescAlloc                
000037f9  ConfigDescFree                 
0000392d  GPIODirModeSet                 
00001369  GPIOPadConfigSet               
00003e49  GPIOPinTypeEthernetLED         
0000285d  IntDisable                     
000028c5  IntEnable                      
00002995  IntIsEnabled                   
00003851  InternalUSBHCDSendEvent        
00003441  InternalUSBStartOfFrameTick    
00003799  InternalUSBTickInit            
00001a69  MouseCallback                  
00003b79  MouseMain                      
00003c35  OTGDeviceDisconnect            
000005f9  PinoutSet                      
0000402f  ResetISR                       
UNDEFED   SHT$$INIT_ARRAY$$Base          
UNDEFED   SHT$$INIT_ARRAY$$Limit         
00000811  SysCtlClockFreqSet             
00004035  SysCtlDelay                    
000035fd  SysCtlPeripheralEnable         
00002e2d  SysCtlPeripheralReset          
00003da9  SysCtlUSBPLLEnable             
00002631  SysCtlVCOGet                   
00002ac1  UARTStdioConfig                
00003c6d  UARTprintf                     
00000a11  UARTvprintf                    
00003095  UARTwrite                      
00002d89  ULPIConfigSet                  
00003dbd  USB0HostIntHandler             
00003fa5  USBClockEnable                 
00003faf  USBControllerVersion           
00003fb9  USBDMAChannelAddressSet        
00003dd1  USBDMAChannelConfigSet         
00003fc3  USBDMAChannelCountSet          
00003e6d  USBDMAChannelDisable           
00003e7f  USBDMAChannelEnable            
00003e91  USBDMAChannelIntDisable        
00003ea3  USBDMAChannelIntEnable         
0000403b  USBDMAChannelIntStatus         
00003f17  USBDMAChannelStatus            
0000387d  USBDescGet                     
00003bd9  USBDescGetInterface            
00003d65  USBDescGetInterfaceEndpoint    
00003c87  USBEndpointDMAChannel          
00002f19  USBEndpointDMAConfigSet        
000039f7  USBEndpointDMADisable          
00003a1b  USBEndpointDMAEnable           
00003c51  USBEndpointDataAvail           
000031fd  USBEndpointDataGet             
000035c5  USBEndpointDataPut             
00003631  USBEndpointDataSend            
00003a3f  USBEndpointDataToggleClear     
00003f5d  USBEndpointPacketCountSet      
00003ed9  USBEndpointStatus              
00003fff  USBFIFOAddrGet                 
00003405  USBFIFOConfigSet               
000030dd  USBFIFOFlush                   
00001799  USBHCDControlTransfer          
00003959  USBHCDEvents                   
00002165  USBHCDFeatureSet               
00002c31  USBHCDHubDeviceConnected       
00003f69  USBHCDHubDeviceDisconnected    
00001889  USBHCDInit                     
00001b4d  USBHCDMain                     
00003f75  USBHCDPipeAlloc                
00000bfd  USBHCDPipeAllocSize            
00001d09  USBHCDPipeConfig               
00001979  USBHCDPipeFree                 
0000330d  USBHCDPipeReadNonBlocking      
00001c2d  USBHCDPipeSchedule             
00003de5  USBHCDPowerAutomatic           
00003f81  USBHCDPowerConfigInit          
00002f65  USBHCDPowerConfigSet           
00003ee9  USBHCDRegisterDrivers          
00003479  USBHCDReset                    
00003125  USBHCDSetAddress               
00003665  USBHCDSetConfig                
00003fcd  USBHHIDGetReport               
000034b1  USBHHIDGetReportDescriptor     
00003a65  USBHHIDOpen                    
000034e9  USBHHIDSetIdle                 
00003289  USBHHIDSetProtocol             
00003cbd  USBHHubEnumerationComplete     
00003cd5  USBHHubEnumerationError        
00003245  USBHHubInit                    
00000f29  USBHHubMain                    
00003a89  USBHMouseInit                  
000038d5  USBHMouseOpen                  
00003d7b  USBHostAddrSet                 
000029f9  USBHostCheckPipes              
00001de1  USBHostEndpointConfig          
00003b99  USBHostEndpointDataAck         
00003699  USBHostEndpointStatusClear     
000037c9  USBHostHubAddrSet              
00000201  USBHostIntHandlerInternal      
00003eb5  USBHostLPMConfig               
00004007  USBHostMode                    
00003ced  USBHostPwrConfig               
00003ef9  USBHostPwrDisable              
00003f25  USBHostPwrEnable               
00003ec7  USBHostRequestIN               
00003d05  USBHostRequestINClear          
0000400f  USBHostRequestStatus           
00003df9  USBHostReset                   
000039d1  USBHostSpeedGet                
00003fd7  USBHostSuspend                 
00003981  USBIntEnableControl            
00003d91  USBIntEnableEndpoint           
00003521  USBIntStatusControl            
00003fe1  USBIntStatusEndpoint           
00003f8d  USBLPMIntEnable                
00004041  USBLPMIntStatus                
00003feb  USBLibDMAAddrGet               
00001209  USBLibDMAInit                  
00003ff5  USBNumEndpointsGet             
00004017  USBOTGMode                     
00003ca1  USBOTGSessionRequest           
00003aad  USBStackModeSet                
00003f33  USBULPIDisable                 
00003f41  USBULPIEnable                  
00003bf7  USBULPIRegRead                 
00003c15  USBULPIRegWrite                
200013f4  __STACK_END                    
00000800  __STACK_SIZE                   
200013f4  __STACK_TOP                    
00004390  __TI_CINIT_Base                
000043a0  __TI_CINIT_Limit               
0000437c  __TI_Handler_Table_Base        
00004388  __TI_Handler_Table_Limit       
000026a1  __TI_auto_init                 
2000143c  __TI_cleanup_ptr               
0000292d  __TI_decompress_lzss           
00003f4f  __TI_decompress_none           
20001440  __TI_dtors_ptr                 
20001444  __TI_enable_exit_profile_output
ffffffff  __TI_pprof_out_hndl            
ffffffff  __TI_prof_data_size            
ffffffff  __TI_prof_data_start           
00000000  __TI_static_base__             
00003f99  __TI_zero_init                 
00002ecb  __aeabi_idiv0                  
00002541  __aeabi_memclr                 
00002541  __aeabi_memclr4                
00002541  __aeabi_memclr8                
00002201  __aeabi_memcpy                 
00002201  __aeabi_memcpy4                
00002201  __aeabi_memcpy8                
00002543  __aeabi_memset                 
00002543  __aeabi_memset4                
00002543  __aeabi_memset8                
0000334d  __aeabi_uidiv                  
0000334d  __aeabi_uidivmod               
ffffffff  __binit__                      
ffffffff  __c_args__                     
00003093  __mpu_init                     
20000bf4  __stack                        
00003d1d  _args_main                     
00002ce1  _c_int00                       
20001460  _lock                          
00003e43  _nop                           
00003e3b  _register_lock                 
00003e35  _register_unlock               
00003243  _system_post_cinit             
00004051  _system_pre_init               
20001464  _unlock                        
00002d39  abort                          
ffffffff  binit                          
00002ffd  copy_in                        
00002d41  exit                           
20001448  g_bUSBTimerInitialized         
20000bf0  g_eOTGModeState                
20000bf1  g_iMouseState                  
20001454  g_iUSBMode                     
20000b5c  g_pfnTickHandlers              
00000000  g_pfnVectors                   
200006cc  g_pui8HCDPool                  
20000ba4  g_pvTickInstance               
20000bbc  g_sStatus                      
00004310  g_sUSBEventDriver              
00004320  g_sUSBHIDClassDriver           
2000144c  g_ui32CurrentUSBTick           
20000be8  g_ui32PollRate                 
20001450  g_ui32USBSOFCount              
20001458  g_ui32WaitTicks                
0000149d  main                           
20001470  main_func_sp                   
00002201  memcpy                         
00002549  memset                         
000031b5  uDMAChannelAttributeDisable    
00003ad1  uDMAChannelControlSet          
00003d35  uDMAChannelDisable             
00003d4d  uDMAChannelEnable              
000039a9  uDMAChannelModeGet             
0000243d  uDMAChannelTransferSet         


GLOBAL SYMBOLS: SORTED BY Symbol Address 

address   name                           
-------   ----                           
00000000  __TI_static_base__             
00000000  g_pfnVectors                   
00000201  USBHostIntHandlerInternal      
000005f9  PinoutSet                      
00000800  __STACK_SIZE                   
00000811  SysCtlClockFreqSet             
00000a11  UARTvprintf                    
00000bfd  USBHCDPipeAllocSize            
00000f29  USBHHubMain                    
00001209  USBLibDMAInit                  
00001369  GPIOPadConfigSet               
0000149d  main                           
00001799  USBHCDControlTransfer          
00001889  USBHCDInit                     
00001979  USBHCDPipeFree                 
00001a69  MouseCallback                  
00001b4d  USBHCDMain                     
00001c2d  USBHCDPipeSchedule             
00001d09  USBHCDPipeConfig               
00001de1  USBHostEndpointConfig          
00002165  USBHCDFeatureSet               
00002201  __aeabi_memcpy                 
00002201  __aeabi_memcpy4                
00002201  __aeabi_memcpy8                
00002201  memcpy                         
0000243d  uDMAChannelTransferSet         
00002541  __aeabi_memclr                 
00002541  __aeabi_memclr4                
00002541  __aeabi_memclr8                
00002543  __aeabi_memset                 
00002543  __aeabi_memset4                
00002543  __aeabi_memset8                
00002549  memset                         
00002631  SysCtlVCOGet                   
000026a1  __TI_auto_init                 
0000285d  IntDisable                     
000028c5  IntEnable                      
0000292d  __TI_decompress_lzss           
00002995  IntIsEnabled                   
000029f9  USBHostCheckPipes              
00002ac1  UARTStdioConfig                
00002b21  ConfigDescAlloc                
00002c31  USBHCDHubDeviceConnected       
00002ce1  _c_int00                       
00002d35  C$$EXIT                        
00002d39  abort                          
00002d41  exit                           
00002d89  ULPIConfigSet                  
00002e2d  SysCtlPeripheralReset          
00002ecb  __aeabi_idiv0                  
00002f19  USBEndpointDMAConfigSet        
00002f65  USBHCDPowerConfigSet           
00002ffd  copy_in                        
00003093  __mpu_init                     
00003095  UARTwrite                      
000030dd  USBFIFOFlush                   
00003125  USBHCDSetAddress               
000031b5  uDMAChannelAttributeDisable    
000031fd  USBEndpointDataGet             
00003243  _system_post_cinit             
00003245  USBHHubInit                    
00003289  USBHHIDSetProtocol             
0000330d  USBHCDPipeReadNonBlocking      
0000334d  __aeabi_uidiv                  
0000334d  __aeabi_uidivmod               
00003405  USBFIFOConfigSet               
00003441  InternalUSBStartOfFrameTick    
00003479  USBHCDReset                    
000034b1  USBHHIDGetReportDescriptor     
000034e9  USBHHIDSetIdle                 
00003521  USBIntStatusControl            
000035c5  USBEndpointDataPut             
000035fd  SysCtlPeripheralEnable         
00003631  USBEndpointDataSend            
00003665  USBHCDSetConfig                
00003699  USBHostEndpointStatusClear     
00003799  InternalUSBTickInit            
000037c9  USBHostHubAddrSet              
000037f9  ConfigDescFree                 
00003851  InternalUSBHCDSendEvent        
0000387d  USBDescGet                     
000038d5  USBHMouseOpen                  
0000392d  GPIODirModeSet                 
00003959  USBHCDEvents                   
00003981  USBIntEnableControl            
000039a9  uDMAChannelModeGet             
000039d1  USBHostSpeedGet                
000039f7  USBEndpointDMADisable          
00003a1b  USBEndpointDMAEnable           
00003a3f  USBEndpointDataToggleClear     
00003a65  USBHHIDOpen                    
00003a89  USBHMouseInit                  
00003aad  USBStackModeSet                
00003ad1  uDMAChannelControlSet          
00003b79  MouseMain                      
00003b99  USBHostEndpointDataAck         
00003bd9  USBDescGetInterface            
00003bf7  USBULPIRegRead                 
00003c15  USBULPIRegWrite                
00003c35  OTGDeviceDisconnect            
00003c51  USBEndpointDataAvail           
00003c6d  UARTprintf                     
00003c87  USBEndpointDMAChannel          
00003ca1  USBOTGSessionRequest           
00003cbd  USBHHubEnumerationComplete     
00003cd5  USBHHubEnumerationError        
00003ced  USBHostPwrConfig               
00003d05  USBHostRequestINClear          
00003d1d  _args_main                     
00003d35  uDMAChannelDisable             
00003d4d  uDMAChannelEnable              
00003d65  USBDescGetInterfaceEndpoint    
00003d7b  USBHostAddrSet                 
00003d91  USBIntEnableEndpoint           
00003da9  SysCtlUSBPLLEnable             
00003dbd  USB0HostIntHandler             
00003dd1  USBDMAChannelConfigSet         
00003de5  USBHCDPowerAutomatic           
00003df9  USBHostReset                   
00003e35  _register_unlock               
00003e3b  _register_lock                 
00003e43  _nop                           
00003e49  GPIOPinTypeEthernetLED         
00003e6d  USBDMAChannelDisable           
00003e7f  USBDMAChannelEnable            
00003e91  USBDMAChannelIntDisable        
00003ea3  USBDMAChannelIntEnable         
00003eb5  USBHostLPMConfig               
00003ec7  USBHostRequestIN               
00003ed9  USBEndpointStatus              
00003ee9  USBHCDRegisterDrivers          
00003ef9  USBHostPwrDisable              
00003f17  USBDMAChannelStatus            
00003f25  USBHostPwrEnable               
00003f33  USBULPIDisable                 
00003f41  USBULPIEnable                  
00003f4f  __TI_decompress_none           
00003f5d  USBEndpointPacketCountSet      
00003f69  USBHCDHubDeviceDisconnected    
00003f75  USBHCDPipeAlloc                
00003f81  USBHCDPowerConfigInit          
00003f8d  USBLPMIntEnable                
00003f99  __TI_zero_init                 
00003fa5  USBClockEnable                 
00003faf  USBControllerVersion           
00003fb9  USBDMAChannelAddressSet        
00003fc3  USBDMAChannelCountSet          
00003fcd  USBHHIDGetReport               
00003fd7  USBHostSuspend                 
00003fe1  USBIntStatusEndpoint           
00003feb  USBLibDMAAddrGet               
00003ff5  USBNumEndpointsGet             
00003fff  USBFIFOAddrGet                 
00004007  USBHostMode                    
0000400f  USBHostRequestStatus           
00004017  USBOTGMode                     
0000402f  ResetISR                       
00004035  SysCtlDelay                    
0000403b  USBDMAChannelIntStatus         
00004041  USBLPMIntStatus                
00004051  _system_pre_init               
00004310  g_sUSBEventDriver              
00004320  g_sUSBHIDClassDriver           
0000437c  __TI_Handler_Table_Base        
00004388  __TI_Handler_Table_Limit       
00004390  __TI_CINIT_Base                
000043a0  __TI_CINIT_Limit               
200006cc  g_pui8HCDPool                  
20000b5c  g_pfnTickHandlers              
20000ba4  g_pvTickInstance               
20000bbc  g_sStatus                      
20000be8  g_ui32PollRate                 
20000bf0  g_eOTGModeState                
20000bf1  g_iMouseState                  
20000bf4  __stack                        
200013f4  __STACK_END                    
200013f4  __STACK_TOP                    
2000143c  __TI_cleanup_ptr               
20001440  __TI_dtors_ptr                 
20001444  __TI_enable_exit_profile_output
20001448  g_bUSBTimerInitialized         
2000144c  g_ui32CurrentUSBTick           
20001450  g_ui32USBSOFCount              
20001454  g_iUSBMode                     
20001458  g_ui32WaitTicks                
20001460  _lock                          
20001464  _unlock                        
20001470  main_func_sp                   
ffffffff  __TI_pprof_out_hndl            
ffffffff  __TI_prof_data_size            
ffffffff  __TI_prof_data_start           
ffffffff  __binit__                      
ffffffff  __c_args__                     
ffffffff  binit                          
UNDEFED   SHT$$INIT_ARRAY$$Base          
UNDEFED   SHT$$INIT_ARRAY$$Limit         

[196 symbols]
