******************************************************************************
                  TI ARM Linker PC v5.2.5                      
******************************************************************************
>> Linked Fri Jul 22 12:47:33 2016

OUTPUT FILE NAME:   <tdes_cbc_decrypt.out>
ENTRY POINT SYMBOL: "_c_int00"  address: 00001331


MEMORY CONFIGURATION

         name            origin    length      used     unused   attr    fill
----------------------  --------  ---------  --------  --------  ----  --------
  FLASH                 00000000   00100000  0000188a  000fe776  R  X
  SRAM                  20000000   00040000  000008c2  0003f73e  RW X


SEGMENT ALLOCATION MAP

run origin  load origin   length   init length attrs members
----------  ----------- ---------- ----------- ----- -------
00000000    00000000    00001890   00001890    r-x
  00000000    00000000    00000200   00000200    r-- .intvecs
  00000200    00000200    000013be   000013be    r-x .text
  000015c0    000015c0    000001f4   000001f4    r-- .const
  000017b8    000017b8    000000d8   000000d8    r-- .cinit
20000000    20000000    000008c4   00000000    rw-
  20000000    20000000    00000406   00000000    rw- .bss
  20000408    20000408    00000400   00000000    rw- .stack
  20000808    20000808    000000bc   00000000    rw- .data


SECTION ALLOCATION MAP

 output                                  attributes/
section   page    origin      length       input sections
--------  ----  ----------  ----------   ----------------
.intvecs   0    00000000    00000200     
                  00000000    00000200     startup_ccs.obj (.intvecs)

.text      0    00000200    000013be     
                  00000200    0000025c     tdes_cbc_decrypt.obj (.text:main)
                  0000045c    00000238     tdes_cbc_decrypt.obj (.text:TDESIntHandler)
                  00000694    00000214     pinout.obj (.text:PinoutSet)
                  000008a8    00000204     driverlib.lib : sysctl.obj (.text:SysCtlClockFreqSet)
                  00000aac    000001ea     uartstdio.obj (.text:UARTvprintf)
                  00000c96    00000002     startup_ccs.obj (.text:FaultISR)
                  00000c98    000001d4     tdes_cbc_decrypt.obj (.text:TDESCBCDecrypt)
                  00000e6c    00000132     driverlib.lib : gpio.obj (.text:GPIOPadConfigSet)
                  00000f9e    00000002     startup_ccs.obj (.text:IntDefaultHandler)
                  00000fa0    000000d8     tdes_cbc_decrypt.obj (.text:DESInit)
                  00001078    0000009c     rtsv7M4_T_le_v4SPD16_eabi.lib : memcpy_t2.obj (.text)
                  00001114    0000007a                                   : memset_t2.obj (.text)
                  0000118e    00000002     startup_ccs.obj (.text:NmiSR)
                  00001190    0000006c     rtsv7M4_T_le_v4SPD16_eabi.lib : autoinit.obj (.text)
                  000011fc    0000006a                                   : copy_decompress_rle.obj (.text)
                  00001266    00000002                                   : i_div0.obj (.text)
                  00001268    00000068     tdes_cbc_decrypt.obj (.text:ConfigureUART)
                  000012d0    00000060     uartstdio.obj (.text:UARTStdioConfig)
                  00001330    00000050     rtsv7M4_T_le_v4SPD16_eabi.lib : boot.obj (.text)
                  00001380    0000004c                                   : cpy_tbl.obj (.text)
                  000013cc    00000048     uartstdio.obj (.text:UARTwrite)
                  00001414    00000048     driverlib.lib : sysctl.obj (.text:_SysCtlFrequencyGet)
                  0000145c    00000044     rtsv7M4_T_le_v4SPD16_eabi.lib : exit.obj (.text)
                  000014a0    00000040                                   : u_divt2.obj (.text)
                  000014e0    0000002a     driverlib.lib : gpio.obj (.text:GPIODirModeSet)
                  0000150a    00000002     --HOLE-- [fill = 0]
                  0000150c    00000020                   : sysctl.obj (.text:_SysCtlMemTimingGet)
                  0000152c    0000001a     uartstdio.obj (.text:UARTprintf)
                  00001546    00000002     --HOLE-- [fill = 0]
                  00001548    00000018     rtsv7M4_T_le_v4SPD16_eabi.lib : args_main.obj (.text)
                  00001560    00000014                                   : _lock.obj (.text)
                  00001574    00000012     driverlib.lib : gpio.obj (.text:GPIOPinTypeEthernetLED)
                  00001586    0000000e     tdes_cbc_decrypt.obj (.text:LengthRoundUp)
                  00001594    0000000e     rtsv7M4_T_le_v4SPD16_eabi.lib : copy_decompress_none.obj (.text:decompress:none)
                  000015a2    0000000c                                   : copy_zero_init.obj (.text:decompress:ZI)
                  000015ae    00000006     startup_ccs.obj (.text:ResetISR)
                  000015b4    00000006     rtsv7M4_T_le_v4SPD16_eabi.lib : copy_decompress_rle.obj (.text:decompress:rle24)
                  000015ba    00000004                                   : pre_init.obj (.text)

.const     0    000015c0    000001f4     
                  000015c0    00000120     driverlib.lib : sysctl.obj (.const:g_pppui32XTALtoVCO)
                  000016e0    0000006c                   : sysctl.obj (.const:g_pui32Xtals)
                  0000174c    00000030                   : sysctl.obj (.const:g_sXTALtoMEMTIM)
                  0000177c    0000001c     uartstdio.obj (.const)
                  00001798    00000012     uartstdio.obj (.const:.string)
                  000017aa    00000002     --HOLE-- [fill = 0]
                  000017ac    00000008     driverlib.lib : sysctl.obj (.const)

.cinit     0    000017b8    000000d8     
                  000017b8    000000af     (.cinit..data.load) [load image, compression = rle]
                  00001867    00000001     --HOLE-- [fill = 0]
                  00001868    0000000c     (__TI_handler_table)
                  00001874    00000004     --HOLE-- [fill = 0]
                  00001878    00000008     (.cinit..bss.load) [load image, compression = zero_init]
                  00001880    00000010     (__TI_cinit_table)

.init_array 
*          0    00000000    00000000     UNINITIALIZED

.bss       0    20000000    00000406     UNINITIALIZED
                  20000000    00000400     tdes_cbc_decrypt.obj (.bss:g_psDMAControlTable)
                  20000400    00000001     (.common:g_bContextInDMADoneIntFlag)
                  20000401    00000001     (.common:g_bContextInIntFlag)
                  20000402    00000001     (.common:g_bDataInDMADoneIntFlag)
                  20000403    00000001     (.common:g_bDataInIntFlag)
                  20000404    00000001     (.common:g_bDataOutDMADoneIntFlag)
                  20000405    00000001     (.common:g_bDataOutIntFlag)

.TI.noinit 
*          0    20000000    00000000     UNINITIALIZED

.stack     0    20000408    00000400     UNINITIALIZED
                  20000408    00000400     --HOLE--

.data      0    20000808    000000bc     UNINITIALIZED
                  20000808    00000040     tdes_cbc_decrypt.obj (.data:g_pui32TDESCipherText)
                  20000848    00000040     tdes_cbc_decrypt.obj (.data:g_pui32TDESPlainText)
                  20000888    00000020     tdes_cbc_decrypt.obj (.data)
                  200008a8    00000008     rtsv7M4_T_le_v4SPD16_eabi.lib : _lock.obj (.data)
                  200008b0    00000008                                   : exit.obj (.data)
                  200008b8    00000005     uartstdio.obj (.data)
                  200008bd    00000003     --HOLE--
                  200008c0    00000004     rtsv7M4_T_le_v4SPD16_eabi.lib : stkdepth_vars.obj (.data)

.TI.persistent 
*          0    20000808    00000000     UNINITIALIZED


LINKER GENERATED COPY TABLES

__TI_cinit_table @ 00001880 records: 2, size/record: 8, table size: 16
	.data: load addr=000017b8, load size=000000af bytes, run addr=20000808, run size=000000bc bytes, compression=rle
	.bss: load addr=00001878, load size=00000008 bytes, run addr=20000000, run size=00000406 bytes, compression=zero_init


LINKER GENERATED HANDLER TABLE

__TI_handler_table @ 00001868 records: 3, size/record: 4, table size: 12
	index: 0, handler: __TI_decompress_rle24
	index: 1, handler: __TI_decompress_none
	index: 2, handler: __TI_zero_init


GLOBAL SYMBOLS: SORTED ALPHABETICALLY BY Name 

address   name                    
-------   ----                    
0000145d  C$$EXIT                 
00001269  ConfigureUART           
00000fa1  DESInit                 
000014e1  GPIODirModeSet          
00000e6d  GPIOPadConfigSet        
00001575  GPIOPinTypeEthernetLED  
00001587  LengthRoundUp           
00000695  PinoutSet               
000015af  ResetISR                
UNDEFED   SHT$$INIT_ARRAY$$Base   
UNDEFED   SHT$$INIT_ARRAY$$Limit  
000008a9  SysCtlClockFreqSet      
00000c99  TDESCBCDecrypt          
0000045d  TDESIntHandler          
000012d1  UARTStdioConfig         
0000152d  UARTprintf              
00000aad  UARTvprintf             
000013cd  UARTwrite               
20000808  __STACK_END             
00000400  __STACK_SIZE            
20000808  __STACK_TOP             
00001880  __TI_CINIT_Base         
00001890  __TI_CINIT_Limit        
00001868  __TI_Handler_Table_Base 
00001874  __TI_Handler_Table_Limit
00001191  __TI_auto_init          
200008b0  __TI_cleanup_ptr        
00001595  __TI_decompress_none    
000015b5  __TI_decompress_rle24   
200008b4  __TI_dtors_ptr          
00000000  __TI_static_base__      
000015a3  __TI_zero_init          
00001267  __aeabi_idiv0           
00001115  __aeabi_memclr          
00001115  __aeabi_memclr4         
00001115  __aeabi_memclr8         
00001079  __aeabi_memcpy          
00001079  __aeabi_memcpy4         
00001079  __aeabi_memcpy8         
00001117  __aeabi_memset          
00001117  __aeabi_memset4         
00001117  __aeabi_memset8         
000014a1  __aeabi_uidiv           
000014a1  __aeabi_uidivmod        
ffffffff  __binit__               
ffffffff  __c_args__              
20000408  __stack                 
00001549  _args_main              
00001331  _c_int00                
200008a8  _lock                   
0000156f  _nop                    
00001567  _register_lock          
00001561  _register_unlock        
000015bb  _system_pre_init        
200008ac  _unlock                 
00001461  abort                   
ffffffff  binit                   
00001381  copy_in                 
00001469  exit                    
00000000  g_pfnVectors            
20000000  g_psDMAControlTable     
20000808  g_pui32TDESCipherText   
200008a0  g_pui32TDESIV           
20000888  g_pui32TDESKey          
20000848  g_pui32TDESPlainText    
00000201  main                    
200008c0  main_func_sp            
00001079  memcpy                  
0000111d  memset                  


GLOBAL SYMBOLS: SORTED BY Symbol Address 

address   name                    
-------   ----                    
00000000  __TI_static_base__      
00000000  g_pfnVectors            
00000201  main                    
00000400  __STACK_SIZE            
0000045d  TDESIntHandler          
00000695  PinoutSet               
000008a9  SysCtlClockFreqSet      
00000aad  UARTvprintf             
00000c99  TDESCBCDecrypt          
00000e6d  GPIOPadConfigSet        
00000fa1  DESInit                 
00001079  __aeabi_memcpy          
00001079  __aeabi_memcpy4         
00001079  __aeabi_memcpy8         
00001079  memcpy                  
00001115  __aeabi_memclr          
00001115  __aeabi_memclr4         
00001115  __aeabi_memclr8         
00001117  __aeabi_memset          
00001117  __aeabi_memset4         
00001117  __aeabi_memset8         
0000111d  memset                  
00001191  __TI_auto_init          
00001267  __aeabi_idiv0           
00001269  ConfigureUART           
000012d1  UARTStdioConfig         
00001331  _c_int00                
00001381  copy_in                 
000013cd  UARTwrite               
0000145d  C$$EXIT                 
00001461  abort                   
00001469  exit                    
000014a1  __aeabi_uidiv           
000014a1  __aeabi_uidivmod        
000014e1  GPIODirModeSet          
0000152d  UARTprintf              
00001549  _args_main              
00001561  _register_unlock        
00001567  _register_lock          
0000156f  _nop                    
00001575  GPIOPinTypeEthernetLED  
00001587  LengthRoundUp           
00001595  __TI_decompress_none    
000015a3  __TI_zero_init          
000015af  ResetISR                
000015b5  __TI_decompress_rle24   
000015bb  _system_pre_init        
00001868  __TI_Handler_Table_Base 
00001874  __TI_Handler_Table_Limit
00001880  __TI_CINIT_Base         
00001890  __TI_CINIT_Limit        
20000000  g_psDMAControlTable     
20000408  __stack                 
20000808  __STACK_END             
20000808  __STACK_TOP             
20000808  g_pui32TDESCipherText   
20000848  g_pui32TDESPlainText    
20000888  g_pui32TDESKey          
200008a0  g_pui32TDESIV           
200008a8  _lock                   
200008ac  _unlock                 
200008b0  __TI_cleanup_ptr        
200008b4  __TI_dtors_ptr          
200008c0  main_func_sp            
ffffffff  __binit__               
ffffffff  __c_args__              
ffffffff  binit                   
UNDEFED   SHT$$INIT_ARRAY$$Base   
UNDEFED   SHT$$INIT_ARRAY$$Limit  

[69 symbols]
