******************************************************************************
                  TI ARM Linker PC v16.9.0                     
******************************************************************************
>> Linked Sun May 21 10:00:14 2017

OUTPUT FILE NAME:   <boot_demo2.out>
ENTRY POINT SYMBOL: "_c_int00"  address: 00004889


MEMORY CONFIGURATION

         name            origin    length      used     unused   attr    fill
----------------------  --------  ---------  --------  --------  ----  --------
  FLASH                 00004000   000fc000  00000dc8  000fb238  R  X
  SRAM                  20000000   00040000  0000041c  0003fbe4  RW X


SEGMENT ALLOCATION MAP

run origin  load origin   length   init length attrs members
----------  ----------- ---------- ----------- ----- -------
00004000    00004000    00000dc8   00000dc8    r-x
  00004000    00004000    00000228   00000228    r-- .intvecs
  00004228    00004228    00000914   00000914    r-x .text
  00004b3c    00004b3c    00000254   00000254    r-- .const
  00004d90    00004d90    00000038   00000038    r-- .cinit
20000000    20000000    0000041c   00000000    rw-
  20000000    20000000    00000400   00000000    rw- .stack
  20000400    20000400    00000018   00000000    rw- .data
  20000418    20000418    00000004   00000000    rw- .bss


SECTION ALLOCATION MAP

 output                                  attributes/
section   page    origin      length       input sections
--------  ----  ----------  ----------   ----------------
.intvecs   0    00004000    00000228     
                  00004000    00000228     startup_ccs.obj (.intvecs)

.text      0    00004228    00000914     
                  00004228    00000200     driverlib.lib : sysctl.obj (.text:SysCtlClockFreqSet)
                  00004428    00000132                   : gpio.obj (.text:GPIOPadConfigSet)
                  0000455a    00000002     startup_ccs.obj (.text:FaultISR)
                  0000455c    000000cc     boot_demo2.obj (.text:main)
                  00004628    0000009c     rtsv7M4_T_le_v4SPD16_eabi.lib : memcpy_t2.obj (.text)
                  000046c4    0000007a                                   : memset_t2.obj (.text)
                  0000473e    00000002     startup_ccs.obj (.text:IntDefaultHandler)
                  00004740    00000070     boot_demo2.obj (.text:SetupForUART)
                  000047b0    00000070     rtsv7M4_T_le_v4SPD16_eabi.lib : autoinit.obj (.text)
                  00004820    00000068                                   : copy_decompress_lzss.obj (.text:decompress:lzss)
                  00004888    00000054                                   : boot.obj (.text)
                  000048dc    00000054                                   : exit.obj (.text)
                  00004930    0000004c                                   : cpy_tbl.obj (.text)
                  0000497c    00000048     driverlib.lib : sysctl.obj (.text:_SysCtlFrequencyGet)
                  000049c4    00000038                   : sysctl.obj (.text:SysCtlPeripheralReady)
                  000049fc    00000034                   : sysctl.obj (.text:SysCtlPeripheralEnable)
                  00004a30    00000030     boot_demo2.obj (.text:JumpToBootLoader)
                  00004a60    0000002a     driverlib.lib : gpio.obj (.text:GPIODirModeSet)
                  00004a8a    00000002     startup_ccs.obj (.text:NmiSR)
                  00004a8c    00000020     driverlib.lib : sysctl.obj (.text:_SysCtlMemTimingGet)
                  00004aac    00000018                   : gpio.obj (.text:GPIOPinTypeGPIOOutput)
                  00004ac4    00000018     rtsv7M4_T_le_v4SPD16_eabi.lib : args_main.obj (.text)
                  00004adc    00000014                                   : _lock.obj (.text)
                  00004af0    00000012     driverlib.lib : gpio.obj (.text:GPIOPinTypeGPIOInput)
                  00004b02    0000000e     rtsv7M4_T_le_v4SPD16_eabi.lib : copy_decompress_none.obj (.text:decompress:none)
                  00004b10    0000000c                                   : copy_zero_init.obj (.text:decompress:ZI)
                  00004b1c    00000006     driverlib.lib : gpio.obj (.text:GPIOPinRead)
                  00004b22    00000006                   : gpio.obj (.text:GPIOPinWrite)
                  00004b28    00000006     startup_ccs.obj (.text:ResetISR)
                  00004b2e    00000006     driverlib.lib : sysctl.obj (.text:SysCtlDelay)
                  00004b34    00000004     rtsv7M4_T_le_v4SPD16_eabi.lib : pre_init.obj (.text)
                  00004b38    00000002                                   : mpu_init.obj (.text)
                  00004b3a    00000002                                   : startup.obj (.text)

.const     0    00004b3c    00000254     
                  00004b3c    000001b0     driverlib.lib : sysctl.obj (.const:g_pppui32XTALtoVCO)
                  00004cec    0000006c                   : sysctl.obj (.const:g_pui32Xtals)
                  00004d58    00000030                   : sysctl.obj (.const:g_sXTALtoMEMTIM)
                  00004d88    00000008                   : sysctl.obj (.const)

.cinit     0    00004d90    00000038     
                  00004d90    00000011     (.cinit..data.load) [load image, compression = lzss]
                  00004da1    00000003     --HOLE-- [fill = 0]
                  00004da4    0000000c     (__TI_handler_table)
                  00004db0    00000008     (.cinit..bss.load) [load image, compression = zero_init]
                  00004db8    00000010     (__TI_cinit_table)

.init_array 
*          0    00004000    00000000     UNINITIALIZED

.stack     0    20000000    00000400     UNINITIALIZED
                  20000000    00000400     --HOLE--

.data      0    20000400    00000018     UNINITIALIZED
                  20000400    0000000c     rtsv7M4_T_le_v4SPD16_eabi.lib : exit.obj (.data:$O1$$)
                  2000040c    00000008                                   : _lock.obj (.data:$O1$$)
                  20000414    00000004                                   : stkdepth_vars.obj (.data)

.bss       0    20000418    00000004     UNINITIALIZED
                  20000418    00000004     (.common:g_ui32SysClockFreq)

MODULE SUMMARY

       Module                     code   ro data   rw data
       ------                     ----   -------   -------
    .\
       startup_ccs.obj            12     552       0      
       boot_demo2.obj             364    0         4      
    +--+--------------------------+------+---------+---------+
       Total:                     376    552       4      
                                                          
    C:/ti/TivaWare_C_Series-2.1.4.178/driverlib/ccs/Debug/driverlib.lib
       sysctl.obj                 730    596       0      
       gpio.obj                   402    0         0      
    +--+--------------------------+------+---------+---------+
       Total:                     1132   596       0      
                                                          
    C:\ti\ccsv7\tools\compiler\ti-cgt-arm_16.9.0.LTS\lib\rtsv7M4_T_le_v4SPD16_eabi.lib
       memcpy_t2.obj              156    0         0      
       memset_t2.obj              122    0         0      
       autoinit.obj               112    0         0      
       copy_decompress_lzss.obj   104    0         0      
       exit.obj                   84     0         12     
       boot.obj                   84     0         0      
       cpy_tbl.obj                76     0         0      
       _lock.obj                  20     0         8      
       args_main.obj              24     0         0      
       copy_decompress_none.obj   14     0         0      
       copy_zero_init.obj         12     0         0      
       pre_init.obj               4      0         0      
       stkdepth_vars.obj          0      0         4      
       mpu_init.obj               2      0         0      
       startup.obj                2      0         0      
    +--+--------------------------+------+---------+---------+
       Total:                     816    0         24     
                                                          
       Stack:                     0      0         1024   
       Linker Generated:          0      53        0      
    +--+--------------------------+------+---------+---------+
       Grand Total:               2324   1201      1052   


LINKER GENERATED COPY TABLES

__TI_cinit_table @ 00004db8 records: 2, size/record: 8, table size: 16
	.data: load addr=00004d90, load size=00000011 bytes, run addr=20000400, run size=00000018 bytes, compression=lzss
	.bss: load addr=00004db0, load size=00000008 bytes, run addr=20000418, run size=00000004 bytes, compression=zero_init


LINKER GENERATED HANDLER TABLE

__TI_handler_table @ 00004da4 records: 3, size/record: 4, table size: 12
	index: 0, handler: __TI_decompress_lzss
	index: 1, handler: __TI_decompress_none
	index: 2, handler: __TI_zero_init


GLOBAL SYMBOLS: SORTED ALPHABETICALLY BY Name 

address   name                           
-------   ----                           
000048dd  C$$EXIT                        
00004a61  GPIODirModeSet                 
00004429  GPIOPadConfigSet               
00004b1d  GPIOPinRead                    
00004af1  GPIOPinTypeGPIOInput           
00004aad  GPIOPinTypeGPIOOutput          
00004b23  GPIOPinWrite                   
00004a31  JumpToBootLoader               
00004b29  ResetISR                       
UNDEFED   SHT$$INIT_ARRAY$$Base          
UNDEFED   SHT$$INIT_ARRAY$$Limit         
00004741  SetupForUART                   
00004229  SysCtlClockFreqSet             
00004b2f  SysCtlDelay                    
000049fd  SysCtlPeripheralEnable         
000049c5  SysCtlPeripheralReady          
20000400  __STACK_END                    
00000400  __STACK_SIZE                   
20000400  __STACK_TOP                    
00004db8  __TI_CINIT_Base                
00004dc8  __TI_CINIT_Limit               
00004da4  __TI_Handler_Table_Base        
00004db0  __TI_Handler_Table_Limit       
000047b1  __TI_auto_init                 
20000400  __TI_cleanup_ptr               
00004821  __TI_decompress_lzss           
00004b03  __TI_decompress_none           
20000404  __TI_dtors_ptr                 
20000408  __TI_enable_exit_profile_output
ffffffff  __TI_pprof_out_hndl            
ffffffff  __TI_prof_data_size            
ffffffff  __TI_prof_data_start           
00004d90  __TI_static_base__             
00004b11  __TI_zero_init                 
000046c5  __aeabi_memclr                 
000046c5  __aeabi_memclr4                
000046c5  __aeabi_memclr8                
00004629  __aeabi_memcpy                 
00004629  __aeabi_memcpy4                
00004629  __aeabi_memcpy8                
000046c7  __aeabi_memset                 
000046c7  __aeabi_memset4                
000046c7  __aeabi_memset8                
ffffffff  __binit__                      
ffffffff  __c_args__                     
00004b39  __mpu_init                     
20000000  __stack                        
00004ac5  _args_main                     
00004889  _c_int00                       
2000040c  _lock                          
00004aeb  _nop                           
00004ae3  _register_lock                 
00004add  _register_unlock               
00004b3b  _system_post_cinit             
00004b35  _system_pre_init               
20000410  _unlock                        
000048e1  abort                          
ffffffff  binit                          
00004931  copy_in                        
000048e9  exit                           
00004000  g_pfnVectors                   
20000418  g_ui32SysClockFreq             
0000455d  main                           
20000414  main_func_sp                   
00004629  memcpy                         
000046cd  memset                         


GLOBAL SYMBOLS: SORTED BY Symbol Address 

address   name                           
-------   ----                           
00000400  __STACK_SIZE                   
00004000  g_pfnVectors                   
00004229  SysCtlClockFreqSet             
00004429  GPIOPadConfigSet               
0000455d  main                           
00004629  __aeabi_memcpy                 
00004629  __aeabi_memcpy4                
00004629  __aeabi_memcpy8                
00004629  memcpy                         
000046c5  __aeabi_memclr                 
000046c5  __aeabi_memclr4                
000046c5  __aeabi_memclr8                
000046c7  __aeabi_memset                 
000046c7  __aeabi_memset4                
000046c7  __aeabi_memset8                
000046cd  memset                         
00004741  SetupForUART                   
000047b1  __TI_auto_init                 
00004821  __TI_decompress_lzss           
00004889  _c_int00                       
000048dd  C$$EXIT                        
000048e1  abort                          
000048e9  exit                           
00004931  copy_in                        
000049c5  SysCtlPeripheralReady          
000049fd  SysCtlPeripheralEnable         
00004a31  JumpToBootLoader               
00004a61  GPIODirModeSet                 
00004aad  GPIOPinTypeGPIOOutput          
00004ac5  _args_main                     
00004add  _register_unlock               
00004ae3  _register_lock                 
00004aeb  _nop                           
00004af1  GPIOPinTypeGPIOInput           
00004b03  __TI_decompress_none           
00004b11  __TI_zero_init                 
00004b1d  GPIOPinRead                    
00004b23  GPIOPinWrite                   
00004b29  ResetISR                       
00004b2f  SysCtlDelay                    
00004b35  _system_pre_init               
00004b39  __mpu_init                     
00004b3b  _system_post_cinit             
00004d90  __TI_static_base__             
00004da4  __TI_Handler_Table_Base        
00004db0  __TI_Handler_Table_Limit       
00004db8  __TI_CINIT_Base                
00004dc8  __TI_CINIT_Limit               
20000000  __stack                        
20000400  __STACK_END                    
20000400  __STACK_TOP                    
20000400  __TI_cleanup_ptr               
20000404  __TI_dtors_ptr                 
20000408  __TI_enable_exit_profile_output
2000040c  _lock                          
20000410  _unlock                        
20000414  main_func_sp                   
20000418  g_ui32SysClockFreq             
ffffffff  __TI_pprof_out_hndl            
ffffffff  __TI_prof_data_size            
ffffffff  __TI_prof_data_start           
ffffffff  __binit__                      
ffffffff  __c_args__                     
ffffffff  binit                          
UNDEFED   SHT$$INIT_ARRAY$$Base          
UNDEFED   SHT$$INIT_ARRAY$$Limit         

[66 symbols]
