******************************************************************************
                  TI ARM Linker PC v5.2.5                      
******************************************************************************
>> Linked Fri Jul 22 12:47:46 2016

OUTPUT FILE NAME:   <timers.out>
ENTRY POINT SYMBOL: "_c_int00"  address: 00000ac5


MEMORY CONFIGURATION

         name            origin    length      used     unused   attr    fill
----------------------  --------  ---------  --------  --------  ----  --------
  FLASH                 00000000   00100000  00000f38  000ff0c8  R  X
  SRAM                  20000000   00040000  00000124  0003fedc  RW X


SEGMENT ALLOCATION MAP

run origin  load origin   length   init length attrs members
----------  ----------- ---------- ----------- ----- -------
00000000    00000000    00000f38   00000f38    r-x
  00000000    00000000    00000200   00000200    r-- .intvecs
  00000200    00000200    00000b0c   00000b0c    r-x .text
  00000d0c    00000d0c    000001f4   000001f4    r-- .const
  00000f00    00000f00    00000038   00000038    r-- .cinit
20000000    20000000    00000124   00000000    rw-
  20000000    20000000    00000100   00000000    rw- .stack
  20000100    20000100    0000001c   00000000    rw- .data
  2000011c    2000011c    00000008   00000000    rw- .bss


SECTION ALLOCATION MAP

 output                                  attributes/
section   page    origin      length       input sections
--------  ----  ----------  ----------   ----------------
.intvecs   0    00000000    00000200     
                  00000000    00000200     startup_ccs.obj (.intvecs)

.text      0    00000200    00000b0c     
                  00000200    00000204     driverlib.lib : sysctl.obj (.text:SysCtlClockFreqSet)
                  00000404    000001ea     uartstdio.obj (.text:UARTvprintf)
                  000005ee    00000002     startup_ccs.obj (.text:FaultISR)
                  000005f0    0000011c     timers.obj (.text:main)
                  0000070c    0000009c     rtsv7M4_T_le_v4SPD16_eabi.lib : memcpy_t2.obj (.text)
                  000007a8    00000088     timers.obj (.text:Timer0IntHandler)
                  00000830    00000084     timers.obj (.text:Timer1IntHandler)
                  000008b4    0000007a     rtsv7M4_T_le_v4SPD16_eabi.lib : memset_t2.obj (.text)
                  0000092e    00000002     startup_ccs.obj (.text:IntDefaultHandler)
                  00000930    0000006c     rtsv7M4_T_le_v4SPD16_eabi.lib : autoinit.obj (.text)
                  0000099c    0000006a                                   : copy_decompress_rle.obj (.text)
                  00000a06    00000002     startup_ccs.obj (.text:NmiSR)
                  00000a08    00000060     uartstdio.obj (.text:UARTStdioConfig)
                  00000a68    0000005c     timers.obj (.text:ConfigureUART)
                  00000ac4    00000050     rtsv7M4_T_le_v4SPD16_eabi.lib : boot.obj (.text)
                  00000b14    0000004c                                   : cpy_tbl.obj (.text)
                  00000b60    00000048     uartstdio.obj (.text:UARTwrite)
                  00000ba8    00000048     driverlib.lib : sysctl.obj (.text:_SysCtlFrequencyGet)
                  00000bf0    00000044     rtsv7M4_T_le_v4SPD16_eabi.lib : exit.obj (.text)
                  00000c34    00000040                                   : u_divt2.obj (.text)
                  00000c74    00000020     driverlib.lib : sysctl.obj (.text:_SysCtlMemTimingGet)
                  00000c94    0000001a     uartstdio.obj (.text:UARTprintf)
                  00000cae    00000002     rtsv7M4_T_le_v4SPD16_eabi.lib : i_div0.obj (.text)
                  00000cb0    00000018                                   : args_main.obj (.text)
                  00000cc8    00000014                                   : _lock.obj (.text)
                  00000cdc    0000000e                                   : copy_decompress_none.obj (.text:decompress:none)
                  00000cea    0000000c                                   : copy_zero_init.obj (.text:decompress:ZI)
                  00000cf6    00000006     driverlib.lib : gpio.obj (.text:GPIOPinWrite)
                  00000cfc    00000006     startup_ccs.obj (.text:ResetISR)
                  00000d02    00000006     rtsv7M4_T_le_v4SPD16_eabi.lib : copy_decompress_rle.obj (.text:decompress:rle24)
                  00000d08    00000004                                   : pre_init.obj (.text)

.const     0    00000d0c    000001f4     
                  00000d0c    00000120     driverlib.lib : sysctl.obj (.const:g_pppui32XTALtoVCO)
                  00000e2c    0000006c                   : sysctl.obj (.const:g_pui32Xtals)
                  00000e98    00000030                   : sysctl.obj (.const:g_sXTALtoMEMTIM)
                  00000ec8    0000001c     uartstdio.obj (.const)
                  00000ee4    00000012     uartstdio.obj (.const:.string)
                  00000ef6    00000002     --HOLE-- [fill = 0]
                  00000ef8    00000008     driverlib.lib : sysctl.obj (.const)

.cinit     0    00000f00    00000038     
                  00000f00    0000000f     (.cinit..data.load) [load image, compression = rle]
                  00000f0f    00000001     --HOLE-- [fill = 0]
                  00000f10    0000000c     (__TI_handler_table)
                  00000f1c    00000004     --HOLE-- [fill = 0]
                  00000f20    00000008     (.cinit..bss.load) [load image, compression = zero_init]
                  00000f28    00000010     (__TI_cinit_table)

.init_array 
*          0    00000000    00000000     UNINITIALIZED

.stack     0    20000000    00000100     UNINITIALIZED
                  20000000    00000100     --HOLE--

.data      0    20000100    0000001c     UNINITIALIZED
                  20000100    00000008     rtsv7M4_T_le_v4SPD16_eabi.lib : _lock.obj (.data)
                  20000108    00000008                                   : exit.obj (.data)
                  20000110    00000005     uartstdio.obj (.data)
                  20000115    00000003     --HOLE--
                  20000118    00000004     rtsv7M4_T_le_v4SPD16_eabi.lib : stkdepth_vars.obj (.data)

.bss       0    2000011c    00000008     UNINITIALIZED
                  2000011c    00000004     (.common:g_ui32Flags)
                  20000120    00000004     (.common:g_ui32SysClock)

.TI.persistent 
*          0    20000100    00000000     UNINITIALIZED

.TI.noinit 
*          0    2000011c    00000000     UNINITIALIZED


LINKER GENERATED COPY TABLES

__TI_cinit_table @ 00000f28 records: 2, size/record: 8, table size: 16
	.data: load addr=00000f00, load size=0000000f bytes, run addr=20000100, run size=0000001c bytes, compression=rle
	.bss: load addr=00000f20, load size=00000008 bytes, run addr=2000011c, run size=00000008 bytes, compression=zero_init


LINKER GENERATED HANDLER TABLE

__TI_handler_table @ 00000f10 records: 3, size/record: 4, table size: 12
	index: 0, handler: __TI_decompress_rle24
	index: 1, handler: __TI_decompress_none
	index: 2, handler: __TI_zero_init


GLOBAL SYMBOLS: SORTED ALPHABETICALLY BY Name 

address   name                    
-------   ----                    
00000bf1  C$$EXIT                 
00000a69  ConfigureUART           
00000cf7  GPIOPinWrite            
00000cfd  ResetISR                
UNDEFED   SHT$$INIT_ARRAY$$Base   
UNDEFED   SHT$$INIT_ARRAY$$Limit  
00000201  SysCtlClockFreqSet      
000007a9  Timer0IntHandler        
00000831  Timer1IntHandler        
00000a09  UARTStdioConfig         
00000c95  UARTprintf              
00000405  UARTvprintf             
00000b61  UARTwrite               
20000100  __STACK_END             
00000100  __STACK_SIZE            
20000100  __STACK_TOP             
00000f28  __TI_CINIT_Base         
00000f38  __TI_CINIT_Limit        
00000f10  __TI_Handler_Table_Base 
00000f1c  __TI_Handler_Table_Limit
00000931  __TI_auto_init          
20000108  __TI_cleanup_ptr        
00000cdd  __TI_decompress_none    
00000d03  __TI_decompress_rle24   
2000010c  __TI_dtors_ptr          
00000000  __TI_static_base__      
00000ceb  __TI_zero_init          
00000caf  __aeabi_idiv0           
000008b5  __aeabi_memclr          
000008b5  __aeabi_memclr4         
000008b5  __aeabi_memclr8         
0000070d  __aeabi_memcpy          
0000070d  __aeabi_memcpy4         
0000070d  __aeabi_memcpy8         
000008b7  __aeabi_memset          
000008b7  __aeabi_memset4         
000008b7  __aeabi_memset8         
00000c35  __aeabi_uidiv           
00000c35  __aeabi_uidivmod        
ffffffff  __binit__               
ffffffff  __c_args__              
20000000  __stack                 
00000cb1  _args_main              
00000ac5  _c_int00                
20000100  _lock                   
00000cd7  _nop                    
00000ccf  _register_lock          
00000cc9  _register_unlock        
00000d09  _system_pre_init        
20000104  _unlock                 
00000bf5  abort                   
ffffffff  binit                   
00000b15  copy_in                 
00000bfd  exit                    
00000000  g_pfnVectors            
2000011c  g_ui32Flags             
20000120  g_ui32SysClock          
000005f1  main                    
20000118  main_func_sp            
0000070d  memcpy                  
000008bd  memset                  


GLOBAL SYMBOLS: SORTED BY Symbol Address 

address   name                    
-------   ----                    
00000000  __TI_static_base__      
00000000  g_pfnVectors            
00000100  __STACK_SIZE            
00000201  SysCtlClockFreqSet      
00000405  UARTvprintf             
000005f1  main                    
0000070d  __aeabi_memcpy          
0000070d  __aeabi_memcpy4         
0000070d  __aeabi_memcpy8         
0000070d  memcpy                  
000007a9  Timer0IntHandler        
00000831  Timer1IntHandler        
000008b5  __aeabi_memclr          
000008b5  __aeabi_memclr4         
000008b5  __aeabi_memclr8         
000008b7  __aeabi_memset          
000008b7  __aeabi_memset4         
000008b7  __aeabi_memset8         
000008bd  memset                  
00000931  __TI_auto_init          
00000a09  UARTStdioConfig         
00000a69  ConfigureUART           
00000ac5  _c_int00                
00000b15  copy_in                 
00000b61  UARTwrite               
00000bf1  C$$EXIT                 
00000bf5  abort                   
00000bfd  exit                    
00000c35  __aeabi_uidiv           
00000c35  __aeabi_uidivmod        
00000c95  UARTprintf              
00000caf  __aeabi_idiv0           
00000cb1  _args_main              
00000cc9  _register_unlock        
00000ccf  _register_lock          
00000cd7  _nop                    
00000cdd  __TI_decompress_none    
00000ceb  __TI_zero_init          
00000cf7  GPIOPinWrite            
00000cfd  ResetISR                
00000d03  __TI_decompress_rle24   
00000d09  _system_pre_init        
00000f10  __TI_Handler_Table_Base 
00000f1c  __TI_Handler_Table_Limit
00000f28  __TI_CINIT_Base         
00000f38  __TI_CINIT_Limit        
20000000  __stack                 
20000100  __STACK_END             
20000100  __STACK_TOP             
20000100  _lock                   
20000104  _unlock                 
20000108  __TI_cleanup_ptr        
2000010c  __TI_dtors_ptr          
20000118  main_func_sp            
2000011c  g_ui32Flags             
20000120  g_ui32SysClock          
ffffffff  __binit__               
ffffffff  __c_args__              
ffffffff  binit                   
UNDEFED   SHT$$INIT_ARRAY$$Base   
UNDEFED   SHT$$INIT_ARRAY$$Limit  

[61 symbols]
