******************************************************************************
                  TI ARM Linker PC v16.9.0                     
******************************************************************************
>> Linked Sun May 21 10:05:21 2017

OUTPUT FILE NAME:   <timers.out>
ENTRY POINT SYMBOL: "_c_int00"  address: 00000ac1


MEMORY CONFIGURATION

         name            origin    length      used     unused   attr    fill
----------------------  --------  ---------  --------  --------  ----  --------
  FLASH                 00000000   00100000  00000fc0  000ff040  R  X
  SRAM                  20000000   00040000  00000128  0003fed8  RW X


SEGMENT ALLOCATION MAP

run origin  load origin   length   init length attrs members
----------  ----------- ---------- ----------- ----- -------
00000000    00000000    00000fc0   00000fc0    r-x
  00000000    00000000    00000200   00000200    r-- .intvecs
  00000200    00000200    00000b1c   00000b1c    r-x .text
  00000d1c    00000d1c    0000026c   0000026c    r-- .const
  00000f88    00000f88    00000038   00000038    r-- .cinit
20000000    20000000    00000128   00000000    rw-
  20000000    20000000    00000100   00000000    rw- .stack
  20000100    20000100    00000020   00000000    rw- .data
  20000120    20000120    00000008   00000000    rw- .bss


SECTION ALLOCATION MAP

 output                                  attributes/
section   page    origin      length       input sections
--------  ----  ----------  ----------   ----------------
.intvecs   0    00000000    00000200     
                  00000000    00000200     startup_ccs.obj (.intvecs)

.text      0    00000200    00000b1c     
                  00000200    00000200     driverlib.lib : sysctl.obj (.text:SysCtlClockFreqSet)
                  00000400    000001ea     uartstdio.obj (.text:UARTvprintf)
                  000005ea    00000002     startup_ccs.obj (.text:FaultISR)
                  000005ec    0000011c     timers.obj (.text:main)
                  00000708    0000009c     rtsv7M4_T_le_v4SPD16_eabi.lib : memcpy_t2.obj (.text)
                  000007a4    00000088     timers.obj (.text:Timer0IntHandler)
                  0000082c    00000084     timers.obj (.text:Timer1IntHandler)
                  000008b0    0000007a     rtsv7M4_T_le_v4SPD16_eabi.lib : memset_t2.obj (.text)
                  0000092a    00000002     startup_ccs.obj (.text:IntDefaultHandler)
                  0000092c    00000070     rtsv7M4_T_le_v4SPD16_eabi.lib : autoinit.obj (.text)
                  0000099c    00000068                                   : copy_decompress_lzss.obj (.text:decompress:lzss)
                  00000a04    00000060     uartstdio.obj (.text:UARTStdioConfig)
                  00000a64    0000005c     timers.obj (.text:ConfigureUART)
                  00000ac0    00000054     rtsv7M4_T_le_v4SPD16_eabi.lib : boot.obj (.text)
                  00000b14    00000054                                   : exit.obj (.text)
                  00000b68    0000004c                                   : cpy_tbl.obj (.text)
                  00000bb4    00000048     uartstdio.obj (.text:UARTwrite)
                  00000bfc    00000048     driverlib.lib : sysctl.obj (.text:_SysCtlFrequencyGet)
                  00000c44    00000040     rtsv7M4_T_le_v4SPD16_eabi.lib : u_divt2.obj (.text)
                  00000c84    00000020     driverlib.lib : sysctl.obj (.text:_SysCtlMemTimingGet)
                  00000ca4    0000001a     uartstdio.obj (.text:UARTprintf)
                  00000cbe    00000002     startup_ccs.obj (.text:NmiSR)
                  00000cc0    00000018     rtsv7M4_T_le_v4SPD16_eabi.lib : args_main.obj (.text)
                  00000cd8    00000014                                   : _lock.obj (.text)
                  00000cec    0000000e                                   : copy_decompress_none.obj (.text:decompress:none)
                  00000cfa    0000000c                                   : copy_zero_init.obj (.text:decompress:ZI)
                  00000d06    00000006     driverlib.lib : gpio.obj (.text:GPIOPinWrite)
                  00000d0c    00000006     startup_ccs.obj (.text:ResetISR)
                  00000d12    00000004     rtsv7M4_T_le_v4SPD16_eabi.lib : pre_init.obj (.text)
                  00000d16    00000002                                   : i_div0.obj (.text)
                  00000d18    00000002                                   : mpu_init.obj (.text)
                  00000d1a    00000002                                   : startup.obj (.text)

.const     0    00000d1c    0000026c     
                  00000d1c    000001b0     driverlib.lib : sysctl.obj (.const:g_pppui32XTALtoVCO)
                  00000ecc    0000006c                   : sysctl.obj (.const:g_pui32Xtals)
                  00000f38    00000030                   : sysctl.obj (.const:g_sXTALtoMEMTIM)
                  00000f68    0000000c     uartstdio.obj (.const:g_ui32UARTBase)
                  00000f74    0000000c     uartstdio.obj (.const:g_ui32UARTPeriph)
                  00000f80    00000008     driverlib.lib : sysctl.obj (.const)

.cinit     0    00000f88    00000038     
                  00000f88    00000011     (.cinit..data.load) [load image, compression = lzss]
                  00000f99    00000003     --HOLE-- [fill = 0]
                  00000f9c    0000000c     (__TI_handler_table)
                  00000fa8    00000008     (.cinit..bss.load) [load image, compression = zero_init]
                  00000fb0    00000010     (__TI_cinit_table)

.init_array 
*          0    00000000    00000000     UNINITIALIZED

.stack     0    20000000    00000100     UNINITIALIZED
                  20000000    00000100     --HOLE--

.data      0    20000100    00000020     UNINITIALIZED
                  20000100    0000000c     rtsv7M4_T_le_v4SPD16_eabi.lib : exit.obj (.data:$O1$$)
                  2000010c    00000008                                   : _lock.obj (.data:$O1$$)
                  20000114    00000005     uartstdio.obj (.data)
                  20000119    00000003     --HOLE--
                  2000011c    00000004     rtsv7M4_T_le_v4SPD16_eabi.lib : stkdepth_vars.obj (.data)

.bss       0    20000120    00000008     UNINITIALIZED
                  20000120    00000004     (.common:g_ui32Flags)
                  20000124    00000004     (.common:g_ui32SysClock)

MODULE SUMMARY

       Module                     code   ro data   rw data
       ------                     ----   -------   -------
    .\
       timers.obj                 644    0         8      
       startup_ccs.obj            12     512       0      
    +--+--------------------------+------+---------+---------+
       Total:                     656    512       8      
                                                          
    .\utils\
       uartstdio.obj              684    24        5      
    +--+--------------------------+------+---------+---------+
       Total:                     684    24        5      
                                                          
    C:/ti/TivaWare_C_Series-2.1.4.178/driverlib/ccs/Debug/driverlib.lib
       sysctl.obj                 616    596       0      
       gpio.obj                   6      0         0      
    +--+--------------------------+------+---------+---------+
       Total:                     622    596       0      
                                                          
    C:\ti\ccsv7\tools\compiler\ti-cgt-arm_16.9.0.LTS\lib\rtsv7M4_T_le_v4SPD16_eabi.lib
       memcpy_t2.obj              156    0         0      
       memset_t2.obj              122    0         0      
       autoinit.obj               112    0         0      
       copy_decompress_lzss.obj   104    0         0      
       exit.obj                   84     0         12     
       boot.obj                   84     0         0      
       cpy_tbl.obj                76     0         0      
       u_divt2.obj                64     0         0      
       _lock.obj                  20     0         8      
       args_main.obj              24     0         0      
       copy_decompress_none.obj   14     0         0      
       copy_zero_init.obj         12     0         0      
       pre_init.obj               4      0         0      
       stkdepth_vars.obj          0      0         4      
       i_div0.obj                 2      0         0      
       mpu_init.obj               2      0         0      
       startup.obj                2      0         0      
    +--+--------------------------+------+---------+---------+
       Total:                     882    0         24     
                                                          
       Stack:                     0      0         256    
       Linker Generated:          0      53        0      
    +--+--------------------------+------+---------+---------+
       Grand Total:               2844   1185      293    


LINKER GENERATED COPY TABLES

__TI_cinit_table @ 00000fb0 records: 2, size/record: 8, table size: 16
	.data: load addr=00000f88, load size=00000011 bytes, run addr=20000100, run size=00000020 bytes, compression=lzss
	.bss: load addr=00000fa8, load size=00000008 bytes, run addr=20000120, run size=00000008 bytes, compression=zero_init


LINKER GENERATED HANDLER TABLE

__TI_handler_table @ 00000f9c records: 3, size/record: 4, table size: 12
	index: 0, handler: __TI_decompress_lzss
	index: 1, handler: __TI_decompress_none
	index: 2, handler: __TI_zero_init


GLOBAL SYMBOLS: SORTED ALPHABETICALLY BY Name 

address   name                           
-------   ----                           
00000b15  C$$EXIT                        
00000a65  ConfigureUART                  
00000d07  GPIOPinWrite                   
00000d0d  ResetISR                       
UNDEFED   SHT$$INIT_ARRAY$$Base          
UNDEFED   SHT$$INIT_ARRAY$$Limit         
00000201  SysCtlClockFreqSet             
000007a5  Timer0IntHandler               
0000082d  Timer1IntHandler               
00000a05  UARTStdioConfig                
00000ca5  UARTprintf                     
00000401  UARTvprintf                    
00000bb5  UARTwrite                      
20000100  __STACK_END                    
00000100  __STACK_SIZE                   
20000100  __STACK_TOP                    
00000fb0  __TI_CINIT_Base                
00000fc0  __TI_CINIT_Limit               
00000f9c  __TI_Handler_Table_Base        
00000fa8  __TI_Handler_Table_Limit       
0000092d  __TI_auto_init                 
20000100  __TI_cleanup_ptr               
0000099d  __TI_decompress_lzss           
00000ced  __TI_decompress_none           
20000104  __TI_dtors_ptr                 
20000108  __TI_enable_exit_profile_output
ffffffff  __TI_pprof_out_hndl            
ffffffff  __TI_prof_data_size            
ffffffff  __TI_prof_data_start           
00000000  __TI_static_base__             
00000cfb  __TI_zero_init                 
00000d17  __aeabi_idiv0                  
000008b1  __aeabi_memclr                 
000008b1  __aeabi_memclr4                
000008b1  __aeabi_memclr8                
00000709  __aeabi_memcpy                 
00000709  __aeabi_memcpy4                
00000709  __aeabi_memcpy8                
000008b3  __aeabi_memset                 
000008b3  __aeabi_memset4                
000008b3  __aeabi_memset8                
00000c45  __aeabi_uidiv                  
00000c45  __aeabi_uidivmod               
ffffffff  __binit__                      
ffffffff  __c_args__                     
00000d19  __mpu_init                     
20000000  __stack                        
00000cc1  _args_main                     
00000ac1  _c_int00                       
2000010c  _lock                          
00000ce7  _nop                           
00000cdf  _register_lock                 
00000cd9  _register_unlock               
00000d1b  _system_post_cinit             
00000d13  _system_pre_init               
20000110  _unlock                        
00000b19  abort                          
ffffffff  binit                          
00000b69  copy_in                        
00000b21  exit                           
00000000  g_pfnVectors                   
20000120  g_ui32Flags                    
20000124  g_ui32SysClock                 
000005ed  main                           
2000011c  main_func_sp                   
00000709  memcpy                         
000008b9  memset                         


GLOBAL SYMBOLS: SORTED BY Symbol Address 

address   name                           
-------   ----                           
00000000  __TI_static_base__             
00000000  g_pfnVectors                   
00000100  __STACK_SIZE                   
00000201  SysCtlClockFreqSet             
00000401  UARTvprintf                    
000005ed  main                           
00000709  __aeabi_memcpy                 
00000709  __aeabi_memcpy4                
00000709  __aeabi_memcpy8                
00000709  memcpy                         
000007a5  Timer0IntHandler               
0000082d  Timer1IntHandler               
000008b1  __aeabi_memclr                 
000008b1  __aeabi_memclr4                
000008b1  __aeabi_memclr8                
000008b3  __aeabi_memset                 
000008b3  __aeabi_memset4                
000008b3  __aeabi_memset8                
000008b9  memset                         
0000092d  __TI_auto_init                 
0000099d  __TI_decompress_lzss           
00000a05  UARTStdioConfig                
00000a65  ConfigureUART                  
00000ac1  _c_int00                       
00000b15  C$$EXIT                        
00000b19  abort                          
00000b21  exit                           
00000b69  copy_in                        
00000bb5  UARTwrite                      
00000c45  __aeabi_uidiv                  
00000c45  __aeabi_uidivmod               
00000ca5  UARTprintf                     
00000cc1  _args_main                     
00000cd9  _register_unlock               
00000cdf  _register_lock                 
00000ce7  _nop                           
00000ced  __TI_decompress_none           
00000cfb  __TI_zero_init                 
00000d07  GPIOPinWrite                   
00000d0d  ResetISR                       
00000d13  _system_pre_init               
00000d17  __aeabi_idiv0                  
00000d19  __mpu_init                     
00000d1b  _system_post_cinit             
00000f9c  __TI_Handler_Table_Base        
00000fa8  __TI_Handler_Table_Limit       
00000fb0  __TI_CINIT_Base                
00000fc0  __TI_CINIT_Limit               
20000000  __stack                        
20000100  __STACK_END                    
20000100  __STACK_TOP                    
20000100  __TI_cleanup_ptr               
20000104  __TI_dtors_ptr                 
20000108  __TI_enable_exit_profile_output
2000010c  _lock                          
20000110  _unlock                        
2000011c  main_func_sp                   
20000120  g_ui32Flags                    
20000124  g_ui32SysClock                 
ffffffff  __TI_pprof_out_hndl            
ffffffff  __TI_prof_data_size            
ffffffff  __TI_prof_data_start           
ffffffff  __binit__                      
ffffffff  __c_args__                     
ffffffff  binit                          
UNDEFED   SHT$$INIT_ARRAY$$Base          
UNDEFED   SHT$$INIT_ARRAY$$Limit         

[67 symbols]
