******************************************************************************
                  TI ARM Linker PC v15.12.2                    
******************************************************************************
>> Linked Fri Jul 22 12:42:06 2016

OUTPUT FILE NAME:   <blinky.out>
ENTRY POINT SYMBOL: "_c_int00"  address: 00000589


MEMORY CONFIGURATION

         name            origin    length      used     unused   attr    fill
----------------------  --------  ---------  --------  --------  ----  --------
  FLASH                 00000000   00100000  000007aa  000ff856  R  X
  SRAM                  20000000   00040000  00000218  0003fde8  RW X


SEGMENT ALLOCATION MAP

run origin  load origin   length   init length attrs members
----------  ----------- ---------- ----------- ----- -------
00000000    00000000    000007b0   000007b0    r-x
  00000000    00000000    00000200   00000200    r-- .intvecs
  00000200    00000200    00000582   00000582    r-x .text
  00000788    00000788    00000028   00000028    r-- .cinit
20000000    20000000    00000218   00000000    rw-
  20000000    20000000    00000200   00000000    rw- .stack
  20000200    20000200    00000018   00000000    rw- .data


SECTION ALLOCATION MAP

 output                                  attributes/
section   page    origin      length       input sections
--------  ----  ----------  ----------   ----------------
.intvecs   0    00000000    00000200     
                  00000000    00000200     startup_ccs.obj (.intvecs)

.text      0    00000200    00000582     
                  00000200    00000132     driverlib.lib : gpio.obj (.text:GPIOPadConfigSet)
                  00000332    0000009c     rtsv7M4_T_le_v4SPD16_eabi.lib : memcpy_t2.obj (.text)
                  000003ce    0000007a                                   : memset_t2.obj (.text)
                  00000448    00000070                                   : autoinit.obj (.text)
                  000004b8    0000006a                                   : copy_decompress_rle.obj (.text)
                  00000522    00000002     startup_ccs.obj (.text:FaultISR)
                  00000524    00000064     blinky.obj (.text:main)
                  00000588    00000054     rtsv7M4_T_le_v4SPD16_eabi.lib : boot.obj (.text)
                  000005dc    00000054                                   : exit.obj (.text)
                  00000630    0000004c                                   : cpy_tbl.obj (.text)
                  0000067c    00000038     driverlib.lib : sysctl.obj (.text:SysCtlPeripheralReady)
                  000006b4    00000034                   : sysctl.obj (.text:SysCtlPeripheralEnable)
                  000006e8    0000002a                   : gpio.obj (.text:GPIODirModeSet)
                  00000712    00000018                   : gpio.obj (.text:GPIOPinTypeGPIOOutput)
                  0000072a    00000002     startup_ccs.obj (.text:IntDefaultHandler)
                  0000072c    00000018     rtsv7M4_T_le_v4SPD16_eabi.lib : args_main.obj (.text)
                  00000744    00000014                                   : _lock.obj (.text)
                  00000758    0000000e                                   : copy_decompress_none.obj (.text:decompress:none)
                  00000766    00000006     driverlib.lib : gpio.obj (.text:GPIOPinWrite)
                  0000076c    00000006     startup_ccs.obj (.text:ResetISR)
                  00000772    00000006     rtsv7M4_T_le_v4SPD16_eabi.lib : copy_decompress_rle.obj (.text:decompress:rle24)
                  00000778    00000004                                   : pre_init.obj (.text)
                  0000077c    00000002     startup_ccs.obj (.text:NmiSR)
                  0000077e    00000002     rtsv7M4_T_le_v4SPD16_eabi.lib : mpu_init.obj (.text)
                  00000780    00000002                                   : startup.obj (.text)

.cinit     0    00000788    00000028     
                  00000788    00000016     (.cinit..data.load) [load image, compression = rle]
                  0000079e    00000002     --HOLE-- [fill = 0]
                  000007a0    00000008     (__TI_handler_table)
                  000007a8    00000008     (__TI_cinit_table)

.init_array 
*          0    00000000    00000000     UNINITIALIZED

.stack     0    20000000    00000200     UNINITIALIZED
                  20000000    00000200     --HOLE--

.data      0    20000200    00000018     UNINITIALIZED
                  20000200    0000000c     rtsv7M4_T_le_v4SPD16_eabi.lib : exit.obj (.data:$O1$$)
                  2000020c    00000008                                   : _lock.obj (.data:$O1$$)
                  20000214    00000004                                   : stkdepth_vars.obj (.data)

MODULE SUMMARY

       Module                     code   ro data   rw data
       ------                     ----   -------   -------
    .\
       startup_ccs.obj            12     512       0      
       blinky.obj                 100    0         0      
    +--+--------------------------+------+---------+---------+
       Total:                     112    512       0      
                                                          
    C:/ti/TivaWare_C_Series-2.1.2.111/driverlib/ccs/Debug/driverlib.lib
       gpio.obj                   378    0         0      
       sysctl.obj                 108    0         0      
    +--+--------------------------+------+---------+---------+
       Total:                     486    0         0      
                                                          
    C:\ti\ccsv6\tools\compiler\arm_15.12.2.LTS\lib\rtsv7M4_T_le_v4SPD16_eabi.lib
       memcpy_t2.obj              156    0         0      
       memset_t2.obj              122    0         0      
       autoinit.obj               112    0         0      
       copy_decompress_rle.obj    112    0         0      
       exit.obj                   84     0         12     
       boot.obj                   84     0         0      
       cpy_tbl.obj                76     0         0      
       _lock.obj                  20     0         8      
       args_main.obj              24     0         0      
       copy_decompress_none.obj   14     0         0      
       pre_init.obj               4      0         0      
       stkdepth_vars.obj          0      0         4      
       mpu_init.obj               2      0         0      
       startup.obj                2      0         0      
    +--+--------------------------+------+---------+---------+
       Total:                     812    0         24     
                                                          
       Stack:                     0      0         512    
       Linker Generated:          0      38        0      
    +--+--------------------------+------+---------+---------+
       Grand Total:               1410   550       536    


LINKER GENERATED COPY TABLES

__TI_cinit_table @ 000007a8 records: 1, size/record: 8, table size: 8
	.data: load addr=00000788, load size=00000016 bytes, run addr=20000200, run size=00000018 bytes, compression=rle


LINKER GENERATED HANDLER TABLE

__TI_handler_table @ 000007a0 records: 2, size/record: 4, table size: 8
	index: 0, handler: __TI_decompress_rle24
	index: 1, handler: __TI_decompress_none


GLOBAL SYMBOLS: SORTED ALPHABETICALLY BY Name 

address   name                           
-------   ----                           
000005dd  C$$EXIT                        
000006e9  GPIODirModeSet                 
00000201  GPIOPadConfigSet               
00000713  GPIOPinTypeGPIOOutput          
00000767  GPIOPinWrite                   
0000076d  ResetISR                       
UNDEFED   SHT$$INIT_ARRAY$$Base          
UNDEFED   SHT$$INIT_ARRAY$$Limit         
000006b5  SysCtlPeripheralEnable         
0000067d  SysCtlPeripheralReady          
20000200  __STACK_END                    
00000200  __STACK_SIZE                   
20000200  __STACK_TOP                    
000007a8  __TI_CINIT_Base                
000007b0  __TI_CINIT_Limit               
000007a0  __TI_Handler_Table_Base        
000007a8  __TI_Handler_Table_Limit       
00000449  __TI_auto_init                 
20000200  __TI_cleanup_ptr               
00000759  __TI_decompress_none           
00000773  __TI_decompress_rle24          
20000204  __TI_dtors_ptr                 
20000208  __TI_enable_exit_profile_output
ffffffff  __TI_pprof_out_hndl            
ffffffff  __TI_prof_data_size            
ffffffff  __TI_prof_data_start           
00000000  __TI_static_base__             
000003cf  __aeabi_memclr                 
000003cf  __aeabi_memclr4                
000003cf  __aeabi_memclr8                
00000333  __aeabi_memcpy                 
00000333  __aeabi_memcpy4                
00000333  __aeabi_memcpy8                
000003d1  __aeabi_memset                 
000003d1  __aeabi_memset4                
000003d1  __aeabi_memset8                
ffffffff  __binit__                      
ffffffff  __c_args__                     
0000077f  __mpu_init                     
20000000  __stack                        
0000072d  _args_main                     
00000589  _c_int00                       
2000020c  _lock                          
00000753  _nop                           
0000074b  _register_lock                 
00000745  _register_unlock               
00000781  _system_post_cinit             
00000779  _system_pre_init               
20000210  _unlock                        
000005e1  abort                          
ffffffff  binit                          
00000631  copy_in                        
000005e9  exit                           
00000000  g_pfnVectors                   
00000525  main                           
20000214  main_func_sp                   
00000333  memcpy                         
000003d7  memset                         


GLOBAL SYMBOLS: SORTED BY Symbol Address 

address   name                           
-------   ----                           
00000000  __TI_static_base__             
00000000  g_pfnVectors                   
00000200  __STACK_SIZE                   
00000201  GPIOPadConfigSet               
00000333  __aeabi_memcpy                 
00000333  __aeabi_memcpy4                
00000333  __aeabi_memcpy8                
00000333  memcpy                         
000003cf  __aeabi_memclr                 
000003cf  __aeabi_memclr4                
000003cf  __aeabi_memclr8                
000003d1  __aeabi_memset                 
000003d1  __aeabi_memset4                
000003d1  __aeabi_memset8                
000003d7  memset                         
00000449  __TI_auto_init                 
00000525  main                           
00000589  _c_int00                       
000005dd  C$$EXIT                        
000005e1  abort                          
000005e9  exit                           
00000631  copy_in                        
0000067d  SysCtlPeripheralReady          
000006b5  SysCtlPeripheralEnable         
000006e9  GPIODirModeSet                 
00000713  GPIOPinTypeGPIOOutput          
0000072d  _args_main                     
00000745  _register_unlock               
0000074b  _register_lock                 
00000753  _nop                           
00000759  __TI_decompress_none           
00000767  GPIOPinWrite                   
0000076d  ResetISR                       
00000773  __TI_decompress_rle24          
00000779  _system_pre_init               
0000077f  __mpu_init                     
00000781  _system_post_cinit             
000007a0  __TI_Handler_Table_Base        
000007a8  __TI_CINIT_Base                
000007a8  __TI_Handler_Table_Limit       
000007b0  __TI_CINIT_Limit               
20000000  __stack                        
20000200  __STACK_END                    
20000200  __STACK_TOP                    
20000200  __TI_cleanup_ptr               
20000204  __TI_dtors_ptr                 
20000208  __TI_enable_exit_profile_output
2000020c  _lock                          
20000210  _unlock                        
20000214  main_func_sp                   
ffffffff  __TI_pprof_out_hndl            
ffffffff  __TI_prof_data_size            
ffffffff  __TI_prof_data_start           
ffffffff  __binit__                      
ffffffff  __c_args__                     
ffffffff  binit                          
UNDEFED   SHT$$INIT_ARRAY$$Base          
UNDEFED   SHT$$INIT_ARRAY$$Limit         

[58 symbols]
