******************************************************************************
                  TI ARM Linker PC v16.9.0                     
******************************************************************************
>> Linked Sun May 21 10:00:01 2017

OUTPUT FILE NAME:   <blinky.out>
ENTRY POINT SYMBOL: "_c_int00"  address: 0000050d


MEMORY CONFIGURATION

         name            origin    length      used     unused   attr    fill
----------------------  --------  ---------  --------  --------  ----  --------
  FLASH                 00000000   00100000  00000724  000ff8dc  R  X
  SRAM                  20000000   00040000  00000218  0003fde8  RW X


SEGMENT ALLOCATION MAP

run origin  load origin   length   init length attrs members
----------  ----------- ---------- ----------- ----- -------
00000000    00000000    00000724   00000724    r-x
  00000000    00000000    00000200   00000200    r-- .intvecs
  00000200    00000200    00000500   00000500    r-x .text
  00000700    00000700    00000024   00000024    r-- .cinit
20000000    20000000    00000218   00000000    rw-
  20000000    20000000    00000200   00000000    rw- .stack
  20000200    20000200    00000018   00000000    rw- .data


SECTION ALLOCATION MAP

 output                                  attributes/
section   page    origin      length       input sections
--------  ----  ----------  ----------   ----------------
.intvecs   0    00000000    00000200     
                  00000000    00000200     startup_ccs.obj (.intvecs)

.text      0    00000200    00000500     
                  00000200    00000132     driverlib.lib : gpio.obj (.text:GPIOPadConfigSet)
                  00000332    0000009c     rtsv7M4_T_le_v4SPD16_eabi.lib : memcpy_t2.obj (.text)
                  000003ce    00000002     startup_ccs.obj (.text:FaultISR)
                  000003d0    00000070     rtsv7M4_T_le_v4SPD16_eabi.lib : autoinit.obj (.text)
                  00000440    00000068                                   : copy_decompress_lzss.obj (.text:decompress:lzss)
                  000004a8    00000064     blinky.obj (.text:main)
                  0000050c    00000054     rtsv7M4_T_le_v4SPD16_eabi.lib : boot.obj (.text)
                  00000560    00000054                                   : exit.obj (.text)
                  000005b4    0000004c                                   : cpy_tbl.obj (.text)
                  00000600    00000038     driverlib.lib : sysctl.obj (.text:SysCtlPeripheralReady)
                  00000638    00000034                   : sysctl.obj (.text:SysCtlPeripheralEnable)
                  0000066c    0000002a                   : gpio.obj (.text:GPIODirModeSet)
                  00000696    00000018                   : gpio.obj (.text:GPIOPinTypeGPIOOutput)
                  000006ae    00000002     startup_ccs.obj (.text:IntDefaultHandler)
                  000006b0    00000018     rtsv7M4_T_le_v4SPD16_eabi.lib : args_main.obj (.text)
                  000006c8    00000014                                   : _lock.obj (.text)
                  000006dc    0000000e                                   : copy_decompress_none.obj (.text:decompress:none)
                  000006ea    00000006     driverlib.lib : gpio.obj (.text:GPIOPinWrite)
                  000006f0    00000006     startup_ccs.obj (.text:ResetISR)
                  000006f6    00000004     rtsv7M4_T_le_v4SPD16_eabi.lib : pre_init.obj (.text)
                  000006fa    00000002     startup_ccs.obj (.text:NmiSR)
                  000006fc    00000002     rtsv7M4_T_le_v4SPD16_eabi.lib : mpu_init.obj (.text)
                  000006fe    00000002                                   : startup.obj (.text)

.cinit     0    00000700    00000024     
                  00000700    00000011     (.cinit..data.load) [load image, compression = lzss]
                  00000711    00000003     --HOLE-- [fill = 0]
                  00000714    00000008     (__TI_handler_table)
                  0000071c    00000008     (__TI_cinit_table)

.init_array 
*          0    00000000    00000000     UNINITIALIZED

.stack     0    20000000    00000200     UNINITIALIZED
                  20000000    00000200     --HOLE--

.data      0    20000200    00000018     UNINITIALIZED
                  20000200    0000000c     rtsv7M4_T_le_v4SPD16_eabi.lib : exit.obj (.data:$O1$$)
                  2000020c    00000008                                   : _lock.obj (.data:$O1$$)
                  20000214    00000004                                   : stkdepth_vars.obj (.data)

MODULE SUMMARY

       Module                     code   ro data   rw data
       ------                     ----   -------   -------
    .\
       startup_ccs.obj            12     512       0      
       blinky.obj                 100    0         0      
    +--+--------------------------+------+---------+---------+
       Total:                     112    512       0      
                                                          
    C:/ti/TivaWare_C_Series-2.1.4.178/driverlib/ccs/Debug/driverlib.lib
       gpio.obj                   378    0         0      
       sysctl.obj                 108    0         0      
    +--+--------------------------+------+---------+---------+
       Total:                     486    0         0      
                                                          
    C:\ti\ccsv7\tools\compiler\ti-cgt-arm_16.9.0.LTS\lib\rtsv7M4_T_le_v4SPD16_eabi.lib
       memcpy_t2.obj              156    0         0      
       autoinit.obj               112    0         0      
       copy_decompress_lzss.obj   104    0         0      
       exit.obj                   84     0         12     
       boot.obj                   84     0         0      
       cpy_tbl.obj                76     0         0      
       _lock.obj                  20     0         8      
       args_main.obj              24     0         0      
       copy_decompress_none.obj   14     0         0      
       pre_init.obj               4      0         0      
       stkdepth_vars.obj          0      0         4      
       mpu_init.obj               2      0         0      
       startup.obj                2      0         0      
    +--+--------------------------+------+---------+---------+
       Total:                     682    0         24     
                                                          
       Stack:                     0      0         512    
       Linker Generated:          0      33        0      
    +--+--------------------------+------+---------+---------+
       Grand Total:               1280   545       536    


LINKER GENERATED COPY TABLES

__TI_cinit_table @ 0000071c records: 1, size/record: 8, table size: 8
	.data: load addr=00000700, load size=00000011 bytes, run addr=20000200, run size=00000018 bytes, compression=lzss


LINKER GENERATED HANDLER TABLE

__TI_handler_table @ 00000714 records: 2, size/record: 4, table size: 8
	index: 0, handler: __TI_decompress_lzss
	index: 1, handler: __TI_decompress_none


GLOBAL SYMBOLS: SORTED ALPHABETICALLY BY Name 

address   name                           
-------   ----                           
00000561  C$$EXIT                        
0000066d  GPIODirModeSet                 
00000201  GPIOPadConfigSet               
00000697  GPIOPinTypeGPIOOutput          
000006eb  GPIOPinWrite                   
000006f1  ResetISR                       
UNDEFED   SHT$$INIT_ARRAY$$Base          
UNDEFED   SHT$$INIT_ARRAY$$Limit         
00000639  SysCtlPeripheralEnable         
00000601  SysCtlPeripheralReady          
20000200  __STACK_END                    
00000200  __STACK_SIZE                   
20000200  __STACK_TOP                    
0000071c  __TI_CINIT_Base                
00000724  __TI_CINIT_Limit               
00000714  __TI_Handler_Table_Base        
0000071c  __TI_Handler_Table_Limit       
000003d1  __TI_auto_init                 
20000200  __TI_cleanup_ptr               
00000441  __TI_decompress_lzss           
000006dd  __TI_decompress_none           
20000204  __TI_dtors_ptr                 
20000208  __TI_enable_exit_profile_output
ffffffff  __TI_pprof_out_hndl            
ffffffff  __TI_prof_data_size            
ffffffff  __TI_prof_data_start           
00000000  __TI_static_base__             
00000333  __aeabi_memcpy                 
00000333  __aeabi_memcpy4                
00000333  __aeabi_memcpy8                
ffffffff  __binit__                      
ffffffff  __c_args__                     
000006fd  __mpu_init                     
20000000  __stack                        
000006b1  _args_main                     
0000050d  _c_int00                       
2000020c  _lock                          
000006d7  _nop                           
000006cf  _register_lock                 
000006c9  _register_unlock               
000006ff  _system_post_cinit             
000006f7  _system_pre_init               
20000210  _unlock                        
00000565  abort                          
ffffffff  binit                          
000005b5  copy_in                        
0000056d  exit                           
00000000  g_pfnVectors                   
000004a9  main                           
20000214  main_func_sp                   
00000333  memcpy                         


GLOBAL SYMBOLS: SORTED BY Symbol Address 

address   name                           
-------   ----                           
00000000  __TI_static_base__             
00000000  g_pfnVectors                   
00000200  __STACK_SIZE                   
00000201  GPIOPadConfigSet               
00000333  __aeabi_memcpy                 
00000333  __aeabi_memcpy4                
00000333  __aeabi_memcpy8                
00000333  memcpy                         
000003d1  __TI_auto_init                 
00000441  __TI_decompress_lzss           
000004a9  main                           
0000050d  _c_int00                       
00000561  C$$EXIT                        
00000565  abort                          
0000056d  exit                           
000005b5  copy_in                        
00000601  SysCtlPeripheralReady          
00000639  SysCtlPeripheralEnable         
0000066d  GPIODirModeSet                 
00000697  GPIOPinTypeGPIOOutput          
000006b1  _args_main                     
000006c9  _register_unlock               
000006cf  _register_lock                 
000006d7  _nop                           
000006dd  __TI_decompress_none           
000006eb  GPIOPinWrite                   
000006f1  ResetISR                       
000006f7  _system_pre_init               
000006fd  __mpu_init                     
000006ff  _system_post_cinit             
00000714  __TI_Handler_Table_Base        
0000071c  __TI_CINIT_Base                
0000071c  __TI_Handler_Table_Limit       
00000724  __TI_CINIT_Limit               
20000000  __stack                        
20000200  __STACK_END                    
20000200  __STACK_TOP                    
20000200  __TI_cleanup_ptr               
20000204  __TI_dtors_ptr                 
20000208  __TI_enable_exit_profile_output
2000020c  _lock                          
20000210  _unlock                        
20000214  main_func_sp                   
ffffffff  __TI_pprof_out_hndl            
ffffffff  __TI_prof_data_size            
ffffffff  __TI_prof_data_start           
ffffffff  __binit__                      
ffffffff  __c_args__                     
ffffffff  binit                          
UNDEFED   SHT$$INIT_ARRAY$$Base          
UNDEFED   SHT$$INIT_ARRAY$$Limit         

[51 symbols]
