******************************************************************************
                  TI ARM Linker PC v16.9.0                     
******************************************************************************
>> Linked Sun May 21 09:58:05 2017

OUTPUT FILE NAME:   <aes128_cbc_decrypt.out>
ENTRY POINT SYMBOL: "_c_int00"  address: 0000141d


MEMORY CONFIGURATION

         name            origin    length      used     unused   attr    fill
----------------------  --------  ---------  --------  --------  ----  --------
  FLASH                 00000000   00100000  00001a6a  000fe596  R  X
  SRAM                  20000000   00040000  000008c8  0003f738  RW X


SEGMENT ALLOCATION MAP

run origin  load origin   length   init length attrs members
----------  ----------- ---------- ----------- ----- -------
00000000    00000000    00001a70   00001a70    r-x
  00000000    00000000    00000200   00000200    r-- .intvecs
  00000200    00000200    0000150e   0000150e    r-x .text
  00001710    00001710    0000026c   0000026c    r-- .const
  00001980    00001980    000000f0   000000f0    r-- .cinit
20000000    20000000    000008c8   00000000    rw-
  20000000    20000000    00000408   00000000    rw- .bss
  20000408    20000408    00000400   00000000    rw- .stack
  20000808    20000808    000000c0   00000000    rw- .data


SECTION ALLOCATION MAP

 output                                  attributes/
section   page    origin      length       input sections
--------  ----  ----------  ----------   ----------------
.intvecs   0    00000000    00000200     
                  00000000    00000200     startup_ccs.obj (.intvecs)

.text      0    00000200    0000150e     
                  00000200    000002f8     aes128_cbc_decrypt.obj (.text:AESIntHandler)
                  000004f8    00000270     aes128_cbc_decrypt.obj (.text:main)
                  00000768    00000218     pinout.obj (.text:PinoutSet)
                  00000980    00000200     driverlib.lib : sysctl.obj (.text:SysCtlClockFreqSet)
                  00000b80    000001ec     aes128_cbc_decrypt.obj (.text:AES128CBCDecrypt)
                  00000d6c    000001ea     uartstdio.obj (.text:UARTvprintf)
                  00000f56    00000132     driverlib.lib : gpio.obj (.text:GPIOPadConfigSet)
                  00001088    000000d8     aes128_cbc_decrypt.obj (.text:AESInit)
                  00001160    0000009c     rtsv7M4_T_le_v4SPD16_eabi.lib : memcpy_t2.obj (.text)
                  000011fc    0000007a                                   : memset_t2.obj (.text)
                  00001276    00000002     startup_ccs.obj (.text:FaultISR)
                  00001278    00000070     rtsv7M4_T_le_v4SPD16_eabi.lib : autoinit.obj (.text)
                  000012e8    0000006c     pinout.obj (.text:LEDWrite)
                  00001354    00000068     rtsv7M4_T_le_v4SPD16_eabi.lib : copy_decompress_lzss.obj (.text:decompress:lzss)
                  000013bc    00000060     uartstdio.obj (.text:UARTStdioConfig)
                  0000141c    00000054     rtsv7M4_T_le_v4SPD16_eabi.lib : boot.obj (.text)
                  00001470    00000054                                   : exit.obj (.text)
                  000014c4    0000004c                                   : cpy_tbl.obj (.text)
                  00001510    00000048     uartstdio.obj (.text:UARTwrite)
                  00001558    00000048     driverlib.lib : sysctl.obj (.text:_SysCtlFrequencyGet)
                  000015a0    00000040     rtsv7M4_T_le_v4SPD16_eabi.lib : u_divt2.obj (.text)
                  000015e0    00000038     aes128_cbc_decrypt.obj (.text:ConfigureUART)
                  00001618    0000002a     driverlib.lib : gpio.obj (.text:GPIODirModeSet)
                  00001642    00000002     startup_ccs.obj (.text:IntDefaultHandler)
                  00001644    00000020     driverlib.lib : sysctl.obj (.text:_SysCtlMemTimingGet)
                  00001664    0000001a     uartstdio.obj (.text:UARTprintf)
                  0000167e    00000002     startup_ccs.obj (.text:NmiSR)
                  00001680    00000018     rtsv7M4_T_le_v4SPD16_eabi.lib : args_main.obj (.text)
                  00001698    00000014                                   : _lock.obj (.text)
                  000016ac    00000012     driverlib.lib : aes.obj (.text:AESIVSet)
                  000016be    00000012                   : gpio.obj (.text:GPIOPinTypeEthernetLED)
                  000016d0    0000000e     aes128_cbc_decrypt.obj (.text:LengthRoundUp)
                  000016de    0000000e     rtsv7M4_T_le_v4SPD16_eabi.lib : copy_decompress_none.obj (.text:decompress:none)
                  000016ec    0000000c                                   : copy_zero_init.obj (.text:decompress:ZI)
                  000016f8    00000006     driverlib.lib : gpio.obj (.text:GPIOPinWrite)
                  000016fe    00000006     startup_ccs.obj (.text:ResetISR)
                  00001704    00000004     rtsv7M4_T_le_v4SPD16_eabi.lib : pre_init.obj (.text)
                  00001708    00000002                                   : i_div0.obj (.text)
                  0000170a    00000002                                   : mpu_init.obj (.text)
                  0000170c    00000002                                   : startup.obj (.text)

.const     0    00001710    0000026c     
                  00001710    000001b0     driverlib.lib : sysctl.obj (.const:g_pppui32XTALtoVCO)
                  000018c0    0000006c                   : sysctl.obj (.const:g_pui32Xtals)
                  0000192c    00000030                   : sysctl.obj (.const:g_sXTALtoMEMTIM)
                  0000195c    0000000c     uartstdio.obj (.const:g_ui32UARTBase)
                  00001968    0000000c     uartstdio.obj (.const:g_ui32UARTPeriph)
                  00001974    00000008     driverlib.lib : sysctl.obj (.const)

.cinit     0    00001980    000000f0     
                  00001980    000000c5     (.cinit..data.load) [load image, compression = lzss]
                  00001a45    00000003     --HOLE-- [fill = 0]
                  00001a48    0000000c     (__TI_handler_table)
                  00001a54    00000004     --HOLE-- [fill = 0]
                  00001a58    00000008     (.cinit..bss.load) [load image, compression = zero_init]
                  00001a60    00000010     (__TI_cinit_table)

.init_array 
*          0    00000000    00000000     UNINITIALIZED

.bss       0    20000000    00000408     UNINITIALIZED
                  20000000    00000400     (.common:g_psDMAControlTable)
                  20000400    00000008     aes128_cbc_decrypt.obj (.bss)

.stack     0    20000408    00000400     UNINITIALIZED
                  20000408    00000400     --HOLE--

.data      0    20000808    000000c0     UNINITIALIZED
                  20000808    00000040     aes128_cbc_decrypt.obj (.data:g_pui32AES128CipherText)
                  20000848    00000040     aes128_cbc_decrypt.obj (.data:g_pui32AES128PlainText)
                  20000888    00000010     aes128_cbc_decrypt.obj (.data:g_pui32AES128IV)
                  20000898    00000010     aes128_cbc_decrypt.obj (.data:g_pui32AES128Key)
                  200008a8    0000000c     rtsv7M4_T_le_v4SPD16_eabi.lib : exit.obj (.data:$O1$$)
                  200008b4    00000008                                   : _lock.obj (.data:$O1$$)
                  200008bc    00000005     uartstdio.obj (.data)
                  200008c1    00000003     --HOLE--
                  200008c4    00000004     rtsv7M4_T_le_v4SPD16_eabi.lib : stkdepth_vars.obj (.data)

MODULE SUMMARY

       Module                     code   ro data   rw data
       ------                     ----   -------   -------
    .\
       aes128_cbc_decrypt.obj     2162   0         1192   
       startup_ccs.obj            12     512       0      
    +--+--------------------------+------+---------+---------+
       Total:                     2174   512       1192   
                                                          
    .\drivers\
       pinout.obj                 644    0         0      
    +--+--------------------------+------+---------+---------+
       Total:                     644    0         0      
                                                          
    .\utils\
       uartstdio.obj              684    24        5      
    +--+--------------------------+------+---------+---------+
       Total:                     684    24        5      
                                                          
    C:/ti/TivaWare_C_Series-2.1.4.178/driverlib/ccs/Debug/driverlib.lib
       sysctl.obj                 616    596       0      
       gpio.obj                   372    0         0      
       aes.obj                    18     0         0      
    +--+--------------------------+------+---------+---------+
       Total:                     1006   596       0      
                                                          
    C:\ti\ccsv7\tools\compiler\ti-cgt-arm_16.9.0.LTS\lib\rtsv7M4_T_le_v4SPD16_eabi.lib
       memcpy_t2.obj              156    0         0      
       memset_t2.obj              122    0         0      
       autoinit.obj               112    0         0      
       copy_decompress_lzss.obj   104    0         0      
       exit.obj                   84     0         12     
       boot.obj                   84     0         0      
       cpy_tbl.obj                76     0         0      
       u_divt2.obj                64     0         0      
       _lock.obj                  20     0         8      
       args_main.obj              24     0         0      
       copy_decompress_none.obj   14     0         0      
       copy_zero_init.obj         12     0         0      
       pre_init.obj               4      0         0      
       stkdepth_vars.obj          0      0         4      
       i_div0.obj                 2      0         0      
       mpu_init.obj               2      0         0      
       startup.obj                2      0         0      
    +--+--------------------------+------+---------+---------+
       Total:                     882    0         24     
                                                          
       Stack:                     0      0         1024   
       Linker Generated:          0      233       0      
    +--+--------------------------+------+---------+---------+
       Grand Total:               5390   1365      2245   


LINKER GENERATED COPY TABLES

__TI_cinit_table @ 00001a60 records: 2, size/record: 8, table size: 16
	.data: load addr=00001980, load size=000000c5 bytes, run addr=20000808, run size=000000c0 bytes, compression=lzss
	.bss: load addr=00001a58, load size=00000008 bytes, run addr=20000000, run size=00000408 bytes, compression=zero_init


LINKER GENERATED HANDLER TABLE

__TI_handler_table @ 00001a48 records: 3, size/record: 4, table size: 12
	index: 0, handler: __TI_decompress_lzss
	index: 1, handler: __TI_decompress_none
	index: 2, handler: __TI_zero_init


GLOBAL SYMBOLS: SORTED ALPHABETICALLY BY Name 

address   name                           
-------   ----                           
00000b81  AES128CBCDecrypt               
000016ad  AESIVSet                       
00001089  AESInit                        
00000201  AESIntHandler                  
00001471  C$$EXIT                        
000015e1  ConfigureUART                  
00001619  GPIODirModeSet                 
00000f57  GPIOPadConfigSet               
000016bf  GPIOPinTypeEthernetLED         
000016f9  GPIOPinWrite                   
000012e9  LEDWrite                       
000016d1  LengthRoundUp                  
00000769  PinoutSet                      
000016ff  ResetISR                       
UNDEFED   SHT$$INIT_ARRAY$$Base          
UNDEFED   SHT$$INIT_ARRAY$$Limit         
00000981  SysCtlClockFreqSet             
000013bd  UARTStdioConfig                
00001665  UARTprintf                     
00000d6d  UARTvprintf                    
00001511  UARTwrite                      
20000808  __STACK_END                    
00000400  __STACK_SIZE                   
20000808  __STACK_TOP                    
00001a60  __TI_CINIT_Base                
00001a70  __TI_CINIT_Limit               
00001a48  __TI_Handler_Table_Base        
00001a54  __TI_Handler_Table_Limit       
00001279  __TI_auto_init                 
200008a8  __TI_cleanup_ptr               
00001355  __TI_decompress_lzss           
000016df  __TI_decompress_none           
200008ac  __TI_dtors_ptr                 
200008b0  __TI_enable_exit_profile_output
ffffffff  __TI_pprof_out_hndl            
ffffffff  __TI_prof_data_size            
ffffffff  __TI_prof_data_start           
00000000  __TI_static_base__             
000016ed  __TI_zero_init                 
00001709  __aeabi_idiv0                  
000011fd  __aeabi_memclr                 
000011fd  __aeabi_memclr4                
000011fd  __aeabi_memclr8                
00001161  __aeabi_memcpy                 
00001161  __aeabi_memcpy4                
00001161  __aeabi_memcpy8                
000011ff  __aeabi_memset                 
000011ff  __aeabi_memset4                
000011ff  __aeabi_memset8                
000015a1  __aeabi_uidiv                  
000015a1  __aeabi_uidivmod               
ffffffff  __binit__                      
ffffffff  __c_args__                     
0000170b  __mpu_init                     
20000408  __stack                        
00001681  _args_main                     
0000141d  _c_int00                       
200008b4  _lock                          
000016a7  _nop                           
0000169f  _register_lock                 
00001699  _register_unlock               
0000170d  _system_post_cinit             
00001705  _system_pre_init               
200008b8  _unlock                        
00001475  abort                          
ffffffff  binit                          
000014c5  copy_in                        
0000147d  exit                           
00000000  g_pfnVectors                   
20000000  g_psDMAControlTable            
20000808  g_pui32AES128CipherText        
20000888  g_pui32AES128IV                
20000898  g_pui32AES128Key               
20000848  g_pui32AES128PlainText         
000004f9  main                           
200008c4  main_func_sp                   
00001161  memcpy                         
00001205  memset                         


GLOBAL SYMBOLS: SORTED BY Symbol Address 

address   name                           
-------   ----                           
00000000  __TI_static_base__             
00000000  g_pfnVectors                   
00000201  AESIntHandler                  
00000400  __STACK_SIZE                   
000004f9  main                           
00000769  PinoutSet                      
00000981  SysCtlClockFreqSet             
00000b81  AES128CBCDecrypt               
00000d6d  UARTvprintf                    
00000f57  GPIOPadConfigSet               
00001089  AESInit                        
00001161  __aeabi_memcpy                 
00001161  __aeabi_memcpy4                
00001161  __aeabi_memcpy8                
00001161  memcpy                         
000011fd  __aeabi_memclr                 
000011fd  __aeabi_memclr4                
000011fd  __aeabi_memclr8                
000011ff  __aeabi_memset                 
000011ff  __aeabi_memset4                
000011ff  __aeabi_memset8                
00001205  memset                         
00001279  __TI_auto_init                 
000012e9  LEDWrite                       
00001355  __TI_decompress_lzss           
000013bd  UARTStdioConfig                
0000141d  _c_int00                       
00001471  C$$EXIT                        
00001475  abort                          
0000147d  exit                           
000014c5  copy_in                        
00001511  UARTwrite                      
000015a1  __aeabi_uidiv                  
000015a1  __aeabi_uidivmod               
000015e1  ConfigureUART                  
00001619  GPIODirModeSet                 
00001665  UARTprintf                     
00001681  _args_main                     
00001699  _register_unlock               
0000169f  _register_lock                 
000016a7  _nop                           
000016ad  AESIVSet                       
000016bf  GPIOPinTypeEthernetLED         
000016d1  LengthRoundUp                  
000016df  __TI_decompress_none           
000016ed  __TI_zero_init                 
000016f9  GPIOPinWrite                   
000016ff  ResetISR                       
00001705  _system_pre_init               
00001709  __aeabi_idiv0                  
0000170b  __mpu_init                     
0000170d  _system_post_cinit             
00001a48  __TI_Handler_Table_Base        
00001a54  __TI_Handler_Table_Limit       
00001a60  __TI_CINIT_Base                
00001a70  __TI_CINIT_Limit               
20000000  g_psDMAControlTable            
20000408  __stack                        
20000808  __STACK_END                    
20000808  __STACK_TOP                    
20000808  g_pui32AES128CipherText        
20000848  g_pui32AES128PlainText         
20000888  g_pui32AES128IV                
20000898  g_pui32AES128Key               
200008a8  __TI_cleanup_ptr               
200008ac  __TI_dtors_ptr                 
200008b0  __TI_enable_exit_profile_output
200008b4  _lock                          
200008b8  _unlock                        
200008c4  main_func_sp                   
ffffffff  __TI_pprof_out_hndl            
ffffffff  __TI_prof_data_size            
ffffffff  __TI_prof_data_start           
ffffffff  __binit__                      
ffffffff  __c_args__                     
ffffffff  binit                          
UNDEFED   SHT$$INIT_ARRAY$$Base          
UNDEFED   SHT$$INIT_ARRAY$$Limit         

[78 symbols]
