******************************************************************************
                  TI ARM Linker PC v16.9.0                     
******************************************************************************
>> Linked Sun May 21 10:07:11 2017

OUTPUT FILE NAME:   <usb_stick_demo.out>
ENTRY POINT SYMBOL: "_c_int00"  address: 00008d61


MEMORY CONFIGURATION

         name            origin    length      used     unused   attr    fill
----------------------  --------  ---------  --------  --------  ----  --------
  FLASH                 00008000   000f8000  0000129e  000f6d62  R  X
  SRAM                  20000000   00040000  00000224  0003fddc  RW X


SEGMENT ALLOCATION MAP

run origin  load origin   length   init length attrs members
----------  ----------- ---------- ----------- ----- -------
00008000    00008000    000012a0   000012a0    r-x
  00008000    00008000    00000200   00000200    r-- .intvecs
  00008200    00008200    00000dfa   00000dfa    r-x .text
  00008ffc    00008ffc    0000026c   0000026c    r-- .const
  00009268    00009268    00000038   00000038    r-- .cinit
20000000    20000000    00000224   00000000    rw-
  20000000    20000000    00000200   00000000    rw- .stack
  20000200    20000200    00000020   00000000    rw- .data
  20000220    20000220    00000004   00000000    rw- .bss


SECTION ALLOCATION MAP

 output                                  attributes/
section   page    origin      length       input sections
--------  ----  ----------  ----------   ----------------
.intvecs   0    00008000    00000200     
                  00008000    00000200     startup_ccs.obj (.intvecs)

.text      0    00008200    00000dfa     
                  00008200    00000218     pinout.obj (.text:PinoutSet)
                  00008418    00000200     driverlib.lib : sysctl.obj (.text:SysCtlClockFreqSet)
                  00008618    000001ea     uartstdio.obj (.text:UARTvprintf)
                  00008802    00000002     startup_ccs.obj (.text:FaultISR)
                  00008804    00000180     usb_stick_demo.obj (.text:main)
                  00008984    00000132     driverlib.lib : gpio.obj (.text:GPIOPadConfigSet)
                  00008ab6    0000009c     rtsv7M4_T_le_v4SPD16_eabi.lib : memcpy_t2.obj (.text)
                  00008b52    0000007a                                   : memset_t2.obj (.text)
                  00008bcc    00000070                                   : autoinit.obj (.text)
                  00008c3c    00000068                                   : copy_decompress_lzss.obj (.text:decompress:lzss)
                  00008ca4    00000060     uartstdio.obj (.text:UARTStdioConfig)
                  00008d04    0000005c     usb_stick_demo.obj (.text:ConfigureUART)
                  00008d60    00000054     rtsv7M4_T_le_v4SPD16_eabi.lib : boot.obj (.text)
                  00008db4    00000054                                   : exit.obj (.text)
                  00008e08    0000004c                                   : cpy_tbl.obj (.text)
                  00008e54    00000048     uartstdio.obj (.text:UARTwrite)
                  00008e9c    00000048     driverlib.lib : sysctl.obj (.text:_SysCtlFrequencyGet)
                  00008ee4    00000040     rtsv7M4_T_le_v4SPD16_eabi.lib : u_divt2.obj (.text)
                  00008f24    0000002a     driverlib.lib : gpio.obj (.text:GPIODirModeSet)
                  00008f4e    00000002     startup_ccs.obj (.text:IntDefaultHandler)
                  00008f50    00000020     driverlib.lib : sysctl.obj (.text:_SysCtlMemTimingGet)
                  00008f70    0000001a     uartstdio.obj (.text:UARTprintf)
                  00008f8a    00000002     startup_ccs.obj (.text:NmiSR)
                  00008f8c    00000018     rtsv7M4_T_le_v4SPD16_eabi.lib : args_main.obj (.text)
                  00008fa4    00000014                                   : _lock.obj (.text)
                  00008fb8    00000012     driverlib.lib : gpio.obj (.text:GPIOPinTypeEthernetLED)
                  00008fca    0000000e     rtsv7M4_T_le_v4SPD16_eabi.lib : copy_decompress_none.obj (.text:decompress:none)
                  00008fd8    0000000c                                   : copy_zero_init.obj (.text:decompress:ZI)
                  00008fe4    00000006     startup_ccs.obj (.text:ResetISR)
                  00008fea    00000006     driverlib.lib : sysctl.obj (.text:SysCtlDelay)
                  00008ff0    00000004     rtsv7M4_T_le_v4SPD16_eabi.lib : pre_init.obj (.text)
                  00008ff4    00000002                                   : i_div0.obj (.text)
                  00008ff6    00000002                                   : mpu_init.obj (.text)
                  00008ff8    00000002                                   : startup.obj (.text)

.const     0    00008ffc    0000026c     
                  00008ffc    000001b0     driverlib.lib : sysctl.obj (.const:g_pppui32XTALtoVCO)
                  000091ac    0000006c                   : sysctl.obj (.const:g_pui32Xtals)
                  00009218    00000030                   : sysctl.obj (.const:g_sXTALtoMEMTIM)
                  00009248    0000000c     uartstdio.obj (.const:g_ui32UARTBase)
                  00009254    0000000c     uartstdio.obj (.const:g_ui32UARTPeriph)
                  00009260    00000008     driverlib.lib : sysctl.obj (.const)

.cinit     0    00009268    00000038     
                  00009268    00000011     (.cinit..data.load) [load image, compression = lzss]
                  00009279    00000003     --HOLE-- [fill = 0]
                  0000927c    0000000c     (__TI_handler_table)
                  00009288    00000008     (.cinit..bss.load) [load image, compression = zero_init]
                  00009290    00000010     (__TI_cinit_table)

.init_array 
*          0    00008000    00000000     UNINITIALIZED

.stack     0    20000000    00000200     UNINITIALIZED
                  20000000    00000200     --HOLE--

.data      0    20000200    00000020     UNINITIALIZED
                  20000200    0000000c     rtsv7M4_T_le_v4SPD16_eabi.lib : exit.obj (.data:$O1$$)
                  2000020c    00000008                                   : _lock.obj (.data:$O1$$)
                  20000214    00000005     uartstdio.obj (.data)
                  20000219    00000003     --HOLE--
                  2000021c    00000004     rtsv7M4_T_le_v4SPD16_eabi.lib : stkdepth_vars.obj (.data)

.bss       0    20000220    00000004     UNINITIALIZED
                  20000220    00000004     (.common:g_ui32SysClock)

MODULE SUMMARY

       Module                     code   ro data   rw data
       ------                     ----   -------   -------
    .\
       startup_ccs.obj            12     512       0      
       usb_stick_demo.obj         476    0         4      
    +--+--------------------------+------+---------+---------+
       Total:                     488    512       4      
                                                          
    .\drivers\
       pinout.obj                 536    0         0      
    +--+--------------------------+------+---------+---------+
       Total:                     536    0         0      
                                                          
    .\utils\
       uartstdio.obj              684    24        5      
    +--+--------------------------+------+---------+---------+
       Total:                     684    24        5      
                                                          
    C:/ti/TivaWare_C_Series-2.1.4.178/driverlib/ccs/Debug/driverlib.lib
       sysctl.obj                 622    596       0      
       gpio.obj                   366    0         0      
    +--+--------------------------+------+---------+---------+
       Total:                     988    596       0      
                                                          
    C:\ti\ccsv7\tools\compiler\ti-cgt-arm_16.9.0.LTS\lib\rtsv7M4_T_le_v4SPD16_eabi.lib
       memcpy_t2.obj              156    0         0      
       memset_t2.obj              122    0         0      
       autoinit.obj               112    0         0      
       copy_decompress_lzss.obj   104    0         0      
       exit.obj                   84     0         12     
       boot.obj                   84     0         0      
       cpy_tbl.obj                76     0         0      
       u_divt2.obj                64     0         0      
       _lock.obj                  20     0         8      
       args_main.obj              24     0         0      
       copy_decompress_none.obj   14     0         0      
       copy_zero_init.obj         12     0         0      
       pre_init.obj               4      0         0      
       stkdepth_vars.obj          0      0         4      
       i_div0.obj                 2      0         0      
       mpu_init.obj               2      0         0      
       startup.obj                2      0         0      
    +--+--------------------------+------+---------+---------+
       Total:                     882    0         24     
                                                          
       Stack:                     0      0         512    
       Linker Generated:          0      53        0      
    +--+--------------------------+------+---------+---------+
       Grand Total:               3578   1185      545    


LINKER GENERATED COPY TABLES

__TI_cinit_table @ 00009290 records: 2, size/record: 8, table size: 16
	.data: load addr=00009268, load size=00000011 bytes, run addr=20000200, run size=00000020 bytes, compression=lzss
	.bss: load addr=00009288, load size=00000008 bytes, run addr=20000220, run size=00000004 bytes, compression=zero_init


LINKER GENERATED HANDLER TABLE

__TI_handler_table @ 0000927c records: 3, size/record: 4, table size: 12
	index: 0, handler: __TI_decompress_lzss
	index: 1, handler: __TI_decompress_none
	index: 2, handler: __TI_zero_init


GLOBAL SYMBOLS: SORTED ALPHABETICALLY BY Name 

address   name                           
-------   ----                           
00008db5  C$$EXIT                        
00008d05  ConfigureUART                  
00008f25  GPIODirModeSet                 
00008985  GPIOPadConfigSet               
00008fb9  GPIOPinTypeEthernetLED         
00008201  PinoutSet                      
00008fe5  ResetISR                       
UNDEFED   SHT$$INIT_ARRAY$$Base          
UNDEFED   SHT$$INIT_ARRAY$$Limit         
00008419  SysCtlClockFreqSet             
00008feb  SysCtlDelay                    
00008ca5  UARTStdioConfig                
00008f71  UARTprintf                     
00008619  UARTvprintf                    
00008e55  UARTwrite                      
20000200  __STACK_END                    
00000200  __STACK_SIZE                   
20000200  __STACK_TOP                    
00009290  __TI_CINIT_Base                
000092a0  __TI_CINIT_Limit               
0000927c  __TI_Handler_Table_Base        
00009288  __TI_Handler_Table_Limit       
00008bcd  __TI_auto_init                 
20000200  __TI_cleanup_ptr               
00008c3d  __TI_decompress_lzss           
00008fcb  __TI_decompress_none           
20000204  __TI_dtors_ptr                 
20000208  __TI_enable_exit_profile_output
ffffffff  __TI_pprof_out_hndl            
ffffffff  __TI_prof_data_size            
ffffffff  __TI_prof_data_start           
00009268  __TI_static_base__             
00008fd9  __TI_zero_init                 
00008ff5  __aeabi_idiv0                  
00008b53  __aeabi_memclr                 
00008b53  __aeabi_memclr4                
00008b53  __aeabi_memclr8                
00008ab7  __aeabi_memcpy                 
00008ab7  __aeabi_memcpy4                
00008ab7  __aeabi_memcpy8                
00008b55  __aeabi_memset                 
00008b55  __aeabi_memset4                
00008b55  __aeabi_memset8                
00008ee5  __aeabi_uidiv                  
00008ee5  __aeabi_uidivmod               
ffffffff  __binit__                      
ffffffff  __c_args__                     
00008ff7  __mpu_init                     
20000000  __stack                        
00008f8d  _args_main                     
00008d61  _c_int00                       
2000020c  _lock                          
00008fb3  _nop                           
00008fab  _register_lock                 
00008fa5  _register_unlock               
00008ff9  _system_post_cinit             
00008ff1  _system_pre_init               
20000210  _unlock                        
00008db9  abort                          
ffffffff  binit                          
00008e09  copy_in                        
00008dc1  exit                           
00008000  g_pfnVectors                   
20000220  g_ui32SysClock                 
00008805  main                           
2000021c  main_func_sp                   
00008ab7  memcpy                         
00008b5b  memset                         


GLOBAL SYMBOLS: SORTED BY Symbol Address 

address   name                           
-------   ----                           
00000200  __STACK_SIZE                   
00008000  g_pfnVectors                   
00008201  PinoutSet                      
00008419  SysCtlClockFreqSet             
00008619  UARTvprintf                    
00008805  main                           
00008985  GPIOPadConfigSet               
00008ab7  __aeabi_memcpy                 
00008ab7  __aeabi_memcpy4                
00008ab7  __aeabi_memcpy8                
00008ab7  memcpy                         
00008b53  __aeabi_memclr                 
00008b53  __aeabi_memclr4                
00008b53  __aeabi_memclr8                
00008b55  __aeabi_memset                 
00008b55  __aeabi_memset4                
00008b55  __aeabi_memset8                
00008b5b  memset                         
00008bcd  __TI_auto_init                 
00008c3d  __TI_decompress_lzss           
00008ca5  UARTStdioConfig                
00008d05  ConfigureUART                  
00008d61  _c_int00                       
00008db5  C$$EXIT                        
00008db9  abort                          
00008dc1  exit                           
00008e09  copy_in                        
00008e55  UARTwrite                      
00008ee5  __aeabi_uidiv                  
00008ee5  __aeabi_uidivmod               
00008f25  GPIODirModeSet                 
00008f71  UARTprintf                     
00008f8d  _args_main                     
00008fa5  _register_unlock               
00008fab  _register_lock                 
00008fb3  _nop                           
00008fb9  GPIOPinTypeEthernetLED         
00008fcb  __TI_decompress_none           
00008fd9  __TI_zero_init                 
00008fe5  ResetISR                       
00008feb  SysCtlDelay                    
00008ff1  _system_pre_init               
00008ff5  __aeabi_idiv0                  
00008ff7  __mpu_init                     
00008ff9  _system_post_cinit             
00009268  __TI_static_base__             
0000927c  __TI_Handler_Table_Base        
00009288  __TI_Handler_Table_Limit       
00009290  __TI_CINIT_Base                
000092a0  __TI_CINIT_Limit               
20000000  __stack                        
20000200  __STACK_END                    
20000200  __STACK_TOP                    
20000200  __TI_cleanup_ptr               
20000204  __TI_dtors_ptr                 
20000208  __TI_enable_exit_profile_output
2000020c  _lock                          
20000210  _unlock                        
2000021c  main_func_sp                   
20000220  g_ui32SysClock                 
ffffffff  __TI_pprof_out_hndl            
ffffffff  __TI_prof_data_size            
ffffffff  __TI_prof_data_start           
ffffffff  __binit__                      
ffffffff  __c_args__                     
ffffffff  binit                          
UNDEFED   SHT$$INIT_ARRAY$$Base          
UNDEFED   SHT$$INIT_ARRAY$$Limit         

[68 symbols]
