******************************************************************************
                  TI ARM Linker PC v5.2.5                      
******************************************************************************
>> Linked Fri Jul 22 12:49:04 2016

OUTPUT FILE NAME:   <usb_stick_demo.out>
ENTRY POINT SYMBOL: "_c_int00"  address: 00008d5d


MEMORY CONFIGURATION

         name            origin    length      used     unused   attr    fill
----------------------  --------  ---------  --------  --------  ----  --------
  FLASH                 00008000   000f8000  0000120e  000f6df2  R  X
  SRAM                  20000000   00040000  00000220  0003fde0  RW X


SEGMENT ALLOCATION MAP

run origin  load origin   length   init length attrs members
----------  ----------- ---------- ----------- ----- -------
00008000    00008000    00001210   00001210    r-x
  00008000    00008000    00000200   00000200    r-- .intvecs
  00008200    00008200    00000de2   00000de2    r-x .text
  00008fe4    00008fe4    000001f4   000001f4    r-- .const
  000091d8    000091d8    00000038   00000038    r-- .cinit
20000000    20000000    00000220   00000000    rw-
  20000000    20000000    00000200   00000000    rw- .stack
  20000200    20000200    0000001c   00000000    rw- .data
  2000021c    2000021c    00000004   00000000    rw- .bss


SECTION ALLOCATION MAP

 output                                  attributes/
section   page    origin      length       input sections
--------  ----  ----------  ----------   ----------------
.intvecs   0    00008000    00000200     
                  00008000    00000200     startup_ccs.obj (.intvecs)

.text      0    00008200    00000de2     
                  00008200    00000214     pinout.obj (.text:PinoutSet)
                  00008414    00000204     driverlib.lib : sysctl.obj (.text:SysCtlClockFreqSet)
                  00008618    000001ea     uartstdio.obj (.text:UARTvprintf)
                  00008802    00000002     startup_ccs.obj (.text:FaultISR)
                  00008804    0000017c     usb_stick_demo.obj (.text:main)
                  00008980    00000132     driverlib.lib : gpio.obj (.text:GPIOPadConfigSet)
                  00008ab2    0000009c     rtsv7M4_T_le_v4SPD16_eabi.lib : memcpy_t2.obj (.text)
                  00008b4e    0000007a                                   : memset_t2.obj (.text)
                  00008bc8    0000006c                                   : autoinit.obj (.text)
                  00008c34    0000006a                                   : copy_decompress_rle.obj (.text)
                  00008c9e    00000002     startup_ccs.obj (.text:IntDefaultHandler)
                  00008ca0    00000060     uartstdio.obj (.text:UARTStdioConfig)
                  00008d00    0000005c     usb_stick_demo.obj (.text:ConfigureUART)
                  00008d5c    00000050     rtsv7M4_T_le_v4SPD16_eabi.lib : boot.obj (.text)
                  00008dac    0000004c                                   : cpy_tbl.obj (.text)
                  00008df8    00000048     uartstdio.obj (.text:UARTwrite)
                  00008e40    00000048     driverlib.lib : sysctl.obj (.text:_SysCtlFrequencyGet)
                  00008e88    00000044     rtsv7M4_T_le_v4SPD16_eabi.lib : exit.obj (.text)
                  00008ecc    00000040                                   : u_divt2.obj (.text)
                  00008f0c    0000002a     driverlib.lib : gpio.obj (.text:GPIODirModeSet)
                  00008f36    00000002     startup_ccs.obj (.text:NmiSR)
                  00008f38    00000020     driverlib.lib : sysctl.obj (.text:_SysCtlMemTimingGet)
                  00008f58    0000001a     uartstdio.obj (.text:UARTprintf)
                  00008f72    00000002     rtsv7M4_T_le_v4SPD16_eabi.lib : i_div0.obj (.text)
                  00008f74    00000018                                   : args_main.obj (.text)
                  00008f8c    00000014                                   : _lock.obj (.text)
                  00008fa0    00000012     driverlib.lib : gpio.obj (.text:GPIOPinTypeEthernetLED)
                  00008fb2    0000000e     rtsv7M4_T_le_v4SPD16_eabi.lib : copy_decompress_none.obj (.text:decompress:none)
                  00008fc0    0000000c                                   : copy_zero_init.obj (.text:decompress:ZI)
                  00008fcc    00000006     startup_ccs.obj (.text:ResetISR)
                  00008fd2    00000006     driverlib.lib : sysctl.obj (.text:SysCtlDelay)
                  00008fd8    00000006     rtsv7M4_T_le_v4SPD16_eabi.lib : copy_decompress_rle.obj (.text:decompress:rle24)
                  00008fde    00000004                                   : pre_init.obj (.text)

.const     0    00008fe4    000001f4     
                  00008fe4    00000120     driverlib.lib : sysctl.obj (.const:g_pppui32XTALtoVCO)
                  00009104    0000006c                   : sysctl.obj (.const:g_pui32Xtals)
                  00009170    00000030                   : sysctl.obj (.const:g_sXTALtoMEMTIM)
                  000091a0    0000001c     uartstdio.obj (.const)
                  000091bc    00000012     uartstdio.obj (.const:.string)
                  000091ce    00000002     --HOLE-- [fill = 0]
                  000091d0    00000008     driverlib.lib : sysctl.obj (.const)

.cinit     0    000091d8    00000038     
                  000091d8    0000000f     (.cinit..data.load) [load image, compression = rle]
                  000091e7    00000001     --HOLE-- [fill = 0]
                  000091e8    0000000c     (__TI_handler_table)
                  000091f4    00000004     --HOLE-- [fill = 0]
                  000091f8    00000008     (.cinit..bss.load) [load image, compression = zero_init]
                  00009200    00000010     (__TI_cinit_table)

.init_array 
*          0    00008000    00000000     UNINITIALIZED

.stack     0    20000000    00000200     UNINITIALIZED
                  20000000    00000200     --HOLE--

.data      0    20000200    0000001c     UNINITIALIZED
                  20000200    00000008     rtsv7M4_T_le_v4SPD16_eabi.lib : _lock.obj (.data)
                  20000208    00000008                                   : exit.obj (.data)
                  20000210    00000005     uartstdio.obj (.data)
                  20000215    00000003     --HOLE--
                  20000218    00000004     rtsv7M4_T_le_v4SPD16_eabi.lib : stkdepth_vars.obj (.data)

.bss       0    2000021c    00000004     UNINITIALIZED
                  2000021c    00000004     (.common:g_ui32SysClock)

.TI.persistent 
*          0    20000200    00000000     UNINITIALIZED

.TI.noinit 
*          0    2000021c    00000000     UNINITIALIZED


LINKER GENERATED COPY TABLES

__TI_cinit_table @ 00009200 records: 2, size/record: 8, table size: 16
	.data: load addr=000091d8, load size=0000000f bytes, run addr=20000200, run size=0000001c bytes, compression=rle
	.bss: load addr=000091f8, load size=00000008 bytes, run addr=2000021c, run size=00000004 bytes, compression=zero_init


LINKER GENERATED HANDLER TABLE

__TI_handler_table @ 000091e8 records: 3, size/record: 4, table size: 12
	index: 0, handler: __TI_decompress_rle24
	index: 1, handler: __TI_decompress_none
	index: 2, handler: __TI_zero_init


GLOBAL SYMBOLS: SORTED ALPHABETICALLY BY Name 

address   name                    
-------   ----                    
00008e89  C$$EXIT                 
00008d01  ConfigureUART           
00008f0d  GPIODirModeSet          
00008981  GPIOPadConfigSet        
00008fa1  GPIOPinTypeEthernetLED  
00008201  PinoutSet               
00008fcd  ResetISR                
UNDEFED   SHT$$INIT_ARRAY$$Base   
UNDEFED   SHT$$INIT_ARRAY$$Limit  
00008415  SysCtlClockFreqSet      
00008fd3  SysCtlDelay             
00008ca1  UARTStdioConfig         
00008f59  UARTprintf              
00008619  UARTvprintf             
00008df9  UARTwrite               
20000200  __STACK_END             
00000200  __STACK_SIZE            
20000200  __STACK_TOP             
00009200  __TI_CINIT_Base         
00009210  __TI_CINIT_Limit        
000091e8  __TI_Handler_Table_Base 
000091f4  __TI_Handler_Table_Limit
00008bc9  __TI_auto_init          
20000208  __TI_cleanup_ptr        
00008fb3  __TI_decompress_none    
00008fd9  __TI_decompress_rle24   
2000020c  __TI_dtors_ptr          
000091d8  __TI_static_base__      
00008fc1  __TI_zero_init          
00008f73  __aeabi_idiv0           
00008b4f  __aeabi_memclr          
00008b4f  __aeabi_memclr4         
00008b4f  __aeabi_memclr8         
00008ab3  __aeabi_memcpy          
00008ab3  __aeabi_memcpy4         
00008ab3  __aeabi_memcpy8         
00008b51  __aeabi_memset          
00008b51  __aeabi_memset4         
00008b51  __aeabi_memset8         
00008ecd  __aeabi_uidiv           
00008ecd  __aeabi_uidivmod        
ffffffff  __binit__               
ffffffff  __c_args__              
20000000  __stack                 
00008f75  _args_main              
00008d5d  _c_int00                
20000200  _lock                   
00008f9b  _nop                    
00008f93  _register_lock          
00008f8d  _register_unlock        
00008fdf  _system_pre_init        
20000204  _unlock                 
00008e8d  abort                   
ffffffff  binit                   
00008dad  copy_in                 
00008e95  exit                    
00008000  g_pfnVectors            
2000021c  g_ui32SysClock          
00008805  main                    
20000218  main_func_sp            
00008ab3  memcpy                  
00008b57  memset                  


GLOBAL SYMBOLS: SORTED BY Symbol Address 

address   name                    
-------   ----                    
00000200  __STACK_SIZE            
00008000  g_pfnVectors            
00008201  PinoutSet               
00008415  SysCtlClockFreqSet      
00008619  UARTvprintf             
00008805  main                    
00008981  GPIOPadConfigSet        
00008ab3  __aeabi_memcpy          
00008ab3  __aeabi_memcpy4         
00008ab3  __aeabi_memcpy8         
00008ab3  memcpy                  
00008b4f  __aeabi_memclr          
00008b4f  __aeabi_memclr4         
00008b4f  __aeabi_memclr8         
00008b51  __aeabi_memset          
00008b51  __aeabi_memset4         
00008b51  __aeabi_memset8         
00008b57  memset                  
00008bc9  __TI_auto_init          
00008ca1  UARTStdioConfig         
00008d01  ConfigureUART           
00008d5d  _c_int00                
00008dad  copy_in                 
00008df9  UARTwrite               
00008e89  C$$EXIT                 
00008e8d  abort                   
00008e95  exit                    
00008ecd  __aeabi_uidiv           
00008ecd  __aeabi_uidivmod        
00008f0d  GPIODirModeSet          
00008f59  UARTprintf              
00008f73  __aeabi_idiv0           
00008f75  _args_main              
00008f8d  _register_unlock        
00008f93  _register_lock          
00008f9b  _nop                    
00008fa1  GPIOPinTypeEthernetLED  
00008fb3  __TI_decompress_none    
00008fc1  __TI_zero_init          
00008fcd  ResetISR                
00008fd3  SysCtlDelay             
00008fd9  __TI_decompress_rle24   
00008fdf  _system_pre_init        
000091d8  __TI_static_base__      
000091e8  __TI_Handler_Table_Base 
000091f4  __TI_Handler_Table_Limit
00009200  __TI_CINIT_Base         
00009210  __TI_CINIT_Limit        
20000000  __stack                 
20000200  __STACK_END             
20000200  __STACK_TOP             
20000200  _lock                   
20000204  _unlock                 
20000208  __TI_cleanup_ptr        
2000020c  __TI_dtors_ptr          
20000218  main_func_sp            
2000021c  g_ui32SysClock          
ffffffff  __binit__               
ffffffff  __c_args__              
ffffffff  binit                   
UNDEFED   SHT$$INIT_ARRAY$$Base   
UNDEFED   SHT$$INIT_ARRAY$$Limit  

[62 symbols]
