******************************************************************************
                  TI ARM Linker PC v16.9.0                     
******************************************************************************
>> Linked Sun May 21 09:59:31 2017

OUTPUT FILE NAME:   <aes128_gcm_encrypt.out>
ENTRY POINT SYMBOL: "_c_int00"  address: 00001745


MEMORY CONFIGURATION

         name            origin    length      used     unused   attr    fill
----------------------  --------  ---------  --------  --------  ----  --------
  FLASH                 00000000   00100000  00001f96  000fe06a  R  X
  SRAM                  20000000   00040000  00002130  0003ded0  RW X


SEGMENT ALLOCATION MAP

run origin  load origin   length   init length attrs members
----------  ----------- ---------- ----------- ----- -------
00000000    00000000    00001f98   00001f98    r-x
  00000000    00000000    00000200   00000200    r-- .intvecs
  00000200    00000200    00001892   00001892    r-x .text
  00001a94    00001a94    0000026c   0000026c    r-- .const
  00001d00    00001d00    00000298   00000298    r-- .cinit
20000000    20000000    00001928   00000000    rw-
  20000000    20000000    00001928   00000000    rw- .data
20001c00    20001c00    00000808   00000000    rw-
  20001c00    20001c00    00000408   00000000    rw- .bss
  20002008    20002008    00000400   00000000    rw- .stack


SECTION ALLOCATION MAP

 output                                  attributes/
section   page    origin      length       input sections
--------  ----  ----------  ----------   ----------------
.intvecs   0    00000000    00000200     
                  00000000    00000200     startup_ccs.obj (.intvecs)

.text      0    00000200    00001892     
                  00000200    00000427     aes128_gcm_encrypt.obj (.text:main)
                  00000627    00000001     --HOLE-- [fill = 0]
                  00000628    000002e8     aes128_gcm_encrypt.obj (.text:AESIntHandler)
                  00000910    00000280     aes128_gcm_encrypt.obj (.text:AES128GCMEncrypt)
                  00000b90    00000218     pinout.obj (.text:PinoutSet)
                  00000da8    00000200     driverlib.lib : sysctl.obj (.text:SysCtlClockFreqSet)
                  00000fa8    000001ea     uartstdio.obj (.text:UARTvprintf)
                  00001192    00000132     driverlib.lib : gpio.obj (.text:GPIOPadConfigSet)
                  000012c4    000000d8     aes128_gcm_encrypt.obj (.text:AESInit)
                  0000139c    0000009c     rtsv7M4_T_le_v4SPD16_eabi.lib : memcpy_t2.obj (.text)
                  00001438    00000094     aes128_gcm_encrypt.obj (.text:AES128GHASH)
                  000014cc    0000007a     rtsv7M4_T_le_v4SPD16_eabi.lib : memset_t2.obj (.text)
                  00001546    00000002     startup_ccs.obj (.text:FaultISR)
                  00001548    00000070     rtsv7M4_T_le_v4SPD16_eabi.lib : autoinit.obj (.text)
                  000015b8    0000006c     pinout.obj (.text:LEDWrite)
                  00001624    00000068     rtsv7M4_T_le_v4SPD16_eabi.lib : copy_decompress_lzss.obj (.text:decompress:lzss)
                  0000168c    00000060     uartstdio.obj (.text:UARTStdioConfig)
                  000016ec    00000058     aes128_gcm_encrypt.obj (.text:AES128ECBEncrypt)
                  00001744    00000054     rtsv7M4_T_le_v4SPD16_eabi.lib : boot.obj (.text)
                  00001798    00000054                                   : exit.obj (.text)
                  000017ec    0000004c                                   : cpy_tbl.obj (.text)
                  00001838    00000048     uartstdio.obj (.text:UARTwrite)
                  00001880    00000048     driverlib.lib : sysctl.obj (.text:_SysCtlFrequencyGet)
                  000018c8    00000040     rtsv7M4_T_le_v4SPD16_eabi.lib : u_divt2.obj (.text)
                  00001908    00000038     aes128_gcm_encrypt.obj (.text:AES128GCMY0Get)
                  00001940    00000038     aes128_gcm_encrypt.obj (.text:ConfigureUART)
                  00001978    0000002a     driverlib.lib : gpio.obj (.text:GPIODirModeSet)
                  000019a2    00000002     startup_ccs.obj (.text:IntDefaultHandler)
                  000019a4    00000020     driverlib.lib : sysctl.obj (.text:_SysCtlMemTimingGet)
                  000019c4    0000001e     aes128_gcm_encrypt.obj (.text:AES128HashSubkeyGet)
                  000019e2    0000001a     uartstdio.obj (.text:UARTprintf)
                  000019fc    00000018     driverlib.lib : aes.obj (.text:AESTagRead)
                  00001a14    00000018     rtsv7M4_T_le_v4SPD16_eabi.lib : args_main.obj (.text)
                  00001a2c    00000014                                   : _lock.obj (.text)
                  00001a40    00000012     driverlib.lib : gpio.obj (.text:GPIOPinTypeEthernetLED)
                  00001a52    0000000e     aes128_gcm_encrypt.obj (.text:LengthRoundUp)
                  00001a60    0000000e     rtsv7M4_T_le_v4SPD16_eabi.lib : copy_decompress_none.obj (.text:decompress:none)
                  00001a6e    0000000c                                   : copy_zero_init.obj (.text:decompress:ZI)
                  00001a7a    00000006     driverlib.lib : gpio.obj (.text:GPIOPinWrite)
                  00001a80    00000006     startup_ccs.obj (.text:ResetISR)
                  00001a86    00000004     rtsv7M4_T_le_v4SPD16_eabi.lib : pre_init.obj (.text)
                  00001a8a    00000002     startup_ccs.obj (.text:NmiSR)
                  00001a8c    00000002     rtsv7M4_T_le_v4SPD16_eabi.lib : i_div0.obj (.text)
                  00001a8e    00000002                                   : mpu_init.obj (.text)
                  00001a90    00000002                                   : startup.obj (.text)

.const     0    00001a94    0000026c     
                  00001a94    000001b0     driverlib.lib : sysctl.obj (.const:g_pppui32XTALtoVCO)
                  00001c44    0000006c                   : sysctl.obj (.const:g_pui32Xtals)
                  00001cb0    00000030                   : sysctl.obj (.const:g_sXTALtoMEMTIM)
                  00001ce0    0000000c     uartstdio.obj (.const:g_ui32UARTBase)
                  00001cec    0000000c     uartstdio.obj (.const:g_ui32UARTPeriph)
                  00001cf8    00000008     driverlib.lib : sysctl.obj (.const)

.cinit     0    00001d00    00000298     
                  00001d00    00000274     (.cinit..data.load) [load image, compression = lzss]
                  00001f74    0000000c     (__TI_handler_table)
                  00001f80    00000008     (.cinit..bss.load) [load image, compression = zero_init]
                  00001f88    00000010     (__TI_cinit_table)

.init_array 
*          0    00000000    00000000     UNINITIALIZED

.data      0    20000000    00001928     UNINITIALIZED
                  20000000    00001908     aes128_gcm_encrypt.obj (.data:g_psAESGCMTestVectors)
                  20001908    0000000c     rtsv7M4_T_le_v4SPD16_eabi.lib : exit.obj (.data:$O1$$)
                  20001914    00000008                                   : _lock.obj (.data:$O1$$)
                  2000191c    00000005     uartstdio.obj (.data)
                  20001921    00000003     --HOLE--
                  20001924    00000004     rtsv7M4_T_le_v4SPD16_eabi.lib : stkdepth_vars.obj (.data)

.bss       0    20001c00    00000408     UNINITIALIZED
                  20001c00    00000400     (.common:g_psDMAControlTable)
                  20002000    00000008     aes128_gcm_encrypt.obj (.bss)

.stack     0    20002008    00000400     UNINITIALIZED
                  20002008    00000400     --HOLE--

MODULE SUMMARY

       Module                     code   ro data   rw data
       ------                     ----   -------   -------
    .\
       aes128_gcm_encrypt.obj     3055   0         7440   
       startup_ccs.obj            12     512       0      
    +--+--------------------------+------+---------+---------+
       Total:                     3067   512       7440   
                                                          
    .\drivers\
       pinout.obj                 644    0         0      
    +--+--------------------------+------+---------+---------+
       Total:                     644    0         0      
                                                          
    .\utils\
       uartstdio.obj              684    24        5      
    +--+--------------------------+------+---------+---------+
       Total:                     684    24        5      
                                                          
    C:/ti/TivaWare_C_Series-2.1.4.178/driverlib/ccs/Debug/driverlib.lib
       sysctl.obj                 616    596       0      
       gpio.obj                   372    0         0      
       aes.obj                    24     0         0      
    +--+--------------------------+------+---------+---------+
       Total:                     1012   596       0      
                                                          
    C:\ti\ccsv7\tools\compiler\ti-cgt-arm_16.9.0.LTS\lib\rtsv7M4_T_le_v4SPD16_eabi.lib
       memcpy_t2.obj              156    0         0      
       memset_t2.obj              122    0         0      
       autoinit.obj               112    0         0      
       copy_decompress_lzss.obj   104    0         0      
       exit.obj                   84     0         12     
       boot.obj                   84     0         0      
       cpy_tbl.obj                76     0         0      
       u_divt2.obj                64     0         0      
       _lock.obj                  20     0         8      
       args_main.obj              24     0         0      
       copy_decompress_none.obj   14     0         0      
       copy_zero_init.obj         12     0         0      
       pre_init.obj               4      0         0      
       stkdepth_vars.obj          0      0         4      
       i_div0.obj                 2      0         0      
       mpu_init.obj               2      0         0      
       startup.obj                2      0         0      
    +--+--------------------------+------+---------+---------+
       Total:                     882    0         24     
                                                          
       Stack:                     0      0         1024   
       Linker Generated:          0      664       0      
    +--+--------------------------+------+---------+---------+
       Grand Total:               6289   1796      8493   


LINKER GENERATED COPY TABLES

__TI_cinit_table @ 00001f88 records: 2, size/record: 8, table size: 16
	.data: load addr=00001d00, load size=00000274 bytes, run addr=20000000, run size=00001928 bytes, compression=lzss
	.bss: load addr=00001f80, load size=00000008 bytes, run addr=20001c00, run size=00000408 bytes, compression=zero_init


LINKER GENERATED HANDLER TABLE

__TI_handler_table @ 00001f74 records: 3, size/record: 4, table size: 12
	index: 0, handler: __TI_decompress_lzss
	index: 1, handler: __TI_decompress_none
	index: 2, handler: __TI_zero_init


GLOBAL SYMBOLS: SORTED ALPHABETICALLY BY Name 

address   name                           
-------   ----                           
000016ed  AES128ECBEncrypt               
00000911  AES128GCMEncrypt               
00001909  AES128GCMY0Get                 
00001439  AES128GHASH                    
000019c5  AES128HashSubkeyGet            
000012c5  AESInit                        
00000629  AESIntHandler                  
000019fd  AESTagRead                     
00001799  C$$EXIT                        
00001941  ConfigureUART                  
00001979  GPIODirModeSet                 
00001193  GPIOPadConfigSet               
00001a41  GPIOPinTypeEthernetLED         
00001a7b  GPIOPinWrite                   
000015b9  LEDWrite                       
00001a53  LengthRoundUp                  
00000b91  PinoutSet                      
00001a81  ResetISR                       
UNDEFED   SHT$$INIT_ARRAY$$Base          
UNDEFED   SHT$$INIT_ARRAY$$Limit         
00000da9  SysCtlClockFreqSet             
0000168d  UARTStdioConfig                
000019e3  UARTprintf                     
00000fa9  UARTvprintf                    
00001839  UARTwrite                      
20002408  __STACK_END                    
00000400  __STACK_SIZE                   
20002408  __STACK_TOP                    
00001f88  __TI_CINIT_Base                
00001f98  __TI_CINIT_Limit               
00001f74  __TI_Handler_Table_Base        
00001f80  __TI_Handler_Table_Limit       
00001549  __TI_auto_init                 
20001908  __TI_cleanup_ptr               
00001625  __TI_decompress_lzss           
00001a61  __TI_decompress_none           
2000190c  __TI_dtors_ptr                 
20001910  __TI_enable_exit_profile_output
ffffffff  __TI_pprof_out_hndl            
ffffffff  __TI_prof_data_size            
ffffffff  __TI_prof_data_start           
00000000  __TI_static_base__             
00001a6f  __TI_zero_init                 
00001a8d  __aeabi_idiv0                  
000014cd  __aeabi_memclr                 
000014cd  __aeabi_memclr4                
000014cd  __aeabi_memclr8                
0000139d  __aeabi_memcpy                 
0000139d  __aeabi_memcpy4                
0000139d  __aeabi_memcpy8                
000014cf  __aeabi_memset                 
000014cf  __aeabi_memset4                
000014cf  __aeabi_memset8                
000018c9  __aeabi_uidiv                  
000018c9  __aeabi_uidivmod               
ffffffff  __binit__                      
ffffffff  __c_args__                     
00001a8f  __mpu_init                     
20002008  __stack                        
00001a15  _args_main                     
00001745  _c_int00                       
20001914  _lock                          
00001a3b  _nop                           
00001a33  _register_lock                 
00001a2d  _register_unlock               
00001a91  _system_post_cinit             
00001a87  _system_pre_init               
20001918  _unlock                        
0000179d  abort                          
ffffffff  binit                          
000017ed  copy_in                        
000017a5  exit                           
00000000  g_pfnVectors                   
20000000  g_psAESGCMTestVectors          
20001c00  g_psDMAControlTable            
00000201  main                           
20001924  main_func_sp                   
0000139d  memcpy                         
000014d5  memset                         


GLOBAL SYMBOLS: SORTED BY Symbol Address 

address   name                           
-------   ----                           
00000000  __TI_static_base__             
00000000  g_pfnVectors                   
00000201  main                           
00000400  __STACK_SIZE                   
00000629  AESIntHandler                  
00000911  AES128GCMEncrypt               
00000b91  PinoutSet                      
00000da9  SysCtlClockFreqSet             
00000fa9  UARTvprintf                    
00001193  GPIOPadConfigSet               
000012c5  AESInit                        
0000139d  __aeabi_memcpy                 
0000139d  __aeabi_memcpy4                
0000139d  __aeabi_memcpy8                
0000139d  memcpy                         
00001439  AES128GHASH                    
000014cd  __aeabi_memclr                 
000014cd  __aeabi_memclr4                
000014cd  __aeabi_memclr8                
000014cf  __aeabi_memset                 
000014cf  __aeabi_memset4                
000014cf  __aeabi_memset8                
000014d5  memset                         
00001549  __TI_auto_init                 
000015b9  LEDWrite                       
00001625  __TI_decompress_lzss           
0000168d  UARTStdioConfig                
000016ed  AES128ECBEncrypt               
00001745  _c_int00                       
00001799  C$$EXIT                        
0000179d  abort                          
000017a5  exit                           
000017ed  copy_in                        
00001839  UARTwrite                      
000018c9  __aeabi_uidiv                  
000018c9  __aeabi_uidivmod               
00001909  AES128GCMY0Get                 
00001941  ConfigureUART                  
00001979  GPIODirModeSet                 
000019c5  AES128HashSubkeyGet            
000019e3  UARTprintf                     
000019fd  AESTagRead                     
00001a15  _args_main                     
00001a2d  _register_unlock               
00001a33  _register_lock                 
00001a3b  _nop                           
00001a41  GPIOPinTypeEthernetLED         
00001a53  LengthRoundUp                  
00001a61  __TI_decompress_none           
00001a6f  __TI_zero_init                 
00001a7b  GPIOPinWrite                   
00001a81  ResetISR                       
00001a87  _system_pre_init               
00001a8d  __aeabi_idiv0                  
00001a8f  __mpu_init                     
00001a91  _system_post_cinit             
00001f74  __TI_Handler_Table_Base        
00001f80  __TI_Handler_Table_Limit       
00001f88  __TI_CINIT_Base                
00001f98  __TI_CINIT_Limit               
20000000  g_psAESGCMTestVectors          
20001908  __TI_cleanup_ptr               
2000190c  __TI_dtors_ptr                 
20001910  __TI_enable_exit_profile_output
20001914  _lock                          
20001918  _unlock                        
20001924  main_func_sp                   
20001c00  g_psDMAControlTable            
20002008  __stack                        
20002408  __STACK_END                    
20002408  __STACK_TOP                    
ffffffff  __TI_pprof_out_hndl            
ffffffff  __TI_prof_data_size            
ffffffff  __TI_prof_data_start           
ffffffff  __binit__                      
ffffffff  __c_args__                     
ffffffff  binit                          
UNDEFED   SHT$$INIT_ARRAY$$Base          
UNDEFED   SHT$$INIT_ARRAY$$Limit         

[79 symbols]
