******************************************************************************
                  TI ARM Linker PC v5.2.5                      
******************************************************************************
>> Linked Fri Jul 22 12:46:31 2016

OUTPUT FILE NAME:   <hello.out>
ENTRY POINT SYMBOL: "_c_int00"  address: 00000cc9


MEMORY CONFIGURATION

         name            origin    length      used     unused   attr    fill
----------------------  --------  ---------  --------  --------  ----  --------
  FLASH                 00000000   00100000  00001180  000fee80  R  X
  SRAM                  20000000   00040000  00000220  0003fde0  RW X


SEGMENT ALLOCATION MAP

run origin  load origin   length   init length attrs members
----------  ----------- ---------- ----------- ----- -------
00000000    00000000    00001180   00001180    r-x
  00000000    00000000    00000200   00000200    r-- .intvecs
  00000200    00000200    00000d54   00000d54    r-x .text
  00000f54    00000f54    000001f4   000001f4    r-- .const
  00001148    00001148    00000038   00000038    r-- .cinit
20000000    20000000    00000220   00000000    rw-
  20000000    20000000    00000200   00000000    rw- .stack
  20000200    20000200    0000001c   00000000    rw- .data
  2000021c    2000021c    00000004   00000000    rw- .bss


SECTION ALLOCATION MAP

 output                                  attributes/
section   page    origin      length       input sections
--------  ----  ----------  ----------   ----------------
.intvecs   0    00000000    00000200     
                  00000000    00000200     startup_ccs.obj (.intvecs)

.text      0    00000200    00000d54     
                  00000200    00000214     pinout.obj (.text:PinoutSet)
                  00000414    00000204     driverlib.lib : sysctl.obj (.text:SysCtlClockFreqSet)
                  00000618    000001ea     uartstdio.obj (.text:UARTvprintf)
                  00000802    00000132     driverlib.lib : gpio.obj (.text:GPIOPadConfigSet)
                  00000934    0000009c     rtsv7M4_T_le_v4SPD16_eabi.lib : memcpy_t2.obj (.text)
                  000009d0    0000007c     hello.obj (.text:main)
                  00000a4c    0000007a     rtsv7M4_T_le_v4SPD16_eabi.lib : memset_t2.obj (.text)
                  00000ac6    00000002     startup_ccs.obj (.text:FaultISR)
                  00000ac8    0000006c     pinout.obj (.text:LEDWrite)
                  00000b34    0000006c     rtsv7M4_T_le_v4SPD16_eabi.lib : autoinit.obj (.text)
                  00000ba0    0000006a                                   : copy_decompress_rle.obj (.text)
                  00000c0a    00000002     startup_ccs.obj (.text:IntDefaultHandler)
                  00000c0c    00000060     uartstdio.obj (.text:UARTStdioConfig)
                  00000c6c    0000005c     hello.obj (.text:ConfigureUART)
                  00000cc8    00000050     rtsv7M4_T_le_v4SPD16_eabi.lib : boot.obj (.text)
                  00000d18    0000004c                                   : cpy_tbl.obj (.text)
                  00000d64    00000048     uartstdio.obj (.text:UARTwrite)
                  00000dac    00000048     driverlib.lib : sysctl.obj (.text:_SysCtlFrequencyGet)
                  00000df4    00000044     rtsv7M4_T_le_v4SPD16_eabi.lib : exit.obj (.text)
                  00000e38    00000040                                   : u_divt2.obj (.text)
                  00000e78    0000002a     driverlib.lib : gpio.obj (.text:GPIODirModeSet)
                  00000ea2    00000002     startup_ccs.obj (.text:NmiSR)
                  00000ea4    00000020     driverlib.lib : sysctl.obj (.text:_SysCtlMemTimingGet)
                  00000ec4    0000001a     uartstdio.obj (.text:UARTprintf)
                  00000ede    00000002     rtsv7M4_T_le_v4SPD16_eabi.lib : i_div0.obj (.text)
                  00000ee0    00000018                                   : args_main.obj (.text)
                  00000ef8    00000014                                   : _lock.obj (.text)
                  00000f0c    00000012     driverlib.lib : gpio.obj (.text:GPIOPinTypeEthernetLED)
                  00000f1e    0000000e     rtsv7M4_T_le_v4SPD16_eabi.lib : copy_decompress_none.obj (.text:decompress:none)
                  00000f2c    0000000c                                   : copy_zero_init.obj (.text:decompress:ZI)
                  00000f38    00000006     driverlib.lib : gpio.obj (.text:GPIOPinWrite)
                  00000f3e    00000006     startup_ccs.obj (.text:ResetISR)
                  00000f44    00000006     driverlib.lib : sysctl.obj (.text:SysCtlDelay)
                  00000f4a    00000006     rtsv7M4_T_le_v4SPD16_eabi.lib : copy_decompress_rle.obj (.text:decompress:rle24)
                  00000f50    00000004                                   : pre_init.obj (.text)

.const     0    00000f54    000001f4     
                  00000f54    00000120     driverlib.lib : sysctl.obj (.const:g_pppui32XTALtoVCO)
                  00001074    0000006c                   : sysctl.obj (.const:g_pui32Xtals)
                  000010e0    00000030                   : sysctl.obj (.const:g_sXTALtoMEMTIM)
                  00001110    0000001c     uartstdio.obj (.const)
                  0000112c    00000012     uartstdio.obj (.const:.string)
                  0000113e    00000002     --HOLE-- [fill = 0]
                  00001140    00000008     driverlib.lib : sysctl.obj (.const)

.cinit     0    00001148    00000038     
                  00001148    0000000f     (.cinit..data.load) [load image, compression = rle]
                  00001157    00000001     --HOLE-- [fill = 0]
                  00001158    0000000c     (__TI_handler_table)
                  00001164    00000004     --HOLE-- [fill = 0]
                  00001168    00000008     (.cinit..bss.load) [load image, compression = zero_init]
                  00001170    00000010     (__TI_cinit_table)

.init_array 
*          0    00000000    00000000     UNINITIALIZED

.stack     0    20000000    00000200     UNINITIALIZED
                  20000000    00000200     --HOLE--

.data      0    20000200    0000001c     UNINITIALIZED
                  20000200    00000008     rtsv7M4_T_le_v4SPD16_eabi.lib : _lock.obj (.data)
                  20000208    00000008                                   : exit.obj (.data)
                  20000210    00000005     uartstdio.obj (.data)
                  20000215    00000003     --HOLE--
                  20000218    00000004     rtsv7M4_T_le_v4SPD16_eabi.lib : stkdepth_vars.obj (.data)

.bss       0    2000021c    00000004     UNINITIALIZED
                  2000021c    00000004     (.common:g_ui32SysClock)

.TI.persistent 
*          0    20000200    00000000     UNINITIALIZED

.TI.noinit 
*          0    2000021c    00000000     UNINITIALIZED


LINKER GENERATED COPY TABLES

__TI_cinit_table @ 00001170 records: 2, size/record: 8, table size: 16
	.data: load addr=00001148, load size=0000000f bytes, run addr=20000200, run size=0000001c bytes, compression=rle
	.bss: load addr=00001168, load size=00000008 bytes, run addr=2000021c, run size=00000004 bytes, compression=zero_init


LINKER GENERATED HANDLER TABLE

__TI_handler_table @ 00001158 records: 3, size/record: 4, table size: 12
	index: 0, handler: __TI_decompress_rle24
	index: 1, handler: __TI_decompress_none
	index: 2, handler: __TI_zero_init


GLOBAL SYMBOLS: SORTED ALPHABETICALLY BY Name 

address   name                    
-------   ----                    
00000df5  C$$EXIT                 
00000c6d  ConfigureUART           
00000e79  GPIODirModeSet          
00000803  GPIOPadConfigSet        
00000f0d  GPIOPinTypeEthernetLED  
00000f39  GPIOPinWrite            
00000ac9  LEDWrite                
00000201  PinoutSet               
00000f3f  ResetISR                
UNDEFED   SHT$$INIT_ARRAY$$Base   
UNDEFED   SHT$$INIT_ARRAY$$Limit  
00000415  SysCtlClockFreqSet      
00000f45  SysCtlDelay             
00000c0d  UARTStdioConfig         
00000ec5  UARTprintf              
00000619  UARTvprintf             
00000d65  UARTwrite               
20000200  __STACK_END             
00000200  __STACK_SIZE            
20000200  __STACK_TOP             
00001170  __TI_CINIT_Base         
00001180  __TI_CINIT_Limit        
00001158  __TI_Handler_Table_Base 
00001164  __TI_Handler_Table_Limit
00000b35  __TI_auto_init          
20000208  __TI_cleanup_ptr        
00000f1f  __TI_decompress_none    
00000f4b  __TI_decompress_rle24   
2000020c  __TI_dtors_ptr          
00000000  __TI_static_base__      
00000f2d  __TI_zero_init          
00000edf  __aeabi_idiv0           
00000a4d  __aeabi_memclr          
00000a4d  __aeabi_memclr4         
00000a4d  __aeabi_memclr8         
00000935  __aeabi_memcpy          
00000935  __aeabi_memcpy4         
00000935  __aeabi_memcpy8         
00000a4f  __aeabi_memset          
00000a4f  __aeabi_memset4         
00000a4f  __aeabi_memset8         
00000e39  __aeabi_uidiv           
00000e39  __aeabi_uidivmod        
ffffffff  __binit__               
ffffffff  __c_args__              
20000000  __stack                 
00000ee1  _args_main              
00000cc9  _c_int00                
20000200  _lock                   
00000f07  _nop                    
00000eff  _register_lock          
00000ef9  _register_unlock        
00000f51  _system_pre_init        
20000204  _unlock                 
00000df9  abort                   
ffffffff  binit                   
00000d19  copy_in                 
00000e01  exit                    
00000000  g_pfnVectors            
2000021c  g_ui32SysClock          
000009d1  main                    
20000218  main_func_sp            
00000935  memcpy                  
00000a55  memset                  


GLOBAL SYMBOLS: SORTED BY Symbol Address 

address   name                    
-------   ----                    
00000000  __TI_static_base__      
00000000  g_pfnVectors            
00000200  __STACK_SIZE            
00000201  PinoutSet               
00000415  SysCtlClockFreqSet      
00000619  UARTvprintf             
00000803  GPIOPadConfigSet        
00000935  __aeabi_memcpy          
00000935  __aeabi_memcpy4         
00000935  __aeabi_memcpy8         
00000935  memcpy                  
000009d1  main                    
00000a4d  __aeabi_memclr          
00000a4d  __aeabi_memclr4         
00000a4d  __aeabi_memclr8         
00000a4f  __aeabi_memset          
00000a4f  __aeabi_memset4         
00000a4f  __aeabi_memset8         
00000a55  memset                  
00000ac9  LEDWrite                
00000b35  __TI_auto_init          
00000c0d  UARTStdioConfig         
00000c6d  ConfigureUART           
00000cc9  _c_int00                
00000d19  copy_in                 
00000d65  UARTwrite               
00000df5  C$$EXIT                 
00000df9  abort                   
00000e01  exit                    
00000e39  __aeabi_uidiv           
00000e39  __aeabi_uidivmod        
00000e79  GPIODirModeSet          
00000ec5  UARTprintf              
00000edf  __aeabi_idiv0           
00000ee1  _args_main              
00000ef9  _register_unlock        
00000eff  _register_lock          
00000f07  _nop                    
00000f0d  GPIOPinTypeEthernetLED  
00000f1f  __TI_decompress_none    
00000f2d  __TI_zero_init          
00000f39  GPIOPinWrite            
00000f3f  ResetISR                
00000f45  SysCtlDelay             
00000f4b  __TI_decompress_rle24   
00000f51  _system_pre_init        
00001158  __TI_Handler_Table_Base 
00001164  __TI_Handler_Table_Limit
00001170  __TI_CINIT_Base         
00001180  __TI_CINIT_Limit        
20000000  __stack                 
20000200  __STACK_END             
20000200  __STACK_TOP             
20000200  _lock                   
20000204  _unlock                 
20000208  __TI_cleanup_ptr        
2000020c  __TI_dtors_ptr          
20000218  main_func_sp            
2000021c  g_ui32SysClock          
ffffffff  __binit__               
ffffffff  __c_args__              
ffffffff  binit                   
UNDEFED   SHT$$INIT_ARRAY$$Base   
UNDEFED   SHT$$INIT_ARRAY$$Limit  

[64 symbols]
