******************************************************************************
                  TI ARM Linker PC v16.9.0                     
******************************************************************************
>> Linked Sun May 21 09:58:40 2017

OUTPUT FILE NAME:   <aes128_ccm_encrypt.out>
ENTRY POINT SYMBOL: "_c_int00"  address: 00001819


MEMORY CONFIGURATION

         name            origin    length      used     unused   attr    fill
----------------------  --------  ---------  --------  --------  ----  --------
  FLASH                 00000000   00100000  00001e4c  000fe1b4  R  X
  SRAM                  20000000   00040000  00000b28  0003f4d8  RW X


SEGMENT ALLOCATION MAP

run origin  load origin   length   init length attrs members
----------  ----------- ---------- ----------- ----- -------
00000000    00000000    00001e50   00001e50    r-x
  00000000    00000000    00000200   00000200    r-- .intvecs
  00000200    00000200    000018c0   000018c0    r-x .text
  00001ac0    00001ac0    0000026c   0000026c    r-- .const
  00001d30    00001d30    00000120   00000120    r-- .cinit
20000000    20000000    00000b28   00000000    rw-
  20000000    20000000    00000408   00000000    rw- .bss
  20000408    20000408    00000400   00000000    rw- .stack
  20000808    20000808    00000320   00000000    rw- .data


SECTION ALLOCATION MAP

 output                                  attributes/
section   page    origin      length       input sections
--------  ----  ----------  ----------   ----------------
.intvecs   0    00000000    00000200     
                  00000000    00000200     startup_ccs.obj (.intvecs)

.text      0    00000200    000018c0     
                  00000200    0000042b     aes128_ccm_encrypt.obj (.text:main)
                  0000062b    00000001     --HOLE-- [fill = 0]
                  0000062c    000003c4     aes128_ccm_encrypt.obj (.text:AES128CCMEncrypt)
                  000009f0    000002f8     aes128_ccm_encrypt.obj (.text:AESIntHandler)
                  00000ce8    00000218     pinout.obj (.text:PinoutSet)
                  00000f00    00000200     driverlib.lib : sysctl.obj (.text:SysCtlClockFreqSet)
                  00001100    000001ea     uartstdio.obj (.text:UARTvprintf)
                  000012ea    00000132     driverlib.lib : gpio.obj (.text:GPIOPadConfigSet)
                  0000141c    000000d8     aes128_ccm_encrypt.obj (.text:AESInit)
                  000014f4    0000009c     rtsv7M4_T_le_v4SPD16_eabi.lib : memcpy_t2.obj (.text)
                  00001590    0000007a                                   : memset_t2.obj (.text)
                  0000160a    00000002     startup_ccs.obj (.text:FaultISR)
                  0000160c    00000070     rtsv7M4_T_le_v4SPD16_eabi.lib : autoinit.obj (.text)
                  0000167c    0000006c     pinout.obj (.text:LEDWrite)
                  000016e8    00000068     aes128_ccm_encrypt.obj (.text:ConfigureUART)
                  00001750    00000068     rtsv7M4_T_le_v4SPD16_eabi.lib : copy_decompress_lzss.obj (.text:decompress:lzss)
                  000017b8    00000060     uartstdio.obj (.text:UARTStdioConfig)
                  00001818    00000054     rtsv7M4_T_le_v4SPD16_eabi.lib : boot.obj (.text)
                  0000186c    00000054                                   : exit.obj (.text)
                  000018c0    0000004c                                   : cpy_tbl.obj (.text)
                  0000190c    00000048     uartstdio.obj (.text:UARTwrite)
                  00001954    00000048     driverlib.lib : sysctl.obj (.text:_SysCtlFrequencyGet)
                  0000199c    00000040     rtsv7M4_T_le_v4SPD16_eabi.lib : u_divt2.obj (.text)
                  000019dc    0000002a     driverlib.lib : gpio.obj (.text:GPIODirModeSet)
                  00001a06    00000002     startup_ccs.obj (.text:IntDefaultHandler)
                  00001a08    00000020     driverlib.lib : sysctl.obj (.text:_SysCtlMemTimingGet)
                  00001a28    0000001a     uartstdio.obj (.text:UARTprintf)
                  00001a42    00000002     startup_ccs.obj (.text:NmiSR)
                  00001a44    00000018     rtsv7M4_T_le_v4SPD16_eabi.lib : args_main.obj (.text)
                  00001a5c    00000014                                   : _lock.obj (.text)
                  00001a70    00000012     driverlib.lib : gpio.obj (.text:GPIOPinTypeEthernetLED)
                  00001a82    0000000e     aes128_ccm_encrypt.obj (.text:LengthRoundUp)
                  00001a90    0000000e     rtsv7M4_T_le_v4SPD16_eabi.lib : copy_decompress_none.obj (.text:decompress:none)
                  00001a9e    0000000c                                   : copy_zero_init.obj (.text:decompress:ZI)
                  00001aaa    00000006     driverlib.lib : gpio.obj (.text:GPIOPinWrite)
                  00001ab0    00000006     startup_ccs.obj (.text:ResetISR)
                  00001ab6    00000004     rtsv7M4_T_le_v4SPD16_eabi.lib : pre_init.obj (.text)
                  00001aba    00000002                                   : i_div0.obj (.text)
                  00001abc    00000002                                   : mpu_init.obj (.text)
                  00001abe    00000002                                   : startup.obj (.text)

.const     0    00001ac0    0000026c     
                  00001ac0    000001b0     driverlib.lib : sysctl.obj (.const:g_pppui32XTALtoVCO)
                  00001c70    0000006c                   : sysctl.obj (.const:g_pui32Xtals)
                  00001cdc    00000030                   : sysctl.obj (.const:g_sXTALtoMEMTIM)
                  00001d0c    0000000c     uartstdio.obj (.const:g_ui32UARTBase)
                  00001d18    0000000c     uartstdio.obj (.const:g_ui32UARTPeriph)
                  00001d24    00000008     driverlib.lib : sysctl.obj (.const)

.cinit     0    00001d30    00000120     
                  00001d30    000000fa     (.cinit..data.load) [load image, compression = lzss]
                  00001e2a    00000002     --HOLE-- [fill = 0]
                  00001e2c    0000000c     (__TI_handler_table)
                  00001e38    00000008     (.cinit..bss.load) [load image, compression = zero_init]
                  00001e40    00000010     (__TI_cinit_table)

.init_array 
*          0    00000000    00000000     UNINITIALIZED

.bss       0    20000000    00000408     UNINITIALIZED
                  20000000    00000400     (.common:g_psDMAControlTable)
                  20000400    00000008     aes128_ccm_encrypt.obj (.bss)

.stack     0    20000408    00000400     UNINITIALIZED
                  20000408    00000400     --HOLE--

.data      0    20000808    00000320     UNINITIALIZED
                  20000808    00000300     aes128_ccm_encrypt.obj (.data:g_psAESCCMTestVectors)
                  20000b08    0000000c     rtsv7M4_T_le_v4SPD16_eabi.lib : exit.obj (.data:$O1$$)
                  20000b14    00000008                                   : _lock.obj (.data:$O1$$)
                  20000b1c    00000005     uartstdio.obj (.data)
                  20000b21    00000003     --HOLE--
                  20000b24    00000004     rtsv7M4_T_le_v4SPD16_eabi.lib : stkdepth_vars.obj (.data)

MODULE SUMMARY

       Module                     code   ro data   rw data
       ------                     ----   -------   -------
    .\
       aes128_ccm_encrypt.obj     3125   0         1800   
       startup_ccs.obj            12     512       0      
    +--+--------------------------+------+---------+---------+
       Total:                     3137   512       1800   
                                                          
    .\drivers\
       pinout.obj                 644    0         0      
    +--+--------------------------+------+---------+---------+
       Total:                     644    0         0      
                                                          
    .\utils\
       uartstdio.obj              684    24        5      
    +--+--------------------------+------+---------+---------+
       Total:                     684    24        5      
                                                          
    C:/ti/TivaWare_C_Series-2.1.4.178/driverlib/ccs/Debug/driverlib.lib
       sysctl.obj                 616    596       0      
       gpio.obj                   372    0         0      
    +--+--------------------------+------+---------+---------+
       Total:                     988    596       0      
                                                          
    C:\ti\ccsv7\tools\compiler\ti-cgt-arm_16.9.0.LTS\lib\rtsv7M4_T_le_v4SPD16_eabi.lib
       memcpy_t2.obj              156    0         0      
       memset_t2.obj              122    0         0      
       autoinit.obj               112    0         0      
       copy_decompress_lzss.obj   104    0         0      
       exit.obj                   84     0         12     
       boot.obj                   84     0         0      
       cpy_tbl.obj                76     0         0      
       u_divt2.obj                64     0         0      
       _lock.obj                  20     0         8      
       args_main.obj              24     0         0      
       copy_decompress_none.obj   14     0         0      
       copy_zero_init.obj         12     0         0      
       pre_init.obj               4      0         0      
       stkdepth_vars.obj          0      0         4      
       i_div0.obj                 2      0         0      
       mpu_init.obj               2      0         0      
       startup.obj                2      0         0      
    +--+--------------------------+------+---------+---------+
       Total:                     882    0         24     
                                                          
       Stack:                     0      0         1024   
       Linker Generated:          0      286       0      
    +--+--------------------------+------+---------+---------+
       Grand Total:               6335   1418      2853   


LINKER GENERATED COPY TABLES

__TI_cinit_table @ 00001e40 records: 2, size/record: 8, table size: 16
	.data: load addr=00001d30, load size=000000fa bytes, run addr=20000808, run size=00000320 bytes, compression=lzss
	.bss: load addr=00001e38, load size=00000008 bytes, run addr=20000000, run size=00000408 bytes, compression=zero_init


LINKER GENERATED HANDLER TABLE

__TI_handler_table @ 00001e2c records: 3, size/record: 4, table size: 12
	index: 0, handler: __TI_decompress_lzss
	index: 1, handler: __TI_decompress_none
	index: 2, handler: __TI_zero_init


GLOBAL SYMBOLS: SORTED ALPHABETICALLY BY Name 

address   name                           
-------   ----                           
0000062d  AES128CCMEncrypt               
0000141d  AESInit                        
000009f1  AESIntHandler                  
0000186d  C$$EXIT                        
000016e9  ConfigureUART                  
000019dd  GPIODirModeSet                 
000012eb  GPIOPadConfigSet               
00001a71  GPIOPinTypeEthernetLED         
00001aab  GPIOPinWrite                   
0000167d  LEDWrite                       
00001a83  LengthRoundUp                  
00000ce9  PinoutSet                      
00001ab1  ResetISR                       
UNDEFED   SHT$$INIT_ARRAY$$Base          
UNDEFED   SHT$$INIT_ARRAY$$Limit         
00000f01  SysCtlClockFreqSet             
000017b9  UARTStdioConfig                
00001a29  UARTprintf                     
00001101  UARTvprintf                    
0000190d  UARTwrite                      
20000808  __STACK_END                    
00000400  __STACK_SIZE                   
20000808  __STACK_TOP                    
00001e40  __TI_CINIT_Base                
00001e50  __TI_CINIT_Limit               
00001e2c  __TI_Handler_Table_Base        
00001e38  __TI_Handler_Table_Limit       
0000160d  __TI_auto_init                 
20000b08  __TI_cleanup_ptr               
00001751  __TI_decompress_lzss           
00001a91  __TI_decompress_none           
20000b0c  __TI_dtors_ptr                 
20000b10  __TI_enable_exit_profile_output
ffffffff  __TI_pprof_out_hndl            
ffffffff  __TI_prof_data_size            
ffffffff  __TI_prof_data_start           
00000000  __TI_static_base__             
00001a9f  __TI_zero_init                 
00001abb  __aeabi_idiv0                  
00001591  __aeabi_memclr                 
00001591  __aeabi_memclr4                
00001591  __aeabi_memclr8                
000014f5  __aeabi_memcpy                 
000014f5  __aeabi_memcpy4                
000014f5  __aeabi_memcpy8                
00001593  __aeabi_memset                 
00001593  __aeabi_memset4                
00001593  __aeabi_memset8                
0000199d  __aeabi_uidiv                  
0000199d  __aeabi_uidivmod               
ffffffff  __binit__                      
ffffffff  __c_args__                     
00001abd  __mpu_init                     
20000408  __stack                        
00001a45  _args_main                     
00001819  _c_int00                       
20000b14  _lock                          
00001a6b  _nop                           
00001a63  _register_lock                 
00001a5d  _register_unlock               
00001abf  _system_post_cinit             
00001ab7  _system_pre_init               
20000b18  _unlock                        
00001871  abort                          
ffffffff  binit                          
000018c1  copy_in                        
00001879  exit                           
00000000  g_pfnVectors                   
20000808  g_psAESCCMTestVectors          
20000000  g_psDMAControlTable            
00000201  main                           
20000b24  main_func_sp                   
000014f5  memcpy                         
00001599  memset                         


GLOBAL SYMBOLS: SORTED BY Symbol Address 

address   name                           
-------   ----                           
00000000  __TI_static_base__             
00000000  g_pfnVectors                   
00000201  main                           
00000400  __STACK_SIZE                   
0000062d  AES128CCMEncrypt               
000009f1  AESIntHandler                  
00000ce9  PinoutSet                      
00000f01  SysCtlClockFreqSet             
00001101  UARTvprintf                    
000012eb  GPIOPadConfigSet               
0000141d  AESInit                        
000014f5  __aeabi_memcpy                 
000014f5  __aeabi_memcpy4                
000014f5  __aeabi_memcpy8                
000014f5  memcpy                         
00001591  __aeabi_memclr                 
00001591  __aeabi_memclr4                
00001591  __aeabi_memclr8                
00001593  __aeabi_memset                 
00001593  __aeabi_memset4                
00001593  __aeabi_memset8                
00001599  memset                         
0000160d  __TI_auto_init                 
0000167d  LEDWrite                       
000016e9  ConfigureUART                  
00001751  __TI_decompress_lzss           
000017b9  UARTStdioConfig                
00001819  _c_int00                       
0000186d  C$$EXIT                        
00001871  abort                          
00001879  exit                           
000018c1  copy_in                        
0000190d  UARTwrite                      
0000199d  __aeabi_uidiv                  
0000199d  __aeabi_uidivmod               
000019dd  GPIODirModeSet                 
00001a29  UARTprintf                     
00001a45  _args_main                     
00001a5d  _register_unlock               
00001a63  _register_lock                 
00001a6b  _nop                           
00001a71  GPIOPinTypeEthernetLED         
00001a83  LengthRoundUp                  
00001a91  __TI_decompress_none           
00001a9f  __TI_zero_init                 
00001aab  GPIOPinWrite                   
00001ab1  ResetISR                       
00001ab7  _system_pre_init               
00001abb  __aeabi_idiv0                  
00001abd  __mpu_init                     
00001abf  _system_post_cinit             
00001e2c  __TI_Handler_Table_Base        
00001e38  __TI_Handler_Table_Limit       
00001e40  __TI_CINIT_Base                
00001e50  __TI_CINIT_Limit               
20000000  g_psDMAControlTable            
20000408  __stack                        
20000808  __STACK_END                    
20000808  __STACK_TOP                    
20000808  g_psAESCCMTestVectors          
20000b08  __TI_cleanup_ptr               
20000b0c  __TI_dtors_ptr                 
20000b10  __TI_enable_exit_profile_output
20000b14  _lock                          
20000b18  _unlock                        
20000b24  main_func_sp                   
ffffffff  __TI_pprof_out_hndl            
ffffffff  __TI_prof_data_size            
ffffffff  __TI_prof_data_start           
ffffffff  __binit__                      
ffffffff  __c_args__                     
ffffffff  binit                          
UNDEFED   SHT$$INIT_ARRAY$$Base          
UNDEFED   SHT$$INIT_ARRAY$$Limit         

[74 symbols]
