******************************************************************************
                  TI ARM Linker PC v5.2.5                      
******************************************************************************
>> Linked Fri Jul 22 12:46:50 2016

OUTPUT FILE NAME:   <interrupts.out>
ENTRY POINT SYMBOL: "_c_int00"  address: 000010a9


MEMORY CONFIGURATION

         name            origin    length      used     unused   attr    fill
----------------------  --------  ---------  --------  --------  ----  --------
  FLASH                 00000000   00100000  000015ea  000fea16  R  X
  SRAM                  20000000   00040000  00000234  0003fdcc  RW X


SEGMENT ALLOCATION MAP

run origin  load origin   length   init length attrs members
----------  ----------- ---------- ----------- ----- -------
00000000    00000000    000015f0   000015f0    r-x
  00000000    00000000    00000200   00000200    r-- .intvecs
  00000200    00000200    000011be   000011be    r-x .text
  000013c0    000013c0    000001f4   000001f4    r-- .const
  000015b8    000015b8    00000038   00000038    r-- .cinit
20000000    20000000    00000234   00000000    rw-
  20000000    20000000    00000200   00000000    rw- .stack
  20000200    20000200    0000001c   00000000    rw- .data
  2000021c    2000021c    00000018   00000000    rw- .bss


SECTION ALLOCATION MAP

 output                                  attributes/
section   page    origin      length       input sections
--------  ----  ----------  ----------   ----------------
.intvecs   0    00000000    00000200     
                  00000000    00000200     startup_ccs.obj (.intvecs)

.text      0    00000200    000011be     
                  00000200    000002d8     interrupts.obj (.text:main)
                  000004d8    00000214     pinout.obj (.text:PinoutSet)
                  000006ec    00000204     driverlib.lib : sysctl.obj (.text:SysCtlClockFreqSet)
                  000008f0    000001ea     uartstdio.obj (.text:UARTvprintf)
                  00000ada    00000132     driverlib.lib : gpio.obj (.text:GPIOPadConfigSet)
                  00000c0c    00000128     interrupts.obj (.text:DisplayIntStatus)
                  00000d34    0000009c     rtsv7M4_T_le_v4SPD16_eabi.lib : memcpy_t2.obj (.text)
                  00000dd0    0000007a                                   : memset_t2.obj (.text)
                  00000e4a    00000002     startup_ccs.obj (.text:FaultISR)
                  00000e4c    00000074     interrupts.obj (.text:ConfigureUART)
                  00000ec0    0000006c     rtsv7M4_T_le_v4SPD16_eabi.lib : autoinit.obj (.text)
                  00000f2c    0000006a                                   : copy_decompress_rle.obj (.text)
                  00000f96    00000002     startup_ccs.obj (.text:IntDefaultHandler)
                  00000f98    00000060     uartstdio.obj (.text:UARTStdioConfig)
                  00000ff8    00000058     interrupts.obj (.text:IntGPIOb)
                  00001050    00000058     interrupts.obj (.text:IntGPIOc)
                  000010a8    00000050     rtsv7M4_T_le_v4SPD16_eabi.lib : boot.obj (.text)
                  000010f8    0000004c                                   : cpy_tbl.obj (.text)
                  00001144    00000048     interrupts.obj (.text:IntGPIOa)
                  0000118c    00000048     uartstdio.obj (.text:UARTwrite)
                  000011d4    00000048     driverlib.lib : sysctl.obj (.text:_SysCtlFrequencyGet)
                  0000121c    00000044     rtsv7M4_T_le_v4SPD16_eabi.lib : exit.obj (.text)
                  00001260    00000040                                   : u_divt2.obj (.text)
                  000012a0    00000030     interrupts.obj (.text:Delay)
                  000012d0    0000002a     driverlib.lib : gpio.obj (.text:GPIODirModeSet)
                  000012fa    00000002     startup_ccs.obj (.text:NmiSR)
                  000012fc    00000020     driverlib.lib : sysctl.obj (.text:_SysCtlMemTimingGet)
                  0000131c    0000001a     uartstdio.obj (.text:UARTprintf)
                  00001336    00000018     driverlib.lib : gpio.obj (.text:GPIOPinTypeGPIOOutput)
                  0000134e    00000002     rtsv7M4_T_le_v4SPD16_eabi.lib : i_div0.obj (.text)
                  00001350    00000018                                   : args_main.obj (.text)
                  00001368    00000014                                   : _lock.obj (.text)
                  0000137c    00000012     driverlib.lib : gpio.obj (.text:GPIOPinTypeEthernetLED)
                  0000138e    0000000e     rtsv7M4_T_le_v4SPD16_eabi.lib : copy_decompress_none.obj (.text:decompress:none)
                  0000139c    0000000c                                   : copy_zero_init.obj (.text:decompress:ZI)
                  000013a8    00000006     driverlib.lib : gpio.obj (.text:GPIOPinWrite)
                  000013ae    00000006     startup_ccs.obj (.text:ResetISR)
                  000013b4    00000006     rtsv7M4_T_le_v4SPD16_eabi.lib : copy_decompress_rle.obj (.text:decompress:rle24)
                  000013ba    00000004                                   : pre_init.obj (.text)

.const     0    000013c0    000001f4     
                  000013c0    00000120     driverlib.lib : sysctl.obj (.const:g_pppui32XTALtoVCO)
                  000014e0    0000006c                   : sysctl.obj (.const:g_pui32Xtals)
                  0000154c    00000030                   : sysctl.obj (.const:g_sXTALtoMEMTIM)
                  0000157c    0000001c     uartstdio.obj (.const)
                  00001598    00000012     uartstdio.obj (.const:.string)
                  000015aa    00000002     --HOLE-- [fill = 0]
                  000015ac    00000008     driverlib.lib : sysctl.obj (.const)

.cinit     0    000015b8    00000038     
                  000015b8    0000000f     (.cinit..data.load) [load image, compression = rle]
                  000015c7    00000001     --HOLE-- [fill = 0]
                  000015c8    0000000c     (__TI_handler_table)
                  000015d4    00000004     --HOLE-- [fill = 0]
                  000015d8    00000008     (.cinit..bss.load) [load image, compression = zero_init]
                  000015e0    00000010     (__TI_cinit_table)

.init_array 
*          0    00000000    00000000     UNINITIALIZED

.stack     0    20000000    00000200     UNINITIALIZED
                  20000000    00000200     --HOLE--

.data      0    20000200    0000001c     UNINITIALIZED
                  20000200    00000008     rtsv7M4_T_le_v4SPD16_eabi.lib : _lock.obj (.data)
                  20000208    00000008                                   : exit.obj (.data)
                  20000210    00000005     uartstdio.obj (.data)
                  20000215    00000003     --HOLE--
                  20000218    00000004     rtsv7M4_T_le_v4SPD16_eabi.lib : stkdepth_vars.obj (.data)

.bss       0    2000021c    00000018     UNINITIALIZED
                  2000021c    00000004     (.common:g_ui32GPIOa)
                  20000220    00000004     (.common:g_ui32GPIOb)
                  20000224    00000004     (.common:g_ui32GPIOc)
                  20000228    00000004     (.common:g_ui32Index)
                  2000022c    00000004     (.common:g_ui32IntMode)
                  20000230    00000004     (.common:g_ui32SysClock)

.TI.persistent 
*          0    20000200    00000000     UNINITIALIZED

.TI.noinit 
*          0    2000021c    00000000     UNINITIALIZED


LINKER GENERATED COPY TABLES

__TI_cinit_table @ 000015e0 records: 2, size/record: 8, table size: 16
	.data: load addr=000015b8, load size=0000000f bytes, run addr=20000200, run size=0000001c bytes, compression=rle
	.bss: load addr=000015d8, load size=00000008 bytes, run addr=2000021c, run size=00000018 bytes, compression=zero_init


LINKER GENERATED HANDLER TABLE

__TI_handler_table @ 000015c8 records: 3, size/record: 4, table size: 12
	index: 0, handler: __TI_decompress_rle24
	index: 1, handler: __TI_decompress_none
	index: 2, handler: __TI_zero_init


GLOBAL SYMBOLS: SORTED ALPHABETICALLY BY Name 

address   name                    
-------   ----                    
0000121d  C$$EXIT                 
00000e4d  ConfigureUART           
000012a1  Delay                   
00000c0d  DisplayIntStatus        
000012d1  GPIODirModeSet          
00000adb  GPIOPadConfigSet        
0000137d  GPIOPinTypeEthernetLED  
00001337  GPIOPinTypeGPIOOutput   
000013a9  GPIOPinWrite            
00001145  IntGPIOa                
00000ff9  IntGPIOb                
00001051  IntGPIOc                
000004d9  PinoutSet               
000013af  ResetISR                
UNDEFED   SHT$$INIT_ARRAY$$Base   
UNDEFED   SHT$$INIT_ARRAY$$Limit  
000006ed  SysCtlClockFreqSet      
00000f99  UARTStdioConfig         
0000131d  UARTprintf              
000008f1  UARTvprintf             
0000118d  UARTwrite               
20000200  __STACK_END             
00000200  __STACK_SIZE            
20000200  __STACK_TOP             
000015e0  __TI_CINIT_Base         
000015f0  __TI_CINIT_Limit        
000015c8  __TI_Handler_Table_Base 
000015d4  __TI_Handler_Table_Limit
00000ec1  __TI_auto_init          
20000208  __TI_cleanup_ptr        
0000138f  __TI_decompress_none    
000013b5  __TI_decompress_rle24   
2000020c  __TI_dtors_ptr          
00000000  __TI_static_base__      
0000139d  __TI_zero_init          
0000134f  __aeabi_idiv0           
00000dd1  __aeabi_memclr          
00000dd1  __aeabi_memclr4         
00000dd1  __aeabi_memclr8         
00000d35  __aeabi_memcpy          
00000d35  __aeabi_memcpy4         
00000d35  __aeabi_memcpy8         
00000dd3  __aeabi_memset          
00000dd3  __aeabi_memset4         
00000dd3  __aeabi_memset8         
00001261  __aeabi_uidiv           
00001261  __aeabi_uidivmod        
ffffffff  __binit__               
ffffffff  __c_args__              
20000000  __stack                 
00001351  _args_main              
000010a9  _c_int00                
20000200  _lock                   
00001377  _nop                    
0000136f  _register_lock          
00001369  _register_unlock        
000013bb  _system_pre_init        
20000204  _unlock                 
00001221  abort                   
ffffffff  binit                   
000010f9  copy_in                 
00001229  exit                    
00000000  g_pfnVectors            
2000021c  g_ui32GPIOa             
20000220  g_ui32GPIOb             
20000224  g_ui32GPIOc             
20000228  g_ui32Index             
2000022c  g_ui32IntMode           
20000230  g_ui32SysClock          
00000201  main                    
20000218  main_func_sp            
00000d35  memcpy                  
00000dd9  memset                  


GLOBAL SYMBOLS: SORTED BY Symbol Address 

address   name                    
-------   ----                    
00000000  __TI_static_base__      
00000000  g_pfnVectors            
00000200  __STACK_SIZE            
00000201  main                    
000004d9  PinoutSet               
000006ed  SysCtlClockFreqSet      
000008f1  UARTvprintf             
00000adb  GPIOPadConfigSet        
00000c0d  DisplayIntStatus        
00000d35  __aeabi_memcpy          
00000d35  __aeabi_memcpy4         
00000d35  __aeabi_memcpy8         
00000d35  memcpy                  
00000dd1  __aeabi_memclr          
00000dd1  __aeabi_memclr4         
00000dd1  __aeabi_memclr8         
00000dd3  __aeabi_memset          
00000dd3  __aeabi_memset4         
00000dd3  __aeabi_memset8         
00000dd9  memset                  
00000e4d  ConfigureUART           
00000ec1  __TI_auto_init          
00000f99  UARTStdioConfig         
00000ff9  IntGPIOb                
00001051  IntGPIOc                
000010a9  _c_int00                
000010f9  copy_in                 
00001145  IntGPIOa                
0000118d  UARTwrite               
0000121d  C$$EXIT                 
00001221  abort                   
00001229  exit                    
00001261  __aeabi_uidiv           
00001261  __aeabi_uidivmod        
000012a1  Delay                   
000012d1  GPIODirModeSet          
0000131d  UARTprintf              
00001337  GPIOPinTypeGPIOOutput   
0000134f  __aeabi_idiv0           
00001351  _args_main              
00001369  _register_unlock        
0000136f  _register_lock          
00001377  _nop                    
0000137d  GPIOPinTypeEthernetLED  
0000138f  __TI_decompress_none    
0000139d  __TI_zero_init          
000013a9  GPIOPinWrite            
000013af  ResetISR                
000013b5  __TI_decompress_rle24   
000013bb  _system_pre_init        
000015c8  __TI_Handler_Table_Base 
000015d4  __TI_Handler_Table_Limit
000015e0  __TI_CINIT_Base         
000015f0  __TI_CINIT_Limit        
20000000  __stack                 
20000200  __STACK_END             
20000200  __STACK_TOP             
20000200  _lock                   
20000204  _unlock                 
20000208  __TI_cleanup_ptr        
2000020c  __TI_dtors_ptr          
20000218  main_func_sp            
2000021c  g_ui32GPIOa             
20000220  g_ui32GPIOb             
20000224  g_ui32GPIOc             
20000228  g_ui32Index             
2000022c  g_ui32IntMode           
20000230  g_ui32SysClock          
ffffffff  __binit__               
ffffffff  __c_args__              
ffffffff  binit                   
UNDEFED   SHT$$INIT_ARRAY$$Base   
UNDEFED   SHT$$INIT_ARRAY$$Limit  

[73 symbols]
