******************************************************************************
                  TI ARM Linker PC v16.9.0                     
******************************************************************************
>> Linked Sun May 21 10:03:53 2017

OUTPUT FILE NAME:   <interrupts.out>
ENTRY POINT SYMBOL: "_c_int00"  address: 000010a9


MEMORY CONFIGURATION

         name            origin    length      used     unused   attr    fill
----------------------  --------  ---------  --------  --------  ----  --------
  FLASH                 00000000   00100000  00001676  000fe98a  R  X
  SRAM                  20000000   00040000  00000238  0003fdc8  RW X


SEGMENT ALLOCATION MAP

run origin  load origin   length   init length attrs members
----------  ----------- ---------- ----------- ----- -------
00000000    00000000    00001678   00001678    r-x
  00000000    00000000    00000200   00000200    r-- .intvecs
  00000200    00000200    000011d2   000011d2    r-x .text
  000013d4    000013d4    0000026c   0000026c    r-- .const
  00001640    00001640    00000038   00000038    r-- .cinit
20000000    20000000    00000238   00000000    rw-
  20000000    20000000    00000200   00000000    rw- .stack
  20000200    20000200    00000020   00000000    rw- .data
  20000220    20000220    00000018   00000000    rw- .bss


SECTION ALLOCATION MAP

 output                                  attributes/
section   page    origin      length       input sections
--------  ----  ----------  ----------   ----------------
.intvecs   0    00000000    00000200     
                  00000000    00000200     startup_ccs.obj (.intvecs)

.text      0    00000200    000011d2     
                  00000200    000002d8     interrupts.obj (.text:main)
                  000004d8    00000218     pinout.obj (.text:PinoutSet)
                  000006f0    00000200     driverlib.lib : sysctl.obj (.text:SysCtlClockFreqSet)
                  000008f0    000001ea     uartstdio.obj (.text:UARTvprintf)
                  00000ada    00000132     driverlib.lib : gpio.obj (.text:GPIOPadConfigSet)
                  00000c0c    00000128     interrupts.obj (.text:DisplayIntStatus)
                  00000d34    0000009c     rtsv7M4_T_le_v4SPD16_eabi.lib : memcpy_t2.obj (.text)
                  00000dd0    0000007a                                   : memset_t2.obj (.text)
                  00000e4a    00000002     startup_ccs.obj (.text:FaultISR)
                  00000e4c    00000074     interrupts.obj (.text:ConfigureUART)
                  00000ec0    00000070     rtsv7M4_T_le_v4SPD16_eabi.lib : autoinit.obj (.text)
                  00000f30    00000068                                   : copy_decompress_lzss.obj (.text:decompress:lzss)
                  00000f98    00000060     uartstdio.obj (.text:UARTStdioConfig)
                  00000ff8    00000058     interrupts.obj (.text:IntGPIOb)
                  00001050    00000058     interrupts.obj (.text:IntGPIOc)
                  000010a8    00000054     rtsv7M4_T_le_v4SPD16_eabi.lib : boot.obj (.text)
                  000010fc    00000054                                   : exit.obj (.text)
                  00001150    0000004c                                   : cpy_tbl.obj (.text)
                  0000119c    00000048     interrupts.obj (.text:IntGPIOa)
                  000011e4    00000048     uartstdio.obj (.text:UARTwrite)
                  0000122c    00000048     driverlib.lib : sysctl.obj (.text:_SysCtlFrequencyGet)
                  00001274    00000040     rtsv7M4_T_le_v4SPD16_eabi.lib : u_divt2.obj (.text)
                  000012b4    00000030     interrupts.obj (.text:Delay)
                  000012e4    0000002a     driverlib.lib : gpio.obj (.text:GPIODirModeSet)
                  0000130e    00000002     startup_ccs.obj (.text:IntDefaultHandler)
                  00001310    00000020     driverlib.lib : sysctl.obj (.text:_SysCtlMemTimingGet)
                  00001330    0000001a     uartstdio.obj (.text:UARTprintf)
                  0000134a    00000018     driverlib.lib : gpio.obj (.text:GPIOPinTypeGPIOOutput)
                  00001362    00000002     startup_ccs.obj (.text:NmiSR)
                  00001364    00000018     rtsv7M4_T_le_v4SPD16_eabi.lib : args_main.obj (.text)
                  0000137c    00000014                                   : _lock.obj (.text)
                  00001390    00000012     driverlib.lib : gpio.obj (.text:GPIOPinTypeEthernetLED)
                  000013a2    0000000e     rtsv7M4_T_le_v4SPD16_eabi.lib : copy_decompress_none.obj (.text:decompress:none)
                  000013b0    0000000c                                   : copy_zero_init.obj (.text:decompress:ZI)
                  000013bc    00000006     driverlib.lib : gpio.obj (.text:GPIOPinWrite)
                  000013c2    00000006     startup_ccs.obj (.text:ResetISR)
                  000013c8    00000004     rtsv7M4_T_le_v4SPD16_eabi.lib : pre_init.obj (.text)
                  000013cc    00000002                                   : i_div0.obj (.text)
                  000013ce    00000002                                   : mpu_init.obj (.text)
                  000013d0    00000002                                   : startup.obj (.text)

.const     0    000013d4    0000026c     
                  000013d4    000001b0     driverlib.lib : sysctl.obj (.const:g_pppui32XTALtoVCO)
                  00001584    0000006c                   : sysctl.obj (.const:g_pui32Xtals)
                  000015f0    00000030                   : sysctl.obj (.const:g_sXTALtoMEMTIM)
                  00001620    0000000c     uartstdio.obj (.const:g_ui32UARTBase)
                  0000162c    0000000c     uartstdio.obj (.const:g_ui32UARTPeriph)
                  00001638    00000008     driverlib.lib : sysctl.obj (.const)

.cinit     0    00001640    00000038     
                  00001640    00000011     (.cinit..data.load) [load image, compression = lzss]
                  00001651    00000003     --HOLE-- [fill = 0]
                  00001654    0000000c     (__TI_handler_table)
                  00001660    00000008     (.cinit..bss.load) [load image, compression = zero_init]
                  00001668    00000010     (__TI_cinit_table)

.init_array 
*          0    00000000    00000000     UNINITIALIZED

.stack     0    20000000    00000200     UNINITIALIZED
                  20000000    00000200     --HOLE--

.data      0    20000200    00000020     UNINITIALIZED
                  20000200    0000000c     rtsv7M4_T_le_v4SPD16_eabi.lib : exit.obj (.data:$O1$$)
                  2000020c    00000008                                   : _lock.obj (.data:$O1$$)
                  20000214    00000005     uartstdio.obj (.data)
                  20000219    00000003     --HOLE--
                  2000021c    00000004     rtsv7M4_T_le_v4SPD16_eabi.lib : stkdepth_vars.obj (.data)

.bss       0    20000220    00000018     UNINITIALIZED
                  20000220    00000004     (.common:g_ui32GPIOa)
                  20000224    00000004     (.common:g_ui32GPIOb)
                  20000228    00000004     (.common:g_ui32GPIOc)
                  2000022c    00000004     (.common:g_ui32Index)
                  20000230    00000004     (.common:g_ui32IntMode)
                  20000234    00000004     (.common:g_ui32SysClock)

MODULE SUMMARY

       Module                     code   ro data   rw data
       ------                     ----   -------   -------
    .\
       interrupts.obj             1436   0         24     
       startup_ccs.obj            12     512       0      
    +--+--------------------------+------+---------+---------+
       Total:                     1448   512       24     
                                                          
    .\drivers\
       pinout.obj                 536    0         0      
    +--+--------------------------+------+---------+---------+
       Total:                     536    0         0      
                                                          
    .\utils\
       uartstdio.obj              684    24        5      
    +--+--------------------------+------+---------+---------+
       Total:                     684    24        5      
                                                          
    C:/ti/TivaWare_C_Series-2.1.4.178/driverlib/ccs/Debug/driverlib.lib
       sysctl.obj                 616    596       0      
       gpio.obj                   396    0         0      
    +--+--------------------------+------+---------+---------+
       Total:                     1012   596       0      
                                                          
    C:\ti\ccsv7\tools\compiler\ti-cgt-arm_16.9.0.LTS\lib\rtsv7M4_T_le_v4SPD16_eabi.lib
       memcpy_t2.obj              156    0         0      
       memset_t2.obj              122    0         0      
       autoinit.obj               112    0         0      
       copy_decompress_lzss.obj   104    0         0      
       exit.obj                   84     0         12     
       boot.obj                   84     0         0      
       cpy_tbl.obj                76     0         0      
       u_divt2.obj                64     0         0      
       _lock.obj                  20     0         8      
       args_main.obj              24     0         0      
       copy_decompress_none.obj   14     0         0      
       copy_zero_init.obj         12     0         0      
       pre_init.obj               4      0         0      
       stkdepth_vars.obj          0      0         4      
       i_div0.obj                 2      0         0      
       mpu_init.obj               2      0         0      
       startup.obj                2      0         0      
    +--+--------------------------+------+---------+---------+
       Total:                     882    0         24     
                                                          
       Stack:                     0      0         512    
       Linker Generated:          0      53        0      
    +--+--------------------------+------+---------+---------+
       Grand Total:               4562   1185      565    


LINKER GENERATED COPY TABLES

__TI_cinit_table @ 00001668 records: 2, size/record: 8, table size: 16
	.data: load addr=00001640, load size=00000011 bytes, run addr=20000200, run size=00000020 bytes, compression=lzss
	.bss: load addr=00001660, load size=00000008 bytes, run addr=20000220, run size=00000018 bytes, compression=zero_init


LINKER GENERATED HANDLER TABLE

__TI_handler_table @ 00001654 records: 3, size/record: 4, table size: 12
	index: 0, handler: __TI_decompress_lzss
	index: 1, handler: __TI_decompress_none
	index: 2, handler: __TI_zero_init


GLOBAL SYMBOLS: SORTED ALPHABETICALLY BY Name 

address   name                           
-------   ----                           
000010fd  C$$EXIT                        
00000e4d  ConfigureUART                  
000012b5  Delay                          
00000c0d  DisplayIntStatus               
000012e5  GPIODirModeSet                 
00000adb  GPIOPadConfigSet               
00001391  GPIOPinTypeEthernetLED         
0000134b  GPIOPinTypeGPIOOutput          
000013bd  GPIOPinWrite                   
0000119d  IntGPIOa                       
00000ff9  IntGPIOb                       
00001051  IntGPIOc                       
000004d9  PinoutSet                      
000013c3  ResetISR                       
UNDEFED   SHT$$INIT_ARRAY$$Base          
UNDEFED   SHT$$INIT_ARRAY$$Limit         
000006f1  SysCtlClockFreqSet             
00000f99  UARTStdioConfig                
00001331  UARTprintf                     
000008f1  UARTvprintf                    
000011e5  UARTwrite                      
20000200  __STACK_END                    
00000200  __STACK_SIZE                   
20000200  __STACK_TOP                    
00001668  __TI_CINIT_Base                
00001678  __TI_CINIT_Limit               
00001654  __TI_Handler_Table_Base        
00001660  __TI_Handler_Table_Limit       
00000ec1  __TI_auto_init                 
20000200  __TI_cleanup_ptr               
00000f31  __TI_decompress_lzss           
000013a3  __TI_decompress_none           
20000204  __TI_dtors_ptr                 
20000208  __TI_enable_exit_profile_output
ffffffff  __TI_pprof_out_hndl            
ffffffff  __TI_prof_data_size            
ffffffff  __TI_prof_data_start           
00000000  __TI_static_base__             
000013b1  __TI_zero_init                 
000013cd  __aeabi_idiv0                  
00000dd1  __aeabi_memclr                 
00000dd1  __aeabi_memclr4                
00000dd1  __aeabi_memclr8                
00000d35  __aeabi_memcpy                 
00000d35  __aeabi_memcpy4                
00000d35  __aeabi_memcpy8                
00000dd3  __aeabi_memset                 
00000dd3  __aeabi_memset4                
00000dd3  __aeabi_memset8                
00001275  __aeabi_uidiv                  
00001275  __aeabi_uidivmod               
ffffffff  __binit__                      
ffffffff  __c_args__                     
000013cf  __mpu_init                     
20000000  __stack                        
00001365  _args_main                     
000010a9  _c_int00                       
2000020c  _lock                          
0000138b  _nop                           
00001383  _register_lock                 
0000137d  _register_unlock               
000013d1  _system_post_cinit             
000013c9  _system_pre_init               
20000210  _unlock                        
00001101  abort                          
ffffffff  binit                          
00001151  copy_in                        
00001109  exit                           
00000000  g_pfnVectors                   
20000220  g_ui32GPIOa                    
20000224  g_ui32GPIOb                    
20000228  g_ui32GPIOc                    
2000022c  g_ui32Index                    
20000230  g_ui32IntMode                  
20000234  g_ui32SysClock                 
00000201  main                           
2000021c  main_func_sp                   
00000d35  memcpy                         
00000dd9  memset                         


GLOBAL SYMBOLS: SORTED BY Symbol Address 

address   name                           
-------   ----                           
00000000  __TI_static_base__             
00000000  g_pfnVectors                   
00000200  __STACK_SIZE                   
00000201  main                           
000004d9  PinoutSet                      
000006f1  SysCtlClockFreqSet             
000008f1  UARTvprintf                    
00000adb  GPIOPadConfigSet               
00000c0d  DisplayIntStatus               
00000d35  __aeabi_memcpy                 
00000d35  __aeabi_memcpy4                
00000d35  __aeabi_memcpy8                
00000d35  memcpy                         
00000dd1  __aeabi_memclr                 
00000dd1  __aeabi_memclr4                
00000dd1  __aeabi_memclr8                
00000dd3  __aeabi_memset                 
00000dd3  __aeabi_memset4                
00000dd3  __aeabi_memset8                
00000dd9  memset                         
00000e4d  ConfigureUART                  
00000ec1  __TI_auto_init                 
00000f31  __TI_decompress_lzss           
00000f99  UARTStdioConfig                
00000ff9  IntGPIOb                       
00001051  IntGPIOc                       
000010a9  _c_int00                       
000010fd  C$$EXIT                        
00001101  abort                          
00001109  exit                           
00001151  copy_in                        
0000119d  IntGPIOa                       
000011e5  UARTwrite                      
00001275  __aeabi_uidiv                  
00001275  __aeabi_uidivmod               
000012b5  Delay                          
000012e5  GPIODirModeSet                 
00001331  UARTprintf                     
0000134b  GPIOPinTypeGPIOOutput          
00001365  _args_main                     
0000137d  _register_unlock               
00001383  _register_lock                 
0000138b  _nop                           
00001391  GPIOPinTypeEthernetLED         
000013a3  __TI_decompress_none           
000013b1  __TI_zero_init                 
000013bd  GPIOPinWrite                   
000013c3  ResetISR                       
000013c9  _system_pre_init               
000013cd  __aeabi_idiv0                  
000013cf  __mpu_init                     
000013d1  _system_post_cinit             
00001654  __TI_Handler_Table_Base        
00001660  __TI_Handler_Table_Limit       
00001668  __TI_CINIT_Base                
00001678  __TI_CINIT_Limit               
20000000  __stack                        
20000200  __STACK_END                    
20000200  __STACK_TOP                    
20000200  __TI_cleanup_ptr               
20000204  __TI_dtors_ptr                 
20000208  __TI_enable_exit_profile_output
2000020c  _lock                          
20000210  _unlock                        
2000021c  main_func_sp                   
20000220  g_ui32GPIOa                    
20000224  g_ui32GPIOb                    
20000228  g_ui32GPIOc                    
2000022c  g_ui32Index                    
20000230  g_ui32IntMode                  
20000234  g_ui32SysClock                 
ffffffff  __TI_pprof_out_hndl            
ffffffff  __TI_prof_data_size            
ffffffff  __TI_prof_data_start           
ffffffff  __binit__                      
ffffffff  __c_args__                     
ffffffff  binit                          
UNDEFED   SHT$$INIT_ARRAY$$Base          
UNDEFED   SHT$$INIT_ARRAY$$Limit         

[79 symbols]
