******************************************************************************
                  TI ARM Linker PC v16.9.0                     
******************************************************************************
>> Linked Sun May 21 10:04:30 2017

OUTPUT FILE NAME:   <sha1_hmac.out>
ENTRY POINT SYMBOL: "_c_int00"  address: 00001469


MEMORY CONFIGURATION

         name            origin    length      used     unused   attr    fill
----------------------  --------  ---------  --------  --------  ----  --------
  FLASH                 00000000   00100000  00001e7a  000fe186  R  X
  SRAM                  20000000   00040000  00000cae  0003f352  RW X


SEGMENT ALLOCATION MAP

run origin  load origin   length   init length attrs members
----------  ----------- ---------- ----------- ----- -------
00000000    00000000    00001e80   00001e80    r-x
  00000000    00000000    00000200   00000200    r-- .intvecs
  00000200    00000200    00001536   00001536    r-x .text
  00001738    00001738    0000026c   0000026c    r-- .const
  000019a8    000019a8    000004d8   000004d8    r-- .cinit
20000000    20000000    000004a8   00000000    rw-
  20000000    20000000    000004a8   00000000    rw- .data
20000800    20000800    00000808   00000000    rw-
  20000800    20000800    00000406   00000000    rw- .bss
  20000c08    20000c08    00000400   00000000    rw- .stack


SECTION ALLOCATION MAP

 output                                  attributes/
section   page    origin      length       input sections
--------  ----  ----------  ----------   ----------------
.intvecs   0    00000000    00000200     
                  00000000    00000200     startup_ccs.obj (.intvecs)

.text      0    00000200    00001536     
                  00000200    00000330     sha1_hmac.obj (.text:main)
                  00000530    000002a4     sha1_hmac.obj (.text:SHAMD5IntHandler)
                  000007d4    00000218     pinout.obj (.text:PinoutSet)
                  000009ec    00000200     driverlib.lib : sysctl.obj (.text:SysCtlClockFreqSet)
                  00000bec    000001ea     uartstdio.obj (.text:UARTvprintf)
                  00000dd6    00000002     startup_ccs.obj (.text:FaultISR)
                  00000dd8    000001c8     sha1_hmac.obj (.text:SHA1HMACGenerate)
                  00000fa0    00000132     driverlib.lib : gpio.obj (.text:GPIOPadConfigSet)
                  000010d2    00000002     startup_ccs.obj (.text:IntDefaultHandler)
                  000010d4    000000d8     sha1_hmac.obj (.text:SHAMD5Init)
                  000011ac    0000009c     rtsv7M4_T_le_v4SPD16_eabi.lib : memcpy_t2.obj (.text)
                  00001248    0000007a                                   : memset_t2.obj (.text)
                  000012c2    00000002     startup_ccs.obj (.text:NmiSR)
                  000012c4    00000070     rtsv7M4_T_le_v4SPD16_eabi.lib : autoinit.obj (.text)
                  00001334    0000006c     pinout.obj (.text:LEDWrite)
                  000013a0    00000068     rtsv7M4_T_le_v4SPD16_eabi.lib : copy_decompress_lzss.obj (.text:decompress:lzss)
                  00001408    00000060     uartstdio.obj (.text:UARTStdioConfig)
                  00001468    00000054     rtsv7M4_T_le_v4SPD16_eabi.lib : boot.obj (.text)
                  000014bc    00000054                                   : exit.obj (.text)
                  00001510    0000004c                                   : cpy_tbl.obj (.text)
                  0000155c    00000048     uartstdio.obj (.text:UARTwrite)
                  000015a4    00000048     driverlib.lib : sysctl.obj (.text:_SysCtlFrequencyGet)
                  000015ec    00000040     rtsv7M4_T_le_v4SPD16_eabi.lib : u_divt2.obj (.text)
                  0000162c    00000038     sha1_hmac.obj (.text:ConfigureUART)
                  00001664    0000002a     driverlib.lib : gpio.obj (.text:GPIODirModeSet)
                  0000168e    00000002     rtsv7M4_T_le_v4SPD16_eabi.lib : i_div0.obj (.text)
                  00001690    00000020     driverlib.lib : sysctl.obj (.text:_SysCtlMemTimingGet)
                  000016b0    0000001a     uartstdio.obj (.text:UARTprintf)
                  000016ca    00000002     rtsv7M4_T_le_v4SPD16_eabi.lib : mpu_init.obj (.text)
                  000016cc    00000018                                   : args_main.obj (.text)
                  000016e4    00000014                                   : _lock.obj (.text)
                  000016f8    00000012     driverlib.lib : gpio.obj (.text:GPIOPinTypeEthernetLED)
                  0000170a    0000000e     rtsv7M4_T_le_v4SPD16_eabi.lib : copy_decompress_none.obj (.text:decompress:none)
                  00001718    0000000c                                   : copy_zero_init.obj (.text:decompress:ZI)
                  00001724    00000006     driverlib.lib : gpio.obj (.text:GPIOPinWrite)
                  0000172a    00000006     startup_ccs.obj (.text:ResetISR)
                  00001730    00000004     rtsv7M4_T_le_v4SPD16_eabi.lib : pre_init.obj (.text)
                  00001734    00000002                                   : startup.obj (.text)

.const     0    00001738    0000026c     
                  00001738    000001b0     driverlib.lib : sysctl.obj (.const:g_pppui32XTALtoVCO)
                  000018e8    0000006c                   : sysctl.obj (.const:g_pui32Xtals)
                  00001954    00000030                   : sysctl.obj (.const:g_sXTALtoMEMTIM)
                  00001984    0000000c     uartstdio.obj (.const:g_ui32UARTBase)
                  00001990    0000000c     uartstdio.obj (.const:g_ui32UARTPeriph)
                  0000199c    00000008     driverlib.lib : sysctl.obj (.const)

.cinit     0    000019a8    000004d8     
                  000019a8    000004b0     (.cinit..data.load) [load image]
                  00001e58    0000000c     (__TI_handler_table)
                  00001e64    00000004     --HOLE-- [fill = 0]
                  00001e68    00000008     (.cinit..bss.load) [load image, compression = zero_init]
                  00001e70    00000010     (__TI_cinit_table)

.init_array 
*          0    00000000    00000000     UNINITIALIZED

.data      0    20000000    000004a8     UNINITIALIZED
                  20000000    00000400     sha1_hmac.obj (.data:g_pui32RandomData)
                  20000400    00000048     sha1_hmac.obj (.data:g_psSHA1TestVectors)
                  20000448    00000040     sha1_hmac.obj (.data:g_pui32SHA1HMACKey)
                  20000488    0000000c     rtsv7M4_T_le_v4SPD16_eabi.lib : exit.obj (.data:$O1$$)
                  20000494    00000008                                   : _lock.obj (.data:$O1$$)
                  2000049c    00000005     uartstdio.obj (.data)
                  200004a1    00000003     --HOLE--
                  200004a4    00000004     rtsv7M4_T_le_v4SPD16_eabi.lib : stkdepth_vars.obj (.data)

.bss       0    20000800    00000406     UNINITIALIZED
                  20000800    00000400     (.common:g_psDMAControlTable)
                  20000c00    00000001     (.common:g_bContextInDMADoneFlag)
                  20000c01    00000001     (.common:g_bContextOutDMADoneFlag)
                  20000c02    00000001     (.common:g_bContextReadyFlag)
                  20000c03    00000001     (.common:g_bDataInDMADoneFlag)
                  20000c04    00000001     (.common:g_bInputReadyFlag)
                  20000c05    00000001     (.common:g_bOutputReadyFlag)

.stack     0    20000c08    00000400     UNINITIALIZED
                  20000c08    00000400     --HOLE--

MODULE SUMMARY

       Module                     code   ro data   rw data
       ------                     ----   -------   -------
    .\
       sha1_hmac.obj              2220   0         2190   
       startup_ccs.obj            12     512       0      
    +--+--------------------------+------+---------+---------+
       Total:                     2232   512       2190   
                                                          
    .\drivers\
       pinout.obj                 644    0         0      
    +--+--------------------------+------+---------+---------+
       Total:                     644    0         0      
                                                          
    .\utils\
       uartstdio.obj              684    24        5      
    +--+--------------------------+------+---------+---------+
       Total:                     684    24        5      
                                                          
    C:/ti/TivaWare_C_Series-2.1.4.178/driverlib/ccs/Debug/driverlib.lib
       sysctl.obj                 616    596       0      
       gpio.obj                   372    0         0      
    +--+--------------------------+------+---------+---------+
       Total:                     988    596       0      
                                                          
    C:\ti\ccsv7\tools\compiler\ti-cgt-arm_16.9.0.LTS\lib\rtsv7M4_T_le_v4SPD16_eabi.lib
       memcpy_t2.obj              156    0         0      
       memset_t2.obj              122    0         0      
       autoinit.obj               112    0         0      
       copy_decompress_lzss.obj   104    0         0      
       exit.obj                   84     0         12     
       boot.obj                   84     0         0      
       cpy_tbl.obj                76     0         0      
       u_divt2.obj                64     0         0      
       _lock.obj                  20     0         8      
       args_main.obj              24     0         0      
       copy_decompress_none.obj   14     0         0      
       copy_zero_init.obj         12     0         0      
       pre_init.obj               4      0         0      
       stkdepth_vars.obj          0      0         4      
       i_div0.obj                 2      0         0      
       mpu_init.obj               2      0         0      
       startup.obj                2      0         0      
    +--+--------------------------+------+---------+---------+
       Total:                     882    0         24     
                                                          
       Stack:                     0      0         1024   
       Linker Generated:          0      1236      0      
    +--+--------------------------+------+---------+---------+
       Grand Total:               5430   2368      3243   


LINKER GENERATED COPY TABLES

__TI_cinit_table @ 00001e70 records: 2, size/record: 8, table size: 16
	.data: load addr=000019a8, load size=000004b0 bytes, run addr=20000000, run size=000004a8 bytes, compression=copy
	.bss: load addr=00001e68, load size=00000008 bytes, run addr=20000800, run size=00000406 bytes, compression=zero_init


LINKER GENERATED HANDLER TABLE

__TI_handler_table @ 00001e58 records: 3, size/record: 4, table size: 12
	index: 0, handler: __TI_decompress_lzss
	index: 1, handler: __TI_decompress_none
	index: 2, handler: __TI_zero_init


GLOBAL SYMBOLS: SORTED ALPHABETICALLY BY Name 

address   name                           
-------   ----                           
000014bd  C$$EXIT                        
0000162d  ConfigureUART                  
00001665  GPIODirModeSet                 
00000fa1  GPIOPadConfigSet               
000016f9  GPIOPinTypeEthernetLED         
00001725  GPIOPinWrite                   
00001335  LEDWrite                       
000007d5  PinoutSet                      
0000172b  ResetISR                       
00000dd9  SHA1HMACGenerate               
000010d5  SHAMD5Init                     
00000531  SHAMD5IntHandler               
UNDEFED   SHT$$INIT_ARRAY$$Base          
UNDEFED   SHT$$INIT_ARRAY$$Limit         
000009ed  SysCtlClockFreqSet             
00001409  UARTStdioConfig                
000016b1  UARTprintf                     
00000bed  UARTvprintf                    
0000155d  UARTwrite                      
20001008  __STACK_END                    
00000400  __STACK_SIZE                   
20001008  __STACK_TOP                    
00001e70  __TI_CINIT_Base                
00001e80  __TI_CINIT_Limit               
00001e58  __TI_Handler_Table_Base        
00001e64  __TI_Handler_Table_Limit       
000012c5  __TI_auto_init                 
20000488  __TI_cleanup_ptr               
000013a1  __TI_decompress_lzss           
0000170b  __TI_decompress_none           
2000048c  __TI_dtors_ptr                 
20000490  __TI_enable_exit_profile_output
ffffffff  __TI_pprof_out_hndl            
ffffffff  __TI_prof_data_size            
ffffffff  __TI_prof_data_start           
00000000  __TI_static_base__             
00001719  __TI_zero_init                 
0000168f  __aeabi_idiv0                  
00001249  __aeabi_memclr                 
00001249  __aeabi_memclr4                
00001249  __aeabi_memclr8                
000011ad  __aeabi_memcpy                 
000011ad  __aeabi_memcpy4                
000011ad  __aeabi_memcpy8                
0000124b  __aeabi_memset                 
0000124b  __aeabi_memset4                
0000124b  __aeabi_memset8                
000015ed  __aeabi_uidiv                  
000015ed  __aeabi_uidivmod               
ffffffff  __binit__                      
ffffffff  __c_args__                     
000016cb  __mpu_init                     
20000c08  __stack                        
000016cd  _args_main                     
00001469  _c_int00                       
20000494  _lock                          
000016f3  _nop                           
000016eb  _register_lock                 
000016e5  _register_unlock               
00001735  _system_post_cinit             
00001731  _system_pre_init               
20000498  _unlock                        
000014c1  abort                          
ffffffff  binit                          
00001511  copy_in                        
000014c9  exit                           
20000c00  g_bContextInDMADoneFlag        
20000c01  g_bContextOutDMADoneFlag       
20000c02  g_bContextReadyFlag            
20000c03  g_bDataInDMADoneFlag           
20000c04  g_bInputReadyFlag              
20000c05  g_bOutputReadyFlag             
00000000  g_pfnVectors                   
20000800  g_psDMAControlTable            
20000400  g_psSHA1TestVectors            
20000000  g_pui32RandomData              
20000448  g_pui32SHA1HMACKey             
00000201  main                           
200004a4  main_func_sp                   
000011ad  memcpy                         
00001251  memset                         


GLOBAL SYMBOLS: SORTED BY Symbol Address 

address   name                           
-------   ----                           
00000000  __TI_static_base__             
00000000  g_pfnVectors                   
00000201  main                           
00000400  __STACK_SIZE                   
00000531  SHAMD5IntHandler               
000007d5  PinoutSet                      
000009ed  SysCtlClockFreqSet             
00000bed  UARTvprintf                    
00000dd9  SHA1HMACGenerate               
00000fa1  GPIOPadConfigSet               
000010d5  SHAMD5Init                     
000011ad  __aeabi_memcpy                 
000011ad  __aeabi_memcpy4                
000011ad  __aeabi_memcpy8                
000011ad  memcpy                         
00001249  __aeabi_memclr                 
00001249  __aeabi_memclr4                
00001249  __aeabi_memclr8                
0000124b  __aeabi_memset                 
0000124b  __aeabi_memset4                
0000124b  __aeabi_memset8                
00001251  memset                         
000012c5  __TI_auto_init                 
00001335  LEDWrite                       
000013a1  __TI_decompress_lzss           
00001409  UARTStdioConfig                
00001469  _c_int00                       
000014bd  C$$EXIT                        
000014c1  abort                          
000014c9  exit                           
00001511  copy_in                        
0000155d  UARTwrite                      
000015ed  __aeabi_uidiv                  
000015ed  __aeabi_uidivmod               
0000162d  ConfigureUART                  
00001665  GPIODirModeSet                 
0000168f  __aeabi_idiv0                  
000016b1  UARTprintf                     
000016cb  __mpu_init                     
000016cd  _args_main                     
000016e5  _register_unlock               
000016eb  _register_lock                 
000016f3  _nop                           
000016f9  GPIOPinTypeEthernetLED         
0000170b  __TI_decompress_none           
00001719  __TI_zero_init                 
00001725  GPIOPinWrite                   
0000172b  ResetISR                       
00001731  _system_pre_init               
00001735  _system_post_cinit             
00001e58  __TI_Handler_Table_Base        
00001e64  __TI_Handler_Table_Limit       
00001e70  __TI_CINIT_Base                
00001e80  __TI_CINIT_Limit               
20000000  g_pui32RandomData              
20000400  g_psSHA1TestVectors            
20000448  g_pui32SHA1HMACKey             
20000488  __TI_cleanup_ptr               
2000048c  __TI_dtors_ptr                 
20000490  __TI_enable_exit_profile_output
20000494  _lock                          
20000498  _unlock                        
200004a4  main_func_sp                   
20000800  g_psDMAControlTable            
20000c00  g_bContextInDMADoneFlag        
20000c01  g_bContextOutDMADoneFlag       
20000c02  g_bContextReadyFlag            
20000c03  g_bDataInDMADoneFlag           
20000c04  g_bInputReadyFlag              
20000c05  g_bOutputReadyFlag             
20000c08  __stack                        
20001008  __STACK_END                    
20001008  __STACK_TOP                    
ffffffff  __TI_pprof_out_hndl            
ffffffff  __TI_prof_data_size            
ffffffff  __TI_prof_data_start           
ffffffff  __binit__                      
ffffffff  __c_args__                     
ffffffff  binit                          
UNDEFED   SHT$$INIT_ARRAY$$Base          
UNDEFED   SHT$$INIT_ARRAY$$Limit         

[81 symbols]
