******************************************************************************
                  TI ARM Linker PC v16.9.0                     
******************************************************************************
>> Linked Sun May 21 10:06:06 2017

OUTPUT FILE NAME:   <usb_dev_cserial.out>
ENTRY POINT SYMBOL: "_c_int00"  address: 00002f55


MEMORY CONFIGURATION

         name            origin    length      used     unused   attr    fill
----------------------  --------  ---------  --------  --------  ----  --------
  FLASH                 00000000   00100000  00004fa1  000fb05f  R  X
  SRAM                  20000000   00040000  00000ecc  0003f134  RW X


SEGMENT ALLOCATION MAP

run origin  load origin   length   init length attrs members
----------  ----------- ---------- ----------- ----- -------
00000000    00000000    00004fa8   00004fa8    r-x
  00000000    00000000    00000200   00000200    r-- .intvecs
  00000200    00000200    000046ce   000046ce    r-x .text
  000048d0    000048d0    0000058b   0000058b    r-- .const
  00004e60    00004e60    00000148   00000148    r-- .cinit
20000000    20000000    00000ecc   00000000    rw-
  20000000    20000000    000007a4   00000000    rw- .bss
  200007a4    200007a4    00000400   00000000    rw- .stack
  20000ba4    20000ba4    00000328   00000000    rw- .data


SECTION ALLOCATION MAP

 output                                  attributes/
section   page    origin      length       input sections
--------  ----  ----------  ----------   ----------------
.intvecs   0    00000000    00000200     
                  00000000    00000200     startup_ccs.obj (.intvecs)

.text      0    00000200    000046ce     
                  00000200    00000218     pinout.obj (.text:PinoutSet)
                  00000418    00000200     driverlib.lib : sysctl.obj (.text:SysCtlClockFreqSet)
                  00000618    000001f8     usb_dev_cserial.obj (.text:main)
                  00000810    000001f6     usblib.lib : usbdcomp.obj (.text:BuildCompositeDescriptor)
                  00000a06    00000002     startup_ccs.obj (.text:FaultISR)
                  00000a08    00000160     usblib.lib : usbdma.obj (.text:USBLibDMAInit)
                  00000b68    00000150                : usbdenum.obj (.text:USBDCDInit)
                  00000cb8    00000150                : usbdenum.obj (.text:USBDEP0StateTxConfig)
                  00000e08    00000150                : usbdenum.obj (.text:USBDeviceIntHandlerInternal)
                  00000f58    00000148                : usbdconfig.obj (.text:USBDeviceConfig)
                  000010a0    00000132     driverlib.lib : gpio.obj (.text:GPIOPadConfigSet)
                  000011d2    000000f4     usblib.lib : usbdma.obj (.text:iDMAUSBTransfer)
                  000012c6    00000002     startup_ccs.obj (.text:IntDefaultHandler)
                  000012c8    000000ec     usb_dev_cserial.obj (.text:Cmd_led)
                  000013b4    000000e4     usblib.lib : usbdenum.obj (.text:USBDGetDescriptor)
                  00001498    000000d8                : usbdcdc.obj (.text:USBDCDCCompositeInit)
                  00001570    000000d8                : usbdenum.obj (.text:USBDeviceEnumHandler)
                  00001648    000000d4                : usbdcdc.obj (.text:HandleRequests)
                  0000171c    000000d4                : usbdcomp.obj (.text:USBDCompositeInit)
                  000017f0    000000c4     usb_dev_cserial.obj (.text:ControlHandler)
                  000018b4    000000c4     usblib.lib : usbdma.obj (.text:uDMAUSBChannelAllocate)
                  00001978    000000be                : usbbuffer.obj (.text:HandleRxAvailable)
                  00001a36    000000bc                : usbdma.obj (.text:uDMAUSBTransfer)
                  00001af2    000000b4                : usbdcdc.obj (.text:HandleDevice)
                  00001ba6    00000002     startup_ccs.obj (.text:NmiSR)
                  00001ba8    0000009c     usb_dev_cserial.obj (.text:RxHandlerCmd)
                  00001c44    0000009c     rtsv7M4_T_le_v4SPD16_eabi.lib : memcpy_t2.obj (.text)
                  00001ce0    00000098     usblib.lib : usbdenum.obj (.text:USBDSetInterface)
                  00001d78    00000096                : usbdcdc.obj (.text:CDCTickHandler)
                  00001e0e    00000094                : usbdcdc.obj (.text:SendSerialState)
                  00001ea2    00000092                : usbbuffer.obj (.text:ScheduleNextTransmission)
                  00001f34    00000090                : usbdcdc.obj (.text:USBDCDCPacketRead)
                  00001fc4    00000090                : usbdenum.obj (.text:USBDCDFeatureSet)
                  00002054    00000090                : usbdenum.obj (.text:USBDSetConfiguration)
                  000020e4    0000008c                : usbdconfig.obj (.text:USBDeviceConfigAlternate)
                  00002170    00000084     usb_dev_cserial.obj (.text:GetLineCoding)
                  000021f4    00000084     usblib.lib : usbdma.obj (.text:iDMAUSBChannelAllocate)
                  00002278    00000084     driverlib.lib : udma.obj (.text:uDMAChannelTransferSet)
                  000022fc    00000080     usblib.lib : usbdenum.obj (.text:USBDClearFeature)
                  0000237c    0000007a     driverlib.lib : usb.obj (.text:USBDevEndpointConfigSet)
                  000023f6    0000007a     rtsv7M4_T_le_v4SPD16_eabi.lib : memset_t2.obj (.text)
                  00002470    00000078     usblib.lib : usbdenum.obj (.text:USBDGetStatus)
                  000024e8    00000072                : usbdcdc.obj (.text:ProcessDataFromHost)
                  0000255a    00000002                : usbdma.obj (.text:iDMAUSBArbSizeSet)
                  0000255c    00000070     driverlib.lib : sysctl.obj (.text:SysCtlVCOGet)
                  000025cc    00000070     usblib.lib : usbdenum.obj (.text:USBDEP0StateTx)
                  0000263c    00000070     rtsv7M4_T_le_v4SPD16_eabi.lib : autoinit.obj (.text)
                  000026ac    00000070     usblib.lib : usbdma.obj (.text:uDMAUSBArbSizeSet)
                  0000271c    00000070                : usbdma.obj (.text:uDMAUSBUnitSizeSet)
                  0000278c    0000006c                : usbdcdc.obj (.text:ProcessDataToHost)
                  000027f8    0000006c                : usbdenum.obj (.text:USBDSetFeature)
                  00002864    00000068     driverlib.lib : interrupt.obj (.text:IntDisable)
                  000028cc    00000068                   : interrupt.obj (.text:IntEnable)
                  00002934    00000068     usb_dev_cserial.obj (.text:SetLineCoding)
                  0000299c    00000068     rtsv7M4_T_le_v4SPD16_eabi.lib : copy_decompress_lzss.obj (.text:decompress:lzss)
                  00002a04    00000064     cmdline.obj (.text:CmdLineProcess)
                  00002a68    00000064     usb_dev_cserial.obj (.text:Cmd_help)
                  00002acc    00000064     usblib.lib : usbdcomp.obj (.text:GetDescriptor)
                  00002b30    00000064                : usbdcomp.obj (.text:HandleRequests)
                  00002b94    00000064     driverlib.lib : interrupt.obj (.text:IntIsEnabled)
                  00002bf8    00000064     usblib.lib : usbbuffer.obj (.text:USBBufferEventCallback)
                  00002c5c    00000064                : usbdma.obj (.text:uDMAUSBChannelEnable)
                  00002cc0    00000060     usb_dev_cserial.obj (.text:Echo)
                  00002d20    00000060     usblib.lib : usbdcomp.obj (.text:HandleDevice)
                  00002d80    00000060     usb_dev_cserial.obj (.text:ReadUARTData)
                  00002de0    00000060     usblib.lib : usbdcdc.obj (.text:USBDCDCPacketWrite)
                  00002e40    00000060                : usbdenum.obj (.text:USBDReadAndDispatchRequest)
                  00002ea0    0000005e     driverlib.lib : usb.obj (.text:USBDevEndpointStatusClear)
                  00002efe    00000056     usblib.lib : usbdma.obj (.text:uDMAUSBChannelRelease)
                  00002f54    00000054     rtsv7M4_T_le_v4SPD16_eabi.lib : boot.obj (.text)
                  00002fa8    00000054                                   : exit.obj (.text)
                  00002ffc    00000052     usblib.lib : usbulpi.obj (.text:ULPIConfigSet)
                  0000304e    00000002                : usbdma.obj (.text:iDMAUSBUnitSizeSet)
                  00003050    00000050     driverlib.lib : sysctl.obj (.text:SysCtlPeripheralReset)
                  000030a0    00000050     usblib.lib : usbdcdesc.obj (.text:USBDCDConfigDescGet)
                  000030f0    00000050                : usbdenum.obj (.text:USBDeviceResumeTickHandler)
                  00003140    00000050     usb_dev_cserial.obj (.text:USBUARTIntHandler)
                  00003190    0000004c     usblib.lib : usbdconfig.obj (.text:GetEPDescriptorType)
                  000031dc    0000004c                : usbdenum.obj (.text:USBDStringIndexFromRequest)
                  00003228    0000004c     driverlib.lib : usb.obj (.text:USBEndpointDMAConfigSet)
                  00003274    0000004c     usblib.lib : usbdma.obj (.text:iDMAUSBChannelEnable)
                  000032c0    0000004c     rtsv7M4_T_le_v4SPD16_eabi.lib : cpy_tbl.obj (.text)
                  0000330c    0000004a     usblib.lib : usbdcdesc.obj (.text:ConfigAlternateInterfaceGet)
                  00003356    0000004a                : usbdcdc.obj (.text:HandleEP0Data)
                  000033a0    0000004a                : usbdcdc.obj (.text:HandleEndpoints)
                  000033ea    0000004a     driverlib.lib : usb.obj (.text:USBDevEndpointStallClear)
                  00003434    0000004a     usblib.lib : usbdma.obj (.text:uDMAUSBChannelDisable)
                  0000347e    00000002     rtsv7M4_T_le_v4SPD16_eabi.lib : mpu_init.obj (.text)
                  00003480    00000048     usblib.lib : usbdenum.obj (.text:USBDeviceEnumResetHandler)
                  000034c8    00000048     driverlib.lib : sysctl.obj (.text:_SysCtlFrequencyGet)
                  00003510    00000048                   : udma.obj (.text:uDMAChannelAttributeDisable)
                  00003558    00000046                   : uart.obj (.text:UARTConfigSetExpClk)
                  0000359e    00000046                   : usb.obj (.text:USBEndpointDataGet)
                  000035e4    00000044     usb_dev_cserial.obj (.text:CommandPrint)
                  00003628    00000044     usblib.lib : usbdenum.obj (.text:USBDCDDeviceInfoInit)
                  0000366c    00000044                : usbdenum.obj (.text:USBDGetInterface)
                  000036b0    00000044     usb_dev_cserial.obj (.text:USBUARTPrimeTransmit)
                  000036f4    00000040     usblib.lib : usbdcomp.obj (.text:ConfigChangeHandler)
                  00003734    0000003c                : usbdma.obj (.text:iDMAUSBChannelRelease)
                  00003770    0000003a                : usbdcomp.obj (.text:EndpointToIndex)
                  000037aa    0000003a     driverlib.lib : usb.obj (.text:USBFIFOConfigSet)
                  000037e4    00000038     usblib.lib : usbdcomp.obj (.text:HandleDisconnect)
                  0000381c    00000038                : usbtick.obj (.text:InternalUSBRegisterTickHandler)
                  00003854    00000038                : usbtick.obj (.text:InternalUSBStartOfFrameTick)
                  0000388c    00000038                : usbdcomp.obj (.text:ResetHandler)
                  000038c4    00000038                : usbdcomp.obj (.text:ResumeHandler)
                  000038fc    00000038                : usbdcdc.obj (.text:SendBreak)
                  00003934    00000038                : usbdcomp.obj (.text:SuspendHandler)
                  0000396c    00000038                : usbdcdesc.obj (.text:USBDCDConfigGetInterfaceEndpoint)
                  000039a4    00000038     driverlib.lib : usb.obj (.text:USBIntStatusControl)
                  000039dc    00000038     usblib.lib : usbringbuf.obj (.text:USBRingBufAdvanceWrite)
                  00003a14    00000036                : usbdcomp.obj (.text:InterfaceChange)
                  00003a4a    00000036     driverlib.lib : usb.obj (.text:USBEndpointDataPut)
                  00003a80    00000034     usblib.lib : usbdcdc.obj (.text:HandleConfigChange)
                  00003ab4    00000034     usb_dev_cserial.obj (.text:RxHandlerEcho)
                  00003ae8    00000034     driverlib.lib : sysctl.obj (.text:SysCtlPeripheralEnable)
                  00003b1c    00000034                   : usb.obj (.text:USBEndpointDataSend)
                  00003b50    00000034     usblib.lib : usbdma.obj (.text:iDMAUSBChannelStatus)
                  00003b84    00000032                : usbdcdesc.obj (.text:NextConfigDescGet)
                  00003bb6    00000032                : usbdcdc.obj (.text:ProcessNotificationToHost)
                  00003be8    00000032     driverlib.lib : usb.obj (.text:USBDevEndpointStall)
                  00003c1a    00000032     usblib.lib : usbdma.obj (.text:iDMAUSBChannelDisable)
                  00003c4c    00000030                : usbdma.obj (.text:DMAUSBIntHandler)
                  00003c7c    00000030                : usbtick.obj (.text:InternalUSBTickInit)
                  00003cac    00000030                : usbdenum.obj (.text:USBDGetConfiguration)
                  00003cdc    00000030                : usbringbuf.obj (.text:UpdateIndexAtomic)
                  00003d0c    0000002e                : usbdcomp.obj (.text:HandleEndpoints)
                  00003d3a    0000002e                : usbbuffer.obj (.text:USBBufferWrite)
                  00003d68    0000002e                : usbdcdc.obj (.text:USBDCDCRxPacketAvailable)
                  00003d96    0000002c                : usbdcomp.obj (.text:InterfaceToIndex)
                  00003dc2    0000002c                : usbdesc.obj (.text:USBDescGet)
                  00003dee    0000002c                : usbdma.obj (.text:uDMAUSBIntStatus)
                  00003e1a    0000002a     usb_dev_cserial.obj (.text:CheckForSerialStateChange)
                  00003e44    0000002a     driverlib.lib : gpio.obj (.text:GPIODirModeSet)
                  00003e6e    0000002a     usblib.lib : usbbuffer.obj (.text:HandleRequestBuffer)
                  00003e98    0000002a                : usbdcdc.obj (.text:USBDCDCSerialStateChange)
                  00003ec2    0000002a                : usbdcdesc.obj (.text:USBDCDConfigDescGetNum)
                  00003eec    0000002a                : usbdesc.obj (.text:USBDescGetNum)
                  00003f16    0000002a     driverlib.lib : usb.obj (.text:USBDevEndpointDataAck)
                  00003f40    00000028     usblib.lib : usbbuffer.obj (.text:USBBufferRead)
                  00003f68    00000028                : usbdenum.obj (.text:USBDSetAddress)
                  00003f90    00000028     driverlib.lib : usb.obj (.text:USBIntEnableControl)
                  00003fb8    00000028                   : udma.obj (.text:uDMAChannelModeGet)
                  00003fe0    00000026                   : uart.obj (.text:UARTConfigGetExpClk)
                  00004006    00000024     usblib.lib : usbdcdc.obj (.text:HandleDisconnect)
                  0000402a    00000024                : usbdcdc.obj (.text:SendLineStateChange)
                  0000404e    00000024     driverlib.lib : usb.obj (.text:USBEndpointDMADisable)
                  00004072    00000024                   : usb.obj (.text:USBEndpointDMAEnable)
                  00004096    00000002     rtsv7M4_T_le_v4SPD16_eabi.lib : startup.obj (.text)
                  00004098    00000024     driverlib.lib : udma.obj (.text:uDMAChannelControlSet)
                  000040bc    00000022     usblib.lib : usbdcomp.obj (.text:DataReceived)
                  000040de    00000022                : usbdcomp.obj (.text:DataSent)
                  00004100    00000022                : usbdcdc.obj (.text:SendLineCodingChange)
                  00004122    00000022                : usbdma.obj (.text:uDMAUSBChannelStatus)
                  00004144    00000020                : usbdcdc.obj (.text:CheckAndSendBreak)
                  00004164    00000020                : usbdconfig.obj (.text:GetEndpointFIFOSize)
                  00004184    00000020                : usbbuffer.obj (.text:HandleDataRemaining)
                  000041a4    00000020     usb_dev_cserial.obj (.text:SendBreak)
                  000041c4    00000020     driverlib.lib : uart.obj (.text:UARTDisable)
                  000041e4    00000020     usblib.lib : usbringbuf.obj (.text:USBRingBufAdvanceRead)
                  00004204    00000020     driverlib.lib : sysctl.obj (.text:_SysCtlMemTimingGet)
                  00004224    0000001e     usblib.lib : usbringbuf.obj (.text:USBRingBufContigFree)
                  00004242    0000001e     driverlib.lib : usb.obj (.text:USBULPIRegRead)
                  00004260    0000001e                   : usb.obj (.text:USBULPIRegWrite)
                  0000427e    0000001c     usblib.lib : usbdcomp.obj (.text:CompositeEPChange)
                  0000429a    0000001c                : usbdcomp.obj (.text:CompositeIfaceChange)
                  000042b6    0000001c                : usbdcdesc.obj (.text:USBDCDConfigGetInterface)
                  000042d2    00000002                : usbdma.obj (.text:uDMAUSBChannelIntDisable)
                  000042d4    0000001c                : usbdenum.obj (.text:USBDCDStallEP0)
                  000042f0    0000001c     driverlib.lib : usb.obj (.text:USBEndpointDataAvail)
                  0000430c    0000001c     usblib.lib : usbringbuf.obj (.text:USBRingBufRead)
                  00004328    0000001c                : usbringbuf.obj (.text:USBRingBufWrite)
                  00004344    0000001a                : usbdcdc.obj (.text:DeviceConsumedAllData)
                  0000435e    0000001a                : usbdcdesc.obj (.text:USBDCDConfigDescGetSize)
                  00004378    0000001a     driverlib.lib : usb.obj (.text:USBEndpointDMAChannel)
                  00004392    00000018     usblib.lib : usbdcdc.obj (.text:SetDeferredOpFlag)
                  000043aa    00000002                : usbdma.obj (.text:uDMAUSBChannelIntEnable)
                  000043ac    00000018                : usbdhandler.obj (.text:USB0DeviceIntHandler)
                  000043c4    00000018                : usbbuffer.obj (.text:USBBufferInit)
                  000043dc    00000018                : usbdenum.obj (.text:USBDCDFeatureGet)
                  000043f4    00000018                : usbdenum.obj (.text:USBDSetDescriptor)
                  0000440c    00000018                : usbdenum.obj (.text:USBDSyncFrame)
                  00004424    00000018     rtsv7M4_T_le_v4SPD16_eabi.lib : args_main.obj (.text)
                  0000443c    00000018                                   : strcmp.obj (.text)
                  00004454    00000018     driverlib.lib : udma.obj (.text:uDMAChannelDisable)
                  0000446c    00000018                   : udma.obj (.text:uDMAChannelEnable)
                  00004484    00000016     usblib.lib : usbdcdc.obj (.text:CheckAndSendLineCodingChange)
                  0000449a    00000016                : usbdcdc.obj (.text:CheckAndSendLineStateChange)
                  000044b0    00000016     driverlib.lib : usb.obj (.text:USBIntEnableEndpoint)
                  000044c6    00000016     usblib.lib : usbringbuf.obj (.text:USBRingBufFlush)
                  000044dc    00000016                : usbringbuf.obj (.text:USBRingBufReadOne)
                  000044f2    00000016                : usbringbuf.obj (.text:USBRingBufUsed)
                  00004508    00000014                : usbbuffer.obj (.text:HandleTxComplete)
                  0000451c    00000014     driverlib.lib : sysctl.obj (.text:SysCtlUSBPLLEnable)
                  00004530    00000014                   : systick.obj (.text:SysTickEnable)
                  00004544    00000014                   : systick.obj (.text:SysTickIntEnable)
                  00004558    00000014                   : uart.obj (.text:UARTBreakCtl)
                  0000456c    00000014                   : uart.obj (.text:UARTEnable)
                  00004580    00000014     usblib.lib : usbdcdc.obj (.text:USBDCDCTxPacketAvailable)
                  00004594    00000014                : usbdenum.obj (.text:USBDCDRequestDataEP0)
                  000045a8    00000014                : usbdenum.obj (.text:USBDCDSendDataEP0)
                  000045bc    00000014     driverlib.lib : usb.obj (.text:USBDMAChannelConfigSet)
                  000045d0    00000014                   : usb.obj (.text:USBHostResume)
                  000045e4    00000014                   : usb.obj (.text:_USBIndexWrite)
                  000045f8    00000014     rtsv7M4_T_le_v4SPD16_eabi.lib : _lock.obj (.text)
                  0000460c    00000012     driverlib.lib : gpio.obj (.text:GPIOPinTypeEthernetLED)
                  0000461e    00000012     usblib.lib : usbdcdc.obj (.text:HandleResume)
                  00004630    00000012                : usbdcdc.obj (.text:HandleSuspend)
                  00004642    00000012     driverlib.lib : usb.obj (.text:USBDMAChannelDisable)
                  00004654    00000012                   : usb.obj (.text:USBDMAChannelEnable)
                  00004666    00000012                   : usb.obj (.text:USBDMAChannelIntDisable)
                  00004678    00000012                   : usb.obj (.text:USBDMAChannelIntEnable)
                  0000468a    00000012     usblib.lib : usbringbuf.obj (.text:USBRingBufFree)
                  0000469c    00000010     driverlib.lib : interrupt.obj (.text:IntMasterDisable)
                  000046ac    00000010                   : interrupt.obj (.text:IntMasterEnable)
                  000046bc    00000010     usb_dev_cserial.obj (.text:SysTickIntHandler)
                  000046cc    00000010     driverlib.lib : systick.obj (.text:SysTickPeriodSet)
                  000046dc    00000010                   : usb.obj (.text:USBEndpointStatus)
                  000046ec    00000010     usblib.lib : usbringbuf.obj (.text:USBRingBufContigUsed)
                  000046fc    00000010                : usbringbuf.obj (.text:USBRingBufWriteOne)
                  0000470c    0000000e                : usbdma.obj (.text:DMAUSBIntStatusClear)
                  0000471a    0000000e     driverlib.lib : uart.obj (.text:UARTCharGetNonBlocking)
                  00004728    0000000e                   : uart.obj (.text:UARTCharsAvail)
                  00004736    0000000e                   : uart.obj (.text:UARTSpaceAvail)
                  00004744    0000000e                   : usb.obj (.text:USBDMAChannelStatus)
                  00004752    0000000e                   : usb.obj (.text:USBDevLPMDisable)
                  00004760    0000000e                   : usb.obj (.text:USBDevLPMEnable)
                  0000476e    0000000e                   : usb.obj (.text:USBULPIDisable)
                  0000477c    0000000e                   : usb.obj (.text:USBULPIEnable)
                  0000478a    0000000e     rtsv7M4_T_le_v4SPD16_eabi.lib : copy_decompress_none.obj (.text:decompress:none)
                  00004798    0000000c     driverlib.lib : cpu.obj (.text:CPUcpsid)
                  000047a4    0000000c                   : cpu.obj (.text:CPUcpsie)
                  000047b0    0000000c                   : usb.obj (.text:USBEndpointPacketCountSet)
                  000047bc    0000000c                   : usb.obj (.text:USBLPMIntEnable)
                  000047c8    0000000c     usblib.lib : usbringbuf.obj (.text:USBRingBufInit)
                  000047d4    0000000c     rtsv7M4_T_le_v4SPD16_eabi.lib : copy_zero_init.obj (.text:decompress:ZI)
                  000047e0    0000000a     driverlib.lib : uart.obj (.text:UARTCharPut)
                  000047ea    0000000a                   : uart.obj (.text:UARTIntDisable)
                  000047f4    0000000a                   : uart.obj (.text:UARTIntStatus)
                  000047fe    0000000a                   : usb.obj (.text:USBClockEnable)
                  00004808    0000000a                   : usb.obj (.text:USBControllerVersion)
                  00004812    0000000a                   : usb.obj (.text:USBDMAChannelAddressSet)
                  0000481c    0000000a                   : usb.obj (.text:USBDMAChannelCountSet)
                  00004826    0000000a                   : usb.obj (.text:USBDevConnect)
                  00004830    0000000a                   : usb.obj (.text:USBDevDisconnect)
                  0000483a    0000000a                   : usb.obj (.text:USBIntStatusEndpoint)
                  00004844    00000008                   : uart.obj (.text:UARTBusy)
                  0000484c    00000008                   : uart.obj (.text:UARTIntEnable)
                  00004854    00000008                   : usb.obj (.text:USBDevMode)
                  0000485c    00000008                   : usb.obj (.text:USBFIFOAddrGet)
                  00004864    00000008                   : usb.obj (.text:USBOTGMode)
                  0000486c    00000008     usblib.lib : usbdma.obj (.text:iDMAUSBChannelIntDisable)
                  00004874    00000008                : usbdma.obj (.text:iDMAUSBChannelIntEnable)
                  0000487c    00000006     startup_ccs.obj (.text:ResetISR)
                  00004882    00000006     driverlib.lib : uart.obj (.text:UARTFIFOLevelSet)
                  00004888    00000006     usblib.lib : usbbuffer.obj (.text:USBBufferDataAvailable)
                  0000488e    00000006                : usbbuffer.obj (.text:USBBufferFlush)
                  00004894    00000006                : usbbuffer.obj (.text:USBBufferSpaceAvailable)
                  0000489a    00000006     driverlib.lib : usb.obj (.text:USBDMAChannelIntStatus)
                  000048a0    00000006                   : usb.obj (.text:USBDevLPMConfig)
                  000048a6    00000006                   : usb.obj (.text:USBLPMIntStatus)
                  000048ac    00000006     usblib.lib : usbdma.obj (.text:iDMAUSBIntStatus)
                  000048b2    00000004     usb_dev_cserial.obj (.text:Cmd_echo)
                  000048b6    00000004     usblib.lib : usbdma.obj (.text:DMAUSBStatus)
                  000048ba    00000004     usb_dev_cserial.obj (.text:TxHandlerCmd)
                  000048be    00000004     usb_dev_cserial.obj (.text:TxHandlerEcho)
                  000048c2    00000004     driverlib.lib : uart.obj (.text:UARTIntClear)
                  000048c6    00000004                   : usb.obj (.text:USBDevAddrSet)
                  000048ca    00000004     rtsv7M4_T_le_v4SPD16_eabi.lib : pre_init.obj (.text)

.const     0    000048d0    0000058b     
                  000048d0    000001b0     driverlib.lib : sysctl.obj (.const:g_pppui32XTALtoVCO)
                  00004a80    000000a2     usb_dev_cserial.obj (.const:.string)
                  00004b22    00000002     --HOLE-- [fill = 0]
                  00004b24    00000070     driverlib.lib : interrupt.obj (.const)
                  00004b94    0000006c                   : sysctl.obj (.const:g_pui32Xtals)
                  00004c00    00000058     usblib.lib : usbdcdc.obj (.const)
                  00004c58    00000036     usb_structs.obj (.const:.string:g_pui8ConfigString)
                  00004c8e    00000002     --HOLE-- [fill = 0]
                  00004c90    00000034     usblib.lib : usbdenum.obj (.const:g_psUSBDStdRequests)
                  00004cc4    00000030                : usbdcdc.obj (.const:g_sCDCHandlers)
                  00004cf4    00000030                : usbdcomp.obj (.const:g_sCompHandlers)
                  00004d24    00000030     driverlib.lib : sysctl.obj (.const:g_sXTALtoMEMTIM)
                  00004d54    0000002e     usblib.lib : usbdcdc.obj (.const:.string)
                  00004d82    0000002c     usb_structs.obj (.const:.string:g_pui8ControlInterfaceString)
                  00004dae    00000024     usb_structs.obj (.const:.string:g_pui8ManufacturerString)
                  00004dd2    00000023     usblib.lib : usbdcdc.obj (.const:.string:g_pui8CDCSerCommInterface)
                  00004df5    00000022     usb_structs.obj (.const:.string:g_pui8ProductString)
                  00004e17    00000001     --HOLE-- [fill = 0]
                  00004e18    00000018     usb_structs.obj (.const:g_pui8StringDescriptors)
                  00004e30    00000012     usb_structs.obj (.const:.string:g_pui8SerialNumberString)
                  00004e42    00000009     usblib.lib : usbdcomp.obj (.const:.string)
                  00004e4b    00000001     --HOLE-- [fill = 0]
                  00004e4c    00000008     driverlib.lib : sysctl.obj (.const)
                  00004e54    00000004     usb_structs.obj (.const:.string:g_pui8LangDescriptor)
                  00004e58    00000003     usb_dev_cserial.obj (.const:.string:g_pcBackspace)

.cinit     0    00004e60    00000148     
                  00004e60    0000011d     (.cinit..data.load) [load image, compression = lzss]
                  00004f7d    00000003     --HOLE-- [fill = 0]
                  00004f80    0000000c     (__TI_handler_table)
                  00004f8c    00000004     --HOLE-- [fill = 0]
                  00004f90    00000008     (.cinit..bss.load) [load image, compression = zero_init]
                  00004f98    00000010     (__TI_cinit_table)

.init_array 
*          0    00000000    00000000     UNINITIALIZED

.bss       0    20000000    000007a4     UNINITIALIZED
                  20000000    00000200     (.common:g_ppcUSBTxBuffer)
                  20000200    00000200     (.common:g_ppui8USBRxBuffer)
                  20000400    00000110     usblib.lib : usbdma.obj (.bss:g_psUSBDMAInst)
                  20000510    00000100     usb_dev_cserial.obj (.bss:g_pcCmdBuf)
                  20000610    00000084     (.common:g_pucDescriptorData)
                  20000694    00000050     usblib.lib : usbdenum.obj (.bss:g_psDCDInst)
                  200006e4    00000040                : usbdenum.obj (.bss:g_pui8DataBufferIn)
                  20000724    00000024     cmdline.obj (.bss:g_ppcArgv)
                  20000748    00000018     (.common:g_pfnTickHandlers)
                  20000760    00000018     (.common:g_psCompEntries)
                  20000778    00000018     (.common:g_pvTickInstance)
                  20000790    00000004     usb_dev_cserial.obj (.bss)
                  20000794    00000004     (.common:g_pcStatus)
                  20000798    00000004     (.common:g_ppCompConfigDescriptors)
                  2000079c    00000004     (.common:g_ppsDevInfo)
                  200007a0    00000004     (.common:g_ui32ULPISupport)

.stack     0    200007a4    00000400     UNINITIALIZED
                  200007a4    00000400     --HOLE--

.data      0    20000ba4    00000328     UNINITIALIZED
                  20000ba4    000000c0     usb_structs.obj (.data:g_psCDCDevice)
                  20000c64    0000007c     usb_structs.obj (.data:g_sCompDevice)
                  20000ce0    00000070     usb_structs.obj (.data:g_psRxBuffer)
                  20000d50    00000070     usb_structs.obj (.data:g_psTxBuffer)
                  20000dc0    0000005e     usblib.lib : usbdcdc.obj (.data)
                  20000e1e    00000002     --HOLE--
                  20000e20    00000048     usb_dev_cserial.obj (.data:g_psCmdTable)
                  20000e68    00000019     usb_dev_cserial.obj (.data)
                  20000e81    00000012     usblib.lib : usbdcomp.obj (.data)
                  20000e93    00000001     --HOLE--
                  20000e94    0000000c     rtsv7M4_T_le_v4SPD16_eabi.lib : exit.obj (.data:$O1$$)
                  20000ea0    0000000c     usblib.lib : usbtick.obj (.data)
                  20000eac    00000009                : usbmode.obj (.data)
                  20000eb5    00000003     --HOLE--
                  20000eb8    00000008     rtsv7M4_T_le_v4SPD16_eabi.lib : _lock.obj (.data:$O1$$)
                  20000ec0    00000008     usblib.lib : usbdenum.obj (.data)
                  20000ec8    00000004     rtsv7M4_T_le_v4SPD16_eabi.lib : stkdepth_vars.obj (.data)

MODULE SUMMARY

       Module                     code    ro data   rw data
       ------                     ----    -------   -------
    .\
       usb_dev_cserial.obj        1990    165       493    
       usb_structs.obj            0       214       1588   
       startup_ccs.obj            12      512       0      
    +--+--------------------------+-------+---------+---------+
       Total:                     2002    891       2081   
                                                           
    .\drivers\
       pinout.obj                 536     0         0      
    +--+--------------------------+-------+---------+---------+
       Total:                     536     0         0      
                                                           
    .\utils\
       cmdline.obj                100     0         36     
    +--+--------------------------+-------+---------+---------+
       Total:                     100     0         36     
                                                           
    C:/ti/TivaWare_C_Series-2.1.4.178/driverlib/ccs/Debug/driverlib.lib
       sysctl.obj                 880     596       0      
       usb.obj                    1354    0         0      
       interrupt.obj              340     112       0      
       gpio.obj                   366     0         0      
       udma.obj                   328     0         0      
       uart.obj                   278     0         0      
       systick.obj                56      0         0      
       cpu.obj                    24      0         0      
    +--+--------------------------+-------+---------+---------+
       Total:                     3626    708       0      
                                                           
    C:/ti/TivaWare_C_Series-2.1.4.178/usblib/ccs/Debug/usblib.lib
       usbdenum.obj               3048    52        160    
       usbdcdc.obj                2050    217       94     
       usbdma.obj                 2008    0         272    
       usbdcomp.obj               1624    57        22     
       usbbuffer.obj              658     0         0      
       usbdconfig.obj             576     0         0      
       usbdcdesc.obj              356     0         0      
       usbringbuf.obj             350     0         0      
       usbtick.obj                160     0         60     
       usbdesc.obj                86      0         0      
       usbulpi.obj                82      0         0      
       usbdhandler.obj            24      0         0      
       usbmode.obj                0       0         9      
    +--+--------------------------+-------+---------+---------+
       Total:                     11022   326       617    
                                                           
    C:\ti\ccsv7\tools\compiler\ti-cgt-arm_16.9.0.LTS\lib\rtsv7M4_T_le_v4SPD16_eabi.lib
       memcpy_t2.obj              156     0         0      
       memset_t2.obj              122     0         0      
       autoinit.obj               112     0         0      
       copy_decompress_lzss.obj   104     0         0      
       exit.obj                   84      0         12     
       boot.obj                   84      0         0      
       cpy_tbl.obj                76      0         0      
       _lock.obj                  20      0         8      
       args_main.obj              24      0         0      
       strcmp.obj                 24      0         0      
       copy_decompress_none.obj   14      0         0      
       copy_zero_init.obj         12      0         0      
       pre_init.obj               4       0         0      
       stkdepth_vars.obj          0       0         4      
       mpu_init.obj               2       0         0      
       startup.obj                2       0         0      
    +--+--------------------------+-------+---------+---------+
       Total:                     840     0         24     
                                                           
       Stack:                     0       0         1024   
       Linker Generated:          0       321       0      
    +--+--------------------------+-------+---------+---------+
       Grand Total:               18126   2246      3782   


LINKER GENERATED COPY TABLES

__TI_cinit_table @ 00004f98 records: 2, size/record: 8, table size: 16
	.data: load addr=00004e60, load size=0000011d bytes, run addr=20000ba4, run size=00000328 bytes, compression=lzss
	.bss: load addr=00004f90, load size=00000008 bytes, run addr=20000000, run size=000007a4 bytes, compression=zero_init


LINKER GENERATED HANDLER TABLE

__TI_handler_table @ 00004f80 records: 3, size/record: 4, table size: 12
	index: 0, handler: __TI_decompress_lzss
	index: 1, handler: __TI_decompress_none
	index: 2, handler: __TI_zero_init


GLOBAL SYMBOLS: SORTED ALPHABETICALLY BY Name 

address   name                            
-------   ----                            
00000811  BuildCompositeDescriptor        
00002fa9  C$$EXIT                         
00004799  CPUcpsid                        
000047a5  CPUcpsie                        
00002a05  CmdLineProcess                  
000048b3  Cmd_echo                        
00002a69  Cmd_help                        
000012c9  Cmd_led                         
000035e5  CommandPrint                    
000017f1  ControlHandler                  
00002cc1  Echo                            
00003e45  GPIODirModeSet                  
000010a1  GPIOPadConfigSet                
0000460d  GPIOPinTypeEthernetLED          
00002865  IntDisable                      
000028cd  IntEnable                       
00002b95  IntIsEnabled                    
0000469d  IntMasterDisable                
000046ad  IntMasterEnable                 
0000381d  InternalUSBRegisterTickHandler  
00003855  InternalUSBStartOfFrameTick     
00003c7d  InternalUSBTickInit             
00000201  PinoutSet                       
000024e9  ProcessDataFromHost             
0000278d  ProcessDataToHost               
00003bb7  ProcessNotificationToHost       
0000487d  ResetISR                        
00001ba9  RxHandlerCmd                    
00003ab5  RxHandlerEcho                   
UNDEFED   SHT$$INIT_ARRAY$$Base           
UNDEFED   SHT$$INIT_ARRAY$$Limit          
00000419  SysCtlClockFreqSet              
00003ae9  SysCtlPeripheralEnable          
00003051  SysCtlPeripheralReset           
0000451d  SysCtlUSBPLLEnable              
0000255d  SysCtlVCOGet                    
00004531  SysTickEnable                   
00004545  SysTickIntEnable                
000046bd  SysTickIntHandler               
000046cd  SysTickPeriodSet                
000048bb  TxHandlerCmd                    
000048bf  TxHandlerEcho                   
00004559  UARTBreakCtl                    
00004845  UARTBusy                        
0000471b  UARTCharGetNonBlocking          
000047e1  UARTCharPut                     
00004729  UARTCharsAvail                  
00003fe1  UARTConfigGetExpClk             
00003559  UARTConfigSetExpClk             
000041c5  UARTDisable                     
0000456d  UARTEnable                      
00004883  UARTFIFOLevelSet                
000048c3  UARTIntClear                    
000047eb  UARTIntDisable                  
0000484d  UARTIntEnable                   
000047f5  UARTIntStatus                   
00004737  UARTSpaceAvail                  
00002ffd  ULPIConfigSet                   
000043ad  USB0DeviceIntHandler            
00004889  USBBufferDataAvailable          
00002bf9  USBBufferEventCallback          
0000488f  USBBufferFlush                  
000043c5  USBBufferInit                   
00003f41  USBBufferRead                   
00004895  USBBufferSpaceAvailable         
00003d3b  USBBufferWrite                  
000047ff  USBClockEnable                  
00004809  USBControllerVersion            
00001499  USBDCDCCompositeInit            
00001f35  USBDCDCPacketRead               
00002de1  USBDCDCPacketWrite              
00003d69  USBDCDCRxPacketAvailable        
00003e99  USBDCDCSerialStateChange        
00004581  USBDCDCTxPacketAvailable        
000030a1  USBDCDConfigDescGet             
00003ec3  USBDCDConfigDescGetNum          
0000435f  USBDCDConfigDescGetSize         
000042b7  USBDCDConfigGetInterface        
0000396d  USBDCDConfigGetInterfaceEndpoint
00003629  USBDCDDeviceInfoInit            
000043dd  USBDCDFeatureGet                
00001fc5  USBDCDFeatureSet                
00000b69  USBDCDInit                      
00004595  USBDCDRequestDataEP0            
000045a9  USBDCDSendDataEP0               
000042d5  USBDCDStallEP0                  
0000171d  USBDCompositeInit               
00004813  USBDMAChannelAddressSet         
000045bd  USBDMAChannelConfigSet          
0000481d  USBDMAChannelCountSet           
00004643  USBDMAChannelDisable            
00004655  USBDMAChannelEnable             
00004667  USBDMAChannelIntDisable         
00004679  USBDMAChannelIntEnable          
0000489b  USBDMAChannelIntStatus          
00004745  USBDMAChannelStatus             
00003dc3  USBDescGet                      
00003eed  USBDescGetNum                   
000048c7  USBDevAddrSet                   
00004827  USBDevConnect                   
00004831  USBDevDisconnect                
0000237d  USBDevEndpointConfigSet         
00003f17  USBDevEndpointDataAck           
00003be9  USBDevEndpointStall             
000033eb  USBDevEndpointStallClear        
00002ea1  USBDevEndpointStatusClear       
000048a1  USBDevLPMConfig                 
00004753  USBDevLPMDisable                
00004761  USBDevLPMEnable                 
00004855  USBDevMode                      
00000f59  USBDeviceConfig                 
000020e5  USBDeviceConfigAlternate        
00001571  USBDeviceEnumHandler            
00003481  USBDeviceEnumResetHandler       
00000e09  USBDeviceIntHandlerInternal     
000030f1  USBDeviceResumeTickHandler      
00004379  USBEndpointDMAChannel           
00003229  USBEndpointDMAConfigSet         
0000404f  USBEndpointDMADisable           
00004073  USBEndpointDMAEnable            
000042f1  USBEndpointDataAvail            
0000359f  USBEndpointDataGet              
00003a4b  USBEndpointDataPut              
00003b1d  USBEndpointDataSend             
000047b1  USBEndpointPacketCountSet       
000046dd  USBEndpointStatus               
0000485d  USBFIFOAddrGet                  
000037ab  USBFIFOConfigSet                
000045d1  USBHostResume                   
00003f91  USBIntEnableControl             
000044b1  USBIntEnableEndpoint            
000039a5  USBIntStatusControl             
0000483b  USBIntStatusEndpoint            
000047bd  USBLPMIntEnable                 
000048a7  USBLPMIntStatus                 
00000a09  USBLibDMAInit                   
00004865  USBOTGMode                      
000041e5  USBRingBufAdvanceRead           
000039dd  USBRingBufAdvanceWrite          
00004225  USBRingBufContigFree            
000046ed  USBRingBufContigUsed            
000044c7  USBRingBufFlush                 
0000468b  USBRingBufFree                  
000047c9  USBRingBufInit                  
0000430d  USBRingBufRead                  
000044dd  USBRingBufReadOne               
000044f3  USBRingBufUsed                  
00004329  USBRingBufWrite                 
000046fd  USBRingBufWriteOne              
00003141  USBUARTIntHandler               
0000476f  USBULPIDisable                  
0000477d  USBULPIEnable                   
00004243  USBULPIRegRead                  
00004261  USBULPIRegWrite                 
20000ba4  __STACK_END                     
00000400  __STACK_SIZE                    
20000ba4  __STACK_TOP                     
00004f98  __TI_CINIT_Base                 
00004fa8  __TI_CINIT_Limit                
00004f80  __TI_Handler_Table_Base         
00004f8c  __TI_Handler_Table_Limit        
0000263d  __TI_auto_init                  
20000e94  __TI_cleanup_ptr                
0000299d  __TI_decompress_lzss            
0000478b  __TI_decompress_none            
20000e98  __TI_dtors_ptr                  
20000e9c  __TI_enable_exit_profile_output 
ffffffff  __TI_pprof_out_hndl             
ffffffff  __TI_prof_data_size             
ffffffff  __TI_prof_data_start            
00000000  __TI_static_base__              
000047d5  __TI_zero_init                  
000023f7  __aeabi_memclr                  
000023f7  __aeabi_memclr4                 
000023f7  __aeabi_memclr8                 
00001c45  __aeabi_memcpy                  
00001c45  __aeabi_memcpy4                 
00001c45  __aeabi_memcpy8                 
000023f9  __aeabi_memset                  
000023f9  __aeabi_memset4                 
000023f9  __aeabi_memset8                 
ffffffff  __binit__                       
ffffffff  __c_args__                      
0000347f  __mpu_init                      
200007a4  __stack                         
00004425  _args_main                      
00002f55  _c_int00                        
20000eb8  _lock                           
00004607  _nop                            
000045ff  _register_lock                  
000045f9  _register_unlock                
00004097  _system_post_cinit              
000048cb  _system_pre_init                
20000ebc  _unlock                         
00002fad  abort                           
ffffffff  binit                           
000032c1  copy_in                         
00002fb5  exit                            
20000ea0  g_bUSBTimerInitialized          
20000eac  g_iUSBMode                      
00004c50  g_pCDCCompSerConfigDescriptors  
00004c54  g_pCDCCompSerConfigDescriptorsHS
20000794  g_pcStatus                      
20000748  g_pfnTickHandlers               
00000000  g_pfnVectors                    
00004c48  g_ppCDCSerConfigDescriptors     
00004c4c  g_ppCDCSerConfigDescriptorsHS   
20000798  g_ppCompConfigDescriptors       
20000000  g_ppcUSBTxBuffer                
2000079c  g_ppsDevInfo                    
20000200  g_ppui8USBRxBuffer              
20000dfc  g_psCDCCompSerSections          
20000e0c  g_psCDCCompSerSectionsHS        
20000ba4  g_psCDCDevice                   
20000de4  g_psCDCSerSections              
20000df0  g_psCDCSerSectionsHS            
20000e20  g_psCmdTable                    
20000760  g_psCompEntries                 
20000694  g_psDCDInst                     
20000ce0  g_psRxBuffer                    
20000d50  g_psTxBuffer                    
20000610  g_pucDescriptorData             
00004dd2  g_pui8CDCSerCommInterface       
00004d54  g_pui8CDCSerDataInterface       
00004d6b  g_pui8CDCSerDataInterfaceHS     
20000dd2  g_pui8CDCSerDescriptor          
20000dc0  g_pui8CDCSerDeviceDescriptor    
00004c58  g_pui8ConfigString              
00004d82  g_pui8ControlInterfaceString    
20000ddb  g_pui8IADSerDescriptor          
00004e54  g_pui8LangDescriptor            
00004dae  g_pui8ManufacturerString        
00004df5  g_pui8ProductString             
00004e30  g_pui8SerialNumberString        
00004e18  g_pui8StringDescriptors         
20000778  g_pvTickInstance                
00004c38  g_sCDCCompSerConfigHeader       
00004c40  g_sCDCCompSerConfigHeaderHS     
00004cc4  g_sCDCHandlers                  
00004c10  g_sCDCSerCommInterfaceSection   
00004c28  g_sCDCSerConfigHeader           
00004c30  g_sCDCSerConfigHeaderHS         
00004c00  g_sCDCSerConfigSection          
00004c18  g_sCDCSerDataInterfaceSection   
00004c20  g_sCDCSerDataInterfaceSectionHS 
20000c64  g_sCompDevice                   
00004cf4  g_sCompHandlers                 
00004c08  g_sIADSerConfigSection          
20000ea4  g_ui32CurrentUSBTick            
20000e7c  g_ui32Flags                     
20000e68  g_ui32SysClock                  
20000e78  g_ui32SysTickCount              
20000e70  g_ui32UARTRxCount               
20000e6c  g_ui32UARTTxCount               
20000ea8  g_ui32USBSOFCount               
20000eb0  g_ui32WaitTicks                 
00000619  main                            
20000ec8  main_func_sp                    
00001c45  memcpy                          
000023ff  memset                          
0000443d  strcmp                          
00003511  uDMAChannelAttributeDisable     
00004099  uDMAChannelControlSet           
00004455  uDMAChannelDisable              
0000446d  uDMAChannelEnable               
00003fb9  uDMAChannelModeGet              
00002279  uDMAChannelTransferSet          


GLOBAL SYMBOLS: SORTED BY Symbol Address 

address   name                            
-------   ----                            
00000000  __TI_static_base__              
00000000  g_pfnVectors                    
00000201  PinoutSet                       
00000400  __STACK_SIZE                    
00000419  SysCtlClockFreqSet              
00000619  main                            
00000811  BuildCompositeDescriptor        
00000a09  USBLibDMAInit                   
00000b69  USBDCDInit                      
00000e09  USBDeviceIntHandlerInternal     
00000f59  USBDeviceConfig                 
000010a1  GPIOPadConfigSet                
000012c9  Cmd_led                         
00001499  USBDCDCCompositeInit            
00001571  USBDeviceEnumHandler            
0000171d  USBDCompositeInit               
000017f1  ControlHandler                  
00001ba9  RxHandlerCmd                    
00001c45  __aeabi_memcpy                  
00001c45  __aeabi_memcpy4                 
00001c45  __aeabi_memcpy8                 
00001c45  memcpy                          
00001f35  USBDCDCPacketRead               
00001fc5  USBDCDFeatureSet                
000020e5  USBDeviceConfigAlternate        
00002279  uDMAChannelTransferSet          
0000237d  USBDevEndpointConfigSet         
000023f7  __aeabi_memclr                  
000023f7  __aeabi_memclr4                 
000023f7  __aeabi_memclr8                 
000023f9  __aeabi_memset                  
000023f9  __aeabi_memset4                 
000023f9  __aeabi_memset8                 
000023ff  memset                          
000024e9  ProcessDataFromHost             
0000255d  SysCtlVCOGet                    
0000263d  __TI_auto_init                  
0000278d  ProcessDataToHost               
00002865  IntDisable                      
000028cd  IntEnable                       
0000299d  __TI_decompress_lzss            
00002a05  CmdLineProcess                  
00002a69  Cmd_help                        
00002b95  IntIsEnabled                    
00002bf9  USBBufferEventCallback          
00002cc1  Echo                            
00002de1  USBDCDCPacketWrite              
00002ea1  USBDevEndpointStatusClear       
00002f55  _c_int00                        
00002fa9  C$$EXIT                         
00002fad  abort                           
00002fb5  exit                            
00002ffd  ULPIConfigSet                   
00003051  SysCtlPeripheralReset           
000030a1  USBDCDConfigDescGet             
000030f1  USBDeviceResumeTickHandler      
00003141  USBUARTIntHandler               
00003229  USBEndpointDMAConfigSet         
000032c1  copy_in                         
000033eb  USBDevEndpointStallClear        
0000347f  __mpu_init                      
00003481  USBDeviceEnumResetHandler       
00003511  uDMAChannelAttributeDisable     
00003559  UARTConfigSetExpClk             
0000359f  USBEndpointDataGet              
000035e5  CommandPrint                    
00003629  USBDCDDeviceInfoInit            
000037ab  USBFIFOConfigSet                
0000381d  InternalUSBRegisterTickHandler  
00003855  InternalUSBStartOfFrameTick     
0000396d  USBDCDConfigGetInterfaceEndpoint
000039a5  USBIntStatusControl             
000039dd  USBRingBufAdvanceWrite          
00003a4b  USBEndpointDataPut              
00003ab5  RxHandlerEcho                   
00003ae9  SysCtlPeripheralEnable          
00003b1d  USBEndpointDataSend             
00003bb7  ProcessNotificationToHost       
00003be9  USBDevEndpointStall             
00003c7d  InternalUSBTickInit             
00003d3b  USBBufferWrite                  
00003d69  USBDCDCRxPacketAvailable        
00003dc3  USBDescGet                      
00003e45  GPIODirModeSet                  
00003e99  USBDCDCSerialStateChange        
00003ec3  USBDCDConfigDescGetNum          
00003eed  USBDescGetNum                   
00003f17  USBDevEndpointDataAck           
00003f41  USBBufferRead                   
00003f91  USBIntEnableControl             
00003fb9  uDMAChannelModeGet              
00003fe1  UARTConfigGetExpClk             
0000404f  USBEndpointDMADisable           
00004073  USBEndpointDMAEnable            
00004097  _system_post_cinit              
00004099  uDMAChannelControlSet           
000041c5  UARTDisable                     
000041e5  USBRingBufAdvanceRead           
00004225  USBRingBufContigFree            
00004243  USBULPIRegRead                  
00004261  USBULPIRegWrite                 
000042b7  USBDCDConfigGetInterface        
000042d5  USBDCDStallEP0                  
000042f1  USBEndpointDataAvail            
0000430d  USBRingBufRead                  
00004329  USBRingBufWrite                 
0000435f  USBDCDConfigDescGetSize         
00004379  USBEndpointDMAChannel           
000043ad  USB0DeviceIntHandler            
000043c5  USBBufferInit                   
000043dd  USBDCDFeatureGet                
00004425  _args_main                      
0000443d  strcmp                          
00004455  uDMAChannelDisable              
0000446d  uDMAChannelEnable               
000044b1  USBIntEnableEndpoint            
000044c7  USBRingBufFlush                 
000044dd  USBRingBufReadOne               
000044f3  USBRingBufUsed                  
0000451d  SysCtlUSBPLLEnable              
00004531  SysTickEnable                   
00004545  SysTickIntEnable                
00004559  UARTBreakCtl                    
0000456d  UARTEnable                      
00004581  USBDCDCTxPacketAvailable        
00004595  USBDCDRequestDataEP0            
000045a9  USBDCDSendDataEP0               
000045bd  USBDMAChannelConfigSet          
000045d1  USBHostResume                   
000045f9  _register_unlock                
000045ff  _register_lock                  
00004607  _nop                            
0000460d  GPIOPinTypeEthernetLED          
00004643  USBDMAChannelDisable            
00004655  USBDMAChannelEnable             
00004667  USBDMAChannelIntDisable         
00004679  USBDMAChannelIntEnable          
0000468b  USBRingBufFree                  
0000469d  IntMasterDisable                
000046ad  IntMasterEnable                 
000046bd  SysTickIntHandler               
000046cd  SysTickPeriodSet                
000046dd  USBEndpointStatus               
000046ed  USBRingBufContigUsed            
000046fd  USBRingBufWriteOne              
0000471b  UARTCharGetNonBlocking          
00004729  UARTCharsAvail                  
00004737  UARTSpaceAvail                  
00004745  USBDMAChannelStatus             
00004753  USBDevLPMDisable                
00004761  USBDevLPMEnable                 
0000476f  USBULPIDisable                  
0000477d  USBULPIEnable                   
0000478b  __TI_decompress_none            
00004799  CPUcpsid                        
000047a5  CPUcpsie                        
000047b1  USBEndpointPacketCountSet       
000047bd  USBLPMIntEnable                 
000047c9  USBRingBufInit                  
000047d5  __TI_zero_init                  
000047e1  UARTCharPut                     
000047eb  UARTIntDisable                  
000047f5  UARTIntStatus                   
000047ff  USBClockEnable                  
00004809  USBControllerVersion            
00004813  USBDMAChannelAddressSet         
0000481d  USBDMAChannelCountSet           
00004827  USBDevConnect                   
00004831  USBDevDisconnect                
0000483b  USBIntStatusEndpoint            
00004845  UARTBusy                        
0000484d  UARTIntEnable                   
00004855  USBDevMode                      
0000485d  USBFIFOAddrGet                  
00004865  USBOTGMode                      
0000487d  ResetISR                        
00004883  UARTFIFOLevelSet                
00004889  USBBufferDataAvailable          
0000488f  USBBufferFlush                  
00004895  USBBufferSpaceAvailable         
0000489b  USBDMAChannelIntStatus          
000048a1  USBDevLPMConfig                 
000048a7  USBLPMIntStatus                 
000048b3  Cmd_echo                        
000048bb  TxHandlerCmd                    
000048bf  TxHandlerEcho                   
000048c3  UARTIntClear                    
000048c7  USBDevAddrSet                   
000048cb  _system_pre_init                
00004c00  g_sCDCSerConfigSection          
00004c08  g_sIADSerConfigSection          
00004c10  g_sCDCSerCommInterfaceSection   
00004c18  g_sCDCSerDataInterfaceSection   
00004c20  g_sCDCSerDataInterfaceSectionHS 
00004c28  g_sCDCSerConfigHeader           
00004c30  g_sCDCSerConfigHeaderHS         
00004c38  g_sCDCCompSerConfigHeader       
00004c40  g_sCDCCompSerConfigHeaderHS     
00004c48  g_ppCDCSerConfigDescriptors     
00004c4c  g_ppCDCSerConfigDescriptorsHS   
00004c50  g_pCDCCompSerConfigDescriptors  
00004c54  g_pCDCCompSerConfigDescriptorsHS
00004c58  g_pui8ConfigString              
00004cc4  g_sCDCHandlers                  
00004cf4  g_sCompHandlers                 
00004d54  g_pui8CDCSerDataInterface       
00004d6b  g_pui8CDCSerDataInterfaceHS     
00004d82  g_pui8ControlInterfaceString    
00004dae  g_pui8ManufacturerString        
00004dd2  g_pui8CDCSerCommInterface       
00004df5  g_pui8ProductString             
00004e18  g_pui8StringDescriptors         
00004e30  g_pui8SerialNumberString        
00004e54  g_pui8LangDescriptor            
00004f80  __TI_Handler_Table_Base         
00004f8c  __TI_Handler_Table_Limit        
00004f98  __TI_CINIT_Base                 
00004fa8  __TI_CINIT_Limit                
20000000  g_ppcUSBTxBuffer                
20000200  g_ppui8USBRxBuffer              
20000610  g_pucDescriptorData             
20000694  g_psDCDInst                     
20000748  g_pfnTickHandlers               
20000760  g_psCompEntries                 
20000778  g_pvTickInstance                
20000794  g_pcStatus                      
20000798  g_ppCompConfigDescriptors       
2000079c  g_ppsDevInfo                    
200007a4  __stack                         
20000ba4  __STACK_END                     
20000ba4  __STACK_TOP                     
20000ba4  g_psCDCDevice                   
20000c64  g_sCompDevice                   
20000ce0  g_psRxBuffer                    
20000d50  g_psTxBuffer                    
20000dc0  g_pui8CDCSerDeviceDescriptor    
20000dd2  g_pui8CDCSerDescriptor          
20000ddb  g_pui8IADSerDescriptor          
20000de4  g_psCDCSerSections              
20000df0  g_psCDCSerSectionsHS            
20000dfc  g_psCDCCompSerSections          
20000e0c  g_psCDCCompSerSectionsHS        
20000e20  g_psCmdTable                    
20000e68  g_ui32SysClock                  
20000e6c  g_ui32UARTTxCount               
20000e70  g_ui32UARTRxCount               
20000e78  g_ui32SysTickCount              
20000e7c  g_ui32Flags                     
20000e94  __TI_cleanup_ptr                
20000e98  __TI_dtors_ptr                  
20000e9c  __TI_enable_exit_profile_output 
20000ea0  g_bUSBTimerInitialized          
20000ea4  g_ui32CurrentUSBTick            
20000ea8  g_ui32USBSOFCount               
20000eac  g_iUSBMode                      
20000eb0  g_ui32WaitTicks                 
20000eb8  _lock                           
20000ebc  _unlock                         
20000ec8  main_func_sp                    
ffffffff  __TI_pprof_out_hndl             
ffffffff  __TI_prof_data_size             
ffffffff  __TI_prof_data_start            
ffffffff  __binit__                       
ffffffff  __c_args__                      
ffffffff  binit                           
UNDEFED   SHT$$INIT_ARRAY$$Base           
UNDEFED   SHT$$INIT_ARRAY$$Limit          

[267 symbols]
